Java HotSpot(TM) 64-Bit Server VM (25.202-b08) for linux-amd64 JRE (1.8.0_202-b08), built on Dec 15 2018 12:40:22 by "java_re" with gcc 7.3.0
Memory: 4k page, physical 8912896k(8910852k free), swap 0k(0k free)
CommandLine flags: -XX:CodeCacheExpansionSize=1048576 -XX:CodeCacheMinimumFreeSpace=1048576 -XX:CompressedClassSpaceSize=134217728 -XX:ConcGCThreads=1 -XX:+DisableExplicitGC -XX:GCLogFileSize=67108864 -XX:InitialCodeCacheSize=67108864 -XX:InitialHeapSize=6442450944 -XX:InitiatingHeapOccupancyPercent=45 -XX:+ManagementServer -XX:MaxDirectMemorySize=100663296 -XX:MaxHeapSize=6442450944 -XX:MaxMetaspaceExpansion=8388608 -XX:MaxMetaspaceSize=536870912 -XX:MinMetaspaceExpansion=1048576 -XX:NativeMemoryTracking=detail -XX:NumberOfGCLogFiles=5 -XX:+PrintGC -XX:+PrintGCDateStamps -XX:+PrintGCTimeStamps -XX:ReservedCodeCacheSize=209715200 -XX:+UseCompressedClassPointers -XX:+UseCompressedOops -XX:+UseContainerSupport -XX:+UseG1GC -XX:+UseGCLogFileRotation 
2021-06-25T08:27:11.370+0800: 3.940: [GC pause (Metadata GC Threshold) (young) (initial-mark) 207M->18M(6144M), 0.0240836 secs]
2021-06-25T08:27:11.394+0800: 3.964: [GC concurrent-root-region-scan-start]
2021-06-25T08:27:11.406+0800: 3.976: [GC concurrent-root-region-scan-end, 0.0116749 secs]
2021-06-25T08:27:11.406+0800: 3.976: [GC concurrent-mark-start]
2021-06-25T08:27:11.409+0800: 3.979: [GC concurrent-mark-end, 0.0027168 secs]
2021-06-25T08:27:11.409+0800: 3.979: [GC remark, 0.0031945 secs]
2021-06-25T08:27:11.413+0800: 3.983: [GC cleanup 22M->22M(6144M), 0.0025389 secs]
2021-06-25T08:27:13.051+0800: 5.621: [GC pause (Metadata GC Threshold) (young) (initial-mark) 291M->22M(6144M), 0.0228967 secs]
2021-06-25T08:27:13.074+0800: 5.644: [GC concurrent-root-region-scan-start]
2021-06-25T08:27:13.089+0800: 5.659: [GC concurrent-root-region-scan-end, 0.0146116 secs]
2021-06-25T08:27:13.089+0800: 5.659: [GC concurrent-mark-start]
2021-06-25T08:27:13.091+0800: 5.661: [GC concurrent-mark-end, 0.0023721 secs]
2021-06-25T08:27:13.091+0800: 5.661: [GC remark, 0.0061946 secs]
2021-06-25T08:27:13.098+0800: 5.668: [GC cleanup 28M->28M(6144M), 0.0023649 secs]
2021-06-25T08:27:14.301+0800: 6.871: [GC pause (G1 Evacuation Pause) (young) 304M->24M(6144M), 0.0265009 secs]
2021-06-25T08:27:15.576+0800: 8.146: [GC pause (G1 Evacuation Pause) (young) 304M->31M(6144M), 0.0860237 secs]
2021-06-25T08:27:16.096+0800: 8.666: [GC pause (Metadata GC Threshold) (young) (initial-mark) 188M->28M(6144M), 0.0613572 secs]
2021-06-25T08:27:16.157+0800: 8.727: [GC concurrent-root-region-scan-start]
2021-06-25T08:27:16.182+0800: 8.752: [GC concurrent-root-region-scan-end, 0.0248404 secs]
2021-06-25T08:27:16.182+0800: 8.752: [GC concurrent-mark-start]
2021-06-25T08:27:16.184+0800: 8.754: [GC concurrent-mark-end, 0.0024074 secs]
2021-06-25T08:27:16.185+0800: 8.755: [GC remark, 0.0119740 secs]
2021-06-25T08:27:16.198+0800: 8.767: [GC cleanup 44M->44M(6144M), 0.0027543 secs]
2021-06-25T08:27:17.361+0800: 9.931: [GC pause (G1 Evacuation Pause) (young) 392M->38M(6144M), 0.0475936 secs]
2021-06-25T08:27:19.064+0800: 11.634: [GC pause (G1 Evacuation Pause) (young) 500M->52M(6144M), 0.0610789 secs]
2021-06-25T08:27:21.948+0800: 14.518: [GC pause (G1 Evacuation Pause) (young) 592M->78M(6144M), 0.0838363 secs]
2021-06-25T08:27:22.675+0800: 15.245: [GC pause (Metadata GC Threshold) (young) (initial-mark) 260M->84M(6144M), 0.0981600 secs]
2021-06-25T08:27:22.773+0800: 15.343: [GC concurrent-root-region-scan-start]
2021-06-25T08:27:22.791+0800: 15.361: [GC concurrent-root-region-scan-end, 0.0181638 secs]
2021-06-25T08:27:22.791+0800: 15.361: [GC concurrent-mark-start]
2021-06-25T08:27:23.149+0800: 15.719: [GC concurrent-mark-end, 0.3573747 secs]
2021-06-25T08:27:23.150+0800: 15.720: [GC remark, 0.0232778 secs]
2021-06-25T08:27:23.174+0800: 15.744: [GC cleanup 186M->186M(6144M), 0.0023631 secs]
2021-06-25T08:27:24.764+0800: 17.334: [GC pause (G1 Evacuation Pause) (young) 744M->183M(6144M), 0.1337672 secs]
2021-06-25T08:27:25.888+0800: 18.457: [GC pause (G1 Evacuation Pause) (young) 449M->185M(6144M), 0.0736864 secs]
2021-06-25T08:27:27.254+0800: 19.824: [GC pause (G1 Evacuation Pause) (young) 556M->204M(6144M), 0.0262173 secs]
2021-06-25T08:27:28.900+0800: 21.470: [GC pause (G1 Evacuation Pause) (young) 792M->224M(6144M), 0.0688935 secs]
2021-06-25T08:27:32.462+0800: 25.032: [GC pause (G1 Evacuation Pause) (young) 1035M->221M(6144M), 0.0460350 secs]
2021-06-25T08:27:41.605+0800: 34.175: [GC pause (G1 Evacuation Pause) (young) 2367M->280M(6144M), 0.1430822 secs]
2021-06-25T08:27:51.009+0800: 43.579: [GC pause (G1 Evacuation Pause) (young) 1913M->250M(6144M), 0.0549329 secs]
2021-06-25T08:28:14.980+0800: 67.549: [GC pause (G1 Evacuation Pause) (young) 3250M->293M(6144M), 0.1028798 secs]
2021-06-25T08:28:33.391+0800: 85.961: [GC pause (G1 Evacuation Pause) (young) 2876M->259M(6144M), 0.0714407 secs]
2021-06-25T08:28:58.116+0800: 110.686: [GC pause (G1 Evacuation Pause) (young) 3869M->268M(6144M), 0.0803745 secs]
2021-06-25T08:29:27.410+0800: 139.980: [GC pause (G1 Evacuation Pause) (young) 3863M->284M(6144M), 0.0745518 secs]
2021-06-25T08:30:04.847+0800: 177.417: [GC pause (G1 Evacuation Pause) (young) 3865M->276M(6144M), 0.0732928 secs]
2021-06-25T08:30:29.508+0800: 202.078: [GC pause (G1 Evacuation Pause) (young) 3877M->299M(6144M), 0.0915693 secs]
2021-06-25T08:30:53.834+0800: 226.404: [GC pause (G1 Evacuation Pause) (young) 3898M->359M(6144M), 0.1238678 secs]
2021-06-25T08:31:14.235+0800: 246.805: [GC pause (G1 Evacuation Pause) (young) 3872M->306M(6144M), 0.0850227 secs]
2021-06-25T08:31:36.245+0800: 268.815: [GC pause (G1 Evacuation Pause) (young) 3879M->375M(6144M), 0.1419195 secs]
2021-06-25T08:31:54.837+0800: 287.407: [GC pause (G1 Evacuation Pause) (young) 3884M->312M(6144M), 0.0916353 secs]
2021-06-25T08:32:16.639+0800: 309.209: [GC pause (G1 Evacuation Pause) (young) 3882M->318M(6144M), 0.0858220 secs]
2021-06-25T08:32:41.385+0800: 333.955: [GC pause (G1 Evacuation Pause) (young) 3890M->351M(6144M), 0.1041086 secs]
2021-06-25T08:33:02.334+0800: 354.904: [GC pause (G1 Evacuation Pause) (young) 3911M->328M(6144M), 0.0856756 secs]
2021-06-25T08:33:28.047+0800: 380.617: [GC pause (G1 Evacuation Pause) (young) 3918M->341M(6144M), 0.0817014 secs]
2021-06-25T08:34:02.511+0800: 415.081: [GC pause (G1 Evacuation Pause) (young) 3935M->334M(6144M), 0.0715187 secs]
2021-06-25T08:34:25.205+0800: 437.775: [GC pause (G1 Evacuation Pause) (young) 3951M->345M(6144M), 0.0714208 secs]
2021-06-25T08:34:45.158+0800: 457.728: [GC pause (G1 Evacuation Pause) (young) 3945M->348M(6144M), 0.0660232 secs]
2021-06-25T08:35:08.606+0800: 481.176: [GC pause (G1 Evacuation Pause) (young) 3968M->349M(6144M), 0.0636957 secs]
2021-06-25T08:35:44.823+0800: 517.393: [GC pause (G1 Evacuation Pause) (young) 3954M->353M(6144M), 0.0709868 secs]
2021-06-25T08:36:14.545+0800: 547.115: [GC pause (G1 Evacuation Pause) (young) 3962M->355M(6144M), 0.0674716 secs]
2021-06-25T08:36:42.034+0800: 574.604: [GC pause (G1 Evacuation Pause) (young) 3978M->359M(6144M), 0.0628111 secs]
2021-06-25T08:37:00.208+0800: 592.778: [GC pause (G1 Evacuation Pause) (young) 3995M->377M(6144M), 0.0513969 secs]
2021-06-25T08:37:21.711+0800: 614.281: [GC pause (G1 Evacuation Pause) (young) 4030M->369M(6144M), 0.0463727 secs]
2021-06-25T08:37:47.392+0800: 639.962: [GC pause (G1 Evacuation Pause) (young) 4047M->373M(6144M), 0.0464466 secs]
2021-06-25T08:38:14.975+0800: 667.545: [GC pause (G1 Evacuation Pause) (young) 4032M->382M(6144M), 0.0483023 secs]
2021-06-25T08:38:52.839+0800: 705.409: [GC pause (G1 Evacuation Pause) (young) 4024M->378M(6144M), 0.0460299 secs]
2021-06-25T08:39:04.289+0800: 716.859: [GC pause (Metadata GC Threshold) (young) (initial-mark) 2298M->396M(6144M), 0.0557518 secs]
2021-06-25T08:39:04.345+0800: 716.915: [GC concurrent-root-region-scan-start]
2021-06-25T08:39:04.412+0800: 716.982: [GC concurrent-root-region-scan-end, 0.0671614 secs]
2021-06-25T08:39:04.412+0800: 716.982: [GC concurrent-mark-start]
2021-06-25T08:39:04.823+0800: 717.393: [GC concurrent-mark-end, 0.4108968 secs]
2021-06-25T08:39:04.824+0800: 717.394: [GC remark, 0.0514989 secs]
2021-06-25T08:39:04.877+0800: 717.447: [GC cleanup 568M->490M(6144M), 0.0035340 secs]
2021-06-25T08:39:04.880+0800: 717.450: [GC concurrent-cleanup-start]
2021-06-25T08:39:04.880+0800: 717.450: [GC concurrent-cleanup-end, 0.0000658 secs]
2021-06-25T08:39:23.742+0800: 736.312: [GC pause (G1 Evacuation Pause) (young) 4746M->381M(6144M), 0.0612310 secs]
2021-06-25T08:39:48.185+0800: 760.755: [GC pause (G1 Evacuation Pause) (young) 4005M->387M(6144M), 0.0559111 secs]
2021-06-25T08:40:23.158+0800: 795.728: [GC pause (G1 Evacuation Pause) (young) 4359M->390M(6144M), 0.0591119 secs]
2021-06-25T08:40:51.821+0800: 824.391: [GC pause (G1 Evacuation Pause) (young) 4022M->390M(6144M), 0.0543034 secs]
2021-06-25T08:41:24.300+0800: 856.870: [GC pause (G1 Evacuation Pause) (young) 4183M->392M(6144M), 0.0554639 secs]
2021-06-25T08:41:53.004+0800: 885.574: [GC pause (G1 Evacuation Pause) (young) 4029M->424M(6144M), 0.0779266 secs]
2021-06-25T08:42:18.080+0800: 910.650: [GC pause (G1 Evacuation Pause) (young) 4041M->409M(6144M), 0.0633987 secs]
2021-06-25T08:42:39.573+0800: 932.143: [GC pause (G1 Evacuation Pause) (young) 4228M->406M(6144M), 0.0609644 secs]
2021-06-25T08:43:05.064+0800: 957.633: [GC pause (G1 Evacuation Pause) (young) 4036M->414M(6144M), 0.0620608 secs]
2021-06-25T08:43:24.175+0800: 976.745: [GC pause (G1 Evacuation Pause) (young) 4079M->409M(6144M), 0.0559049 secs]
2021-06-25T08:43:52.038+0800: 1004.608: [GC pause (G1 Evacuation Pause) (young) 4045M->412M(6144M), 0.0566516 secs]
2021-06-25T08:44:16.060+0800: 1028.630: [GC pause (G1 Evacuation Pause) (young) 4069M->420M(6144M), 0.0610633 secs]
2021-06-25T08:44:44.506+0800: 1057.076: [GC pause (G1 Evacuation Pause) (young) 4062M->421M(6144M), 0.0610057 secs]
2021-06-25T08:45:15.814+0800: 1088.384: [GC pause (G1 Evacuation Pause) (young) 4054M->422M(6144M), 0.0559332 secs]
2021-06-25T08:45:37.478+0800: 1110.048: [GC pause (G1 Evacuation Pause) (young) 4051M->458M(6144M), 0.0854346 secs]
2021-06-25T08:46:03.349+0800: 1135.919: [GC pause (G1 Evacuation Pause) (young) 4058M->439M(6144M), 0.0642774 secs]
2021-06-25T08:46:21.574+0800: 1154.144: [GC pause (G1 Evacuation Pause) (young) 4066M->436M(6144M), 0.0512592 secs]
2021-06-25T08:46:44.663+0800: 1177.233: [GC pause (G1 Evacuation Pause) (young) 4084M->446M(6144M), 0.0557937 secs]
2021-06-25T08:47:04.409+0800: 1196.979: [GC pause (G1 Evacuation Pause) (young) 4081M->454M(6144M), 0.0572934 secs]
2021-06-25T08:47:30.342+0800: 1222.912: [GC pause (G1 Evacuation Pause) (young) 4074M->452M(6144M), 0.0526258 secs]
2021-06-25T08:48:02.129+0800: 1254.699: [GC pause (G1 Evacuation Pause) (young) 4119M->449M(6144M), 0.0573431 secs]
2021-06-25T08:48:28.575+0800: 1281.145: [GC pause (G1 Evacuation Pause) (young) 4181M->466M(6144M), 0.0896720 secs]
2021-06-25T08:48:53.729+0800: 1306.299: [GC pause (G1 Evacuation Pause) (young) 4089M->466M(6144M), 0.0601696 secs]
2021-06-25T08:49:24.152+0800: 1336.722: [GC pause (G1 Evacuation Pause) (young) 4105M->462M(6144M), 0.0600552 secs]
2021-06-25T08:49:45.077+0800: 1357.647: [GC pause (G1 Evacuation Pause) (young) 4122M->460M(6144M), 0.0530431 secs]
2021-06-25T08:50:11.723+0800: 1384.293: [GC pause (G1 Evacuation Pause) (young) 4118M->472M(6144M), 0.0584180 secs]
2021-06-25T08:50:34.721+0800: 1407.291: [GC pause (G1 Evacuation Pause) (young) 4144M->481M(6144M), 0.0625572 secs]
2021-06-25T08:50:58.799+0800: 1431.369: [GC pause (G1 Evacuation Pause) (young) 4116M->476M(6144M), 0.0520243 secs]
2021-06-25T08:51:34.313+0800: 1466.883: [GC pause (G1 Evacuation Pause) (young) 4118M->473M(6144M), 0.0514594 secs]
2021-06-25T08:52:06.363+0800: 1498.933: [GC pause (G1 Evacuation Pause) (young) 4150M->479M(6144M), 0.0559384 secs]
2021-06-25T08:52:34.492+0800: 1527.062: [GC pause (G1 Evacuation Pause) (young) 4127M->484M(6144M), 0.0558252 secs]
2021-06-25T08:53:06.913+0800: 1559.482: [GC pause (G1 Evacuation Pause) (young) 4121M->490M(6144M), 0.0526300 secs]
2021-06-25T08:53:33.882+0800: 1586.452: [GC pause (G1 Evacuation Pause) (young) 4129M->489M(6144M), 0.0487194 secs]
2021-06-25T08:54:08.035+0800: 1620.605: [GC pause (G1 Evacuation Pause) (young) 4134M->489M(6144M), 0.0466356 secs]
2021-06-25T08:54:33.132+0800: 1645.702: [GC pause (G1 Evacuation Pause) (young) 4143M->496M(6144M), 0.0503835 secs]
2021-06-25T08:54:58.223+0800: 1670.793: [GC pause (G1 Evacuation Pause) (young) 4146M->502M(6144M), 0.0493258 secs]
2021-06-25T08:55:27.058+0800: 1699.628: [GC pause (G1 Evacuation Pause) (young) 4144M->581M(6144M), 0.0902946 secs]
2021-06-25T08:55:40.620+0800: 1713.190: [GC pause (G1 Evacuation Pause) (young) 4161M->1227M(6144M), 0.5078431 secs]
2021-06-25T08:55:41.432+0800: 1714.002: [GC pause (G1 Evacuation Pause) (young) 1500M->1315M(6144M), 0.4267470 secs]
2021-06-25T08:55:42.651+0800: 1715.221: [GC pause (G1 Evacuation Pause) (young) 1870M->1498M(6144M), 0.2021758 secs]
2021-06-25T08:55:43.403+0800: 1715.973: [GC pause (G1 Evacuation Pause) (young) 1896M->1624M(6144M), 0.1719599 secs]
2021-06-25T08:55:44.352+0800: 1716.922: [GC pause (G1 Evacuation Pause) (young) 2059M->1632M(6144M), 0.1014480 secs]
2021-06-25T08:55:50.544+0800: 1723.114: [GC pause (G1 Evacuation Pause) (young) 2182M->1636M(6144M), 0.0377042 secs]
2021-06-25T08:56:00.348+0800: 1732.918: [GC pause (G1 Evacuation Pause) (young) 2465M->1636M(6144M), 0.0188818 secs]
2021-06-25T08:56:06.069+0800: 1738.639: [GC pause (G1 Evacuation Pause) (young) 3022M->1638M(6144M), 0.0299533 secs]
2021-06-25T08:56:21.619+0800: 1754.189: [GC pause (G1 Evacuation Pause) (young) 3666M->1655M(6144M), 0.0357252 secs]
2021-06-25T08:56:34.504+0800: 1767.074: [GC pause (G1 Evacuation Pause) (young) 3499M->1650M(6144M), 0.0333168 secs]
2021-06-25T08:56:51.765+0800: 1784.335: [GC pause (G1 Evacuation Pause) (young) 3998M->1653M(6144M), 0.0298819 secs]
2021-06-25T08:57:14.940+0800: 1807.510: [GC pause (G1 Evacuation Pause) (young) 5054M->1662M(6144M), 0.0399451 secs]
2021-06-25T08:57:41.090+0800: 1833.660: [GC pause (G1 Evacuation Pause) (young) 5313M->1659M(6144M), 0.0373992 secs]
2021-06-25T08:58:09.151+0800: 1861.721: [GC pause (G1 Evacuation Pause) (young) 5311M->1673M(6144M), 0.0430683 secs]
2021-06-25T08:58:39.085+0800: 1891.655: [GC pause (G1 Evacuation Pause) (young) 5312M->1667M(6144M), 0.0422784 secs]
2021-06-25T08:59:05.766+0800: 1918.336: [GC pause (G1 Evacuation Pause) (young) 5326M->1674M(6144M), 0.0470659 secs]
2021-06-25T08:59:38.774+0800: 1951.344: [GC pause (G1 Evacuation Pause) (young) 5328M->1677M(6144M), 0.0506927 secs]
2021-06-25T09:00:05.337+0800: 1977.907: [GC pause (G1 Evacuation Pause) (young) 5327M->1675M(6144M), 0.0534873 secs]
2021-06-25T09:00:32.217+0800: 2004.786: [GC pause (G1 Evacuation Pause) (young) 5308M->1673M(6144M), 0.0491032 secs]
2021-06-25T09:00:58.116+0800: 2030.686: [GC pause (G1 Evacuation Pause) (young) 5309M->1681M(6144M), 0.0631618 secs]
2021-06-25T09:01:28.102+0800: 2060.672: [GC pause (G1 Evacuation Pause) (young) 5324M->1684M(6144M), 0.0658986 secs]
2021-06-25T09:01:54.557+0800: 2087.127: [GC pause (G1 Evacuation Pause) (young) 5338M->1686M(6144M), 0.0604093 secs]
2021-06-25T09:02:18.650+0800: 2111.220: [GC pause (G1 Evacuation Pause) (young) 5327M->1740M(6144M), 0.0916606 secs]
2021-06-25T09:02:38.278+0800: 2130.847: [GC pause (G1 Evacuation Pause) (young) 5328M->1767M(6144M), 0.0970933 secs]
2021-06-25T09:03:03.903+0800: 2156.473: [GC pause (G1 Evacuation Pause) (young) 5520M->1696M(6144M), 0.0603869 secs]
2021-06-25T09:03:26.997+0800: 2179.567: [GC pause (G1 Evacuation Pause) (young) 5328M->1702M(6144M), 0.0573873 secs]
2021-06-25T09:03:55.652+0800: 2208.222: [GC pause (G1 Evacuation Pause) (young) 5339M->1704M(6144M), 0.0585638 secs]
2021-06-25T09:04:21.694+0800: 2234.264: [GC pause (G1 Evacuation Pause) (young) 5346M->1712M(6144M), 0.0626621 secs]
2021-06-25T09:04:47.154+0800: 2259.724: [GC pause (G1 Evacuation Pause) (young) 5340M->1712M(6144M), 0.0539135 secs]
2021-06-25T09:05:11.604+0800: 2284.174: [GC pause (G1 Evacuation Pause) (young) 5353M->1717M(6144M), 0.0574388 secs]
2021-06-25T09:05:42.414+0800: 2314.983: [GC pause (G1 Evacuation Pause) (young) 5354M->1714M(6144M), 0.0562055 secs]
2021-06-25T09:06:05.066+0800: 2337.636: [GC pause (G1 Evacuation Pause) (young) 5348M->1756M(6144M), 0.0948629 secs]
2021-06-25T09:06:36.363+0800: 2368.933: [GC pause (G1 Evacuation Pause) (young) 5352M->1725M(6144M), 0.0571844 secs]
2021-06-25T09:06:59.464+0800: 2392.034: [GC pause (G1 Evacuation Pause) (young) 5374M->1809M(6144M), 0.1031017 secs]
2021-06-25T09:07:25.869+0800: 2418.438: [GC pause (G1 Evacuation Pause) (young) 5364M->1829M(6144M), 0.1078916 secs]
2021-06-25T09:07:53.217+0800: 2445.787: [GC pause (G1 Evacuation Pause) (young) 5372M->1849M(6144M), 0.1156388 secs]
2021-06-25T09:08:25.059+0800: 2477.628: [GC pause (G1 Evacuation Pause) (young) 5360M->1825M(6144M), 0.0984401 secs]
2021-06-25T09:09:01.777+0800: 2514.347: [GC pause (G1 Evacuation Pause) (young) 5392M->1826M(6144M), 0.0965297 secs]
2021-06-25T09:09:30.047+0800: 2542.617: [GC pause (G1 Evacuation Pause) (young) 5375M->1830M(6144M), 0.0962719 secs]
2021-06-25T09:09:53.757+0800: 2566.327: [GC pause (G1 Evacuation Pause) (young) 5397M->1829M(6144M), 0.1001783 secs]
2021-06-25T09:10:19.746+0800: 2592.315: [GC pause (G1 Evacuation Pause) (young) 5398M->1835M(6144M), 0.0985040 secs]
2021-06-25T09:10:49.810+0800: 2622.380: [GC pause (G1 Evacuation Pause) (young) 5386M->1839M(6144M), 0.0953633 secs]
2021-06-25T09:11:11.437+0800: 2644.007: [GC pause (G1 Evacuation Pause) (young) 5406M->1844M(6144M), 0.1014847 secs]
2021-06-25T09:11:34.915+0800: 2667.485: [GC pause (G1 Evacuation Pause) (young) 5424M->1849M(6144M), 0.1047769 secs]
2021-06-25T09:11:55.385+0800: 2687.955: [GC pause (G1 Evacuation Pause) (young) 5421M->1849M(6144M), 0.0996005 secs]
2021-06-25T09:12:12.339+0800: 2704.909: [GC pause (G1 Evacuation Pause) (young) 5401M->1853M(6144M), 0.0971418 secs]
2021-06-25T09:12:42.298+0800: 2734.868: [GC pause (G1 Evacuation Pause) (young) 5412M->1853M(6144M), 0.0983672 secs]
2021-06-25T09:13:07.387+0800: 2759.957: [GC pause (G1 Evacuation Pause) (young) 5422M->1889M(6144M), 0.1259572 secs]
2021-06-25T09:13:33.447+0800: 2786.017: [GC pause (G1 Evacuation Pause) (young) 5357M->1913M(6144M), 0.1098485 secs]
2021-06-25T09:13:55.498+0800: 2808.068: [GC pause (G1 Evacuation Pause) (young) 5464M->1890M(6144M), 0.0594950 secs]
2021-06-25T09:14:13.733+0800: 2826.303: [GC pause (G1 Evacuation Pause) (young) 5490M->1891M(6144M), 0.0623401 secs]
2021-06-25T09:14:39.331+0800: 2851.901: [GC pause (G1 Evacuation Pause) (young) 5479M->1904M(6144M), 0.0624075 secs]
2021-06-25T09:15:02.880+0800: 2875.449: [GC pause (G1 Evacuation Pause) (young) 5492M->1899M(6144M), 0.0626397 secs]
2021-06-25T09:15:24.430+0800: 2897.000: [GC pause (G1 Evacuation Pause) (young) 5488M->1906M(6144M), 0.0640200 secs]
2021-06-25T09:15:52.953+0800: 2925.523: [GC pause (G1 Evacuation Pause) (young) 5484M->1907M(6144M), 0.0639172 secs]
2021-06-25T09:16:10.493+0800: 2943.063: [GC pause (G1 Evacuation Pause) (young) 5527M->1917M(6144M), 0.0637592 secs]
2021-06-25T09:16:27.419+0800: 2959.989: [GC pause (G1 Evacuation Pause) (young) 4178M->1920M(6144M), 0.0597648 secs]
2021-06-25T09:16:54.739+0800: 2987.309: [GC pause (G1 Evacuation Pause) (young) 5478M->1918M(6144M), 0.0548507 secs]
2021-06-25T09:17:25.893+0800: 3018.463: [GC pause (G1 Evacuation Pause) (young) 5499M->1922M(6144M), 0.0589718 secs]
2021-06-25T09:17:50.250+0800: 3042.820: [GC pause (G1 Evacuation Pause) (young) 5488M->1923M(6144M), 0.0552166 secs]
2021-06-25T09:18:10.255+0800: 3062.825: [GC pause (G1 Evacuation Pause) (young) 5486M->1931M(6144M), 0.0577270 secs]
2021-06-25T09:18:30.094+0800: 3082.664: [GC pause (G1 Evacuation Pause) (young) 5471M->1933M(6144M), 0.0558653 secs]
2021-06-25T09:18:51.439+0800: 3104.009: [GC pause (G1 Evacuation Pause) (young) 5477M->1936M(6144M), 0.0588596 secs]
2021-06-25T09:19:14.153+0800: 3126.723: [GC pause (G1 Evacuation Pause) (young) 5469M->1986M(6144M), 0.1016483 secs]
2021-06-25T09:19:33.673+0800: 3146.243: [GC pause (G1 Evacuation Pause) (young) 5427M->1942M(6144M), 0.0639336 secs]
2021-06-25T09:19:56.603+0800: 3169.173: [GC pause (G1 Evacuation Pause) (young) 5473M->1987M(6144M), 0.0847936 secs]
2021-06-25T09:20:22.421+0800: 3194.990: [GC pause (G1 Evacuation Pause) (young) 5433M->2004M(6144M), 0.0861025 secs]
2021-06-25T09:20:38.857+0800: 3211.427: [GC pause (G1 Evacuation Pause) (young) 5415M->2011M(6144M), 0.0895942 secs]
2021-06-25T09:20:59.881+0800: 3232.451: [GC pause (G1 Evacuation Pause) (young) 5410M->2025M(6144M), 0.0971451 secs]
2021-06-25T09:21:19.564+0800: 3252.134: [GC pause (G1 Evacuation Pause) (young) 5410M->2018M(6144M), 0.0948678 secs]
2021-06-25T09:21:40.336+0800: 3272.906: [GC pause (G1 Evacuation Pause) (young) 5409M->2020M(6144M), 0.0884735 secs]
2021-06-25T09:22:02.445+0800: 3295.015: [GC pause (G1 Evacuation Pause) (young) 5433M->2055M(6144M), 0.1144596 secs]
2021-06-25T09:22:20.740+0800: 3313.310: [GC pause (G1 Evacuation Pause) (young) 5379M->2028M(6144M), 0.0841431 secs]
2021-06-25T09:22:43.146+0800: 3335.716: [GC pause (G1 Evacuation Pause) (young) 5581M->2044M(6144M), 0.0907181 secs]
2021-06-25T09:23:00.768+0800: 3353.338: [GC pause (G1 Evacuation Pause) (young) 5438M->2126M(6144M), 0.1410940 secs]
2021-06-25T09:23:16.141+0800: 3368.711: [GC pause (G1 Evacuation Pause) (young) 5431M->2127M(6144M), 0.0901441 secs]
2021-06-25T09:23:31.119+0800: 3383.689: [GC pause (G1 Evacuation Pause) (young) 5516M->2040M(6144M), 0.0846430 secs]
2021-06-25T09:23:49.981+0800: 3402.551: [GC pause (G1 Evacuation Pause) (young) 5436M->2045M(6144M), 0.0893963 secs]
2021-06-25T09:24:09.111+0800: 3421.681: [GC pause (G1 Evacuation Pause) (young) 5447M->2042M(6144M), 0.0995548 secs]
2021-06-25T09:24:31.985+0800: 3444.555: [GC pause (G1 Evacuation Pause) (young) 5501M->2143M(6144M), 0.0882332 secs]
2021-06-25T09:24:49.116+0800: 3461.686: [GC pause (G1 Evacuation Pause) (young) 5493M->2067M(6144M), 0.0864923 secs]
2021-06-25T09:25:15.099+0800: 3487.669: [GC pause (G1 Evacuation Pause) (young) 5474M->2066M(6144M), 0.0825944 secs]
2021-06-25T09:25:34.668+0800: 3507.238: [GC pause (G1 Evacuation Pause) (young) 5663M->2070M(6144M), 0.0572630 secs]
2021-06-25T09:25:46.589+0800: 3519.159: [GC pause (G1 Evacuation Pause) (young) 5648M->2448M(6144M), 0.2711536 secs]
2021-06-25T09:25:48.982+0800: 3521.552: [GC pause (G1 Evacuation Pause) (young) 3284M->2093M(6144M), 0.0554882 secs]
2021-06-25T09:26:03.410+0800: 3535.980: [GC pause (G1 Evacuation Pause) (young) 5538M->2082M(6144M), 0.0316698 secs]
2021-06-25T09:26:23.533+0800: 3556.103: [GC pause (G1 Evacuation Pause) (young) 5562M->2092M(6144M), 0.0363321 secs]
2021-06-25T09:26:43.566+0800: 3576.136: [GC pause (G1 Evacuation Pause) (young) 5431M->2096M(6144M), 0.0324171 secs]
2021-06-25T09:27:10.364+0800: 3602.934: [GC pause (G1 Evacuation Pause) (young) 5445M->2094M(6144M), 0.0314090 secs]
2021-06-25T09:27:33.952+0800: 3626.522: [GC pause (G1 Evacuation Pause) (young) 5809M->2106M(6144M), 0.0541872 secs]
2021-06-25T09:27:58.273+0800: 3650.843: [GC pause (G1 Evacuation Pause) (young) 5474M->2107M(6144M), 0.0469325 secs]
2021-06-25T09:28:13.140+0800: 3665.710: [GC pause (G1 Evacuation Pause) (young) 5474M->2105M(6144M), 0.0470161 secs]
2021-06-25T09:28:35.899+0800: 3688.469: [GC pause (G1 Evacuation Pause) (young) 5831M->2112M(6144M), 0.0543759 secs]
2021-06-25T09:29:00.913+0800: 3713.482: [GC pause (G1 Evacuation Pause) (young) 5664M->2130M(6144M), 0.0708810 secs]
2021-06-25T09:29:19.928+0800: 3732.498: [GC pause (G1 Evacuation Pause) (young) 5658M->2112M(6144M), 0.0543285 secs]
2021-06-25T09:29:40.348+0800: 3752.918: [GC pause (G1 Evacuation Pause) (young) 5479M->2124M(6144M), 0.0569378 secs]
2021-06-25T09:30:00.454+0800: 3773.024: [GC pause (G1 Evacuation Pause) (young) 5768M->2248M(6144M), 0.0673111 secs]
2021-06-25T09:30:18.887+0800: 3791.457: [GC pause (G1 Evacuation Pause) (young) 5522M->2115M(6144M), 0.0641288 secs]
2021-06-25T09:30:41.917+0800: 3814.487: [GC pause (G1 Evacuation Pause) (young) 5651M->2122M(6144M), 0.0675164 secs]
2021-06-25T09:31:03.654+0800: 3836.224: [GC pause (G1 Evacuation Pause) (young) 5480M->2221M(6144M), 0.1250907 secs]
2021-06-25T09:31:20.461+0800: 3853.031: [GC pause (G1 Evacuation Pause) (young) 5566M->2124M(6144M), 0.0615366 secs]
2021-06-25T09:31:34.362+0800: 3866.932: [GC pause (G1 Evacuation Pause) (young) 5480M->2137M(6144M), 0.0666138 secs]
2021-06-25T09:31:51.360+0800: 3883.930: [GC pause (G1 Evacuation Pause) (young) 5497M->2137M(6144M), 0.0681735 secs]
2021-06-25T09:32:13.393+0800: 3905.963: [GC pause (G1 Evacuation Pause) (young) 5465M->2132M(6144M), 0.0588669 secs]
2021-06-25T09:32:33.236+0800: 3925.806: [GC pause (G1 Evacuation Pause) (young) 5489M->2140M(6144M), 0.0628588 secs]
2021-06-25T09:32:54.197+0800: 3946.766: [GC pause (G1 Evacuation Pause) (young) 5652M->2144M(6144M), 0.0537612 secs]
2021-06-25T09:33:21.266+0800: 3973.836: [GC pause (G1 Evacuation Pause) (young) 5483M->2152M(6144M), 0.0584820 secs]
2021-06-25T09:33:36.534+0800: 3989.104: [GC pause (G1 Evacuation Pause) (young)-- 5489M->2916M(6144M), 0.8781885 secs]
2021-06-25T09:33:37.717+0800: 3990.287: [GC pause (G1 Evacuation Pause) (young) 3106M->2976M(6144M), 0.3535618 secs]
2021-06-25T09:33:39.001+0800: 3991.571: [GC pause (G1 Evacuation Pause) (young) (initial-mark) 3562M->3057M(6144M), 0.0977100 secs]
2021-06-25T09:33:39.099+0800: 3991.669: [GC concurrent-root-region-scan-start]
2021-06-25T09:33:39.179+0800: 3991.749: [GC concurrent-root-region-scan-end, 0.0801919 secs]
2021-06-25T09:33:39.179+0800: 3991.749: [GC concurrent-mark-start]
2021-06-25T09:33:41.459+0800: 3994.028: [GC concurrent-mark-end, 2.2796455 secs]
2021-06-25T09:33:41.460+0800: 3994.030: [GC remark, 0.0716076 secs]
2021-06-25T09:33:41.533+0800: 3994.103: [GC cleanup 3345M->2051M(6144M), 0.0089015 secs]
2021-06-25T09:33:41.542+0800: 3994.112: [GC concurrent-cleanup-start]
2021-06-25T09:33:41.543+0800: 3994.113: [GC concurrent-cleanup-end, 0.0015537 secs]
2021-06-25T09:33:45.077+0800: 3997.647: [GC pause (G1 Evacuation Pause) (young) 2408M->1781M(6144M), 0.0655121 secs]
2021-06-25T09:33:48.490+0800: 4001.060: [GC pause (G1 Evacuation Pause) (mixed) 2071M->1586M(6144M), 0.0540938 secs]
2021-06-25T09:33:50.352+0800: 4002.922: [GC pause (G1 Evacuation Pause) (mixed) 1878M->1501M(6144M), 0.0670017 secs]
2021-06-25T09:33:56.775+0800: 4009.345: [GC pause (G1 Evacuation Pause) (young) 2713M->1505M(6144M), 0.0543009 secs]
2021-06-25T09:34:04.617+0800: 4017.187: [GC pause (G1 Evacuation Pause) (young) 2713M->1508M(6144M), 0.0287315 secs]
2021-06-25T09:34:13.267+0800: 4025.837: [GC pause (G1 Evacuation Pause) (young) 2844M->1507M(6144M), 0.0232853 secs]
2021-06-25T09:34:26.347+0800: 4038.917: [GC pause (G1 Evacuation Pause) (young) 3643M->1505M(6144M), 0.0276405 secs]
2021-06-25T09:34:33.047+0800: 4045.616: [GC pause (G1 Evacuation Pause) (young) 3699M->1512M(6144M), 0.0278626 secs]
2021-06-25T09:35:00.033+0800: 4072.603: [GC pause (G1 Evacuation Pause) (young) 4862M->1517M(6144M), 0.0355185 secs]
2021-06-25T09:35:26.381+0800: 4098.951: [GC pause (G1 Evacuation Pause) (young) 5175M->1516M(6144M), 0.0353906 secs]
2021-06-25T09:35:48.747+0800: 4121.317: [GC pause (G1 Evacuation Pause) (young) 5184M->1531M(6144M), 0.0452009 secs]
2021-06-25T09:36:07.972+0800: 4140.542: [GC pause (G1 Evacuation Pause) (young) 5174M->1520M(6144M), 0.0365978 secs]
2021-06-25T09:36:33.390+0800: 4165.960: [GC pause (G1 Evacuation Pause) (young) 5176M->1533M(6144M), 0.0447021 secs]
2021-06-25T09:37:03.282+0800: 4195.852: [GC pause (G1 Evacuation Pause) (young) 5343M->1526M(6144M), 0.0456466 secs]
2021-06-25T09:37:29.697+0800: 4222.267: [GC pause (G1 Evacuation Pause) (young) 5200M->1532M(6144M), 0.0478324 secs]
2021-06-25T09:37:49.734+0800: 4242.304: [GC pause (G1 Evacuation Pause) (young) 5181M->1566M(6144M), 0.0718439 secs]
2021-06-25T09:38:07.638+0800: 4260.208: [GC pause (G1 Evacuation Pause) (young) 5192M->1537M(6144M), 0.0480588 secs]
2021-06-25T09:38:26.554+0800: 4279.124: [GC pause (G1 Evacuation Pause) (young) 5177M->1542M(6144M), 0.0469039 secs]
2021-06-25T09:38:52.477+0800: 4305.047: [GC pause (G1 Evacuation Pause) (young) 5179M->1563M(6144M), 0.0589226 secs]
2021-06-25T09:39:18.116+0800: 4330.686: [GC pause (G1 Evacuation Pause) (young) 5195M->1541M(6144M), 0.0535491 secs]
2021-06-25T09:39:47.656+0800: 4360.226: [GC pause (G1 Evacuation Pause) (young) 5181M->1538M(6144M), 0.0496381 secs]
2021-06-25T09:40:12.387+0800: 4384.957: [GC pause (G1 Evacuation Pause) (young) 5198M->1593M(6144M), 0.0852311 secs]
2021-06-25T09:40:35.066+0800: 4407.636: [GC pause (G1 Evacuation Pause) (young) 5186M->1604M(6144M), 0.0828096 secs]
2021-06-25T09:40:59.520+0800: 4432.090: [GC pause (G1 Evacuation Pause) (young) 5190M->1604M(6144M), 0.0780987 secs]
2021-06-25T09:41:20.622+0800: 4453.192: [GC pause (G1 Evacuation Pause) (young) 5203M->1618M(6144M), 0.0856069 secs]
2021-06-25T09:41:38.595+0800: 4471.165: [GC pause (G1 Evacuation Pause) (young) 5214M->1617M(6144M), 0.0849528 secs]
2021-06-25T09:42:00.300+0800: 4492.869: [GC pause (G1 Evacuation Pause) (young) 5200M->1610M(6144M), 0.0809759 secs]
2021-06-25T09:42:17.292+0800: 4509.862: [GC pause (G1 Evacuation Pause) (young) 5212M->1616M(6144M), 0.0821907 secs]
2021-06-25T09:42:37.477+0800: 4530.047: [GC pause (G1 Evacuation Pause) (young) 5203M->1618M(6144M), 0.0936173 secs]
2021-06-25T09:42:57.672+0800: 4550.242: [GC pause (G1 Evacuation Pause) (young) 5200M->1622M(6144M), 0.0922873 secs]
2021-06-25T09:43:15.276+0800: 4567.846: [GC pause (G1 Evacuation Pause) (young) 5230M->1629M(6144M), 0.0831151 secs]
2021-06-25T09:43:36.528+0800: 4589.098: [GC pause (G1 Evacuation Pause) (young) 5210M->1627M(6144M), 0.0816392 secs]
2021-06-25T09:43:54.507+0800: 4607.077: [GC pause (G1 Evacuation Pause) (young) 5234M->1631M(6144M), 0.0869014 secs]
2021-06-25T09:44:11.445+0800: 4624.015: [GC pause (G1 Evacuation Pause) (young) 5212M->1642M(6144M), 0.0892289 secs]
2021-06-25T09:44:26.121+0800: 4638.691: [GC pause (G1 Evacuation Pause) (young) 5250M->1650M(6144M), 0.0957569 secs]
2021-06-25T09:44:41.764+0800: 4654.334: [GC pause (G1 Evacuation Pause) (young) 5225M->1665M(6144M), 0.1012040 secs]
2021-06-25T09:45:10.008+0800: 4682.578: [GC pause (G1 Evacuation Pause) (young) 5242M->1645M(6144M), 0.0880577 secs]
2021-06-25T09:45:35.514+0800: 4708.084: [GC pause (G1 Evacuation Pause) (young) 5275M->1647M(6144M), 0.0707643 secs]
2021-06-25T09:46:02.752+0800: 4735.322: [GC pause (G1 Evacuation Pause) (young) 5282M->1682M(6144M), 0.0798052 secs]
2021-06-25T09:46:28.070+0800: 4760.640: [GC pause (G1 Evacuation Pause) (young) 5310M->1652M(6144M), 0.0571431 secs]
2021-06-25T09:46:51.672+0800: 4784.242: [GC pause (G1 Evacuation Pause) (young) 5298M->1657M(6144M), 0.0501045 secs]
2021-06-25T09:47:16.190+0800: 4808.760: [GC pause (G1 Evacuation Pause) (young) 5568M->1801M(6144M), 0.0502388 secs]
2021-06-25T09:47:42.764+0800: 4835.334: [GC pause (G1 Evacuation Pause) (young) 5442M->1674M(6144M), 0.0537583 secs]
2021-06-25T09:48:00.736+0800: 4853.306: [GC pause (G1 Evacuation Pause) (young) 5306M->1671M(6144M), 0.0496481 secs]
2021-06-25T09:48:21.816+0800: 4874.386: [GC pause (G1 Evacuation Pause) (young) 5339M->1681M(6144M), 0.0562890 secs]
2021-06-25T09:48:44.366+0800: 4896.936: [GC pause (G1 Evacuation Pause) (young) 5312M->1675M(6144M), 0.0500306 secs]
2021-06-25T09:49:09.412+0800: 4921.982: [GC pause (G1 Evacuation Pause) (young) 5605M->1826M(6144M), 0.0596602 secs]
2021-06-25T09:49:32.309+0800: 4944.879: [GC pause (G1 Evacuation Pause) (young) 5454M->1690M(6144M), 0.0543602 secs]
2021-06-25T09:49:56.237+0800: 4968.807: [GC pause (G1 Evacuation Pause) (young) 5330M->1684M(6144M), 0.0544368 secs]
2021-06-25T09:50:23.742+0800: 4996.311: [GC pause (G1 Evacuation Pause) (young) 5322M->1691M(6144M), 0.0536871 secs]
2021-06-25T09:50:45.704+0800: 5018.274: [GC pause (G1 Evacuation Pause) (young) 5579M->1840M(6144M), 0.0663700 secs]
2021-06-25T09:51:06.033+0800: 5038.603: [GC pause (G1 Evacuation Pause) (young) 5491M->1832M(6144M), 0.1315783 secs]
2021-06-25T09:51:06.347+0800: 5038.917: [GC pause (G1 Evacuation Pause) (young) 1942M->1871M(6144M), 0.1337391 secs]
2021-06-25T09:51:06.901+0800: 5039.471: [GC pause (G1 Evacuation Pause) (young) 2137M->1882M(6144M), 0.1055287 secs]
2021-06-25T09:51:08.551+0800: 5041.120: [GC pause (G1 Evacuation Pause) (young) 2298M->1976M(6144M), 0.0341722 secs]
2021-06-25T09:51:10.729+0800: 5043.299: [GC pause (G1 Evacuation Pause) (young) 2591M->2081M(6144M), 0.0211746 secs]
2021-06-25T09:51:17.039+0800: 5049.608: [GC pause (G1 Evacuation Pause) (young) 3105M->1988M(6144M), 0.0261599 secs]
2021-06-25T09:51:30.760+0800: 5063.330: [GC pause (G1 Evacuation Pause) (young) 4025M->1899M(6144M), 0.0282523 secs]
2021-06-25T09:51:56.989+0800: 5089.559: [GC pause (G1 Evacuation Pause) (young) 5365M->1903M(6144M), 0.0357575 secs]
2021-06-25T09:52:19.594+0800: 5112.164: [GC pause (G1 Evacuation Pause) (young) 5382M->1902M(6144M), 0.0314108 secs]
2021-06-25T09:52:41.168+0800: 5133.738: [GC pause (G1 Evacuation Pause) (young) 5441M->1909M(6144M), 0.0405877 secs]
2021-06-25T09:52:48.387+0800: 5140.957: [GC pause (G1 Evacuation Pause) (young) 3737M->1917M(6144M), 0.0385980 secs]
2021-06-25T09:53:10.500+0800: 5163.070: [GC pause (G1 Evacuation Pause) (young) 4800M->1918M(6144M), 0.0393072 secs]
2021-06-25T09:53:37.724+0800: 5190.294: [GC pause (G1 Evacuation Pause) (young) 5465M->1919M(6144M), 0.0467023 secs]
2021-06-25T09:53:57.584+0800: 5210.154: [GC pause (G1 Evacuation Pause) (young) 5515M->1968M(6144M), 0.0535568 secs]
2021-06-25T09:54:13.431+0800: 5226.001: [GC pause (G1 Evacuation Pause) (young) 5700M->2067M(6144M), 0.0558194 secs]
2021-06-25T09:54:36.466+0800: 5249.035: [GC pause (G1 Evacuation Pause) (young) 5469M->1927M(6144M), 0.0489369 secs]
2021-06-25T09:54:57.269+0800: 5269.839: [GC pause (G1 Evacuation Pause) (young) 5735M->2073M(6144M), 0.0626230 secs]
2021-06-25T09:55:20.381+0800: 5292.950: [GC pause (GCLocker Initiated GC) (young) 5581M->2021M(6144M), 0.0615854 secs]
2021-06-25T09:55:41.610+0800: 5314.180: [GC pause (G1 Evacuation Pause) (young) 5612M->2084M(6144M), 0.0632779 secs]
2021-06-25T09:56:04.893+0800: 5337.462: [GC pause (G1 Evacuation Pause) (young) 5475M->1944M(6144M), 0.0546975 secs]
2021-06-25T09:56:27.117+0800: 5359.687: [GC pause (G1 Evacuation Pause) (young) 5467M->1947M(6144M), 0.0528780 secs]
2021-06-25T09:56:55.975+0800: 5388.545: [GC pause (G1 Evacuation Pause) (young) 5484M->1947M(6144M), 0.0550781 secs]
2021-06-25T09:57:18.666+0800: 5411.236: [GC pause (G1 Evacuation Pause) (young) 5473M->1954M(6144M), 0.0601666 secs]
2021-06-25T09:57:38.538+0800: 5431.107: [GC pause (G1 Evacuation Pause) (young) 5730M->2317M(6144M), 0.1878803 secs]
2021-06-25T09:57:51.436+0800: 5444.006: [GC pause (G1 Evacuation Pause) (young) 5284M->1960M(6144M), 0.0607942 secs]
2021-06-25T09:58:17.706+0800: 5470.275: [GC pause (G1 Evacuation Pause) (young) 5421M->1967M(6144M), 0.0583922 secs]
2021-06-25T09:58:43.307+0800: 5495.877: [GC pause (G1 Evacuation Pause) (young) 5459M->1973M(6144M), 0.0312788 secs]
2021-06-25T09:58:46.904+0800: 5499.474: [GC pause (G1 Evacuation Pause) (young) 2439M->1975M(6144M), 0.0235683 secs]
2021-06-25T09:59:07.974+0800: 5520.544: [GC pause (G1 Evacuation Pause) (young) 4752M->1975M(6144M), 0.0308167 secs]
2021-06-25T09:59:18.951+0800: 5531.521: [GC pause (G1 Evacuation Pause) (young) 5507M->1982M(6144M), 0.0441858 secs]
2021-06-25T09:59:20.410+0800: 5532.980: [GC pause (G1 Evacuation Pause) (young) 2254M->1989M(6144M), 0.0358493 secs]
2021-06-25T09:59:21.686+0800: 5534.255: [GC pause (G1 Evacuation Pause) (young) 2267M->1982M(6144M), 0.0317238 secs]
2021-06-25T09:59:35.710+0800: 5548.280: [GC pause (G1 Evacuation Pause) (young) 3526M->1989M(6144M), 0.0280187 secs]
2021-06-25T09:59:52.411+0800: 5564.981: [GC pause (G1 Evacuation Pause) (young) 5514M->1993M(6144M), 0.0295476 secs]
2021-06-25T09:59:54.623+0800: 5567.192: [GC pause (G1 Evacuation Pause) (young) 2277M->1992M(6144M), 0.0198428 secs]
2021-06-25T09:59:57.516+0800: 5570.086: [GC pause (G1 Evacuation Pause) (young) 2423M->1994M(6144M), 0.0221342 secs]
2021-06-25T10:00:13.638+0800: 5586.208: [GC pause (G1 Evacuation Pause) (young) 5255M->1993M(6144M), 0.0295036 secs]
2021-06-25T10:00:35.068+0800: 5607.638: [GC pause (G1 Evacuation Pause) (young) 5762M->2145M(6144M), 0.0456591 secs]
2021-06-25T10:00:57.148+0800: 5629.718: [GC pause (G1 Evacuation Pause) (young) 5490M->2004M(6144M), 0.0341945 secs]
2021-06-25T10:01:17.579+0800: 5650.149: [GC pause (G1 Evacuation Pause) (young) 5524M->2004M(6144M), 0.0408193 secs]
2021-06-25T10:01:39.366+0800: 5671.936: [GC pause (G1 Evacuation Pause) (young) 5757M->2146M(6144M), 0.0481295 secs]
2021-06-25T10:02:00.691+0800: 5693.261: [GC pause (G1 Evacuation Pause) (young) 5485M->2016M(6144M), 0.0479392 secs]
2021-06-25T10:02:23.994+0800: 5716.564: [GC pause (G1 Evacuation Pause) (young) 5493M->2009M(6144M), 0.0463895 secs]
2021-06-25T10:02:48.001+0800: 5740.571: [GC pause (G1 Evacuation Pause) (young) 5498M->2012M(6144M), 0.0479164 secs]
2021-06-25T10:03:10.243+0800: 5762.813: [GC pause (G1 Evacuation Pause) (young) 5489M->2020M(6144M), 0.0511142 secs]
2021-06-25T10:03:33.516+0800: 5786.086: [GC pause (G1 Evacuation Pause) (young) 5490M->2022M(6144M), 0.0507174 secs]
2021-06-25T10:03:50.110+0800: 5802.680: [GC pause (G1 Evacuation Pause) (young) 5512M->2021M(6144M), 0.0517476 secs]
2021-06-25T10:04:07.290+0800: 5819.860: [GC pause (G1 Evacuation Pause) (young) 5526M->2030M(6144M), 0.0587967 secs]
2021-06-25T10:04:22.084+0800: 5834.654: [GC pause (G1 Evacuation Pause) (young) 3960M->2029M(6144M), 0.0489725 secs]
2021-06-25T10:04:44.901+0800: 5857.471: [GC pause (G1 Evacuation Pause) (young) 5483M->2036M(6144M), 0.0625500 secs]
2021-06-25T10:05:11.464+0800: 5884.034: [GC pause (G1 Evacuation Pause) (young) 5477M->2027M(6144M), 0.0511997 secs]
2021-06-25T10:05:35.225+0800: 5907.794: [GC pause (G1 Evacuation Pause) (young) 5484M->2029M(6144M), 0.0507446 secs]
2021-06-25T10:05:55.298+0800: 5927.868: [GC pause (G1 Evacuation Pause) (young) 5508M->2039M(6144M), 0.0605232 secs]
2021-06-25T10:06:06.930+0800: 5939.500: [GC pause (G1 Evacuation Pause) (young) 5501M->2110M(6144M), 0.1003273 secs]
2021-06-25T10:06:22.869+0800: 5955.439: [GC pause (G1 Evacuation Pause) (young) 5413M->2110M(6144M), 0.0901221 secs]
2021-06-25T10:06:37.975+0800: 5970.545: [GC pause (G1 Evacuation Pause) (young) 5420M->2117M(6144M), 0.0934297 secs]
2021-06-25T10:07:00.075+0800: 5992.645: [GC pause (G1 Evacuation Pause) (young) 5417M->2122M(6144M), 0.1004273 secs]
2021-06-25T10:07:14.879+0800: 6007.449: [GC pause (G1 Evacuation Pause) (young) 5406M->2129M(6144M), 0.0964322 secs]
2021-06-25T10:07:29.380+0800: 6021.950: [GC pause (G1 Evacuation Pause) (young) 5408M->2131M(6144M), 0.0931163 secs]
2021-06-25T10:07:46.493+0800: 6039.063: [GC pause (G1 Evacuation Pause) (young) 5424M->2128M(6144M), 0.0961618 secs]
2021-06-25T10:08:08.416+0800: 6060.986: [GC pause (G1 Evacuation Pause) (young) 5419M->2131M(6144M), 0.0898360 secs]
2021-06-25T10:08:32.330+0800: 6084.900: [GC pause (G1 Evacuation Pause) (young) 5415M->2132M(6144M), 0.0906291 secs]
2021-06-25T10:08:54.863+0800: 6107.433: [GC pause (G1 Evacuation Pause) (young) 5422M->2135M(6144M), 0.0917229 secs]
2021-06-25T10:09:22.577+0800: 6135.147: [GC pause (G1 Evacuation Pause) (young) 5418M->2141M(6144M), 0.0975777 secs]
2021-06-25T10:09:43.858+0800: 6156.428: [GC pause (G1 Evacuation Pause) (young) 5404M->2142M(6144M), 0.0901770 secs]
2021-06-25T10:10:04.395+0800: 6176.965: [GC pause (G1 Evacuation Pause) (young) 5404M->2143M(6144M), 0.0909330 secs]
2021-06-25T10:10:23.988+0800: 6196.558: [GC pause (G1 Evacuation Pause) (young) 5421M->2148M(6144M), 0.0919411 secs]
2021-06-25T10:10:46.480+0800: 6219.050: [GC pause (G1 Evacuation Pause) (young) 5414M->2150M(6144M), 0.0938610 secs]
2021-06-25T10:11:14.376+0800: 6246.946: [GC pause (G1 Evacuation Pause) (young) 5404M->2168M(6144M), 0.0877359 secs]
2021-06-25T10:11:38.712+0800: 6271.282: [GC pause (G1 Evacuation Pause) (young) 5513M->2169M(6144M), 0.0497115 secs]
2021-06-25T10:12:03.068+0800: 6295.638: [GC pause (G1 Evacuation Pause) (young) 5500M->2172M(6144M), 0.0508937 secs]
2021-06-25T10:12:25.223+0800: 6317.793: [GC pause (G1 Evacuation Pause) (young) 5491M->2182M(6144M), 0.0526312 secs]
2021-06-25T10:12:41.582+0800: 6334.152: [GC pause (G1 Evacuation Pause) (young) 5501M->2179M(6144M), 0.0509040 secs]
2021-06-25T10:13:04.385+0800: 6356.955: [GC pause (G1 Evacuation Pause) (young) 5481M->2184M(6144M), 0.0486464 secs]
2021-06-25T10:13:28.498+0800: 6381.067: [GC pause (G1 Evacuation Pause) (young) 5483M->2190M(6144M), 0.0530510 secs]
2021-06-25T10:13:51.838+0800: 6404.408: [GC pause (G1 Evacuation Pause) (young) 5478M->2209M(6144M), 0.0658801 secs]
2021-06-25T10:14:09.483+0800: 6422.052: [GC pause (G1 Evacuation Pause) (young) 5456M->2212M(6144M), 0.0642475 secs]
2021-06-25T10:14:32.161+0800: 6444.731: [GC pause (G1 Evacuation Pause) (young) 5548M->2227M(6144M), 0.0714549 secs]
2021-06-25T10:14:43.385+0800: 6455.954: [GC pause (G1 Evacuation Pause) (young) 5544M->2239M(6144M), 0.0735537 secs]
2021-06-25T10:14:54.843+0800: 6467.413: [GC pause (G1 Evacuation Pause) (young) 5556M->2245M(6144M), 0.0774319 secs]
2021-06-25T10:15:16.836+0800: 6489.406: [GC pause (G1 Evacuation Pause) (young) 5537M->2218M(6144M), 0.0710729 secs]
2021-06-25T10:15:45.184+0800: 6517.754: [GC pause (G1 Evacuation Pause) (young) 5477M->2223M(6144M), 0.0718054 secs]
2021-06-25T10:16:09.272+0800: 6541.842: [GC pause (G1 Evacuation Pause) (young) 5455M->2226M(6144M), 0.0674290 secs]
2021-06-25T10:16:30.695+0800: 6563.265: [GC pause (G1 Evacuation Pause) (young) 5473M->2228M(6144M), 0.0650973 secs]
2021-06-25T10:16:55.103+0800: 6587.673: [GC pause (G1 Evacuation Pause) (young) 5457M->2240M(6144M), 0.0697611 secs]
2021-06-25T10:17:13.469+0800: 6606.039: [GC pause (G1 Evacuation Pause) (young) 5463M->2231M(6144M), 0.0657543 secs]
2021-06-25T10:17:40.086+0800: 6632.655: [GC pause (G1 Evacuation Pause) (young) 5461M->2234M(6144M), 0.0636032 secs]
2021-06-25T10:17:56.222+0800: 6648.792: [GC pause (G1 Evacuation Pause) (young) 5460M->2235M(6144M), 0.0707270 secs]
2021-06-25T10:18:15.066+0800: 6667.636: [GC pause (G1 Evacuation Pause) (young) 5502M->2239M(6144M), 0.0809864 secs]
2021-06-25T10:18:36.446+0800: 6689.016: [GC pause (G1 Evacuation Pause) (young) 5494M->2241M(6144M), 0.0811125 secs]
2021-06-25T10:18:53.753+0800: 6706.323: [GC pause (G1 Evacuation Pause) (young) 5473M->2255M(6144M), 0.0766040 secs]
2021-06-25T10:19:14.064+0800: 6726.634: [GC pause (G1 Evacuation Pause) (young) 5469M->2260M(6144M), 0.0721832 secs]
2021-06-25T10:19:27.273+0800: 6739.843: [GC pause (G1 Evacuation Pause) (young) 5474M->2371M(6144M), 0.1167733 secs]
2021-06-25T10:19:36.466+0800: 6749.036: [GC pause (G1 Evacuation Pause) (young) 5378M->2275M(6144M), 0.0777555 secs]
2021-06-25T10:19:56.115+0800: 6768.685: [GC pause (G1 Evacuation Pause) (young) 5470M->2272M(6144M), 0.0566679 secs]
2021-06-25T10:20:08.999+0800: 6781.569: [GC pause (G1 Evacuation Pause) (young) 5487M->2280M(6144M), 0.0528612 secs]
2021-06-25T10:20:27.212+0800: 6799.782: [GC pause (G1 Evacuation Pause) (young) 5479M->2282M(6144M), 0.0587650 secs]
2021-06-25T10:20:45.515+0800: 6818.085: [GC pause (G1 Evacuation Pause) (young) 5476M->2280M(6144M), 0.0524257 secs]
2021-06-25T10:21:06.561+0800: 6839.131: [GC pause (G1 Evacuation Pause) (young) 5477M->2285M(6144M), 0.0573601 secs]
2021-06-25T10:21:29.520+0800: 6862.090: [GC pause (G1 Evacuation Pause) (young) 5477M->2282M(6144M), 0.0629034 secs]
2021-06-25T10:21:57.317+0800: 6889.887: [GC pause (G1 Evacuation Pause) (young) 5473M->2289M(6144M), 0.0640949 secs]
2021-06-25T10:22:17.596+0800: 6910.166: [GC pause (G1 Evacuation Pause) (young) 5469M->2288M(6144M), 0.0574961 secs]
2021-06-25T10:22:36.590+0800: 6929.160: [GC pause (G1 Evacuation Pause) (young) 5485M->2301M(6144M), 0.0571719 secs]
2021-06-25T10:23:00.132+0800: 6952.702: [GC pause (G1 Evacuation Pause) (young) 5460M->2293M(6144M), 0.0582068 secs]
2021-06-25T10:23:18.928+0800: 6971.498: [GC pause (G1 Evacuation Pause) (young) 5499M->2295M(6144M), 0.0529056 secs]
2021-06-25T10:23:38.978+0800: 6991.548: [GC pause (G1 Evacuation Pause) (young) 5477M->2297M(6144M), 0.0594919 secs]
2021-06-25T10:24:00.367+0800: 7012.936: [GC pause (G1 Evacuation Pause) (young) 5468M->2305M(6144M), 0.0568472 secs]
2021-06-25T10:24:23.781+0800: 7036.351: [GC pause (G1 Evacuation Pause) (young) 5464M->2313M(6144M), 0.0586485 secs]
2021-06-25T10:24:54.193+0800: 7066.762: [GC pause (G1 Evacuation Pause) (young) 5473M->2306M(6144M), 0.0566582 secs]
2021-06-25T10:25:17.267+0800: 7089.837: [GC pause (G1 Evacuation Pause) (young) 5483M->2320M(6144M), 0.0627849 secs]
2021-06-25T10:25:38.254+0800: 7110.824: [GC pause (G1 Evacuation Pause) (young) 5491M->2312M(6144M), 0.0542642 secs]
2021-06-25T10:25:57.414+0800: 7129.984: [GC pause (G1 Evacuation Pause) (young) 5480M->2317M(6144M), 0.0526565 secs]
2021-06-25T10:26:13.967+0800: 7146.537: [GC pause (G1 Evacuation Pause) (young) 5489M->2321M(6144M), 0.0546020 secs]
2021-06-25T10:26:35.804+0800: 7168.374: [GC pause (G1 Evacuation Pause) (young) 5483M->2347M(6144M), 0.0632284 secs]
2021-06-25T10:26:52.738+0800: 7185.308: [GC pause (G1 Evacuation Pause) (young) 5468M->2335M(6144M), 0.0587204 secs]
2021-06-25T10:27:14.936+0800: 7207.506: [GC pause (G1 Evacuation Pause) (young) 5472M->2331M(6144M), 0.0497924 secs]
2021-06-25T10:27:32.423+0800: 7224.993: [GC pause (G1 Evacuation Pause) (young) 5582M->2430M(6144M), 0.0616174 secs]
2021-06-25T10:27:47.870+0800: 7240.440: [GC pause (G1 Evacuation Pause) (young) 5477M->2347M(6144M), 0.0624057 secs]
2021-06-25T10:28:07.525+0800: 7260.095: [GC pause (G1 Evacuation Pause) (young) 5464M->2418M(6144M), 0.1381047 secs]
2021-06-25T10:28:28.246+0800: 7280.816: [GC pause (G1 Evacuation Pause) (young) 5422M->2355M(6144M), 0.0649675 secs]
2021-06-25T10:28:49.907+0800: 7302.477: [GC pause (G1 Evacuation Pause) (young) 5460M->2355M(6144M), 0.0637413 secs]
2021-06-25T10:29:13.873+0800: 7326.443: [GC pause (G1 Evacuation Pause) (young) 5472M->2354M(6144M), 0.0653248 secs]
2021-06-25T10:29:34.695+0800: 7347.265: [GC pause (G1 Evacuation Pause) (young) 5468M->2358M(6144M), 0.0647518 secs]
2021-06-25T10:29:53.707+0800: 7366.277: [GC pause (G1 Evacuation Pause) (young) 5462M->2358M(6144M), 0.0679418 secs]
2021-06-25T10:30:13.832+0800: 7386.402: [GC pause (G1 Evacuation Pause) (young) 5475M->2364M(6144M), 0.0631360 secs]
2021-06-25T10:30:30.775+0800: 7403.345: [GC pause (G1 Evacuation Pause) (young) 5465M->2361M(6144M), 0.0626711 secs]
2021-06-25T10:30:49.397+0800: 7421.967: [GC pause (G1 Evacuation Pause) (young) 5490M->2360M(6144M), 0.0579789 secs]
2021-06-25T10:31:08.441+0800: 7441.011: [GC pause (G1 Evacuation Pause) (young) 5474M->2369M(6144M), 0.0676818 secs]
2021-06-25T10:31:28.741+0800: 7461.311: [GC pause (G1 Evacuation Pause) (young) 5469M->2369M(6144M), 0.0624822 secs]
2021-06-25T10:31:47.695+0800: 7480.265: [GC pause (G1 Evacuation Pause) (young) 5473M->2376M(6144M), 0.0629040 secs]
2021-06-25T10:32:10.137+0800: 7502.707: [GC pause (G1 Evacuation Pause) (young) 5480M->2375M(6144M), 0.0610367 secs]
2021-06-25T10:32:30.304+0800: 7522.874: [GC pause (G1 Evacuation Pause) (young) 5483M->2384M(6144M), 0.0637228 secs]
2021-06-25T10:32:47.855+0800: 7540.425: [GC pause (G1 Evacuation Pause) (young) 5473M->2385M(6144M), 0.0635662 secs]
2021-06-25T10:33:12.786+0800: 7565.356: [GC pause (G1 Evacuation Pause) (young) 5475M->2387M(6144M), 0.0575804 secs]
2021-06-25T10:33:38.626+0800: 7591.196: [GC pause (G1 Evacuation Pause) (young) 5486M->2398M(6144M), 0.0638771 secs]
2021-06-25T10:34:00.977+0800: 7613.547: [GC pause (G1 Evacuation Pause) (young) 5481M->2395M(6144M), 0.0525581 secs]
2021-06-25T10:34:17.725+0800: 7630.295: [GC pause (G1 Evacuation Pause) (young) 5473M->2732M(6144M), 0.2273724 secs]
2021-06-25T10:34:25.350+0800: 7637.920: [GC pause (G1 Evacuation Pause) (young) 5163M->2439M(6144M), 0.0697903 secs]
2021-06-25T10:34:40.411+0800: 7652.981: [GC pause (G1 Evacuation Pause) (young) 5385M->2401M(6144M), 0.0259820 secs]
2021-06-25T10:35:03.044+0800: 7675.614: [GC pause (G1 Evacuation Pause) (young) 5415M->2409M(6144M), 0.0282351 secs]
2021-06-25T10:35:06.563+0800: 7679.133: [GC pause (G1 Evacuation Pause) (young) 3122M->2412M(6144M), 0.0259099 secs]
2021-06-25T10:35:27.073+0800: 7699.643: [GC pause (G1 Evacuation Pause) (young) 5456M->2413M(6144M), 0.0316045 secs]
2021-06-25T10:35:48.558+0800: 7721.128: [GC pause (G1 Evacuation Pause) (young) 5461M->2422M(6144M), 0.0327499 secs]
2021-06-25T10:36:01.617+0800: 7734.187: [GC pause (G1 Evacuation Pause) (young) 5526M->2429M(6144M), 0.0458010 secs]
2021-06-25T10:36:19.745+0800: 7752.315: [GC pause (G1 Evacuation Pause) (young) 5498M->2439M(6144M), 0.0511061 secs]
2021-06-25T10:36:42.241+0800: 7774.811: [GC pause (G1 Evacuation Pause) (young) 5493M->2441M(6144M), 0.0518172 secs]
2021-06-25T10:37:03.386+0800: 7795.956: [GC pause (G1 Evacuation Pause) (young) 5474M->2437M(6144M), 0.0462276 secs]
2021-06-25T10:37:28.465+0800: 7821.035: [GC pause (G1 Evacuation Pause) (young) 5477M->2441M(6144M), 0.0483432 secs]
2021-06-25T10:37:48.698+0800: 7841.268: [GC pause (G1 Evacuation Pause) (young) 5491M->2451M(6144M), 0.0556568 secs]
2021-06-25T10:38:12.901+0800: 7865.471: [GC pause (G1 Evacuation Pause) (young) 5464M->2448M(6144M), 0.0607646 secs]
2021-06-25T10:38:33.289+0800: 7885.859: [GC pause (G1 Evacuation Pause) (young) 5468M->2452M(6144M), 0.0590463 secs]
2021-06-25T10:38:56.430+0800: 7909.000: [GC pause (G1 Evacuation Pause) (young) 5487M->2451M(6144M), 0.0641676 secs]
2021-06-25T10:39:16.613+0800: 7929.183: [GC pause (G1 Evacuation Pause) (young) 5464M->2455M(6144M), 0.0635351 secs]
2021-06-25T10:39:40.329+0800: 7952.899: [GC pause (G1 Evacuation Pause) (young) 5462M->2457M(6144M), 0.0598151 secs]
2021-06-25T10:40:00.964+0800: 7973.533: [GC pause (G1 Evacuation Pause) (young) 5481M->2495M(6144M), 0.0893026 secs]
2021-06-25T10:40:28.866+0800: 8001.436: [GC pause (G1 Evacuation Pause) (young) 5448M->2487M(6144M), 0.0862544 secs]
2021-06-25T10:40:54.359+0800: 8026.929: [GC pause (G1 Evacuation Pause) (young) 5434M->2489M(6144M), 0.0792630 secs]
2021-06-25T10:41:13.347+0800: 8045.917: [GC pause (G1 Evacuation Pause) (young) 5457M->2494M(6144M), 0.0840125 secs]
2021-06-25T10:41:37.194+0800: 8069.764: [GC pause (G1 Evacuation Pause) (young) 5452M->2512M(6144M), 0.0916686 secs]
2021-06-25T10:41:54.024+0800: 8086.594: [GC pause (G1 Evacuation Pause) (young) 5452M->2500M(6144M), 0.0790996 secs]
2021-06-25T10:42:11.769+0800: 8104.339: [GC pause (G1 Evacuation Pause) (young) 5454M->2509M(6144M), 0.0750606 secs]
2021-06-25T10:42:32.301+0800: 8124.870: [GC pause (G1 Evacuation Pause) (young) 5449M->2520M(6144M), 0.0719386 secs]
2021-06-25T10:42:55.105+0800: 8147.675: [GC pause (G1 Evacuation Pause) (young) 5441M->2513M(6144M), 0.0640734 secs]
2021-06-25T10:43:21.352+0800: 8173.922: [GC pause (G1 Evacuation Pause) (young) 5464M->2517M(6144M), 0.0685920 secs]
2021-06-25T10:43:38.998+0800: 8191.568: [GC pause (G1 Evacuation Pause) (young) 5454M->2523M(6144M), 0.0713514 secs]
2021-06-25T10:44:01.894+0800: 8214.464: [GC pause (G1 Evacuation Pause) (young) 5444M->2524M(6144M), 0.0758556 secs]
2021-06-25T10:44:22.207+0800: 8234.777: [GC pause (G1 Evacuation Pause) (young) 5447M->2527M(6144M), 0.0665934 secs]
2021-06-25T10:44:41.093+0800: 8253.663: [GC pause (G1 Evacuation Pause) (young) 5456M->2532M(6144M), 0.0747072 secs]
2021-06-25T10:45:00.389+0800: 8272.958: [GC pause (G1 Evacuation Pause) (young) 5458M->2532M(6144M), 0.0705862 secs]
2021-06-25T10:45:19.474+0800: 8292.044: [GC pause (G1 Evacuation Pause) (young) 5454M->2543M(6144M), 0.0736586 secs]
2021-06-25T10:45:39.209+0800: 8311.779: [GC pause (G1 Evacuation Pause) (young) 5472M->2542M(6144M), 0.0686980 secs]
2021-06-25T10:46:00.327+0800: 8332.897: [GC pause (G1 Evacuation Pause) (young) 5476M->2553M(6144M), 0.0638990 secs]
2021-06-25T10:46:21.565+0800: 8354.135: [GC pause (G1 Evacuation Pause) (young) 5476M->2552M(6144M), 0.0560818 secs]
2021-06-25T10:46:37.313+0800: 8369.883: [GC pause (G1 Evacuation Pause) (young) 5466M->2553M(6144M), 0.0525325 secs]
2021-06-25T10:46:55.905+0800: 8388.475: [GC pause (G1 Evacuation Pause) (young) 5480M->2550M(6144M), 0.0529582 secs]
2021-06-25T10:47:18.609+0800: 8411.179: [GC pause (G1 Evacuation Pause) (young) 5472M->2553M(6144M), 0.0511432 secs]
2021-06-25T10:47:39.914+0800: 8432.483: [GC pause (G1 Evacuation Pause) (young) 5473M->2562M(6144M), 0.0521710 secs]
2021-06-25T10:47:55.457+0800: 8448.027: [GC pause (G1 Evacuation Pause) (young) 5498M->2556M(6144M), 0.0530686 secs]
2021-06-25T10:48:12.681+0800: 8465.251: [GC pause (G1 Evacuation Pause) (young) 5482M->2559M(6144M), 0.0484869 secs]
2021-06-25T10:48:32.112+0800: 8484.682: [GC pause (G1 Evacuation Pause) (young) 5494M->2569M(6144M), 0.0523015 secs]
2021-06-25T10:48:52.810+0800: 8505.380: [GC pause (G1 Evacuation Pause) (young) 5490M->2571M(6144M), 0.0526489 secs]
2021-06-25T10:49:13.935+0800: 8526.505: [GC pause (G1 Evacuation Pause) (young) 5487M->2573M(6144M), 0.0470031 secs]
2021-06-25T10:49:36.338+0800: 8548.908: [GC pause (G1 Evacuation Pause) (young) 5479M->2578M(6144M), 0.0483205 secs]
2021-06-25T10:50:00.204+0800: 8572.774: [GC pause (G1 Evacuation Pause) (young) 5479M->2574M(6144M), 0.0451897 secs]
2021-06-25T10:50:25.163+0800: 8597.733: [GC pause (G1 Evacuation Pause) (young) 5490M->2574M(6144M), 0.0475033 secs]
2021-06-25T10:50:47.659+0800: 8620.229: [GC pause (G1 Evacuation Pause) (young) 5491M->2576M(6144M), 0.0467074 secs]
2021-06-25T10:51:07.492+0800: 8640.062: [GC pause (G1 Evacuation Pause) (young) 5484M->2586M(6144M), 0.0488263 secs]
2021-06-25T10:51:24.416+0800: 8656.986: [GC pause (G1 Evacuation Pause) (young) 5475M->2585M(6144M), 0.0483649 secs]
2021-06-25T10:51:45.515+0800: 8678.085: [GC pause (G1 Evacuation Pause) (young) 5480M->2585M(6144M), 0.0494951 secs]
2021-06-25T10:52:01.695+0800: 8694.265: [GC pause (G1 Evacuation Pause) (young) 5485M->2592M(6144M), 0.0539392 secs]
2021-06-25T10:52:20.728+0800: 8713.298: [GC pause (G1 Evacuation Pause) (young) 5487M->2583M(6144M), 0.0494000 secs]
2021-06-25T10:52:41.827+0800: 8734.397: [GC pause (G1 Evacuation Pause) (young) 5483M->2590M(6144M), 0.0554486 secs]
2021-06-25T10:53:05.490+0800: 8758.060: [GC pause (G1 Evacuation Pause) (young) 5479M->2593M(6144M), 0.0509611 secs]
2021-06-25T10:53:20.064+0800: 8772.634: [GC pause (G1 Evacuation Pause) (young) 5488M->2591M(6144M), 0.0485670 secs]
2021-06-25T10:53:41.802+0800: 8794.372: [GC pause (G1 Evacuation Pause) (young) 5501M->2593M(6144M), 0.0491459 secs]
2021-06-25T10:53:57.593+0800: 8810.163: [GC pause (G1 Evacuation Pause) (young) 5490M->2596M(6144M), 0.0460186 secs]
2021-06-25T10:54:15.924+0800: 8828.494: [GC pause (G1 Evacuation Pause) (young) 5497M->2620M(6144M), 0.0593502 secs]
2021-06-25T10:54:24.391+0800: 8836.961: [GC pause (G1 Evacuation Pause) (young) 5481M->2603M(6144M), 0.0491720 secs]
2021-06-25T10:54:45.533+0800: 8858.103: [GC pause (G1 Evacuation Pause) (young) 5520M->2606M(6144M), 0.0575519 secs]
2021-06-25T10:54:53.126+0800: 8865.696: [GC pause (G1 Evacuation Pause) (young) 3558M->2607M(6144M), 0.0443235 secs]
2021-06-25T10:55:13.516+0800: 8886.085: [GC pause (G1 Evacuation Pause) (young) 5489M->2606M(6144M), 0.0475075 secs]
2021-06-25T10:55:33.657+0800: 8906.227: [GC pause (G1 Evacuation Pause) (young) 5479M->2614M(6144M), 0.0569136 secs]
2021-06-25T10:55:55.651+0800: 8928.221: [GC pause (G1 Evacuation Pause) (young) 5489M->2610M(6144M), 0.0495039 secs]
2021-06-25T10:56:22.274+0800: 8954.844: [GC pause (G1 Evacuation Pause) (young) 5488M->2616M(6144M), 0.0504837 secs]
2021-06-25T10:56:41.785+0800: 8974.355: [GC pause (G1 Evacuation Pause) (young) 5486M->2618M(6144M), 0.0526966 secs]
2021-06-25T10:57:01.722+0800: 8994.292: [GC pause (G1 Evacuation Pause) (young) 5480M->2617M(6144M), 0.0471862 secs]
2021-06-25T10:57:17.809+0800: 9010.379: [GC pause (G1 Evacuation Pause) (young) 5504M->2619M(6144M), 0.0516413 secs]
2021-06-25T10:57:36.200+0800: 9028.769: [GC pause (G1 Evacuation Pause) (young) 5480M->2623M(6144M), 0.0489011 secs]
2021-06-25T10:57:59.028+0800: 9051.598: [GC pause (G1 Evacuation Pause) (young) 5489M->2622M(6144M), 0.0493821 secs]
2021-06-25T10:58:12.107+0800: 9064.677: [GC pause (G1 Evacuation Pause) (young) 5537M->2625M(6144M), 0.0486378 secs]
2021-06-25T10:58:29.581+0800: 9082.151: [GC pause (G1 Evacuation Pause) (young) 5483M->2630M(6144M), 0.0506059 secs]
2021-06-25T10:58:46.562+0800: 9099.132: [GC pause (G1 Evacuation Pause) (young) 5486M->2640M(6144M), 0.0552511 secs]
2021-06-25T10:59:06.419+0800: 9118.989: [GC pause (G1 Evacuation Pause) (young) 5469M->2634M(6144M), 0.0491307 secs]
2021-06-25T10:59:24.591+0800: 9137.161: [GC pause (G1 Evacuation Pause) (young) 5489M->2640M(6144M), 0.0540160 secs]
2021-06-25T10:59:44.067+0800: 9156.637: [GC pause (G1 Evacuation Pause) (young) 5482M->2642M(6144M), 0.0557155 secs]
2021-06-25T11:00:05.850+0800: 9178.420: [GC pause (G1 Evacuation Pause) (young) 5491M->2647M(6144M), 0.0515201 secs]
2021-06-25T11:00:24.614+0800: 9197.184: [GC pause (G1 Evacuation Pause) (young) 5491M->2645M(6144M), 0.0582855 secs]
2021-06-25T11:00:42.754+0800: 9215.324: [GC pause (G1 Evacuation Pause) (young) 5481M->2653M(6144M), 0.0587000 secs]
2021-06-25T11:01:05.072+0800: 9237.642: [GC pause (G1 Evacuation Pause) (young) 5469M->2648M(6144M), 0.0525832 secs]
2021-06-25T11:01:26.523+0800: 9259.093: [GC pause (G1 Evacuation Pause) (young) 5488M->2650M(6144M), 0.0564962 secs]
2021-06-25T11:01:44.848+0800: 9277.418: [GC pause (G1 Evacuation Pause) (young) 5478M->2651M(6144M), 0.0555175 secs]
2021-06-25T11:02:06.959+0800: 9299.529: [GC pause (G1 Evacuation Pause) (young) 5496M->2652M(6144M), 0.0546739 secs]
2021-06-25T11:02:25.943+0800: 9318.513: [GC pause (G1 Evacuation Pause) (young) 5483M->2668M(6144M), 0.0615734 secs]
2021-06-25T11:02:46.868+0800: 9339.438: [GC pause (G1 Evacuation Pause) (young) 5481M->2657M(6144M), 0.0493427 secs]
2021-06-25T11:03:05.276+0800: 9357.846: [GC pause (G1 Evacuation Pause) (young) 5491M->2659M(6144M), 0.0506657 secs]
2021-06-25T11:03:24.014+0800: 9376.584: [GC pause (G1 Evacuation Pause) (young) 5480M->2666M(6144M), 0.0510237 secs]
2021-06-25T11:03:40.342+0800: 9392.912: [GC pause (G1 Evacuation Pause) (young) 5491M->2662M(6144M), 0.0504514 secs]
2021-06-25T11:04:03.059+0800: 9415.629: [GC pause (G1 Evacuation Pause) (young) 5487M->2727M(6144M), 0.0955262 secs]
2021-06-25T11:04:24.911+0800: 9437.481: [GC pause (G1 Evacuation Pause) (young) 5444M->2727M(6144M), 0.0818090 secs]
2021-06-25T11:04:44.577+0800: 9457.147: [GC pause (G1 Evacuation Pause) (young) 5436M->2729M(6144M), 0.0789402 secs]
2021-06-25T11:04:58.607+0800: 9471.177: [GC pause (G1 Evacuation Pause) (young) 5439M->2732M(6144M), 0.0803373 secs]
2021-06-25T11:05:15.856+0800: 9488.426: [GC pause (G1 Evacuation Pause) (young) 5421M->2736M(6144M), 0.0774515 secs]
2021-06-25T11:05:28.595+0800: 9501.165: [GC pause (G1 Humongous Allocation) (young) (initial-mark) 5505M->2828M(6144M), 0.0953262 secs]
2021-06-25T11:05:28.691+0800: 9501.261: [GC concurrent-root-region-scan-start]
2021-06-25T11:05:28.803+0800: 9501.373: [GC concurrent-root-region-scan-end, 0.1127095 secs]
2021-06-25T11:05:28.803+0800: 9501.373: [GC concurrent-mark-start]
2021-06-25T11:05:29.857+0800: 9502.427: [GC concurrent-mark-end, 1.0540676 secs]
2021-06-25T11:05:29.859+0800: 9502.429: [GC remark, 0.0808582 secs]
2021-06-25T11:05:29.942+0800: 9502.511: [GC cleanup 3014M->1853M(6144M), 0.0173341 secs]
2021-06-25T11:05:29.959+0800: 9502.529: [GC concurrent-cleanup-start]
2021-06-25T11:05:29.961+0800: 9502.530: [GC concurrent-cleanup-end, 0.0014904 secs]
2021-06-25T11:05:48.145+0800: 9520.715: [GC pause (G1 Evacuation Pause) (young) 4339M->1576M(6144M), 0.0779951 secs]
2021-06-25T11:05:51.033+0800: 9523.603: [GC pause (G1 Evacuation Pause) (mixed) 1782M->1273M(6144M), 0.1020557 secs]
2021-06-25T11:05:55.962+0800: 9528.532: [GC pause (G1 Evacuation Pause) (mixed) 1559M->1082M(6144M), 0.0947726 secs]
2021-06-25T11:05:59.750+0800: 9532.320: [GC pause (G1 Evacuation Pause) (mixed) 1362M->925M(6144M), 0.1076313 secs]
2021-06-25T11:06:24.887+0800: 9557.457: [GC pause (G1 Evacuation Pause) (young) 4607M->935M(6144M), 0.0415772 secs]
2021-06-25T11:06:56.831+0800: 9589.401: [GC pause (G1 Evacuation Pause) (young) 4770M->936M(6144M), 0.0367310 secs]
2021-06-25T11:07:16.781+0800: 9609.350: [GC pause (G1 Evacuation Pause) (young) 4602M->939M(6144M), 0.0335766 secs]
2021-06-25T11:07:45.512+0800: 9638.081: [GC pause (G1 Evacuation Pause) (young) 4603M->940M(6144M), 0.0362660 secs]
2021-06-25T11:08:12.782+0800: 9665.352: [GC pause (G1 Evacuation Pause) (young) 4604M->940M(6144M), 0.0359942 secs]
2021-06-25T11:08:34.523+0800: 9687.093: [GC pause (G1 Evacuation Pause) (young) 4617M->943M(6144M), 0.0421185 secs]
2021-06-25T11:09:01.383+0800: 9713.953: [GC pause (G1 Evacuation Pause) (young) 4596M->943M(6144M), 0.0391906 secs]
2021-06-25T11:09:29.455+0800: 9742.025: [GC pause (G1 Evacuation Pause) (young) 4596M->958M(6144M), 0.0461467 secs]
2021-06-25T11:09:55.137+0800: 9767.707: [GC pause (G1 Evacuation Pause) (young) 4598M->947M(6144M), 0.0404830 secs]
2021-06-25T11:10:17.336+0800: 9789.906: [GC pause (G1 Evacuation Pause) (young) 4600M->1014M(6144M), 0.0943183 secs]
2021-06-25T11:10:35.289+0800: 9807.859: [GC pause (G1 Evacuation Pause) (young) 4597M->980M(6144M), 0.0611202 secs]
2021-06-25T11:11:00.551+0800: 9833.121: [GC pause (G1 Evacuation Pause) (young) 4614M->1007M(6144M), 0.0921813 secs]
2021-06-25T11:11:33.706+0800: 9866.276: [GC pause (G1 Evacuation Pause) (young) 4604M->982M(6144M), 0.0611743 secs]
2021-06-25T11:12:11.505+0800: 9904.075: [GC pause (G1 Evacuation Pause) (young) 4606M->978M(6144M), 0.0599922 secs]
2021-06-25T11:12:41.527+0800: 9934.096: [GC pause (G1 Evacuation Pause) (young) 4606M->981M(6144M), 0.0618691 secs]
2021-06-25T11:13:17.106+0800: 9969.676: [GC pause (G1 Evacuation Pause) (young) 4603M->991M(6144M), 0.0660411 secs]
2021-06-25T11:13:49.871+0800: 10002.441: [GC pause (G1 Evacuation Pause) (young) 4611M->992M(6144M), 0.0673763 secs]
2021-06-25T11:14:13.347+0800: 10025.917: [GC pause (G1 Evacuation Pause) (young) 4615M->1006M(6144M), 0.0731853 secs]
2021-06-25T11:14:46.717+0800: 10059.287: [GC pause (G1 Evacuation Pause) (young) 4615M->993M(6144M), 0.0658339 secs]
2021-06-25T11:15:10.293+0800: 10082.863: [GC pause (G1 Evacuation Pause) (young) 4621M->998M(6144M), 0.0652034 secs]
2021-06-25T11:15:30.831+0800: 10103.401: [GC pause (G1 Evacuation Pause) (young) 4618M->1000M(6144M), 0.0657537 secs]
2021-06-25T11:15:56.596+0800: 10129.166: [GC pause (G1 Evacuation Pause) (young) 4643M->1028M(6144M), 0.0799889 secs]
2021-06-25T11:16:18.569+0800: 10151.139: [GC pause (G1 Evacuation Pause) (young) 4637M->1002M(6144M), 0.0696228 secs]
2021-06-25T11:16:37.947+0800: 10170.516: [GC pause (G1 Evacuation Pause) (young) 4629M->1009M(6144M), 0.0695021 secs]
2021-06-25T11:16:59.861+0800: 10192.431: [GC pause (G1 Evacuation Pause) (young) 4817M->1015M(6144M), 0.0751253 secs]
2021-06-25T11:17:21.370+0800: 10213.940: [GC pause (G1 Evacuation Pause) (young) 4638M->1015M(6144M), 0.0700883 secs]
2021-06-25T11:17:44.028+0800: 10236.597: [GC pause (G1 Evacuation Pause) (young) 4670M->1020M(6144M), 0.0683761 secs]
2021-06-25T11:18:16.275+0800: 10268.845: [GC pause (G1 Evacuation Pause) (young) 4665M->1025M(6144M), 0.0551580 secs]
2021-06-25T11:18:43.861+0800: 10296.431: [GC pause (G1 Evacuation Pause) (young) 4691M->1024M(6144M), 0.0594564 secs]
2021-06-25T11:19:06.340+0800: 10318.910: [GC pause (G1 Evacuation Pause) (young) 4672M->1029M(6144M), 0.0557258 secs]
2021-06-25T11:19:29.710+0800: 10342.280: [GC pause (G1 Evacuation Pause) (young) 4668M->1034M(6144M), 0.0537302 secs]
2021-06-25T11:19:56.841+0800: 10369.411: [GC pause (G1 Evacuation Pause) (young) 4701M->1056M(6144M), 0.0738482 secs]
2021-06-25T11:20:21.056+0800: 10393.626: [GC pause (G1 Evacuation Pause) (young) 4696M->1054M(6144M), 0.0687714 secs]
2021-06-25T11:20:39.228+0800: 10411.798: [GC pause (G1 Evacuation Pause) (young) 4707M->1141M(6144M), 0.1179133 secs]
2021-06-25T11:21:03.757+0800: 10436.327: [GC pause (G1 Evacuation Pause) (young) 4684M->1146M(6144M), 0.1117884 secs]
2021-06-25T11:21:24.739+0800: 10457.309: [GC pause (G1 Evacuation Pause) (young) 4699M->1152M(6144M), 0.1130219 secs]
2021-06-25T11:21:49.437+0800: 10482.007: [GC pause (G1 Evacuation Pause) (young) 4705M->1138M(6144M), 0.1031297 secs]
2021-06-25T11:22:08.989+0800: 10501.559: [GC pause (G1 Evacuation Pause) (young) 4722M->1155M(6144M), 0.1043608 secs]
2021-06-25T11:22:33.909+0800: 10526.478: [GC pause (G1 Evacuation Pause) (young) 4715M->1162M(6144M), 0.1173732 secs]
2021-06-25T11:22:58.567+0800: 10551.137: [GC pause (G1 Evacuation Pause) (young) 4741M->1165M(6144M), 0.1025730 secs]
2021-06-25T11:23:21.153+0800: 10573.723: [GC pause (G1 Evacuation Pause) (young) 4724M->1173M(6144M), 0.1154488 secs]
2021-06-25T11:23:47.060+0800: 10599.630: [GC pause (G1 Evacuation Pause) (young) 4711M->1198M(6144M), 0.1237894 secs]
2021-06-25T11:24:14.545+0800: 10627.115: [GC pause (G1 Evacuation Pause) (young) 4757M->1186M(6144M), 0.1112020 secs]
2021-06-25T11:24:45.720+0800: 10658.290: [GC pause (G1 Evacuation Pause) (young) 4716M->1182M(6144M), 0.1100069 secs]
2021-06-25T11:25:14.537+0800: 10687.106: [GC pause (G1 Evacuation Pause) (young) 4745M->1191M(6144M), 0.1189757 secs]
2021-06-25T11:25:38.695+0800: 10711.265: [GC pause (G1 Evacuation Pause) (young) 4729M->1180M(6144M), 0.1110284 secs]
2021-06-25T11:26:05.521+0800: 10738.091: [GC pause (G1 Evacuation Pause) (young) 4725M->1195M(6144M), 0.1146039 secs]
2021-06-25T11:26:24.312+0800: 10756.882: [GC pause (G1 Evacuation Pause) (young) 4758M->1194M(6144M), 0.1169988 secs]
2021-06-25T11:26:48.330+0800: 10780.899: [GC pause (G1 Evacuation Pause) (young) 4746M->1200M(6144M), 0.1194816 secs]
2021-06-25T11:27:08.541+0800: 10801.111: [GC pause (G1 Evacuation Pause) (young) 4840M->1206M(6144M), 0.0738622 secs]
2021-06-25T11:27:29.648+0800: 10822.218: [GC pause (G1 Evacuation Pause) (young) 4857M->1205M(6144M), 0.0665140 secs]
2021-06-25T11:27:47.973+0800: 10840.543: [GC pause (G1 Evacuation Pause) (young) 4841M->1219M(6144M), 0.0762919 secs]
2021-06-25T11:28:07.317+0800: 10859.886: [GC pause (G1 Evacuation Pause) (young) 4861M->1217M(6144M), 0.0691686 secs]
2021-06-25T11:28:28.423+0800: 10880.992: [GC pause (G1 Evacuation Pause) (young) 4896M->1223M(6144M), 0.0668749 secs]
2021-06-25T11:28:55.118+0800: 10907.688: [GC pause (G1 Evacuation Pause) (young) 4866M->1226M(6144M), 0.0778665 secs]
2021-06-25T11:29:15.481+0800: 10928.051: [GC pause (G1 Evacuation Pause) (young) 4868M->1222M(6144M), 0.0766558 secs]
2021-06-25T11:29:41.021+0800: 10953.591: [GC pause (G1 Evacuation Pause) (young) 4872M->1235M(6144M), 0.0743952 secs]
2021-06-25T11:30:11.268+0800: 10983.837: [GC pause (G1 Evacuation Pause) (young) 4878M->1229M(6144M), 0.0680409 secs]
2021-06-25T11:30:37.056+0800: 11009.626: [GC pause (G1 Evacuation Pause) (young) 4877M->1226M(6144M), 0.0786670 secs]
2021-06-25T11:31:00.585+0800: 11033.154: [GC pause (G1 Evacuation Pause) (young) 4878M->1229M(6144M), 0.0676136 secs]
2021-06-25T11:31:33.826+0800: 11066.396: [GC pause (G1 Evacuation Pause) (young) 4852M->1232M(6144M), 0.0755805 secs]
2021-06-25T11:32:01.801+0800: 11094.371: [GC pause (G1 Evacuation Pause) (young) 4887M->1242M(6144M), 0.0753368 secs]
2021-06-25T11:32:29.916+0800: 11122.486: [GC pause (G1 Evacuation Pause) (young) 4875M->1243M(6144M), 0.0673824 secs]
2021-06-25T11:32:54.777+0800: 11147.347: [GC pause (G1 Evacuation Pause) (young) 4906M->1241M(6144M), 0.0583651 secs]
2021-06-25T11:33:20.571+0800: 11173.141: [GC pause (G1 Evacuation Pause) (young) 4896M->1248M(6144M), 0.0659589 secs]
2021-06-25T11:33:50.776+0800: 11203.345: [GC pause (G1 Evacuation Pause) (young) 4890M->1249M(6144M), 0.0621496 secs]
2021-06-25T11:34:16.698+0800: 11229.268: [GC pause (G1 Evacuation Pause) (young) 4915M->1256M(6144M), 0.0646169 secs]
2021-06-25T11:34:38.883+0800: 11251.453: [GC pause (G1 Evacuation Pause) (young) 4894M->1254M(6144M), 0.0595189 secs]
2021-06-25T11:35:05.424+0800: 11277.994: [GC pause (G1 Evacuation Pause) (young) 4907M->1259M(6144M), 0.0550098 secs]
2021-06-25T11:35:38.871+0800: 11311.441: [GC pause (G1 Evacuation Pause) (young) 4912M->1265M(6144M), 0.0565743 secs]
2021-06-25T11:36:11.594+0800: 11344.164: [GC pause (G1 Evacuation Pause) (young) 4925M->1270M(6144M), 0.0521228 secs]
2021-06-25T11:36:39.924+0800: 11372.493: [GC pause (G1 Evacuation Pause) (young) 4916M->1269M(6144M), 0.0543329 secs]
2021-06-25T11:37:10.739+0800: 11403.309: [GC pause (G1 Evacuation Pause) (young) 4939M->1265M(6144M), 0.0467509 secs]
2021-06-25T11:37:36.481+0800: 11429.051: [GC pause (G1 Evacuation Pause) (young) 4927M->1272M(6144M), 0.0536637 secs]
2021-06-25T11:38:05.292+0800: 11457.861: [GC pause (G1 Evacuation Pause) (young) 4928M->1279M(6144M), 0.0561332 secs]
2021-06-25T11:38:33.107+0800: 11485.677: [GC pause (G1 Evacuation Pause) (young) 4911M->1277M(6144M), 0.0496909 secs]
2021-06-25T11:39:04.572+0800: 11517.142: [GC pause (G1 Evacuation Pause) (young) 4923M->1282M(6144M), 0.0525357 secs]
2021-06-25T11:39:22.122+0800: 11534.692: [GC pause (G1 Evacuation Pause) (young) 4946M->1283M(6144M), 0.0618048 secs]
2021-06-25T11:40:03.033+0800: 11575.603: [GC pause (G1 Evacuation Pause) (young) 4922M->1283M(6144M), 0.0557582 secs]
2021-06-25T11:40:31.485+0800: 11604.054: [GC pause (G1 Evacuation Pause) (young) 4947M->1292M(6144M), 0.0570412 secs]
2021-06-25T11:41:01.639+0800: 11634.209: [GC pause (G1 Evacuation Pause) (young) 4929M->1288M(6144M), 0.0501002 secs]
2021-06-25T11:41:28.310+0800: 11660.880: [GC pause (G1 Evacuation Pause) (young) 4930M->1292M(6144M), 0.0509234 secs]
2021-06-25T11:41:56.709+0800: 11689.279: [GC pause (G1 Evacuation Pause) (young) 4938M->1300M(6144M), 0.0537577 secs]
2021-06-25T11:42:18.022+0800: 11710.592: [GC pause (G1 Evacuation Pause) (young) 4945M->1304M(6144M), 0.0568864 secs]
2021-06-25T11:42:39.402+0800: 11731.972: [GC pause (G1 Evacuation Pause) (young) 4948M->1312M(6144M), 0.0670944 secs]
2021-06-25T11:43:09.351+0800: 11761.921: [GC pause (G1 Evacuation Pause) (young) 4947M->1305M(6144M), 0.0512320 secs]
2021-06-25T11:43:36.512+0800: 11789.082: [GC pause (G1 Evacuation Pause) (young) 4957M->1310M(6144M), 0.0553187 secs]
2021-06-25T11:44:05.741+0800: 11818.311: [GC pause (G1 Evacuation Pause) (young) 4948M->1308M(6144M), 0.0551306 secs]
2021-06-25T11:44:39.263+0800: 11851.833: [GC pause (G1 Evacuation Pause) (young) 4954M->1315M(6144M), 0.0530201 secs]
2021-06-25T11:45:12.897+0800: 11885.467: [GC pause (G1 Evacuation Pause) (young) 4957M->1314M(6144M), 0.0526771 secs]
2021-06-25T11:45:35.578+0800: 11908.148: [GC pause (G1 Evacuation Pause) (young) 4968M->1321M(6144M), 0.0571492 secs]
2021-06-25T11:46:04.235+0800: 11936.805: [GC pause (G1 Evacuation Pause) (young) 4974M->1324M(6144M), 0.0572971 secs]
2021-06-25T11:46:34.130+0800: 11966.700: [GC pause (G1 Evacuation Pause) (young) 4968M->1328M(6144M), 0.0542865 secs]
2021-06-25T11:47:02.690+0800: 11995.260: [GC pause (G1 Evacuation Pause) (young) 4968M->1334M(6144M), 0.0572263 secs]
2021-06-25T11:47:31.102+0800: 12023.672: [GC pause (G1 Evacuation Pause) (young) 4977M->1330M(6144M), 0.0580337 secs]
2021-06-25T11:47:54.449+0800: 12047.019: [GC pause (G1 Evacuation Pause) (young) 4970M->1332M(6144M), 0.0517438 secs]
2021-06-25T11:48:21.325+0800: 12073.894: [GC pause (G1 Evacuation Pause) (young) 4981M->1330M(6144M), 0.0549315 secs]
2021-06-25T11:48:47.392+0800: 12099.961: [GC pause (G1 Evacuation Pause) (young) 4994M->1343M(6144M), 0.0577766 secs]
2021-06-25T11:49:16.210+0800: 12128.780: [GC pause (G1 Evacuation Pause) (young) 4987M->1337M(6144M), 0.0521073 secs]
2021-06-25T11:49:39.894+0800: 12152.464: [GC pause (G1 Evacuation Pause) (young) 4996M->1337M(6144M), 0.0527903 secs]
2021-06-25T11:50:11.121+0800: 12183.691: [GC pause (G1 Evacuation Pause) (young) 4993M->1346M(6144M), 0.0531860 secs]
2021-06-25T11:50:31.197+0800: 12203.767: [GC pause (G1 Evacuation Pause) (young) 5000M->1412M(6144M), 0.1039300 secs]
2021-06-25T11:50:57.038+0800: 12229.608: [GC pause (G1 Evacuation Pause) (young) 5000M->1355M(6144M), 0.0543150 secs]
2021-06-25T11:51:18.834+0800: 12251.403: [GC pause (G1 Evacuation Pause) (young) 5008M->1352M(6144M), 0.0554486 secs]
2021-06-25T11:51:47.457+0800: 12280.027: [GC pause (G1 Evacuation Pause) (young) 5001M->1362M(6144M), 0.0837125 secs]
2021-06-25T11:52:16.992+0800: 12309.562: [GC pause (G1 Evacuation Pause) (young) 5002M->1359M(6144M), 0.0547595 secs]
2021-06-25T11:52:46.513+0800: 12339.083: [GC pause (G1 Evacuation Pause) (young) 5002M->1364M(6144M), 0.0538266 secs]
2021-06-25T11:53:10.567+0800: 12363.137: [GC pause (G1 Evacuation Pause) (young) 5022M->1360M(6144M), 0.0582802 secs]
2021-06-25T11:53:42.169+0800: 12394.739: [GC pause (G1 Evacuation Pause) (young) 5006M->1363M(6144M), 0.0518175 secs]
2021-06-25T11:54:14.714+0800: 12427.284: [GC pause (G1 Evacuation Pause) (young) 5017M->1369M(6144M), 0.0559760 secs]
2021-06-25T11:54:43.789+0800: 12456.359: [GC pause (G1 Evacuation Pause) (young) 5014M->1367M(6144M), 0.0538140 secs]
2021-06-25T11:55:14.278+0800: 12486.848: [GC pause (G1 Evacuation Pause) (young) 5009M->1369M(6144M), 0.0511230 secs]
2021-06-25T11:55:46.540+0800: 12519.110: [GC pause (G1 Evacuation Pause) (young) 5020M->1373M(6144M), 0.0527435 secs]
2021-06-25T11:56:23.755+0800: 12556.325: [GC pause (G1 Evacuation Pause) (young) 5039M->1383M(6144M), 0.0601483 secs]
2021-06-25T11:56:57.628+0800: 12590.198: [GC pause (G1 Evacuation Pause) (young) 5022M->1380M(6144M), 0.0533717 secs]
2021-06-25T11:57:34.767+0800: 12627.337: [GC pause (G1 Evacuation Pause) (young) 5027M->1388M(6144M), 0.0562727 secs]
2021-06-25T11:58:10.288+0800: 12662.858: [GC pause (G1 Evacuation Pause) (young) 5029M->1388M(6144M), 0.0563140 secs]
2021-06-25T11:58:39.154+0800: 12691.724: [GC pause (G1 Evacuation Pause) (young) 5037M->1395M(6144M), 0.0599921 secs]
2021-06-25T11:59:03.933+0800: 12716.503: [GC pause (G1 Evacuation Pause) (young) 5037M->1403M(6144M), 0.0626926 secs]
2021-06-25T11:59:38.606+0800: 12751.176: [GC pause (G1 Evacuation Pause) (young) 5031M->1389M(6144M), 0.0527287 secs]
2021-06-25T12:00:14.814+0800: 12787.384: [GC pause (G1 Evacuation Pause) (young) 5035M->1393M(6144M), 0.0491216 secs]
2021-06-25T12:00:43.151+0800: 12815.721: [GC pause (G1 Evacuation Pause) (young) 5062M->1396M(6144M), 0.0537046 secs]
2021-06-25T12:01:08.556+0800: 12841.126: [GC pause (G1 Evacuation Pause) (young) 5204M->1398M(6144M), 0.0579391 secs]
2021-06-25T12:01:25.376+0800: 12857.946: [GC pause (G1 Evacuation Pause) (young) 5057M->1631M(6144M), 0.1709571 secs]
2021-06-25T12:01:45.601+0800: 12878.171: [GC pause (G1 Evacuation Pause) (young) 5046M->1409M(6144M), 0.0518544 secs]
2021-06-25T12:02:14.932+0800: 12907.501: [GC pause (G1 Evacuation Pause) (young) 5099M->1420M(6144M), 0.0611398 secs]
2021-06-25T12:02:57.071+0800: 12949.641: [GC pause (G1 Evacuation Pause) (young) 5081M->1416M(6144M), 0.0297234 secs]
2021-06-25T12:03:31.745+0800: 12984.315: [GC pause (G1 Evacuation Pause) (young) 5078M->1432M(6144M), 0.0380848 secs]
2021-06-25T12:04:08.651+0800: 13021.221: [GC pause (G1 Evacuation Pause) (young) 5080M->1427M(6144M), 0.0367491 secs]
2021-06-25T12:04:43.826+0800: 13056.396: [GC pause (G1 Evacuation Pause) (young) 5080M->1483M(6144M), 0.0712369 secs]
2021-06-25T12:05:20.183+0800: 13092.753: [GC pause (G1 Evacuation Pause) (young) 5109M->1486M(6144M), 0.0737235 secs]
2021-06-25T12:06:08.520+0800: 13141.090: [GC pause (G1 Evacuation Pause) (young) 5097M->1491M(6144M), 0.0764839 secs]
2021-06-25T12:06:44.196+0800: 13176.766: [GC pause (G1 Evacuation Pause) (young) 5097M->1486M(6144M), 0.0730575 secs]
2021-06-25T12:07:21.178+0800: 13213.747: [GC pause (G1 Evacuation Pause) (young) 5087M->1492M(6144M), 0.0745685 secs]
2021-06-25T12:08:06.890+0800: 13259.460: [GC pause (G1 Evacuation Pause) (young) 5089M->1496M(6144M), 0.0772805 secs]
2021-06-25T12:08:41.936+0800: 13294.506: [GC pause (G1 Evacuation Pause) (young) 5078M->1497M(6144M), 0.0772315 secs]
2021-06-25T12:09:30.625+0800: 13343.195: [GC pause (G1 Evacuation Pause) (young) 5080M->1501M(6144M), 0.0807108 secs]
2021-06-25T12:10:08.835+0800: 13381.405: [GC pause (G1 Evacuation Pause) (young) 5082M->1505M(6144M), 0.0840742 secs]
2021-06-25T12:10:47.943+0800: 13420.513: [GC pause (G1 Evacuation Pause) (young) 5087M->1506M(6144M), 0.0845904 secs]
2021-06-25T12:11:21.075+0800: 13453.645: [GC pause (G1 Evacuation Pause) (young) 5082M->1508M(6144M), 0.0877340 secs]
2021-06-25T12:12:07.928+0800: 13500.498: [GC pause (G1 Evacuation Pause) (young) 5122M->1519M(6144M), 0.0960643 secs]
2021-06-25T12:12:43.467+0800: 13536.036: [GC pause (G1 Evacuation Pause) (young) 5090M->1514M(6144M), 0.0863281 secs]
2021-06-25T12:13:18.174+0800: 13570.744: [GC pause (G1 Evacuation Pause) (young) 5105M->1514M(6144M), 0.0865157 secs]
2021-06-25T12:14:10.507+0800: 13623.077: [GC pause (G1 Evacuation Pause) (young) 5140M->1519M(6144M), 0.0882198 secs]
2021-06-25T12:14:46.744+0800: 13659.313: [GC pause (G1 Evacuation Pause) (young) 5109M->1526M(6144M), 0.0827049 secs]
2021-06-25T12:15:27.584+0800: 13700.154: [GC pause (G1 Evacuation Pause) (young) 5170M->1527M(6144M), 0.0707382 secs]
2021-06-25T12:16:09.596+0800: 13742.166: [GC pause (G1 Evacuation Pause) (young) 5180M->1535M(6144M), 0.0535807 secs]
2021-06-25T12:16:42.794+0800: 13775.364: [GC pause (G1 Evacuation Pause) (young) 5177M->1539M(6144M), 0.0526228 secs]
2021-06-25T12:17:24.661+0800: 13817.231: [GC pause (G1 Evacuation Pause) (young) 5191M->1543M(6144M), 0.0533258 secs]
2021-06-25T12:18:03.436+0800: 13856.006: [GC pause (G1 Evacuation Pause) (young) 5190M->1544M(6144M), 0.0494323 secs]
2021-06-25T12:18:46.316+0800: 13898.886: [GC pause (G1 Evacuation Pause) (young) 5196M->1546M(6144M), 0.0493000 secs]
2021-06-25T12:19:29.064+0800: 13941.634: [GC pause (G1 Evacuation Pause) (young) 5206M->1549M(6144M), 0.0491042 secs]
2021-06-25T12:20:13.039+0800: 13985.609: [GC pause (G1 Evacuation Pause) (young) 5201M->1553M(6144M), 0.0479943 secs]
2021-06-25T12:20:52.244+0800: 14024.814: [GC pause (G1 Evacuation Pause) (young) 5230M->1554M(6144M), 0.0489884 secs]
2021-06-25T12:21:27.447+0800: 14060.017: [GC pause (G1 Evacuation Pause) (young) 5212M->1561M(6144M), 0.0515339 secs]
2021-06-25T12:22:13.164+0800: 14105.734: [GC pause (G1 Evacuation Pause) (young) 5203M->1558M(6144M), 0.0478487 secs]
2021-06-25T12:23:07.776+0800: 14160.346: [GC pause (G1 Evacuation Pause) (young) 5206M->1562M(6144M), 0.0503761 secs]
2021-06-25T12:23:59.315+0800: 14211.885: [GC pause (G1 Evacuation Pause) (young) 5213M->1566M(6144M), 0.0452218 secs]
2021-06-25T12:24:43.170+0800: 14255.740: [GC pause (G1 Evacuation Pause) (young) 5222M->1565M(6144M), 0.0470348 secs]
2021-06-25T12:25:23.498+0800: 14296.068: [GC pause (G1 Evacuation Pause) (young) 5212M->1571M(6144M), 0.0469607 secs]
2021-06-25T12:26:12.947+0800: 14345.517: [GC pause (G1 Evacuation Pause) (young) 5234M->1571M(6144M), 0.0502163 secs]
2021-06-25T12:26:48.004+0800: 14380.574: [GC pause (G1 Evacuation Pause) (young) 5218M->1578M(6144M), 0.0490768 secs]
2021-06-25T12:27:25.929+0800: 14418.499: [GC pause (G1 Evacuation Pause) (young) 5232M->1583M(6144M), 0.0523922 secs]
2021-06-25T12:28:03.963+0800: 14456.533: [GC pause (G1 Evacuation Pause) (young) 5225M->1585M(6144M), 0.0611158 secs]
2021-06-25T12:28:44.888+0800: 14497.458: [GC pause (G1 Evacuation Pause) (young) 5248M->1586M(6144M), 0.0586649 secs]
2021-06-25T12:29:29.216+0800: 14541.786: [GC pause (G1 Evacuation Pause) (young) 5244M->1590M(6144M), 0.0592402 secs]
2021-06-25T12:30:15.638+0800: 14588.207: [GC pause (G1 Evacuation Pause) (young) 5268M->1591M(6144M), 0.0533889 secs]
2021-06-25T12:31:06.469+0800: 14639.039: [GC pause (G1 Evacuation Pause) (young) 5230M->1590M(6144M), 0.0528431 secs]
2021-06-25T12:32:01.914+0800: 14694.484: [GC pause (G1 Evacuation Pause) (young) 5247M->1599M(6144M), 0.0588844 secs]
2021-06-25T12:32:40.313+0800: 14732.883: [GC pause (G1 Evacuation Pause) (young) 5253M->1957M(6144M), 0.2551043 secs]
2021-06-25T12:33:05.102+0800: 14757.672: [GC pause (G1 Evacuation Pause) (young) 5060M->2036M(6144M), 0.2389541 secs]
2021-06-25T12:33:33.227+0800: 14785.797: [GC pause (G1 Evacuation Pause) (young) 5412M->2038M(6144M), 0.0357364 secs]
2021-06-25T12:34:18.686+0800: 14831.256: [GC pause (G1 Evacuation Pause) (young) 5425M->2039M(6144M), 0.0255018 secs]
2021-06-25T12:34:58.413+0800: 14870.983: [GC pause (G1 Evacuation Pause) (young) 5446M->2042M(6144M), 0.0265978 secs]
2021-06-25T12:35:41.170+0800: 14913.740: [GC pause (G1 Evacuation Pause) (young) 5481M->2054M(6144M), 0.0357262 secs]
2021-06-25T12:36:12.157+0800: 14944.726: [GC pause (G1 Evacuation Pause) (young) 5469M->2053M(6144M), 0.0316146 secs]
2021-06-25T12:36:55.671+0800: 14988.240: [GC pause (G1 Evacuation Pause) (young) 5479M->2081M(6144M), 0.0479376 secs]
2021-06-25T12:37:23.872+0800: 15016.442: [GC pause (G1 Evacuation Pause) (young) 5489M->2051M(6144M), 0.0360331 secs]
2021-06-25T12:38:04.062+0800: 15056.632: [GC pause (G1 Evacuation Pause) (young) 5498M->2059M(6144M), 0.0389393 secs]
2021-06-25T12:38:48.036+0800: 15100.606: [GC pause (G1 Evacuation Pause) (young) 5495M->2053M(6144M), 0.0377162 secs]
2021-06-25T12:39:31.602+0800: 15144.172: [GC pause (G1 Evacuation Pause) (young) 5490M->2060M(6144M), 0.0390035 secs]
2021-06-25T12:40:13.052+0800: 15185.622: [GC pause (G1 Evacuation Pause) (young) 5499M->2164M(6144M), 0.0940814 secs]
2021-06-25T12:40:54.946+0800: 15227.516: [GC pause (G1 Evacuation Pause) (young) 5400M->2163M(6144M), 0.0911696 secs]
2021-06-25T12:41:39.906+0800: 15272.476: [GC pause (G1 Evacuation Pause) (young) 5384M->2171M(6144M), 0.0937092 secs]
2021-06-25T12:42:30.595+0800: 15323.165: [GC pause (G1 Evacuation Pause) (young) 5406M->2179M(6144M), 0.1037670 secs]
2021-06-25T12:43:00.713+0800: 15353.283: [GC pause (G1 Evacuation Pause) (young) 5402M->2167M(6144M), 0.0976728 secs]
2021-06-25T12:43:37.227+0800: 15389.796: [GC pause (G1 Evacuation Pause) (young) 5397M->2175M(6144M), 0.0994102 secs]
2021-06-25T12:44:12.291+0800: 15424.861: [GC pause (G1 Evacuation Pause) (young) 5404M->2170M(6144M), 0.0978102 secs]
2021-06-25T12:44:45.363+0800: 15457.933: [GC pause (G1 Evacuation Pause) (young) 5389M->2174M(6144M), 0.0945258 secs]
2021-06-25T12:45:19.693+0800: 15492.263: [GC pause (G1 Evacuation Pause) (young) 5389M->2180M(6144M), 0.0952268 secs]
2021-06-25T12:45:55.465+0800: 15528.035: [GC pause (G1 Evacuation Pause) (young) 5391M->2176M(6144M), 0.0919756 secs]
2021-06-25T12:46:38.424+0800: 15570.994: [GC pause (G1 Evacuation Pause) (young) 5389M->2185M(6144M), 0.0939765 secs]
2021-06-25T12:47:14.554+0800: 15607.124: [GC pause (G1 Evacuation Pause) (young) 5396M->2181M(6144M), 0.0944868 secs]
2021-06-25T12:47:55.783+0800: 15648.353: [GC pause (G1 Evacuation Pause) (young) 5402M->2185M(6144M), 0.0944599 secs]
2021-06-25T12:48:36.797+0800: 15689.367: [GC pause (G1 Evacuation Pause) (young) 5403M->2189M(6144M), 0.0966277 secs]
2021-06-25T12:49:19.510+0800: 15732.080: [GC pause (G1 Evacuation Pause) (young) 5391M->2185M(6144M), 0.0899436 secs]
2021-06-25T12:50:15.772+0800: 15788.341: [GC pause (G1 Evacuation Pause) (young) 5398M->2203M(6144M), 0.0910350 secs]
2021-06-25T12:50:49.470+0800: 15822.040: [GC pause (G1 Evacuation Pause) (young) 5489M->2205M(6144M), 0.0742795 secs]
2021-06-25T12:51:28.873+0800: 15861.443: [GC pause (G1 Evacuation Pause) (young) 5678M->2208M(6144M), 0.0509175 secs]
2021-06-25T12:52:16.491+0800: 15909.061: [GC pause (G1 Evacuation Pause) (young) 5499M->2212M(6144M), 0.0403273 secs]
2021-06-25T12:52:59.795+0800: 15952.365: [GC pause (G1 Evacuation Pause) (young) 5494M->2317M(6144M), 0.0977906 secs]
2021-06-25T12:53:35.065+0800: 15987.635: [GC pause (G1 Evacuation Pause) (young) 5396M->2320M(6144M), 0.0933736 secs]
2021-06-25T12:54:15.133+0800: 16027.703: [GC pause (G1 Evacuation Pause) (young) 5401M->2354M(6144M), 0.1166733 secs]
2021-06-25T12:54:54.912+0800: 16067.482: [GC pause (G1 Evacuation Pause) (young) 5356M->2323M(6144M), 0.0914916 secs]
2021-06-25T12:55:35.069+0800: 16107.639: [GC pause (G1 Evacuation Pause) (young) 5394M->2321M(6144M), 0.0908676 secs]
2021-06-25T12:56:11.629+0800: 16144.199: [GC pause (G1 Evacuation Pause) (young) 5398M->2329M(6144M), 0.0933604 secs]
2021-06-25T12:56:35.201+0800: 16167.771: [GC pause (G1 Evacuation Pause) (young) 5442M->2373M(6144M), 0.1023414 secs]
2021-06-25T12:57:12.877+0800: 16205.447: [GC pause (G1 Evacuation Pause) (young) 5512M->2330M(6144M), 0.1003145 secs]
2021-06-25T12:57:42.162+0800: 16234.732: [GC pause (G1 Evacuation Pause) (young) 5401M->2330M(6144M), 0.0934862 secs]
2021-06-25T12:58:15.512+0800: 16268.082: [GC pause (G1 Evacuation Pause) (young) 5405M->2334M(6144M), 0.0950521 secs]
2021-06-25T12:58:35.112+0800: 16287.682: [GC pause (G1 Evacuation Pause) (young) 5405M->2339M(6144M), 0.0988538 secs]
2021-06-25T12:59:06.045+0800: 16318.615: [GC pause (G1 Evacuation Pause) (young) 5385M->2346M(6144M), 0.0980671 secs]
2021-06-25T12:59:41.612+0800: 16354.182: [GC pause (G1 Evacuation Pause) (young) 5374M->2342M(6144M), 0.0971614 secs]
2021-06-25T13:00:24.312+0800: 16396.882: [GC pause (G1 Evacuation Pause) (young) 5394M->2353M(6144M), 0.1054653 secs]
2021-06-25T13:01:04.526+0800: 16437.096: [GC pause (G1 Evacuation Pause) (young) 5380M->2342M(6144M), 0.0951473 secs]
2021-06-25T13:01:43.028+0800: 16475.598: [GC pause (G1 Evacuation Pause) (young) 5401M->2361M(6144M), 0.0993837 secs]
2021-06-25T13:02:08.261+0800: 16500.831: [GC pause (G1 Evacuation Pause) (young) 5497M->2368M(6144M), 0.0675355 secs]
2021-06-25T13:02:46.256+0800: 16538.825: [GC pause (G1 Evacuation Pause) (young) 5510M->2365M(6144M), 0.0454323 secs]
2021-06-25T13:03:31.005+0800: 16583.574: [GC pause (G1 Evacuation Pause) (young) 5510M->2436M(6144M), 0.0819494 secs]
2021-06-25T13:04:20.327+0800: 16632.897: [GC pause (G1 Evacuation Pause) (young) 5425M->2429M(6144M), 0.0707453 secs]
2021-06-25T13:04:59.041+0800: 16671.611: [GC pause (G1 Evacuation Pause) (young) 5453M->2429M(6144M), 0.0719481 secs]
2021-06-25T13:05:37.722+0800: 16710.292: [GC pause (G1 Evacuation Pause) (young) 5437M->2432M(6144M), 0.0713115 secs]
2021-06-25T13:06:20.310+0800: 16752.880: [GC pause (G1 Evacuation Pause) (young) 5440M->2436M(6144M), 0.0709464 secs]
2021-06-25T13:06:47.989+0800: 16780.559: [GC pause (G1 Evacuation Pause) (young) 5454M->2439M(6144M), 0.0747734 secs]
2021-06-25T13:07:25.857+0800: 16818.427: [GC pause (G1 Evacuation Pause) (young) 5465M->2440M(6144M), 0.0767465 secs]
2021-06-25T13:08:04.595+0800: 16857.165: [GC pause (G1 Evacuation Pause) (young) 5434M->2443M(6144M), 0.0713294 secs]
2021-06-25T13:08:36.629+0800: 16889.199: [GC pause (G1 Evacuation Pause) (young) 5431M->2441M(6144M), 0.0712268 secs]
2021-06-25T13:09:04.085+0800: 16916.655: [GC pause (G1 Evacuation Pause) (young) 5444M->2443M(6144M), 0.0715856 secs]
2021-06-25T13:09:42.067+0800: 16954.637: [GC pause (G1 Evacuation Pause) (young) 5437M->2444M(6144M), 0.0714515 secs]
2021-06-25T13:10:23.119+0800: 16995.689: [GC pause (G1 Evacuation Pause) (young) 5437M->2451M(6144M), 0.0751165 secs]
2021-06-25T13:10:51.453+0800: 17024.023: [GC pause (G1 Evacuation Pause) (young) 5429M->2452M(6144M), 0.0844165 secs]
2021-06-25T13:11:13.498+0800: 17046.068: [GC pause (G1 Evacuation Pause) (young) 5443M->2453M(6144M), 0.0729430 secs]
2021-06-25T13:11:41.653+0800: 17074.223: [GC pause (G1 Evacuation Pause) (young) 5433M->2455M(6144M), 0.0712766 secs]
2021-06-25T13:12:22.183+0800: 17114.753: [GC pause (G1 Evacuation Pause) (young) 5432M->2472M(6144M), 0.0746428 secs]
2021-06-25T13:12:58.226+0800: 17150.796: [GC pause (G1 Evacuation Pause) (young) 5498M->2473M(6144M), 0.0661491 secs]
2021-06-25T13:13:27.742+0800: 17180.312: [GC pause (G1 Evacuation Pause) (young) 5494M->2477M(6144M), 0.0475341 secs]
2021-06-25T13:13:53.128+0800: 17205.698: [GC pause (G1 Evacuation Pause) (young) 5483M->2539M(6144M), 0.1001950 secs]
2021-06-25T13:14:26.672+0800: 17239.242: [GC pause (G1 Evacuation Pause) (young) 5435M->2484M(6144M), 0.0450117 secs]
2021-06-25T13:15:07.895+0800: 17280.465: [GC pause (G1 Evacuation Pause) (young) 5483M->2485M(6144M), 0.0443112 secs]
2021-06-25T13:15:39.561+0800: 17312.131: [GC pause (G1 Evacuation Pause) (young) 5504M->2489M(6144M), 0.0507450 secs]
2021-06-25T13:16:14.932+0800: 17347.502: [GC pause (G1 Evacuation Pause) (young) 5499M->2488M(6144M), 0.0473732 secs]
2021-06-25T13:16:53.201+0800: 17385.771: [GC pause (G1 Evacuation Pause) (young) 5483M->2487M(6144M), 0.0433418 secs]
2021-06-25T13:17:20.543+0800: 17413.113: [GC pause (G1 Evacuation Pause) (young) 5670M->2489M(6144M), 0.0545612 secs]
2021-06-25T13:17:47.915+0800: 17440.485: [GC pause (G1 Evacuation Pause) (young) 5659M->2494M(6144M), 0.0547387 secs]
2021-06-25T13:18:21.295+0800: 17473.865: [GC pause (G1 Evacuation Pause) (young) 5758M->2589M(6144M), 0.0533721 secs]
2021-06-25T13:18:36.389+0800: 17488.959: [GC pause (G1 Humongous Allocation) (young) (initial-mark) 5412M->2587M(6144M), 0.0675028 secs]
2021-06-25T13:18:36.456+0800: 17489.026: [GC concurrent-root-region-scan-start]
2021-06-25T13:18:36.510+0800: 17489.080: [GC concurrent-root-region-scan-end, 0.0531702 secs]
2021-06-25T13:18:36.510+0800: 17489.080: [GC concurrent-mark-start]
2021-06-25T13:18:37.623+0800: 17490.192: [GC concurrent-mark-end, 1.1129657 secs]
2021-06-25T13:18:37.625+0800: 17490.194: [GC remark, 0.0938446 secs]
2021-06-25T13:18:37.720+0800: 17490.290: [GC cleanup 2761M->1843M(6144M), 0.0200088 secs]
2021-06-25T13:18:37.740+0800: 17490.310: [GC concurrent-cleanup-start]
2021-06-25T13:18:37.741+0800: 17490.311: [GC concurrent-cleanup-end, 0.0010729 secs]
2021-06-25T13:19:02.032+0800: 17514.602: [GC pause (G1 Evacuation Pause) (young) 4649M->1649M(6144M), 0.1136783 secs]
2021-06-25T13:19:04.645+0800: 17517.215: [GC pause (G1 Evacuation Pause) (mixed) 1845M->1047M(6144M), 0.1300171 secs]
2021-06-25T13:19:07.482+0800: 17520.052: [GC pause (G1 Evacuation Pause) (mixed) 1347M->893M(6144M), 0.1109566 secs]
2021-06-25T13:19:35.742+0800: 17548.312: [GC pause (G1 Evacuation Pause) (young) 4621M->1053M(6144M), 0.1079119 secs]
2021-06-25T13:20:07.717+0800: 17580.287: [GC pause (G1 Evacuation Pause) (young) 4067M->1063M(6144M), 0.1014804 secs]
2021-06-25T13:20:38.201+0800: 17610.771: [GC pause (G1 Evacuation Pause) (young) 4097M->1066M(6144M), 0.1028095 secs]
2021-06-25T13:21:05.038+0800: 17637.607: [GC pause (G1 Evacuation Pause) (young) 4222M->1087M(6144M), 0.1126233 secs]
2021-06-25T13:21:37.338+0800: 17669.908: [GC pause (G1 Evacuation Pause) (young) 4593M->1071M(6144M), 0.1104346 secs]
2021-06-25T13:22:12.905+0800: 17705.475: [GC pause (G1 Evacuation Pause) (young) 4595M->1069M(6144M), 0.1245872 secs]
2021-06-25T13:22:44.920+0800: 17737.489: [GC pause (G1 Evacuation Pause) (young) 4600M->1074M(6144M), 0.1113482 secs]
2021-06-25T13:23:15.838+0800: 17768.408: [GC pause (G1 Evacuation Pause) (young) 4612M->1079M(6144M), 0.1189982 secs]
2021-06-25T13:23:57.918+0800: 17810.488: [GC pause (G1 Evacuation Pause) (young) 4628M->1074M(6144M), 0.1183376 secs]
2021-06-25T13:24:29.168+0800: 17841.738: [GC pause (G1 Evacuation Pause) (young) 4583M->1079M(6144M), 0.1130184 secs]
2021-06-25T13:24:58.402+0800: 17870.972: [GC pause (G1 Evacuation Pause) (young) 4823M->1089M(6144M), 0.1282210 secs]
2021-06-25T13:25:26.569+0800: 17899.139: [GC pause (G1 Evacuation Pause) (young) 4576M->1084M(6144M), 0.1163168 secs]
2021-06-25T13:25:56.151+0800: 17928.720: [GC pause (G1 Evacuation Pause) (young) 4605M->1109M(6144M), 0.1306130 secs]
2021-06-25T13:26:27.284+0800: 17959.854: [GC pause (G1 Evacuation Pause) (young) 4676M->1087M(6144M), 0.1263505 secs]
2021-06-25T13:26:45.273+0800: 17977.843: [GC pause (G1 Evacuation Pause) (young) 3273M->1091M(6144M), 0.1311407 secs]
2021-06-25T13:27:06.988+0800: 17999.558: [GC pause (G1 Evacuation Pause) (young) 4747M->1088M(6144M), 0.0742547 secs]
2021-06-25T13:27:29.878+0800: 18022.448: [GC pause (G1 Evacuation Pause) (young) 4757M->1095M(6144M), 0.0478699 secs]
2021-06-25T13:28:13.779+0800: 18066.349: [GC pause (G1 Evacuation Pause) (young) 4737M->1104M(6144M), 0.0508460 secs]
2021-06-25T13:28:43.385+0800: 18095.955: [GC pause (G1 Evacuation Pause) (young) 4774M->1106M(6144M), 0.0565134 secs]
2021-06-25T13:29:09.442+0800: 18122.012: [GC pause (G1 Evacuation Pause) (young) 4750M->1216M(6144M), 0.1213842 secs]
2021-06-25T13:29:39.036+0800: 18151.606: [GC pause (G1 Evacuation Pause) (young) 4746M->1113M(6144M), 0.0536009 secs]
2021-06-25T13:30:14.974+0800: 18187.544: [GC pause (G1 Evacuation Pause) (young) 4768M->1116M(6144M), 0.0640563 secs]
2021-06-25T13:30:42.567+0800: 18215.137: [GC pause (G1 Evacuation Pause) (young) 4779M->1121M(6144M), 0.0698219 secs]
2021-06-25T13:31:19.551+0800: 18252.121: [GC pause (G1 Evacuation Pause) (young) 4751M->1118M(6144M), 0.0593098 secs]
2021-06-25T13:31:46.365+0800: 18278.934: [GC pause (G1 Evacuation Pause) (young) 4936M->1134M(6144M), 0.0806337 secs]
2021-06-25T13:32:24.181+0800: 18316.751: [GC pause (G1 Evacuation Pause) (young) 4760M->1189M(6144M), 0.1230874 secs]
2021-06-25T13:33:00.757+0800: 18353.327: [GC pause (G1 Evacuation Pause) (young) 4768M->1175M(6144M), 0.0862076 secs]
2021-06-25T13:33:26.002+0800: 18378.572: [GC pause (G1 Evacuation Pause) (young) 4782M->1182M(6144M), 0.0881982 secs]
2021-06-25T13:33:55.941+0800: 18408.511: [GC pause (G1 Evacuation Pause) (young) 4771M->1181M(6144M), 0.0833868 secs]
2021-06-25T13:34:29.304+0800: 18441.874: [GC pause (G1 Evacuation Pause) (young) 4774M->1182M(6144M), 0.0825146 secs]
2021-06-25T13:34:59.453+0800: 18472.023: [GC pause (G1 Evacuation Pause) (young) 4778M->1189M(6144M), 0.0872657 secs]
2021-06-25T13:35:39.820+0800: 18512.390: [GC pause (G1 Evacuation Pause) (young) 4782M->1190M(6144M), 0.0861552 secs]
2021-06-25T13:36:20.319+0800: 18552.889: [GC pause (G1 Evacuation Pause) (young) 4780M->1221M(6144M), 0.1031430 secs]
2021-06-25T13:36:46.957+0800: 18579.527: [GC pause (G1 Evacuation Pause) (young) 4799M->1196M(6144M), 0.0761516 secs]
2021-06-25T13:37:07.686+0800: 18600.256: [GC pause (G1 Evacuation Pause) (young) 4794M->1241M(6144M), 0.0985520 secs]
2021-06-25T13:37:30.016+0800: 18622.586: [GC pause (G1 Evacuation Pause) (young) 4802M->1201M(6144M), 0.0793615 secs]
2021-06-25T13:38:06.607+0800: 18659.177: [GC pause (G1 Evacuation Pause) (young) 4809M->1201M(6144M), 0.0715242 secs]
2021-06-25T13:38:40.608+0800: 18693.178: [GC pause (G1 Evacuation Pause) (young) 4809M->1206M(6144M), 0.0730882 secs]
2021-06-25T13:39:20.913+0800: 18733.483: [GC pause (G1 Evacuation Pause) (young) 4810M->1205M(6144M), 0.0730311 secs]
2021-06-25T13:39:46.501+0800: 18759.071: [GC pause (G1 Evacuation Pause) (young) 4832M->1211M(6144M), 0.0754913 secs]
2021-06-25T13:40:21.348+0800: 18793.918: [GC pause (G1 Evacuation Pause) (young) 4830M->1218M(6144M), 0.0724629 secs]
2021-06-25T13:40:58.067+0800: 18830.637: [GC pause (G1 Evacuation Pause) (young) 4821M->1229M(6144M), 0.0774351 secs]
2021-06-25T13:41:32.678+0800: 18865.247: [GC pause (G1 Evacuation Pause) (young) 4878M->1237M(6144M), 0.0694792 secs]
2021-06-25T13:42:02.730+0800: 18895.299: [GC pause (G1 Evacuation Pause) (young) 4888M->1301M(6144M), 0.1018202 secs]
2021-06-25T13:42:27.696+0800: 18920.266: [GC pause (G1 Evacuation Pause) (young) 4903M->1249M(6144M), 0.0590998 secs]
2021-06-25T13:42:49.308+0800: 18941.878: [GC pause (G1 Evacuation Pause) (young) 4906M->1241M(6144M), 0.0590222 secs]
2021-06-25T13:43:24.495+0800: 18977.064: [GC pause (G1 Evacuation Pause) (young) 4879M->1253M(6144M), 0.0568544 secs]
2021-06-25T13:44:01.814+0800: 19014.384: [GC pause (G1 Evacuation Pause) (young) 4883M->1247M(6144M), 0.0530964 secs]
2021-06-25T13:44:25.747+0800: 19038.317: [GC pause (G1 Evacuation Pause) (young) 4981M->1338M(6144M), 0.0607548 secs]
2021-06-25T13:45:00.390+0800: 19072.960: [GC pause (G1 Evacuation Pause) (young) 5059M->1250M(6144M), 0.0652502 secs]
2021-06-25T13:45:23.367+0800: 19095.937: [GC pause (G1 Evacuation Pause) (young) 4923M->1256M(6144M), 0.0624878 secs]
2021-06-25T13:45:55.752+0800: 19128.322: [GC pause (G1 Evacuation Pause) (young) 4895M->1256M(6144M), 0.0516027 secs]
2021-06-25T13:46:24.801+0800: 19157.371: [GC pause (G1 Evacuation Pause) (young) 4917M->1258M(6144M), 0.0558002 secs]
2021-06-25T13:46:59.060+0800: 19191.630: [GC pause (G1 Evacuation Pause) (young) 4903M->1263M(6144M), 0.0526161 secs]
2021-06-25T13:47:32.782+0800: 19225.352: [GC pause (G1 Evacuation Pause) (young) 4904M->1263M(6144M), 0.0522137 secs]
2021-06-25T13:48:05.940+0800: 19258.509: [GC pause (G1 Evacuation Pause) (young) 4925M->1270M(6144M), 0.0536299 secs]
2021-06-25T13:48:33.178+0800: 19285.748: [GC pause (G1 Evacuation Pause) (young) 4918M->1269M(6144M), 0.0503862 secs]
2021-06-25T13:49:01.069+0800: 19313.639: [GC pause (G1 Evacuation Pause) (young) 4915M->1270M(6144M), 0.0533189 secs]
2021-06-25T13:49:30.971+0800: 19343.541: [GC pause (G1 Evacuation Pause) (young) 4909M->1275M(6144M), 0.0539676 secs]
2021-06-25T13:49:59.000+0800: 19371.569: [GC pause (G1 Evacuation Pause) (young) 4918M->1327M(6144M), 0.0843006 secs]
2021-06-25T13:50:21.838+0800: 19394.408: [GC pause (G1 Evacuation Pause) (young) 4933M->1334M(6144M), 0.0829464 secs]
2021-06-25T13:50:53.427+0800: 19425.997: [GC pause (G1 Evacuation Pause) (young) 4921M->1339M(6144M), 0.0783864 secs]
2021-06-25T13:51:24.327+0800: 19456.897: [GC pause (G1 Evacuation Pause) (young) 4925M->1333M(6144M), 0.0784673 secs]
2021-06-25T13:51:47.932+0800: 19480.501: [GC pause (G1 Evacuation Pause) (young) 4930M->1334M(6144M), 0.0753787 secs]
2021-06-25T13:52:16.614+0800: 19509.184: [GC pause (G1 Evacuation Pause) (young) 4933M->1342M(6144M), 0.0819127 secs]
2021-06-25T13:52:47.230+0800: 19539.800: [GC pause (G1 Evacuation Pause) (young) 4935M->1342M(6144M), 0.0815915 secs]
2021-06-25T13:53:13.208+0800: 19565.778: [GC pause (G1 Evacuation Pause) (young) 4935M->1346M(6144M), 0.0804362 secs]
2021-06-25T13:53:38.858+0800: 19591.428: [GC pause (G1 Evacuation Pause) (young) 4951M->1345M(6144M), 0.0812942 secs]
2021-06-25T13:54:03.652+0800: 19616.222: [GC pause (G1 Evacuation Pause) (young) 4958M->1353M(6144M), 0.0835163 secs]
2021-06-25T13:54:33.452+0800: 19646.022: [GC pause (G1 Evacuation Pause) (young) 4943M->1347M(6144M), 0.0796983 secs]
2021-06-25T13:55:05.375+0800: 19677.945: [GC pause (G1 Evacuation Pause) (young) 4965M->1351M(6144M), 0.0808606 secs]
2021-06-25T13:55:34.995+0800: 19707.565: [GC pause (G1 Evacuation Pause) (young) 4946M->1355M(6144M), 0.0815978 secs]
2021-06-25T13:56:06.218+0800: 19738.788: [GC pause (G1 Evacuation Pause) (young) 4945M->1355M(6144M), 0.0804105 secs]
2021-06-25T13:56:27.645+0800: 19760.214: [GC pause (G1 Evacuation Pause) (young) 4966M->1357M(6144M), 0.0790014 secs]
2021-06-25T13:57:00.304+0800: 19792.874: [GC pause (G1 Evacuation Pause) (young) 4949M->1366M(6144M), 0.0962446 secs]
2021-06-25T13:57:27.487+0800: 19820.057: [GC pause (G1 Evacuation Pause) (young) 5020M->1361M(6144M), 0.0692811 secs]
2021-06-25T13:57:50.623+0800: 19843.192: [GC pause (G1 Evacuation Pause) (young) 5012M->1367M(6144M), 0.0514037 secs]
2021-06-25T13:58:26.570+0800: 19879.140: [GC pause (G1 Evacuation Pause) (young) 5033M->1371M(6144M), 0.0581281 secs]
2021-06-25T13:58:44.122+0800: 19896.692: [GC pause (G1 Evacuation Pause) (young) 5051M->1372M(6144M), 0.0587509 secs]
2021-06-25T13:59:11.965+0800: 19924.535: [GC pause (G1 Evacuation Pause) (young) 5028M->1377M(6144M), 0.0546331 secs]
2021-06-25T13:59:43.010+0800: 19955.580: [GC pause (G1 Evacuation Pause) (young) 5024M->1377M(6144M), 0.0518236 secs]
2021-06-25T14:00:12.629+0800: 19985.198: [GC pause (G1 Evacuation Pause) (young) 5045M->1387M(6144M), 0.0610528 secs]
2021-06-25T14:00:45.011+0800: 20017.581: [GC pause (G1 Evacuation Pause) (young) 5037M->1384M(6144M), 0.0545137 secs]
2021-06-25T14:01:13.267+0800: 20045.837: [GC pause (G1 Evacuation Pause) (young) 5033M->1390M(6144M), 0.0501411 secs]
2021-06-25T14:01:34.468+0800: 20067.037: [GC pause (G1 Evacuation Pause) (young) 5057M->1386M(6144M), 0.0506963 secs]
2021-06-25T14:02:02.696+0800: 20095.266: [GC pause (G1 Evacuation Pause) (young) 5040M->1386M(6144M), 0.0462760 secs]
2021-06-25T14:02:17.883+0800: 20110.453: [GC pause (G1 Evacuation Pause) (young) 5055M->1581M(6144M), 0.1572283 secs]
2021-06-25T14:02:40.797+0800: 20133.367: [GC pause (G1 Evacuation Pause) (young) 5048M->1575M(6144M), 0.1429865 secs]
2021-06-25T14:02:47.700+0800: 20140.270: [GC pause (G1 Evacuation Pause) (young) 2404M->1603M(6144M), 0.1406279 secs]
2021-06-25T14:03:06.921+0800: 20159.491: [GC pause (G1 Evacuation Pause) (young) 5293M->1614M(6144M), 0.0494394 secs]
2021-06-25T14:03:45.095+0800: 20197.665: [GC pause (G1 Evacuation Pause) (young) 5272M->1617M(6144M), 0.0341263 secs]
2021-06-25T14:04:14.825+0800: 20227.395: [GC pause (G1 Evacuation Pause) (young) 5295M->1681M(6144M), 0.0734156 secs]
2021-06-25T14:04:36.124+0800: 20248.694: [GC pause (G1 Evacuation Pause) (young) 5317M->1729M(6144M), 0.0971812 secs]
2021-06-25T14:04:39.109+0800: 20251.679: [GC pause (G1 Evacuation Pause) (young) 2678M->1691M(6144M), 0.0718501 secs]
2021-06-25T14:05:02.246+0800: 20274.816: [GC pause (G1 Evacuation Pause) (young) 5359M->1685M(6144M), 0.0659199 secs]
2021-06-25T14:05:26.975+0800: 20299.545: [GC pause (G1 Evacuation Pause) (young) 5373M->1691M(6144M), 0.0357690 secs]
2021-06-25T14:05:48.642+0800: 20321.212: [GC pause (G1 Evacuation Pause) (young) 5370M->1688M(6144M), 0.0341145 secs]
2021-06-25T14:06:15.611+0800: 20348.181: [GC pause (G1 Evacuation Pause) (young) 5367M->1698M(6144M), 0.0407273 secs]
2021-06-25T14:06:39.139+0800: 20371.709: [GC pause (G1 Evacuation Pause) (young) 5391M->1702M(6144M), 0.0471630 secs]
2021-06-25T14:07:04.314+0800: 20396.884: [GC pause (G1 Evacuation Pause) (young) 5362M->1699M(6144M), 0.0394840 secs]
2021-06-25T14:07:31.915+0800: 20424.485: [GC pause (G1 Evacuation Pause) (young) 5363M->1701M(6144M), 0.0428564 secs]
2021-06-25T14:08:04.654+0800: 20457.224: [GC pause (G1 Evacuation Pause) (young) 5359M->1705M(6144M), 0.0433147 secs]
2021-06-25T14:08:22.901+0800: 20475.471: [GC pause (G1 Evacuation Pause) (young) 5362M->1777M(6144M), 0.0882843 secs]
2021-06-25T14:08:49.414+0800: 20501.984: [GC pause (G1 Evacuation Pause) (young) 5370M->1708M(6144M), 0.0465522 secs]
2021-06-25T14:09:12.140+0800: 20524.709: [GC pause (G1 Evacuation Pause) (young) 5368M->1715M(6144M), 0.0548959 secs]
2021-06-25T14:09:34.921+0800: 20547.490: [GC pause (G1 Evacuation Pause) (young) 5365M->1714M(6144M), 0.0524017 secs]
2021-06-25T14:09:57.784+0800: 20570.354: [GC pause (G1 Evacuation Pause) (young) 5353M->1726M(6144M), 0.0571940 secs]
2021-06-25T14:10:21.593+0800: 20594.163: [GC pause (G1 Evacuation Pause) (young) 5358M->1724M(6144M), 0.0597960 secs]
2021-06-25T14:10:39.310+0800: 20611.880: [GC pause (G1 Evacuation Pause) (young) 5369M->1719M(6144M), 0.0556308 secs]
2021-06-25T14:11:00.666+0800: 20633.236: [GC pause (G1 Evacuation Pause) (young) 5378M->1726M(6144M), 0.0575590 secs]
2021-06-25T14:11:21.909+0800: 20654.479: [GC pause (G1 Evacuation Pause) (young) 5379M->1726M(6144M), 0.0572629 secs]
2021-06-25T14:11:47.101+0800: 20679.671: [GC pause (G1 Evacuation Pause) (young) 5455M->1823M(6144M), 0.0588146 secs]
2021-06-25T14:12:13.876+0800: 20706.446: [GC pause (G1 Evacuation Pause) (young) 5717M->1735M(6144M), 0.0575575 secs]
2021-06-25T14:12:36.122+0800: 20728.692: [GC pause (G1 Evacuation Pause) (young) 5376M->1734M(6144M), 0.0508687 secs]
2021-06-25T14:12:55.767+0800: 20748.337: [GC pause (G1 Evacuation Pause) (young) 5395M->1736M(6144M), 0.0544730 secs]
2021-06-25T14:13:19.672+0800: 20772.242: [GC pause (G1 Evacuation Pause) (young) 5376M->1744M(6144M), 0.0551978 secs]
2021-06-25T14:13:46.393+0800: 20798.963: [GC pause (G1 Evacuation Pause) (young) 5394M->1740M(6144M), 0.0540417 secs]
2021-06-25T14:14:16.655+0800: 20829.225: [GC pause (G1 Evacuation Pause) (young) 5392M->1747M(6144M), 0.0558029 secs]
2021-06-25T14:14:32.627+0800: 20845.197: [GC pause (G1 Evacuation Pause) (young) 5397M->1763M(6144M), 0.0655944 secs]
2021-06-25T14:14:51.709+0800: 20864.279: [GC pause (G1 Evacuation Pause) (young) 5398M->1756M(6144M), 0.0568221 secs]
2021-06-25T14:15:16.535+0800: 20889.105: [GC pause (G1 Evacuation Pause) (young) 5403M->1758M(6144M), 0.0540917 secs]
2021-06-25T14:15:43.260+0800: 20915.830: [GC pause (G1 Evacuation Pause) (young) 5401M->1761M(6144M), 0.0525104 secs]
2021-06-25T14:16:12.432+0800: 20945.002: [GC pause (G1 Evacuation Pause) (young) 5403M->1766M(6144M), 0.0542835 secs]
2021-06-25T14:16:42.585+0800: 20975.155: [GC pause (G1 Evacuation Pause) (young) 5410M->1764M(6144M), 0.0520225 secs]
2021-06-25T14:17:07.746+0800: 21000.316: [GC pause (G1 Evacuation Pause) (young) 5429M->1764M(6144M), 0.0543179 secs]
2021-06-25T14:17:34.927+0800: 21027.497: [GC pause (G1 Evacuation Pause) (young) 5417M->1768M(6144M), 0.0573324 secs]
2021-06-25T14:18:03.031+0800: 21055.600: [GC pause (G1 Evacuation Pause) (young) 5421M->1778M(6144M), 0.0591584 secs]
2021-06-25T14:18:24.376+0800: 21076.946: [GC pause (G1 Evacuation Pause) (young) 5415M->1874M(6144M), 0.1095345 secs]
2021-06-25T14:18:46.102+0800: 21098.672: [GC pause (G1 Evacuation Pause) (young) 5385M->1821M(6144M), 0.0773034 secs]
2021-06-25T14:19:12.810+0800: 21125.380: [GC pause (G1 Evacuation Pause) (young) 5421M->1775M(6144M), 0.0524109 secs]
2021-06-25T14:19:40.122+0800: 21152.692: [GC pause (G1 Evacuation Pause) (young) 5417M->1779M(6144M), 0.0521482 secs]
2021-06-25T14:20:07.808+0800: 21180.378: [GC pause (G1 Evacuation Pause) (young) 5419M->1782M(6144M), 0.0575716 secs]
2021-06-25T14:20:26.107+0800: 21198.677: [GC pause (G1 Evacuation Pause) (young) 5443M->1790M(6144M), 0.0601882 secs]
2021-06-25T14:20:52.344+0800: 21224.914: [GC pause (G1 Evacuation Pause) (young) 5425M->1812M(6144M), 0.0698721 secs]
2021-06-25T14:21:11.439+0800: 21244.009: [GC pause (G1 Evacuation Pause) (young) 5433M->1790M(6144M), 0.0548309 secs]
2021-06-25T14:21:41.529+0800: 21274.099: [GC pause (G1 Evacuation Pause) (young) 5447M->1790M(6144M), 0.0544278 secs]
2021-06-25T14:22:07.115+0800: 21299.685: [GC pause (G1 Evacuation Pause) (young) 5446M->1797M(6144M), 0.0582426 secs]
2021-06-25T14:22:25.295+0800: 21317.865: [GC pause (G1 Evacuation Pause) (young) 5440M->1800M(6144M), 0.0533193 secs]
2021-06-25T14:22:51.339+0800: 21343.909: [GC pause (G1 Evacuation Pause) (young) 5446M->1804M(6144M), 0.0559474 secs]
2021-06-25T14:23:12.282+0800: 21364.852: [GC pause (G1 Evacuation Pause) (young) 5454M->1804M(6144M), 0.0546662 secs]
2021-06-25T14:23:43.744+0800: 21396.314: [GC pause (G1 Evacuation Pause) (young) 5449M->1810M(6144M), 0.0565490 secs]
2021-06-25T14:24:13.411+0800: 21425.981: [GC pause (GCLocker Initiated GC) (young) 5626M->1862M(6144M), 0.0587743 secs]
2021-06-25T14:24:42.316+0800: 21454.886: [GC pause (G1 Evacuation Pause) (young) 5486M->1814M(6144M), 0.0579827 secs]
2021-06-25T14:25:08.181+0800: 21480.750: [GC pause (G1 Evacuation Pause) (young) 5468M->1814M(6144M), 0.0546300 secs]
2021-06-25T14:25:37.592+0800: 21510.161: [GC pause (G1 Evacuation Pause) (young) 5625M->1815M(6144M), 0.0621102 secs]
2021-06-25T14:26:01.836+0800: 21534.406: [GC pause (G1 Evacuation Pause) (young) 5481M->1827M(6144M), 0.0672284 secs]
2021-06-25T14:26:32.648+0800: 21565.218: [GC pause (G1 Evacuation Pause) (young) 5456M->1827M(6144M), 0.0620977 secs]
2021-06-25T14:26:54.148+0800: 21586.718: [GC pause (G1 Evacuation Pause) (young) 5475M->2035M(6144M), 0.2113572 secs]
2021-06-25T14:27:13.589+0800: 21606.159: [GC pause (G1 Evacuation Pause) (young) 5277M->1830M(6144M), 0.0549933 secs]
2021-06-25T14:27:54.964+0800: 21647.534: [GC pause (G1 Evacuation Pause) (young) 5428M->1842M(6144M), 0.0685880 secs]
2021-06-25T14:28:25.586+0800: 21678.156: [GC pause (G1 Evacuation Pause) (young) 5444M->1845M(6144M), 0.0379323 secs]
2021-06-25T14:28:50.954+0800: 21703.524: [GC pause (G1 Evacuation Pause) (young) 5475M->1880M(6144M), 0.0596942 secs]
2021-06-25T14:29:11.152+0800: 21723.722: [GC pause (G1 Evacuation Pause) (young) 5492M->1860M(6144M), 0.0529899 secs]
2021-06-25T14:29:12.145+0800: 21724.715: [GC pause (G1 Evacuation Pause) (young) 2127M->1885M(6144M), 0.0577527 secs]
2021-06-25T14:29:14.122+0800: 21726.692: [GC pause (G1 Evacuation Pause) (young) 2153M->1904M(6144M), 0.0675306 secs]
2021-06-25T14:29:15.763+0800: 21728.333: [GC pause (G1 Evacuation Pause) (young) 2294M->1928M(6144M), 0.0477052 secs]
2021-06-25T14:29:17.633+0800: 21730.203: [GC pause (G1 Evacuation Pause) (young) 2394M->1911M(6144M), 0.0238727 secs]
2021-06-25T14:29:24.590+0800: 21737.160: [GC pause (G1 Evacuation Pause) (young) 3062M->1913M(6144M), 0.0264307 secs]
2021-06-25T14:29:32.505+0800: 21745.075: [GC pause (G1 Evacuation Pause) (young) 3546M->1913M(6144M), 0.0200277 secs]
2021-06-25T14:29:47.646+0800: 21760.215: [GC pause (G1 Evacuation Pause) (young) 4360M->1920M(6144M), 0.0284658 secs]
2021-06-25T14:29:59.441+0800: 21772.011: [GC pause (G1 Evacuation Pause) (young) 4448M->1986M(6144M), 0.0674648 secs]
2021-06-25T14:30:18.909+0800: 21791.479: [GC pause (G1 Evacuation Pause) (young) 4427M->1989M(6144M), 0.0638757 secs]
2021-06-25T14:30:44.861+0800: 21817.431: [GC pause (G1 Evacuation Pause) (young) 5091M->1991M(6144M), 0.0696374 secs]
2021-06-25T14:31:06.543+0800: 21839.112: [GC pause (G1 Evacuation Pause) (young) 5443M->1999M(6144M), 0.0727135 secs]
2021-06-25T14:31:26.588+0800: 21859.158: [GC pause (G1 Evacuation Pause) (young) 5428M->2005M(6144M), 0.0764613 secs]
2021-06-25T14:31:48.700+0800: 21881.270: [GC pause (G1 Evacuation Pause) (young) 5421M->2005M(6144M), 0.0774786 secs]
2021-06-25T14:31:57.282+0800: 21889.852: [GC pause (G1 Evacuation Pause) (young)-- 5418M->3498M(6144M), 3.3046946 secs]
2021-06-25T14:32:00.953+0800: 21893.523: [GC pause (G1 Evacuation Pause) (young) (initial-mark) 3710M->3554M(6144M), 0.6129030 secs]
2021-06-25T14:32:01.566+0800: 21894.136: [GC concurrent-root-region-scan-start]
2021-06-25T14:32:01.771+0800: 21894.341: [GC concurrent-root-region-scan-end, 0.2051518 secs]
2021-06-25T14:32:01.771+0800: 21894.341: [GC concurrent-mark-start]
2021-06-25T14:32:02.055+0800: 21894.625: [GC pause (G1 Evacuation Pause) (young) 3804M->3588M(6144M), 0.3535150 secs]
2021-06-25T14:32:02.763+0800: 21895.333: [GC pause (G1 Evacuation Pause) (young) 3854M->3619M(6144M), 0.0700588 secs]
2021-06-25T14:32:03.168+0800: 21895.738: [GC pause (G1 Evacuation Pause) (young) 3885M->3683M(6144M), 0.0965627 secs]
2021-06-25T14:32:04.082+0800: 21896.652: [GC pause (G1 Evacuation Pause) (young) 3963M->3688M(6144M), 0.0559669 secs]
2021-06-25T14:32:06.563+0800: 21899.133: [GC concurrent-mark-end, 4.7917469 secs]
2021-06-25T14:32:06.564+0800: 21899.134: [GC remark, 0.0832251 secs]
2021-06-25T14:32:06.650+0800: 21899.220: [GC cleanup 3962M->3394M(6144M), 0.0172612 secs]
2021-06-25T14:32:06.667+0800: 21899.237: [GC concurrent-cleanup-start]
2021-06-25T14:32:06.668+0800: 21899.238: [GC concurrent-cleanup-end, 0.0006440 secs]
2021-06-25T14:32:06.705+0800: 21899.275: [GC pause (G1 Evacuation Pause) (young) 3418M->3130M(6144M), 0.0349936 secs]
2021-06-25T14:32:07.973+0800: 21900.543: [GC pause (G1 Evacuation Pause) (mixed) 3418M->2610M(6144M), 0.0981241 secs]
2021-06-25T14:32:09.973+0800: 21902.543: [GC pause (G1 Evacuation Pause) (mixed) 2901M->2340M(6144M), 0.1380210 secs]
2021-06-25T14:32:11.968+0800: 21904.538: [GC pause (G1 Evacuation Pause) (mixed) 2634M->2125M(6144M), 0.1672830 secs]
2021-06-25T14:32:14.280+0800: 21906.850: [GC pause (G1 Evacuation Pause) (mixed) 2421M->2067M(6144M), 0.0744175 secs]
2021-06-25T14:32:19.905+0800: 21912.475: [GC pause (G1 Evacuation Pause) (young) 3283M->2068M(6144M), 0.0339797 secs]
2021-06-25T14:32:31.176+0800: 21923.746: [GC pause (G1 Evacuation Pause) (young) 3380M->2067M(6144M), 0.0213506 secs]
2021-06-25T14:32:47.572+0800: 21940.142: [GC pause (G1 Evacuation Pause) (young) 3971M->2070M(6144M), 0.0249597 secs]
2021-06-25T14:33:12.355+0800: 21964.924: [GC pause (G1 Evacuation Pause) (young) 4552M->2072M(6144M), 0.0335361 secs]
2021-06-25T14:33:33.974+0800: 21986.544: [GC pause (G1 Evacuation Pause) (young) 5382M->2079M(6144M), 0.0342604 secs]
2021-06-25T14:33:54.523+0800: 22007.093: [GC pause (G1 Evacuation Pause) (young) 5440M->2084M(6144M), 0.0393147 secs]
2021-06-25T14:34:00.007+0800: 22012.577: [GC pause (G1 Evacuation Pause) (young) 3046M->2081M(6144M), 0.0310372 secs]
2021-06-25T14:34:07.605+0800: 22020.175: [GC pause (G1 Evacuation Pause) (young) 3532M->2083M(6144M), 0.0387422 secs]
2021-06-25T14:34:17.319+0800: 22029.889: [GC pause (G1 Evacuation Pause) (young) 3484M->2080M(6144M), 0.0328571 secs]
2021-06-25T14:34:32.024+0800: 22044.594: [GC pause (G1 Evacuation Pause) (young) 4304M->2081M(6144M), 0.0364281 secs]
2021-06-25T14:35:06.702+0800: 22079.272: [GC pause (G1 Evacuation Pause) (young) 5479M->2088M(6144M), 0.0404810 secs]
2021-06-25T14:35:27.289+0800: 22099.859: [GC pause (G1 Evacuation Pause) (young) 5499M->2087M(6144M), 0.0414141 secs]
2021-06-25T14:35:47.969+0800: 22120.539: [GC pause (G1 Evacuation Pause) (young) 5501M->2086M(6144M), 0.0399679 secs]
2021-06-25T14:36:11.276+0800: 22143.846: [GC pause (G1 Evacuation Pause) (young) 5518M->2092M(6144M), 0.0460010 secs]
2021-06-25T14:36:33.347+0800: 22165.917: [GC pause (G1 Evacuation Pause) (young) 5495M->2094M(6144M), 0.0449993 secs]
2021-06-25T14:36:56.395+0800: 22188.965: [GC pause (G1 Evacuation Pause) (young) 5499M->2097M(6144M), 0.0530059 secs]
2021-06-25T14:37:20.943+0800: 22213.513: [GC pause (G1 Evacuation Pause) (young) 5499M->2163M(6144M), 0.0974489 secs]
2021-06-25T14:37:39.781+0800: 22232.351: [GC pause (G1 Evacuation Pause) (young) 5426M->2166M(6144M), 0.0945143 secs]
2021-06-25T14:38:04.958+0800: 22257.528: [GC pause (G1 Evacuation Pause) (young) 5437M->2171M(6144M), 0.0902608 secs]
2021-06-25T14:38:27.884+0800: 22280.453: [GC pause (G1 Evacuation Pause) (young) 5430M->2170M(6144M), 0.0812662 secs]
2021-06-25T14:38:50.353+0800: 22302.923: [GC pause (G1 Evacuation Pause) (young) 5416M->2170M(6144M), 0.0830413 secs]
2021-06-25T14:39:13.465+0800: 22326.035: [GC pause (G1 Evacuation Pause) (young) 5420M->2176M(6144M), 0.0799359 secs]
2021-06-25T14:39:39.179+0800: 22351.748: [GC pause (G1 Evacuation Pause) (young) 5422M->2184M(6144M), 0.0859846 secs]
2021-06-25T14:40:02.217+0800: 22374.787: [GC pause (G1 Evacuation Pause) (young) 5418M->2184M(6144M), 0.0879189 secs]
2021-06-25T14:40:24.626+0800: 22397.196: [GC pause (G1 Evacuation Pause) (young) 5420M->2182M(6144M), 0.0867843 secs]
2021-06-25T14:40:40.644+0800: 22413.213: [GC pause (G1 Evacuation Pause) (young) 5435M->2194M(6144M), 0.0950968 secs]
2021-06-25T14:41:00.030+0800: 22432.600: [GC pause (G1 Evacuation Pause) (young) 5423M->2184M(6144M), 0.0848710 secs]
2021-06-25T14:41:19.152+0800: 22451.722: [GC pause (G1 Evacuation Pause) (young) 5423M->2191M(6144M), 0.0892383 secs]
2021-06-25T14:41:40.028+0800: 22472.597: [GC pause (G1 Evacuation Pause) (young) 5430M->2192M(6144M), 0.0877108 secs]
2021-06-25T14:41:56.841+0800: 22489.411: [GC pause (G1 Evacuation Pause) (young) 5445M->2202M(6144M), 0.0943302 secs]
2021-06-25T14:42:14.300+0800: 22506.870: [GC pause (G1 Evacuation Pause) (young) 5420M->2213M(6144M), 0.0941808 secs]
2021-06-25T14:42:33.100+0800: 22525.669: [GC pause (G1 Evacuation Pause) (young) 5424M->2224M(6144M), 0.0898929 secs]
2021-06-25T14:42:50.825+0800: 22543.395: [GC pause (G1 Evacuation Pause) (young) 5491M->2230M(6144M), 0.0774840 secs]
2021-06-25T14:43:08.888+0800: 22561.458: [GC pause (G1 Evacuation Pause) (young) 5491M->2229M(6144M), 0.0541819 secs]
2021-06-25T14:43:28.328+0800: 22580.898: [GC pause (G1 Evacuation Pause) (young) 5503M->2282M(6144M), 0.0788917 secs]
2021-06-25T14:43:48.569+0800: 22601.139: [GC pause (G1 Evacuation Pause) (young) 5443M->2275M(6144M), 0.0718184 secs]
2021-06-25T14:44:11.820+0800: 22624.390: [GC pause (G1 Evacuation Pause) (young) 5456M->2276M(6144M), 0.0701404 secs]
2021-06-25T14:44:29.907+0800: 22642.477: [GC pause (G1 Evacuation Pause) (young) 5456M->2315M(6144M), 0.0896902 secs]
2021-06-25T14:44:50.738+0800: 22663.308: [GC pause (G1 Evacuation Pause) (young) 5430M->2282M(6144M), 0.0728100 secs]
2021-06-25T14:45:16.118+0800: 22688.688: [GC pause (G1 Evacuation Pause) (young) 5471M->2290M(6144M), 0.0739603 secs]
2021-06-25T14:45:34.929+0800: 22707.499: [GC pause (G1 Evacuation Pause) (young) 5445M->2295M(6144M), 0.0710141 secs]
2021-06-25T14:45:49.829+0800: 22722.398: [GC pause (G1 Evacuation Pause) (young) 5457M->2294M(6144M), 0.0706833 secs]
2021-06-25T14:46:10.875+0800: 22743.445: [GC pause (G1 Evacuation Pause) (young) 5451M->2298M(6144M), 0.0704676 secs]
2021-06-25T14:46:29.055+0800: 22761.625: [GC pause (G1 Evacuation Pause) (young) 5454M->2306M(6144M), 0.0713968 secs]
2021-06-25T14:46:48.164+0800: 22780.734: [GC pause (G1 Evacuation Pause) (young) 5465M->2306M(6144M), 0.0765761 secs]
2021-06-25T14:47:02.707+0800: 22795.277: [GC pause (G1 Evacuation Pause) (young) 5453M->2307M(6144M), 0.0714320 secs]
2021-06-25T14:47:28.028+0800: 22820.598: [GC pause (G1 Evacuation Pause) (young) 5442M->2340M(6144M), 0.0823686 secs]
2021-06-25T14:47:43.586+0800: 22836.156: [GC pause (G1 Evacuation Pause) (young) 5424M->2311M(6144M), 0.0733548 secs]
2021-06-25T14:47:59.951+0800: 22852.521: [GC pause (G1 Evacuation Pause) (young) 5454M->2317M(6144M), 0.0730997 secs]
2021-06-25T14:48:15.795+0800: 22868.365: [GC pause (G1 Evacuation Pause) (young) 5444M->2321M(6144M), 0.0674656 secs]
2021-06-25T14:48:38.940+0800: 22891.510: [GC pause (G1 Evacuation Pause) (young) 5490M->2325M(6144M), 0.0665493 secs]
2021-06-25T14:49:02.067+0800: 22914.637: [GC pause (G1 Evacuation Pause) (young) 5479M->2333M(6144M), 0.0499408 secs]
2021-06-25T14:49:23.343+0800: 22935.913: [GC pause (G1 Evacuation Pause) (young) 5492M->2363M(6144M), 0.0631071 secs]
2021-06-25T14:49:37.213+0800: 22949.783: [GC pause (G1 Evacuation Pause) (young) 5492M->2347M(6144M), 0.0644907 secs]
2021-06-25T14:49:59.305+0800: 22971.875: [GC pause (G1 Evacuation Pause) (young) 5475M->2338M(6144M), 0.0500365 secs]
2021-06-25T14:50:28.015+0800: 23000.585: [GC pause (G1 Evacuation Pause) (young) 5478M->2345M(6144M), 0.0533638 secs]
2021-06-25T14:50:56.545+0800: 23029.115: [GC pause (G1 Evacuation Pause) (young) 5477M->2355M(6144M), 0.0564673 secs]
2021-06-25T14:51:20.625+0800: 23053.195: [GC pause (G1 Evacuation Pause) (young) 5475M->2360M(6144M), 0.0593289 secs]
2021-06-25T14:51:42.535+0800: 23075.105: [GC pause (G1 Evacuation Pause) (young) 5465M->2355M(6144M), 0.0554761 secs]
2021-06-25T14:52:01.337+0800: 23093.907: [GC pause (G1 Evacuation Pause) (young) 5476M->2360M(6144M), 0.0538592 secs]
2021-06-25T14:52:27.051+0800: 23119.621: [GC pause (G1 Evacuation Pause) (young) 5493M->2368M(6144M), 0.0592117 secs]
2021-06-25T14:52:48.483+0800: 23141.053: [GC pause (G1 Evacuation Pause) (young) 5480M->2374M(6144M), 0.0595848 secs]
2021-06-25T14:53:09.588+0800: 23162.158: [GC pause (G1 Evacuation Pause) (young) 5488M->2368M(6144M), 0.0580789 secs]
2021-06-25T14:53:32.212+0800: 23184.782: [GC pause (G1 Evacuation Pause) (young) 5477M->2370M(6144M), 0.0547684 secs]
2021-06-25T14:53:48.505+0800: 23201.075: [GC pause (G1 Evacuation Pause) (young) 5486M->2378M(6144M), 0.0592481 secs]
2021-06-25T14:54:05.893+0800: 23218.462: [GC pause (G1 Evacuation Pause) (young) 5475M->2373M(6144M), 0.0547540 secs]
2021-06-25T14:54:23.743+0800: 23236.313: [GC pause (G1 Evacuation Pause) (young) 5493M->2375M(6144M), 0.0598305 secs]
2021-06-25T14:54:44.995+0800: 23257.565: [GC pause (G1 Evacuation Pause) (young) 5486M->2380M(6144M), 0.0556151 secs]
2021-06-25T14:55:05.483+0800: 23278.052: [GC pause (G1 Evacuation Pause) (young) 5481M->2384M(6144M), 0.0549129 secs]
2021-06-25T14:55:23.446+0800: 23296.016: [GC pause (G1 Evacuation Pause) (young) 5491M->2382M(6144M), 0.0540715 secs]
2021-06-25T14:55:38.487+0800: 23311.057: [GC pause (G1 Evacuation Pause) (young) 5494M->2386M(6144M), 0.0544052 secs]
2021-06-25T14:55:59.889+0800: 23332.459: [GC pause (G1 Evacuation Pause) (young) 5477M->2390M(6144M), 0.0548209 secs]
2021-06-25T14:56:11.370+0800: 23343.940: [GC pause (G1 Evacuation Pause) (young) 5508M->2482M(6144M), 0.0987274 secs]
2021-06-25T14:56:19.107+0800: 23351.677: [GC pause (G1 Evacuation Pause) (young) 5410M->2917M(6144M), 0.3331339 secs]
2021-06-25T14:56:19.751+0800: 23352.321: [GC pause (G1 Evacuation Pause) (young) 3161M->3022M(6144M), 0.3656795 secs]
2021-06-25T14:56:20.363+0800: 23352.933: [GC pause (G1 Humongous Allocation) (young) (initial-mark) 3203M->3105M(6144M), 0.2330121 secs]
2021-06-25T14:56:20.596+0800: 23353.166: [GC concurrent-root-region-scan-start]
2021-06-25T14:56:20.697+0800: 23353.267: [GC concurrent-root-region-scan-end, 0.1014665 secs]
2021-06-25T14:56:20.697+0800: 23353.267: [GC concurrent-mark-start]
2021-06-25T14:56:20.834+0800: 23353.404: [GC pause (G1 Evacuation Pause) (young) 3367M->3265M(6144M), 0.1207100 secs]
2021-06-25T14:56:21.409+0800: 23353.979: [GC pause (G1 Evacuation Pause) (young) 3531M->3282M(6144M), 0.0541098 secs]
2021-06-25T14:56:22.599+0800: 23355.169: [GC pause (G1 Evacuation Pause) (young) 3847M->3343M(6144M), 0.0663129 secs]
2021-06-25T14:56:22.992+0800: 23355.561: [GC concurrent-mark-end, 2.2940625 secs]
2021-06-25T14:56:22.993+0800: 23355.563: [GC remark, 0.2781659 secs]
2021-06-25T14:56:23.274+0800: 23355.844: [GC cleanup 3423M->2339M(6144M), 0.0173628 secs]
2021-06-25T14:56:23.291+0800: 23355.861: [GC concurrent-cleanup-start]
2021-06-25T14:56:23.293+0800: 23355.863: [GC concurrent-cleanup-end, 0.0015590 secs]
2021-06-25T14:56:23.828+0800: 23356.397: [GC pause (G1 Evacuation Pause) (young) 2799M->2320M(6144M), 0.1395217 secs]
2021-06-25T14:56:24.159+0800: 23356.729: [GC pause (G1 Evacuation Pause) (mixed) 2568M->1969M(6144M), 0.1535359 secs]
2021-06-25T14:56:24.624+0800: 23357.194: [GC pause (G1 Evacuation Pause) (mixed) 2269M->1882M(6144M), 0.1173910 secs]
2021-06-25T14:56:27.332+0800: 23359.901: [GC pause (G1 Evacuation Pause) (young) 2220M->1879M(6144M), 0.0347479 secs]
2021-06-25T14:56:34.369+0800: 23366.939: [GC pause (G1 Evacuation Pause) (young) 2886M->1966M(6144M), 0.0621510 secs]
2021-06-25T14:56:36.029+0800: 23368.599: [GC pause (G1 Evacuation Pause) (young) 2894M->2223M(6144M), 0.1922866 secs]
2021-06-25T14:56:41.600+0800: 23374.170: [GC pause (G1 Evacuation Pause) (young) 2898M->2224M(6144M), 0.0695338 secs]
2021-06-25T14:56:54.675+0800: 23387.244: [GC pause (G1 Evacuation Pause) (young) 3572M->2226M(6144M), 0.0321962 secs]
2021-06-25T14:57:11.614+0800: 23404.184: [GC pause (G1 Evacuation Pause) (young) 4072M->2230M(6144M), 0.0206244 secs]
2021-06-25T14:57:30.769+0800: 23423.339: [GC pause (G1 Evacuation Pause) (young) 4596M->2233M(6144M), 0.0235199 secs]
2021-06-25T14:57:46.582+0800: 23439.152: [GC pause (G1 Evacuation Pause) (young) 4532M->2336M(6144M), 0.0959212 secs]
2021-06-25T14:58:01.078+0800: 23453.648: [GC pause (G1 Evacuation Pause) (young) 4309M->2338M(6144M), 0.0777263 secs]
2021-06-25T14:58:16.618+0800: 23469.188: [GC pause (G1 Evacuation Pause) (young) 4537M->2345M(6144M), 0.0846942 secs]
2021-06-25T14:58:37.611+0800: 23490.181: [GC pause (G1 Evacuation Pause) (young) 4886M->2347M(6144M), 0.0879158 secs]
2021-06-25T14:58:51.834+0800: 23504.404: [GC pause (G1 Evacuation Pause) (young) 5405M->2342M(6144M), 0.0887426 secs]
2021-06-25T14:59:16.109+0800: 23528.679: [GC pause (G1 Evacuation Pause) (young) 5409M->2347M(6144M), 0.0896982 secs]
2021-06-25T14:59:34.572+0800: 23547.142: [GC pause (G1 Evacuation Pause) (young) 5403M->2352M(6144M), 0.0940993 secs]
2021-06-25T14:59:58.054+0800: 23570.624: [GC pause (G1 Evacuation Pause) (young) 5391M->2348M(6144M), 0.1057128 secs]
2021-06-25T15:00:15.210+0800: 23587.779: [GC pause (G1 Evacuation Pause) (young) 5397M->2355M(6144M), 0.0943415 secs]
2021-06-25T15:00:28.569+0800: 23601.139: [GC pause (G1 Evacuation Pause) (young) 5399M->2350M(6144M), 0.0913817 secs]
2021-06-25T15:00:48.911+0800: 23621.481: [GC pause (G1 Evacuation Pause) (young) 5395M->2358M(6144M), 0.1080226 secs]
2021-06-25T15:01:09.041+0800: 23641.611: [GC pause (G1 Evacuation Pause) (young) 5384M->2353M(6144M), 0.1116716 secs]
2021-06-25T15:01:27.552+0800: 23660.122: [GC pause (G1 Evacuation Pause) (young) 5385M->2358M(6144M), 0.0949908 secs]
2021-06-25T15:01:53.144+0800: 23685.714: [GC pause (G1 Evacuation Pause) (young) 5385M->2364M(6144M), 0.1019731 secs]
2021-06-25T15:02:11.659+0800: 23704.229: [GC pause (G1 Evacuation Pause) (young) 5401M->2366M(6144M), 0.1039156 secs]
2021-06-25T15:02:32.523+0800: 23725.093: [GC pause (G1 Evacuation Pause) (young) 5389M->2395M(6144M), 0.0977157 secs]
2021-06-25T15:02:50.492+0800: 23743.062: [GC pause (G1 Evacuation Pause) (young) 5499M->2399M(6144M), 0.0699661 secs]
2021-06-25T15:03:14.506+0800: 23767.076: [GC pause (G1 Evacuation Pause) (young) 5499M->2402M(6144M), 0.0509009 secs]
2021-06-25T15:03:31.736+0800: 23784.305: [GC pause (G1 Evacuation Pause) (young) 5483M->2414M(6144M), 0.0509336 secs]
2021-06-25T15:03:53.354+0800: 23805.924: [GC pause (G1 Evacuation Pause) (young) 5475M->2409M(6144M), 0.0476471 secs]
2021-06-25T15:04:12.738+0800: 23825.308: [GC pause (G1 Evacuation Pause) (young) 5492M->2412M(6144M), 0.0480408 secs]
2021-06-25T15:04:36.722+0800: 23849.292: [GC pause (G1 Evacuation Pause) (young) 5493M->2482M(6144M), 0.0921817 secs]
2021-06-25T15:04:55.663+0800: 23868.233: [GC pause (G1 Evacuation Pause) (young) 5412M->2480M(6144M), 0.0809931 secs]
2021-06-25T15:05:09.049+0800: 23881.618: [GC pause (G1 Evacuation Pause) (young) 5439M->2486M(6144M), 0.0892402 secs]
2021-06-25T15:05:34.327+0800: 23906.897: [GC pause (G1 Evacuation Pause) (young) 5410M->2489M(6144M), 0.0864946 secs]
2021-06-25T15:05:50.374+0800: 23922.944: [GC pause (G1 Evacuation Pause) (young) 5413M->2489M(6144M), 0.0854986 secs]
2021-06-25T15:06:03.823+0800: 23936.393: [GC pause (G1 Evacuation Pause) (young) 5422M->2495M(6144M), 0.0916254 secs]
2021-06-25T15:06:22.623+0800: 23955.193: [GC pause (G1 Evacuation Pause) (young) 5413M->2537M(6144M), 0.1202657 secs]
2021-06-25T15:06:40.931+0800: 23973.501: [GC pause (G1 Evacuation Pause) (young) 5366M->2499M(6144M), 0.0902986 secs]
2021-06-25T15:06:59.961+0800: 23992.531: [GC pause (G1 Evacuation Pause) (young) 5423M->2498M(6144M), 0.1002828 secs]
2021-06-25T15:07:18.666+0800: 24011.236: [GC pause (G1 Evacuation Pause) (young) 5413M->2502M(6144M), 0.0834057 secs]
2021-06-25T15:07:37.305+0800: 24029.875: [GC pause (G1 Evacuation Pause) (young) 5412M->2508M(6144M), 0.0881747 secs]
2021-06-25T15:07:58.752+0800: 24051.322: [GC pause (G1 Evacuation Pause) (young) 5414M->2508M(6144M), 0.0823936 secs]
2021-06-25T15:08:14.684+0800: 24067.254: [GC pause (G1 Evacuation Pause) (young) 5431M->2509M(6144M), 0.0858409 secs]
2021-06-25T15:08:34.746+0800: 24087.315: [GC pause (G1 Evacuation Pause) (young) 5415M->2519M(6144M), 0.0874251 secs]
2021-06-25T15:08:47.170+0800: 24099.740: [GC pause (G1 Evacuation Pause) (young) 5439M->2525M(6144M), 0.0989391 secs]
2021-06-25T15:09:04.713+0800: 24117.283: [GC pause (G1 Evacuation Pause) (young) 5432M->2520M(6144M), 0.0884663 secs]
2021-06-25T15:09:23.431+0800: 24136.001: [GC pause (G1 Evacuation Pause) (young) 5490M->2530M(6144M), 0.0652860 secs]
2021-06-25T15:09:33.721+0800: 24146.291: [GC pause (G1 Evacuation Pause) (young) 5511M->2535M(6144M), 0.0489807 secs]
2021-06-25T15:09:54.893+0800: 24167.463: [GC pause (G1 Evacuation Pause) (young) 5491M->2531M(6144M), 0.0478839 secs]
2021-06-25T15:10:19.367+0800: 24191.937: [GC pause (G1 Evacuation Pause) (young) 5495M->2540M(6144M), 0.0570379 secs]
2021-06-25T15:10:36.249+0800: 24208.819: [GC pause (G1 Evacuation Pause) (young) 5490M->2536M(6144M), 0.0489990 secs]
2021-06-25T15:10:55.319+0800: 24227.889: [GC pause (G1 Evacuation Pause) (young) 5483M->2541M(6144M), 0.0502686 secs]
2021-06-25T15:11:12.531+0800: 24245.101: [GC pause (G1 Evacuation Pause) (young) 5494M->2566M(6144M), 0.0622888 secs]
2021-06-25T15:11:26.685+0800: 24259.255: [GC pause (G1 Evacuation Pause) (young) 5504M->2542M(6144M), 0.0564830 secs]
2021-06-25T15:11:46.216+0800: 24278.786: [GC pause (G1 Evacuation Pause) (young) 5490M->2543M(6144M), 0.0489360 secs]
2021-06-25T15:12:03.831+0800: 24296.401: [GC pause (G1 Evacuation Pause) (young) 5505M->2551M(6144M), 0.0507844 secs]
2021-06-25T15:12:23.556+0800: 24316.126: [GC pause (G1 Evacuation Pause) (young) 5481M->2586M(6144M), 0.0683839 secs]
2021-06-25T15:12:41.677+0800: 24334.247: [GC pause (G1 Evacuation Pause) (young) 5466M->2550M(6144M), 0.0492748 secs]
2021-06-25T15:13:03.960+0800: 24356.530: [GC pause (G1 Evacuation Pause) (young) 5494M->2553M(6144M), 0.0492732 secs]
2021-06-25T15:13:29.641+0800: 24382.211: [GC pause (G1 Evacuation Pause) (young) 5482M->2557M(6144M), 0.0513972 secs]
2021-06-25T15:13:51.773+0800: 24404.343: [GC pause (G1 Evacuation Pause) (young) 5486M->2557M(6144M), 0.0498129 secs]
2021-06-25T15:14:13.738+0800: 24426.308: [GC pause (G1 Evacuation Pause) (young) 5494M->2560M(6144M), 0.0532235 secs]
2021-06-25T15:14:24.682+0800: 24437.252: [GC pause (G1 Evacuation Pause) (young) 5481M->2566M(6144M), 0.0588645 secs]
2021-06-25T15:14:38.737+0800: 24451.307: [GC pause (G1 Evacuation Pause) (young) 5484M->2710M(6144M), 0.1369908 secs]
2021-06-25T15:14:56.113+0800: 24468.683: [GC pause (G1 Evacuation Pause) (young) 5356M->2569M(6144M), 0.0555709 secs]
2021-06-25T15:15:11.795+0800: 24484.365: [GC pause (G1 Evacuation Pause) (young) 5453M->2577M(6144M), 0.0564931 secs]
2021-06-25T15:15:27.037+0800: 24499.607: [GC pause (G1 Evacuation Pause) (young) 5489M->2576M(6144M), 0.0479057 secs]
2021-06-25T15:15:41.571+0800: 24514.141: [GC pause (G1 Evacuation Pause) (young) 5479M->2592M(6144M), 0.0532259 secs]
2021-06-25T15:15:59.489+0800: 24532.059: [GC pause (G1 Evacuation Pause) (young) 5466M->2569M(6144M), 0.0405097 secs]
2021-06-25T15:16:18.808+0800: 24551.378: [GC pause (G1 Evacuation Pause) (young) 5478M->2576M(6144M), 0.0436930 secs]
2021-06-25T15:16:41.660+0800: 24574.230: [GC pause (G1 Evacuation Pause) (young) 5474M->2588M(6144M), 0.0504605 secs]
2021-06-25T15:17:01.946+0800: 24594.516: [GC pause (G1 Evacuation Pause) (young) 5469M->2580M(6144M), 0.0465020 secs]
2021-06-25T15:17:16.425+0800: 24608.995: [GC pause (G1 Evacuation Pause) (young) 5492M->2582M(6144M), 0.0519658 secs]
2021-06-25T15:17:36.825+0800: 24629.394: [GC pause (G1 Evacuation Pause) (young) 5479M->2583M(6144M), 0.0494064 secs]
2021-06-25T15:18:00.754+0800: 24653.324: [GC pause (G1 Evacuation Pause) (young) 5494M->2585M(6144M), 0.0536132 secs]
2021-06-25T15:18:26.229+0800: 24678.799: [GC pause (G1 Evacuation Pause) (young) 5474M->2586M(6144M), 0.0487911 secs]
2021-06-25T15:18:44.571+0800: 24697.140: [GC pause (G1 Evacuation Pause) (young) 5656M->2599M(6144M), 0.0646890 secs]
2021-06-25T15:19:05.386+0800: 24717.956: [GC pause (G1 Evacuation Pause) (young) 5477M->2595M(6144M), 0.0500859 secs]
2021-06-25T15:19:15.631+0800: 24728.201: [GC pause (G1 Evacuation Pause) (young) 5485M->2593M(6144M), 0.0488975 secs]
2021-06-25T15:19:35.891+0800: 24748.461: [GC pause (G1 Evacuation Pause) (young) 5480M->2608M(6144M), 0.0571452 secs]
2021-06-25T15:19:54.463+0800: 24767.033: [GC pause (G1 Evacuation Pause) (young) 5479M->2600M(6144M), 0.0509144 secs]
2021-06-25T15:20:08.931+0800: 24781.501: [GC pause (G1 Evacuation Pause) (young) 5474M->2603M(6144M), 0.0499683 secs]
2021-06-25T15:20:18.415+0800: 24790.985: [GC pause (G1 Evacuation Pause) (young) 5479M->2636M(6144M), 0.0706434 secs]
2021-06-25T15:20:32.791+0800: 24805.361: [GC pause (G1 Evacuation Pause) (young) 5445M->2607M(6144M), 0.0509875 secs]
2021-06-25T15:20:47.345+0800: 24819.915: [GC pause (G1 Evacuation Pause) (young) 5472M->2611M(6144M), 0.0521732 secs]
2021-06-25T15:21:03.997+0800: 24836.567: [GC pause (G1 Evacuation Pause) (young) 5494M->2619M(6144M), 0.0579218 secs]
2021-06-25T15:21:20.719+0800: 24853.289: [GC pause (G1 Evacuation Pause) (young) 5476M->2619M(6144M), 0.0548904 secs]
2021-06-25T15:21:41.073+0800: 24873.643: [GC pause (G1 Evacuation Pause) (young) 5471M->2626M(6144M), 0.0572864 secs]
2021-06-25T15:21:59.498+0800: 24892.068: [GC pause (G1 Evacuation Pause) (young) 5473M->2612M(6144M), 0.0475877 secs]
2021-06-25T15:22:19.383+0800: 24911.953: [GC pause (G1 Evacuation Pause) (young) 5503M->2618M(6144M), 0.0553984 secs]
2021-06-25T15:22:36.608+0800: 24929.177: [GC pause (G1 Evacuation Pause) (young) 5493M->2620M(6144M), 0.0523506 secs]
2021-06-25T15:22:52.390+0800: 24944.960: [GC pause (G1 Evacuation Pause) (young) 5477M->2644M(6144M), 0.0649999 secs]
2021-06-25T15:23:08.939+0800: 24961.509: [GC pause (G1 Evacuation Pause) (young) 5456M->2648M(6144M), 0.0636543 secs]
2021-06-25T15:23:27.199+0800: 24979.769: [GC pause (G1 Evacuation Pause) (young) 5455M->2653M(6144M), 0.0691726 secs]
2021-06-25T15:23:46.745+0800: 24999.315: [GC pause (G1 Evacuation Pause) (young) 5471M->2647M(6144M), 0.0659779 secs]
2021-06-25T15:24:03.599+0800: 25016.169: [GC pause (G1 Evacuation Pause) (young) 5472M->2651M(6144M), 0.0772106 secs]
2021-06-25T15:24:26.642+0800: 25039.212: [GC pause (G1 Evacuation Pause) (young) 5467M->2658M(6144M), 0.0691973 secs]
2021-06-25T15:24:46.644+0800: 25059.214: [GC pause (G1 Evacuation Pause) (young) 5457M->2657M(6144M), 0.0623341 secs]
2021-06-25T15:25:06.858+0800: 25079.427: [GC pause (G1 Evacuation Pause) (young) 5473M->2665M(6144M), 0.0826484 secs]
2021-06-25T15:25:28.932+0800: 25101.502: [GC pause (G1 Evacuation Pause) (young) 5457M->2663M(6144M), 0.0730511 secs]
2021-06-25T15:25:45.100+0800: 25117.670: [GC pause (G1 Evacuation Pause) (young) 5468M->2664M(6144M), 0.0646242 secs]
2021-06-25T15:26:05.602+0800: 25138.172: [GC pause (G1 Evacuation Pause) (young) 5466M->2673M(6144M), 0.0692640 secs]
2021-06-25T15:26:20.130+0800: 25152.700: [GC pause (G1 Evacuation Pause) (young) 5467M->2679M(6144M), 0.0730287 secs]
2021-06-25T15:26:35.082+0800: 25167.652: [GC pause (G1 Evacuation Pause) (young) 5455M->2674M(6144M), 0.0624793 secs]
2021-06-25T15:26:53.329+0800: 25185.899: [GC pause (G1 Evacuation Pause) (young) 5457M->2678M(6144M), 0.0650078 secs]
2021-06-25T15:27:10.953+0800: 25203.523: [GC pause (G1 Evacuation Pause) (young) 5465M->2675M(6144M), 0.0667615 secs]
2021-06-25T15:27:23.861+0800: 25216.431: [GC pause (G1 Evacuation Pause) (young) 5451M->2684M(6144M), 0.0641605 secs]
2021-06-25T15:27:40.740+0800: 25233.309: [GC pause (G1 Evacuation Pause) (young) 5491M->2687M(6144M), 0.0645472 secs]
2021-06-25T15:27:56.554+0800: 25249.124: [GC pause (G1 Evacuation Pause) (young) 5471M->2693M(6144M), 0.0564517 secs]
2021-06-25T15:28:08.278+0800: 25260.848: [GC pause (G1 Evacuation Pause) (young) 5475M->2702M(6144M), 0.0709010 secs]
2021-06-25T15:28:24.531+0800: 25277.101: [GC pause (G1 Evacuation Pause) (young) 5465M->2703M(6144M), 0.0583515 secs]
2021-06-25T15:28:36.018+0800: 25288.588: [GC pause (G1 Evacuation Pause) (young) 5470M->2702M(6144M), 0.0581418 secs]
2021-06-25T15:28:52.492+0800: 25305.062: [GC pause (G1 Evacuation Pause) (young) 5470M->2709M(6144M), 0.0591031 secs]
2021-06-25T15:29:15.371+0800: 25327.941: [GC pause (G1 Evacuation Pause) (young) 5471M->2716M(6144M), 0.0620628 secs]
2021-06-25T15:29:29.028+0800: 25341.598: [GC pause (G1 Evacuation Pause) (young) 5465M->2710M(6144M), 0.0601916 secs]
2021-06-25T15:29:49.500+0800: 25362.070: [GC pause (G1 Evacuation Pause) (young) 5472M->2715M(6144M), 0.0600085 secs]
2021-06-25T15:30:05.289+0800: 25377.859: [GC pause (G1 Evacuation Pause) (young) 5485M->2715M(6144M), 0.0532185 secs]
2021-06-25T15:30:22.000+0800: 25394.570: [GC pause (G1 Evacuation Pause) (young) 5478M->2721M(6144M), 0.0616550 secs]
2021-06-25T15:30:36.293+0800: 25408.863: [GC pause (G1 Evacuation Pause) (young) 5492M->2729M(6144M), 0.0585826 secs]
2021-06-25T15:30:50.107+0800: 25422.677: [GC pause (G1 Evacuation Pause) (young) 5480M->2736M(6144M), 0.0627833 secs]
2021-06-25T15:31:08.222+0800: 25440.792: [GC pause (G1 Evacuation Pause) (young) 5481M->2736M(6144M), 0.0546728 secs]
2021-06-25T15:31:22.296+0800: 25454.866: [GC pause (G1 Evacuation Pause) (young) 5494M->2742M(6144M), 0.0534013 secs]
2021-06-25T15:31:38.074+0800: 25470.644: [GC pause (G1 Evacuation Pause) (young) 5476M->2738M(6144M), 0.0555119 secs]
2021-06-25T15:31:56.007+0800: 25488.577: [GC pause (G1 Evacuation Pause) (young) 5478M->2742M(6144M), 0.0551653 secs]
2021-06-25T15:32:11.192+0800: 25503.762: [GC pause (G1 Evacuation Pause) (young) 5487M->2747M(6144M), 0.0547974 secs]
2021-06-25T15:32:26.445+0800: 25519.015: [GC pause (G1 Evacuation Pause) (young) 5474M->2752M(6144M), 0.0551083 secs]
2021-06-25T15:32:40.091+0800: 25532.661: [GC pause (G1 Evacuation Pause) (young) 5487M->2756M(6144M), 0.0461717 secs]
2021-06-25T15:32:54.568+0800: 25547.138: [GC pause (G1 Evacuation Pause) (young) 5491M->2756M(6144M), 0.0468750 secs]
2021-06-25T15:33:08.097+0800: 25560.667: [GC pause (G1 Evacuation Pause) (young) 5500M->2754M(6144M), 0.0448464 secs]
2021-06-25T15:33:20.881+0800: 25573.451: [GC pause (G1 Evacuation Pause) (young) 5494M->2763M(6144M), 0.0508595 secs]
2021-06-25T15:33:30.190+0800: 25582.759: [GC pause (G1 Humongous Allocation) (young) (initial-mark) 4667M->2767M(6144M), 0.0529589 secs]
2021-06-25T15:33:30.243+0800: 25582.812: [GC concurrent-root-region-scan-start]
2021-06-25T15:33:30.295+0800: 25582.865: [GC concurrent-root-region-scan-end, 0.0525327 secs]
2021-06-25T15:33:30.295+0800: 25582.865: [GC concurrent-mark-start]
2021-06-25T15:33:31.637+0800: 25584.207: [GC concurrent-mark-end, 1.3416951 secs]
2021-06-25T15:33:31.639+0800: 25584.209: [GC remark, 0.0778331 secs]
2021-06-25T15:33:31.718+0800: 25584.288: [GC cleanup 2955M->1517M(6144M), 0.0150995 secs]
2021-06-25T15:33:31.734+0800: 25584.304: [GC concurrent-cleanup-start]
2021-06-25T15:33:31.736+0800: 25584.306: [GC concurrent-cleanup-end, 0.0023941 secs]
2021-06-25T15:33:49.302+0800: 25601.872: [GC pause (G1 Evacuation Pause) (young) 4046M->1330M(6144M), 0.0530194 secs]
2021-06-25T15:33:50.943+0800: 25603.513: [GC pause (G1 Evacuation Pause) (mixed) 1588M->976M(6144M), 0.0903813 secs]
2021-06-25T15:34:12.161+0800: 25624.731: [GC pause (G1 Evacuation Pause) (young) 4654M->977M(6144M), 0.0528932 secs]
2021-06-25T15:34:34.407+0800: 25646.977: [GC pause (G1 Evacuation Pause) (young) 4663M->1004M(6144M), 0.0446594 secs]
2021-06-25T15:34:50.900+0800: 25663.470: [GC pause (G1 Evacuation Pause) (young) 4693M->1007M(6144M), 0.0474386 secs]
2021-06-25T15:34:54.265+0800: 25666.835: [GC pause (G1 Evacuation Pause) (young) 1267M->1017M(6144M), 0.0383178 secs]
2021-06-25T15:34:55.587+0800: 25668.157: [GC pause (G1 Evacuation Pause) (young) 1305M->1063M(6144M), 0.0655875 secs]
2021-06-25T15:34:55.862+0800: 25668.432: [GC pause (G1 Evacuation Pause) (young) 1329M->1122M(6144M), 0.0735803 secs]
2021-06-25T15:34:56.301+0800: 25668.870: [GC pause (G1 Evacuation Pause) (young) 1397M->1126M(6144M), 0.0456604 secs]
2021-06-25T15:34:59.191+0800: 25671.761: [GC pause (G1 Evacuation Pause) (young) 1431M->1128M(6144M), 0.0296449 secs]
2021-06-25T15:35:01.468+0800: 25674.038: [GC pause (G1 Evacuation Pause) (young) 1418M->1131M(6144M), 0.0193986 secs]
2021-06-25T15:35:02.953+0800: 25675.523: [GC pause (G1 Evacuation Pause) (young) 1424M->1127M(6144M), 0.0181206 secs]
2021-06-25T15:35:05.054+0800: 25677.624: [GC pause (G1 Evacuation Pause) (young) 1419M->1128M(6144M), 0.0178259 secs]
2021-06-25T15:35:08.977+0800: 25681.547: [GC pause (G1 Evacuation Pause) (young) 1698M->1136M(6144M), 0.0225544 secs]
2021-06-25T15:35:15.483+0800: 25688.053: [GC pause (G1 Evacuation Pause) (young) 2020M->1136M(6144M), 0.0246460 secs]
2021-06-25T15:35:26.629+0800: 25699.199: [GC pause (G1 Evacuation Pause) (young) 2627M->1135M(6144M), 0.0275178 secs]
2021-06-25T15:35:41.832+0800: 25714.402: [GC pause (G1 Evacuation Pause) (young) 3467M->1137M(6144M), 0.0326779 secs]
2021-06-25T15:35:44.383+0800: 25716.953: [GC pause (G1 Evacuation Pause) (young) 1552M->1141M(6144M), 0.0264153 secs]
2021-06-25T15:35:54.590+0800: 25727.160: [GC pause (G1 Evacuation Pause) (young) 1984M->1143M(6144M), 0.0282254 secs]
2021-06-25T15:36:05.386+0800: 25737.956: [GC pause (G1 Evacuation Pause) (young) 2799M->1152M(6144M), 0.0343245 secs]
2021-06-25T15:36:17.518+0800: 25750.088: [GC pause (G1 Evacuation Pause) (young) 3579M->1148M(6144M), 0.0395251 secs]
2021-06-25T15:36:32.314+0800: 25764.883: [GC pause (G1 Evacuation Pause) (young) 4640M->1157M(6144M), 0.0419657 secs]
2021-06-25T15:36:54.527+0800: 25787.096: [GC pause (G1 Evacuation Pause) (young) 4842M->1162M(6144M), 0.0510902 secs]
2021-06-25T15:37:03.791+0800: 25796.361: [GC pause (G1 Evacuation Pause) (young) 3020M->1153M(6144M), 0.0393052 secs]
2021-06-25T15:37:24.283+0800: 25816.853: [GC pause (G1 Evacuation Pause) (young) 4825M->1160M(6144M), 0.0472325 secs]
2021-06-25T15:37:47.277+0800: 25839.846: [GC pause (G1 Evacuation Pause) (young) 4818M->1163M(6144M), 0.0403127 secs]
2021-06-25T15:38:09.246+0800: 25861.816: [GC pause (G1 Evacuation Pause) (young) 4828M->1167M(6144M), 0.0449423 secs]
2021-06-25T15:38:31.463+0800: 25884.033: [GC pause (G1 Evacuation Pause) (young) 4823M->1167M(6144M), 0.0434712 secs]
2021-06-25T15:38:57.180+0800: 25909.750: [GC pause (G1 Evacuation Pause) (young) 4817M->1172M(6144M), 0.0442260 secs]
2021-06-25T15:39:24.557+0800: 25937.127: [GC pause (G1 Evacuation Pause) (young) 4841M->1174M(6144M), 0.0514589 secs]
2021-06-25T15:39:53.776+0800: 25966.346: [GC pause (G1 Evacuation Pause) (young) 4831M->1179M(6144M), 0.0511330 secs]
2021-06-25T15:40:20.023+0800: 25992.593: [GC pause (G1 Evacuation Pause) (young) 4828M->1187M(6144M), 0.0524472 secs]
2021-06-25T15:40:41.026+0800: 26013.596: [GC pause (G1 Evacuation Pause) (young) 4839M->1180M(6144M), 0.0497182 secs]
2021-06-25T15:41:04.973+0800: 26037.543: [GC pause (G1 Evacuation Pause) (young) 4866M->1185M(6144M), 0.0548203 secs]
2021-06-25T15:41:27.376+0800: 26059.946: [GC pause (G1 Evacuation Pause) (young) 4120M->1190M(6144M), 0.0489671 secs]
2021-06-25T15:41:51.349+0800: 26083.919: [GC pause (G1 Evacuation Pause) (young) 4859M->1187M(6144M), 0.0546104 secs]
2021-06-25T15:42:14.656+0800: 26107.226: [GC pause (G1 Evacuation Pause) (young) 4843M->1189M(6144M), 0.0505354 secs]
2021-06-25T15:42:38.340+0800: 26130.910: [GC pause (G1 Evacuation Pause) (young) 4842M->1197M(6144M), 0.0533442 secs]
2021-06-25T15:43:05.491+0800: 26158.061: [GC pause (G1 Evacuation Pause) (young) 4843M->1198M(6144M), 0.0514183 secs]
2021-06-25T15:43:30.908+0800: 26183.478: [GC pause (G1 Evacuation Pause) (young) 4839M->1203M(6144M), 0.0536746 secs]
2021-06-25T15:43:54.125+0800: 26206.694: [GC pause (G1 Evacuation Pause) (young) 4865M->1217M(6144M), 0.0679705 secs]
2021-06-25T15:44:16.832+0800: 26229.402: [GC pause (G1 Evacuation Pause) (young) 4857M->1226M(6144M), 0.0665521 secs]
2021-06-25T15:44:38.016+0800: 26250.586: [GC pause (G1 Evacuation Pause) (young) 4860M->1234M(6144M), 0.0723659 secs]
2021-06-25T15:44:59.841+0800: 26272.411: [GC pause (G1 Evacuation Pause) (young) 4861M->1243M(6144M), 0.0748391 secs]
2021-06-25T15:45:29.081+0800: 26301.651: [GC pause (G1 Evacuation Pause) (young) 4848M->1244M(6144M), 0.0709261 secs]
2021-06-25T15:45:53.469+0800: 26326.039: [GC pause (G1 Evacuation Pause) (young) 4859M->1245M(6144M), 0.0708865 secs]
2021-06-25T15:46:25.085+0800: 26357.655: [GC pause (G1 Evacuation Pause) (young) 4858M->1247M(6144M), 0.0808186 secs]
2021-06-25T15:46:52.118+0800: 26384.688: [GC pause (G1 Evacuation Pause) (young) 4863M->1247M(6144M), 0.0804256 secs]
2021-06-25T15:47:16.238+0800: 26408.808: [GC pause (G1 Evacuation Pause) (young) 4879M->1256M(6144M), 0.0796902 secs]
2021-06-25T15:47:40.336+0800: 26432.906: [GC pause (G1 Evacuation Pause) (young) 4861M->1255M(6144M), 0.0707147 secs]
2021-06-25T15:48:04.411+0800: 26456.981: [GC pause (G1 Evacuation Pause) (young) 4867M->1263M(6144M), 0.0716827 secs]
2021-06-25T15:48:30.768+0800: 26483.338: [GC pause (G1 Evacuation Pause) (young) 4880M->1268M(6144M), 0.0754753 secs]
2021-06-25T15:48:53.564+0800: 26506.134: [GC pause (G1 Evacuation Pause) (young) 4914M->1311M(6144M), 0.1061055 secs]
2021-06-25T15:48:57.071+0800: 26509.641: [GC pause (G1 Evacuation Pause) (young) 4895M->1380M(6144M), 0.1533629 secs]
2021-06-25T15:48:59.149+0800: 26511.719: [GC pause (G1 Evacuation Pause) (young) 4890M->1375M(6144M), 0.1452108 secs]
2021-06-25T15:49:01.281+0800: 26513.851: [GC pause (G1 Evacuation Pause) (young) 4889M->1356M(6144M), 0.1086109 secs]
2021-06-25T15:49:02.919+0800: 26515.489: [GC pause (G1 Evacuation Pause) (young) 4900M->1359M(6144M), 0.1167287 secs]
2021-06-25T15:49:04.651+0800: 26517.221: [GC pause (G1 Evacuation Pause) (young) 4905M->1361M(6144M), 0.1017921 secs]
2021-06-25T15:49:06.609+0800: 26519.178: [GC pause (G1 Evacuation Pause) (young) 4911M->1364M(6144M), 0.1200257 secs]
2021-06-25T15:49:08.486+0800: 26521.056: [GC pause (G1 Evacuation Pause) (young) 4915M->1390M(6144M), 0.1145077 secs]
2021-06-25T15:49:10.282+0800: 26522.852: [GC pause (G1 Evacuation Pause) (young) 4914M->1363M(6144M), 0.0978938 secs]
2021-06-25T15:49:11.975+0800: 26524.544: [GC pause (G1 Evacuation Pause) (young) 4927M->1369M(6144M), 0.0951169 secs]
2021-06-25T15:49:13.515+0800: 26526.085: [GC pause (G1 Evacuation Pause) (young) 4937M->1375M(6144M), 0.1160824 secs]
2021-06-25T15:49:15.136+0800: 26527.706: [GC pause (G1 Evacuation Pause) (young) 4943M->1373M(6144M), 0.0833263 secs]
2021-06-25T15:49:16.718+0800: 26529.288: [GC pause (G1 Evacuation Pause) (young) 4952M->1376M(6144M), 0.0912450 secs]
2021-06-25T15:49:18.469+0800: 26531.039: [GC pause (G1 Evacuation Pause) (young) 4958M->1377M(6144M), 0.0849111 secs]
2021-06-25T15:49:20.084+0800: 26532.654: [GC pause (G1 Evacuation Pause) (young) 4961M->1380M(6144M), 0.0798689 secs]
2021-06-25T15:49:27.704+0800: 26540.274: [GC pause (G1 Evacuation Pause) (young) 4980M->1375M(6144M), 0.0750677 secs]
2021-06-25T15:49:48.838+0800: 26561.407: [GC pause (G1 Evacuation Pause) (young) 4992M->1432M(6144M), 0.1052675 secs]
2021-06-25T15:50:12.629+0800: 26585.198: [GC pause (G1 Evacuation Pause) (young) 5039M->1445M(6144M), 0.0914696 secs]
2021-06-25T15:50:33.727+0800: 26606.297: [GC pause (G1 Evacuation Pause) (young) 5061M->1449M(6144M), 0.0787078 secs]
2021-06-25T15:51:02.584+0800: 26635.154: [GC pause (G1 Evacuation Pause) (young) 5041M->1435M(6144M), 0.0669557 secs]
2021-06-25T15:51:29.705+0800: 26662.275: [GC pause (G1 Evacuation Pause) (young) 5043M->1448M(6144M), 0.0720179 secs]
2021-06-25T15:51:58.881+0800: 26691.451: [GC pause (G1 Evacuation Pause) (young) 5046M->1451M(6144M), 0.0751778 secs]
2021-06-25T15:52:24.696+0800: 26717.266: [GC pause (G1 Evacuation Pause) (young) 5046M->1444M(6144M), 0.0714390 secs]
2021-06-25T15:52:54.416+0800: 26746.986: [GC pause (G1 Evacuation Pause) (young) 5053M->1455M(6144M), 0.0771717 secs]
2021-06-25T15:53:23.877+0800: 26776.447: [GC pause (G1 Evacuation Pause) (young) 5057M->1472M(6144M), 0.0870754 secs]
2021-06-25T15:53:40.032+0800: 26792.602: [GC pause (G1 Evacuation Pause) (young) 5080M->1462M(6144M), 0.0854753 secs]
2021-06-25T15:54:04.101+0800: 26816.671: [GC pause (G1 Evacuation Pause) (young) 5061M->1466M(6144M), 0.0868699 secs]
2021-06-25T15:54:25.319+0800: 26837.889: [GC pause (G1 Evacuation Pause) (young) 5057M->1467M(6144M), 0.0862034 secs]
2021-06-25T15:54:52.904+0800: 26865.474: [GC pause (G1 Evacuation Pause) (young) 5091M->1475M(6144M), 0.0995163 secs]
2021-06-25T15:55:24.195+0800: 26896.765: [GC pause (G1 Evacuation Pause) (young) 5055M->1481M(6144M), 0.0959110 secs]
2021-06-25T15:56:00.320+0800: 26932.890: [GC pause (G1 Evacuation Pause) (young) 5055M->1480M(6144M), 0.0971910 secs]
2021-06-25T15:56:23.668+0800: 26956.238: [GC pause (G1 Evacuation Pause) (young) 5059M->1488M(6144M), 0.0961677 secs]
2021-06-25T15:56:47.541+0800: 26980.110: [GC pause (G1 Evacuation Pause) (young) 5124M->1489M(6144M), 0.0761426 secs]
2021-06-25T15:57:11.242+0800: 27003.812: [GC pause (G1 Evacuation Pause) (young) 5143M->1496M(6144M), 0.0669857 secs]
2021-06-25T15:57:33.819+0800: 27026.389: [GC pause (G1 Evacuation Pause) (young) 5114M->1549M(6144M), 0.0952726 secs]
2021-06-25T15:57:51.786+0800: 27044.356: [GC pause (G1 Evacuation Pause) (young) 5129M->1554M(6144M), 0.0977684 secs]
2021-06-25T15:58:09.487+0800: 27062.057: [GC pause (G1 Evacuation Pause) (young) 5130M->1526M(6144M), 0.0868887 secs]
2021-06-25T15:58:32.438+0800: 27085.008: [GC pause (G1 Evacuation Pause) (young) 5301M->1524M(6144M), 0.0795332 secs]
2021-06-25T15:58:49.865+0800: 27102.435: [GC pause (G1 Evacuation Pause) (young) 5146M->1537M(6144M), 0.0848865 secs]
2021-06-25T15:59:13.658+0800: 27126.228: [GC pause (G1 Evacuation Pause) (young) 5167M->1535M(6144M), 0.0734149 secs]
2021-06-25T15:59:50.403+0800: 27162.973: [GC pause (G1 Evacuation Pause) (young) 5161M->1537M(6144M), 0.0767519 secs]
2021-06-25T16:00:27.974+0800: 27200.544: [GC pause (G1 Evacuation Pause) (young) 5154M->1543M(6144M), 0.0737442 secs]
2021-06-25T16:00:50.809+0800: 27223.378: [GC pause (G1 Evacuation Pause) (young) 5172M->1551M(6144M), 0.0763474 secs]
2021-06-25T16:01:17.649+0800: 27250.219: [GC pause (G1 Evacuation Pause) (young) 5187M->1554M(6144M), 0.0715906 secs]
2021-06-25T16:01:39.438+0800: 27272.008: [GC pause (G1 Evacuation Pause) (young) 5183M->1562M(6144M), 0.0767873 secs]
2021-06-25T16:02:10.513+0800: 27303.083: [GC pause (G1 Evacuation Pause) (young) 5172M->1553M(6144M), 0.0665325 secs]
2021-06-25T16:02:34.083+0800: 27326.653: [GC pause (G1 Evacuation Pause) (young) 5175M->1564M(6144M), 0.0702448 secs]
2021-06-25T16:02:50.753+0800: 27343.323: [GC pause (G1 Evacuation Pause) (young) 5185M->1575M(6144M), 0.0759217 secs]
2021-06-25T16:03:17.804+0800: 27370.373: [GC pause (G1 Evacuation Pause) (young) 5184M->1561M(6144M), 0.0644142 secs]
2021-06-25T16:03:39.481+0800: 27392.051: [GC pause (G1 Evacuation Pause) (young) 5189M->1568M(6144M), 0.0684213 secs]
2021-06-25T16:03:58.906+0800: 27411.476: [GC pause (G1 Evacuation Pause) (young) 5213M->1569M(6144M), 0.0619378 secs]
2021-06-25T16:04:26.115+0800: 27438.685: [GC pause (G1 Evacuation Pause) (young) 5223M->1575M(6144M), 0.0562229 secs]
2021-06-25T16:04:44.412+0800: 27456.982: [GC pause (G1 Evacuation Pause) (young) 5232M->1580M(6144M), 0.0570629 secs]
2021-06-25T16:05:10.646+0800: 27483.216: [GC pause (G1 Evacuation Pause) (young) 5228M->1579M(6144M), 0.0544932 secs]
2021-06-25T16:05:31.686+0800: 27504.256: [GC pause (G1 Evacuation Pause) (young) 5239M->1577M(6144M), 0.0470179 secs]
2021-06-25T16:05:59.177+0800: 27531.747: [GC pause (G1 Evacuation Pause) (young) 5254M->1579M(6144M), 0.0458054 secs]
2021-06-25T16:06:18.956+0800: 27551.526: [GC pause (G1 Evacuation Pause) (young) 5260M->1590M(6144M), 0.0503878 secs]
2021-06-25T16:06:39.314+0800: 27571.884: [GC pause (G1 Evacuation Pause) (young) 5246M->1587M(6144M), 0.0567123 secs]
2021-06-25T16:07:05.590+0800: 27598.160: [GC pause (G1 Evacuation Pause) (young) 5230M->1592M(6144M), 0.0560590 secs]
2021-06-25T16:07:23.693+0800: 27616.263: [GC pause (G1 Evacuation Pause) (young) 5261M->1597M(6144M), 0.0513927 secs]
2021-06-25T16:07:51.511+0800: 27644.081: [GC pause (G1 Evacuation Pause) (young) 5238M->1596M(6144M), 0.0580792 secs]
2021-06-25T16:08:15.572+0800: 27668.142: [GC pause (G1 Evacuation Pause) (young) 5265M->1596M(6144M), 0.0600982 secs]
2021-06-25T16:08:34.007+0800: 27686.577: [GC pause (G1 Evacuation Pause) (young) 5271M->1601M(6144M), 0.0468140 secs]
2021-06-25T16:09:00.821+0800: 27713.391: [GC pause (G1 Evacuation Pause) (young) 5263M->1603M(6144M), 0.0532666 secs]
2021-06-25T16:09:29.221+0800: 27741.791: [GC pause (G1 Evacuation Pause) (young) 5248M->1601M(6144M), 0.0544060 secs]
2021-06-25T16:09:51.459+0800: 27764.029: [GC pause (G1 Evacuation Pause) (young) 5260M->1601M(6144M), 0.0492468 secs]
2021-06-25T16:10:23.826+0800: 27796.396: [GC pause (G1 Evacuation Pause) (young) 5251M->1608M(6144M), 0.0527154 secs]
2021-06-25T16:10:50.341+0800: 27822.911: [GC pause (G1 Evacuation Pause) (young) 5263M->1607M(6144M), 0.0525664 secs]
2021-06-25T16:11:11.608+0800: 27844.178: [GC pause (G1 Evacuation Pause) (young) 5273M->1611M(6144M), 0.0524923 secs]
2021-06-25T16:11:37.665+0800: 27870.235: [GC pause (G1 Evacuation Pause) (young) 5280M->1611M(6144M), 0.0506803 secs]
2021-06-25T16:12:01.852+0800: 27894.422: [GC pause (G1 Evacuation Pause) (young) 5294M->1626M(6144M), 0.0557761 secs]
2021-06-25T16:12:19.701+0800: 27912.271: [GC pause (G1 Evacuation Pause) (young) 5287M->1622M(6144M), 0.0557844 secs]
2021-06-25T16:12:43.323+0800: 27935.893: [GC pause (G1 Evacuation Pause) (young) 5263M->1623M(6144M), 0.0495866 secs]
2021-06-25T16:13:08.747+0800: 27961.317: [GC pause (G1 Evacuation Pause) (young) 5267M->1631M(6144M), 0.0534922 secs]
2021-06-25T16:13:41.293+0800: 27993.863: [GC pause (G1 Evacuation Pause) (young) 5277M->1628M(6144M), 0.0537494 secs]
2021-06-25T16:14:07.993+0800: 28020.563: [GC pause (G1 Evacuation Pause) (young) 5290M->1632M(6144M), 0.0575776 secs]
2021-06-25T16:14:36.823+0800: 28049.393: [GC pause (G1 Evacuation Pause) (young) 5273M->1637M(6144M), 0.0546703 secs]
2021-06-25T16:14:55.567+0800: 28068.137: [GC pause (G1 Evacuation Pause) (young) 5281M->1644M(6144M), 0.0566276 secs]
2021-06-25T16:15:14.492+0800: 28087.062: [GC pause (G1 Evacuation Pause) (young) 5305M->1643M(6144M), 0.0601480 secs]
2021-06-25T16:15:35.870+0800: 28108.440: [GC pause (G1 Evacuation Pause) (young) 5290M->1641M(6144M), 0.0555391 secs]
2021-06-25T16:15:51.849+0800: 28124.419: [GC pause (G1 Evacuation Pause) (young) 5290M->1647M(6144M), 0.0580063 secs]
2021-06-25T16:16:16.681+0800: 28149.251: [GC pause (G1 Evacuation Pause) (young) 5286M->1653M(6144M), 0.0616266 secs]
2021-06-25T16:16:38.044+0800: 28170.614: [GC pause (G1 Evacuation Pause) (young) 5293M->1656M(6144M), 0.0625462 secs]
2021-06-25T16:17:03.134+0800: 28195.704: [GC pause (G1 Evacuation Pause) (young) 5286M->1653M(6144M), 0.0592018 secs]
2021-06-25T16:17:23.459+0800: 28216.028: [GC pause (G1 Evacuation Pause) (young) 5305M->1656M(6144M), 0.0605867 secs]
2021-06-25T16:17:43.413+0800: 28235.983: [GC pause (G1 Evacuation Pause) (young) 5291M->1656M(6144M), 0.0571290 secs]
2021-06-25T16:18:03.525+0800: 28256.095: [GC pause (G1 Evacuation Pause) (young) 5313M->1658M(6144M), 0.0598990 secs]
2021-06-25T16:18:29.483+0800: 28282.053: [GC pause (G1 Evacuation Pause) (young) 5304M->1659M(6144M), 0.0576925 secs]
2021-06-25T16:18:52.205+0800: 28304.775: [GC pause (G1 Evacuation Pause) (young) 5321M->1665M(6144M), 0.0537399 secs]
2021-06-25T16:19:11.894+0800: 28324.464: [GC pause (G1 Evacuation Pause) (young) 5321M->1748M(6144M), 0.1023723 secs]
2021-06-25T16:19:35.256+0800: 28347.826: [GC pause (G1 Evacuation Pause) (young) 5305M->1759M(6144M), 0.1019654 secs]
2021-06-25T16:19:53.955+0800: 28366.524: [GC pause (G1 Evacuation Pause) (young) 5324M->1756M(6144M), 0.1013500 secs]
2021-06-25T16:20:18.894+0800: 28391.464: [GC pause (G1 Evacuation Pause) (young) 5320M->1765M(6144M), 0.1041697 secs]
2021-06-25T16:20:41.548+0800: 28414.118: [GC pause (G1 Evacuation Pause) (young) 5330M->1801M(6144M), 0.1205316 secs]
2021-06-25T16:21:05.410+0800: 28437.980: [GC pause (G1 Evacuation Pause) (young) 5337M->1775M(6144M), 0.1004455 secs]
2021-06-25T16:21:30.232+0800: 28462.802: [GC pause (G1 Evacuation Pause) (young) 5339M->1773M(6144M), 0.1058697 secs]
2021-06-25T16:21:50.222+0800: 28482.792: [GC pause (G1 Evacuation Pause) (young) 5548M->1826M(6144M), 0.1012870 secs]
2021-06-25T16:22:07.358+0800: 28499.928: [GC pause (G1 Evacuation Pause) (young) 5498M->1839M(6144M), 0.1328145 secs]
2021-06-25T16:22:07.660+0800: 28500.230: [GC pause (G1 Evacuation Pause) (young) 1947M->1851M(6144M), 0.1203739 secs]
2021-06-25T16:22:26.517+0800: 28519.087: [GC pause (GCLocker Initiated GC) (young) 4511M->1997M(6144M), 0.0462722 secs]
2021-06-25T16:22:53.790+0800: 28546.360: [GC pause (G1 Evacuation Pause) (young) 5454M->1871M(6144M), 0.0427713 secs]
2021-06-25T16:23:01.020+0800: 28553.590: [GC pause (G1 Evacuation Pause) (young) 5476M->1990M(6144M), 0.1318970 secs]
2021-06-25T16:23:02.006+0800: 28554.576: [GC pause (G1 Evacuation Pause) (young) 3802M->1977M(6144M), 0.1217729 secs]
2021-06-25T16:23:04.102+0800: 28556.672: [GC pause (G1 Evacuation Pause) (young) 5411M->1970M(6144M), 0.1112188 secs]
2021-06-25T16:23:05.818+0800: 28558.388: [GC pause (G1 Evacuation Pause) (young) 5420M->1957M(6144M), 0.0659624 secs]
2021-06-25T16:23:07.351+0800: 28559.921: [GC pause (G1 Evacuation Pause) (young) 5431M->1954M(6144M), 0.0625086 secs]
2021-06-25T16:23:09.013+0800: 28561.583: [GC pause (G1 Evacuation Pause) (young) 5436M->1955M(6144M), 0.0797644 secs]
2021-06-25T16:23:10.546+0800: 28563.116: [GC pause (G1 Evacuation Pause) (young) 5435M->1955M(6144M), 0.0644448 secs]
2021-06-25T16:23:12.146+0800: 28564.715: [GC pause (G1 Evacuation Pause) (young) 5433M->1957M(6144M), 0.0636782 secs]
2021-06-25T16:23:13.689+0800: 28566.259: [GC pause (G1 Evacuation Pause) (young) 5431M->1958M(6144M), 0.0649991 secs]
2021-06-25T16:23:15.108+0800: 28567.678: [GC pause (G1 Evacuation Pause) (young) 5432M->1958M(6144M), 0.0636178 secs]
2021-06-25T16:23:16.593+0800: 28569.162: [GC pause (G1 Evacuation Pause) (young) 5432M->1955M(6144M), 0.0634426 secs]
2021-06-25T16:23:18.041+0800: 28570.611: [GC pause (G1 Evacuation Pause) (young) 5433M->1959M(6144M), 0.0657547 secs]
2021-06-25T16:23:19.626+0800: 28572.196: [GC pause (G1 Evacuation Pause) (young) 5429M->1958M(6144M), 0.0647196 secs]
2021-06-25T16:23:21.221+0800: 28573.791: [GC pause (G1 Evacuation Pause) (young) 5432M->1959M(6144M), 0.0787704 secs]
2021-06-25T16:23:22.796+0800: 28575.366: [GC pause (G1 Evacuation Pause) (young) 5429M->1965M(6144M), 0.0736349 secs]
2021-06-25T16:23:36.836+0800: 28589.406: [GC pause (G1 Evacuation Pause) (young) 5427M->1931M(6144M), 0.0628232 secs]
2021-06-25T16:24:05.401+0800: 28617.971: [GC pause (G1 Evacuation Pause) (young) 5546M->1993M(6144M), 0.0669919 secs]
2021-06-25T16:24:28.178+0800: 28640.748: [GC pause (G1 Evacuation Pause) (young) 5467M->2009M(6144M), 0.0645046 secs]
2021-06-25T16:24:52.317+0800: 28664.886: [GC pause (G1 Evacuation Pause) (young) 5439M->2014M(6144M), 0.0724443 secs]
2021-06-25T16:25:15.166+0800: 28687.735: [GC pause (G1 Evacuation Pause) (young) 5449M->2007M(6144M), 0.0626370 secs]
2021-06-25T16:25:38.429+0800: 28710.998: [GC pause (G1 Evacuation Pause) (young) 5459M->2013M(6144M), 0.0670441 secs]
2021-06-25T16:26:04.510+0800: 28737.080: [GC pause (G1 Evacuation Pause) (young) 5608M->2034M(6144M), 0.0870581 secs]
2021-06-25T16:26:30.218+0800: 28762.788: [GC pause (G1 Evacuation Pause) (young) 5442M->2020M(6144M), 0.0718498 secs]
2021-06-25T16:27:04.811+0800: 28797.381: [GC pause (G1 Evacuation Pause) (young) 5613M->2022M(6144M), 0.0813621 secs]
2021-06-25T16:27:32.193+0800: 28824.763: [GC pause (G1 Evacuation Pause) (young) 5439M->2025M(6144M), 0.0756726 secs]
2021-06-25T16:28:00.618+0800: 28853.188: [GC pause (G1 Evacuation Pause) (young) 5600M->2027M(6144M), 0.0886974 secs]
2021-06-25T16:28:32.628+0800: 28885.198: [GC pause (G1 Evacuation Pause) (young) 5427M->2029M(6144M), 0.0846166 secs]
2021-06-25T16:28:58.106+0800: 28910.676: [GC pause (G1 Evacuation Pause) (young) 5426M->2031M(6144M), 0.0845932 secs]
2021-06-25T16:29:23.737+0800: 28936.307: [GC pause (G1 Evacuation Pause) (young) 5421M->2030M(6144M), 0.0869135 secs]
2021-06-25T16:29:55.306+0800: 28967.876: [GC pause (G1 Evacuation Pause) (young) 5447M->2031M(6144M), 0.0915037 secs]
2021-06-25T16:30:30.587+0800: 29003.157: [GC pause (G1 Evacuation Pause) (young) 5451M->2038M(6144M), 0.0873022 secs]
2021-06-25T16:30:55.490+0800: 29028.060: [GC pause (G1 Evacuation Pause) (young) 5433M->2040M(6144M), 0.0929182 secs]
2021-06-25T16:31:22.028+0800: 29054.598: [GC pause (G1 Evacuation Pause) (young) 5477M->2050M(6144M), 0.0732211 secs]
2021-06-25T16:31:45.664+0800: 29078.234: [GC pause (G1 Evacuation Pause) (young) 5482M->2048M(6144M), 0.0564649 secs]
2021-06-25T16:32:03.919+0800: 29096.489: [GC pause (G1 Evacuation Pause) (young) 5510M->2116M(6144M), 0.0904272 secs]
2021-06-25T16:32:37.475+0800: 29130.045: [GC pause (G1 Evacuation Pause) (young) 5418M->2117M(6144M), 0.0982217 secs]
2021-06-25T16:33:05.765+0800: 29158.334: [GC pause (G1 Evacuation Pause) (young) 5437M->2119M(6144M), 0.0914369 secs]
2021-06-25T16:33:31.617+0800: 29184.187: [GC pause (G1 Evacuation Pause) (young) 5420M->2127M(6144M), 0.0997501 secs]
2021-06-25T16:33:51.958+0800: 29204.528: [GC pause (G1 Evacuation Pause) (young) 5425M->2129M(6144M), 0.1011658 secs]
2021-06-25T16:34:14.828+0800: 29227.398: [GC pause (G1 Evacuation Pause) (young) 5428M->2130M(6144M), 0.0929824 secs]
2021-06-25T16:34:39.323+0800: 29251.893: [GC pause (G1 Evacuation Pause) (young) 5415M->2131M(6144M), 0.0976182 secs]
2021-06-25T16:35:03.538+0800: 29276.108: [GC pause (G1 Evacuation Pause) (young) 5429M->2140M(6144M), 0.0934949 secs]
2021-06-25T16:35:24.413+0800: 29296.983: [GC pause (G1 Evacuation Pause) (young) 5408M->2141M(6144M), 0.0942389 secs]
2021-06-25T16:35:28.901+0800: 29301.471: [GC pause (G1 Evacuation Pause) (young) 5424M->2246M(6144M), 0.1826495 secs]
2021-06-25T16:35:30.651+0800: 29303.221: [GC pause (G1 Evacuation Pause) (young) 5304M->2241M(6144M), 0.2013718 secs]
2021-06-25T16:35:32.279+0800: 29304.849: [GC pause (G1 Evacuation Pause) (young) 5326M->2218M(6144M), 0.1210032 secs]
2021-06-25T16:35:33.875+0800: 29306.445: [GC pause (G1 Evacuation Pause) (young) 5346M->2222M(6144M), 0.1250244 secs]
2021-06-25T16:35:35.621+0800: 29308.191: [GC pause (G1 Evacuation Pause) (young) 5342M->2216M(6144M), 0.1093251 secs]
2021-06-25T16:35:36.979+0800: 29309.549: [GC pause (G1 Evacuation Pause) (young) 5348M->2215M(6144M), 0.1102434 secs]
2021-06-25T16:35:38.535+0800: 29311.105: [GC pause (G1 Evacuation Pause) (young) 5351M->2215M(6144M), 0.1217004 secs]
2021-06-25T16:35:40.007+0800: 29312.577: [GC pause (G1 Evacuation Pause) (young) 5411M->2240M(6144M), 0.1177282 secs]
2021-06-25T16:35:41.352+0800: 29313.922: [GC pause (G1 Evacuation Pause) (young) 5392M->2219M(6144M), 0.0817723 secs]
2021-06-25T16:35:42.892+0800: 29315.462: [GC pause (G1 Evacuation Pause) (young) 5417M->2228M(6144M), 0.0906739 secs]
2021-06-25T16:35:44.462+0800: 29317.032: [GC pause (G1 Evacuation Pause) (young) 5414M->2228M(6144M), 0.0796386 secs]
2021-06-25T16:35:45.930+0800: 29318.500: [GC pause (G1 Evacuation Pause) (young) 5417M->2229M(6144M), 0.0776840 secs]
2021-06-25T16:35:47.490+0800: 29320.060: [GC pause (G1 Evacuation Pause) (young) 5422M->2230M(6144M), 0.0777711 secs]
2021-06-25T16:35:48.953+0800: 29321.523: [GC pause (G1 Evacuation Pause) (young) 5426M->2232M(6144M), 0.0744181 secs]
2021-06-25T16:35:50.425+0800: 29322.995: [GC pause (G1 Evacuation Pause) (young) 5428M->2235M(6144M), 0.0705008 secs]
2021-06-25T16:35:51.805+0800: 29324.375: [GC pause (G1 Evacuation Pause) (young) 5429M->2259M(6144M), 0.0779736 secs]
2021-06-25T16:36:00.928+0800: 29333.498: [GC pause (G1 Evacuation Pause) (young) 5517M->2266M(6144M), 0.0323109 secs]
2021-06-25T16:36:20.055+0800: 29352.625: [GC pause (G1 Evacuation Pause) (young) 5529M->2364M(6144M), 0.0864289 secs]
2021-06-25T16:36:35.945+0800: 29368.515: [GC pause (G1 Evacuation Pause) (young) 5445M->2369M(6144M), 0.0782655 secs]
2021-06-25T16:36:55.109+0800: 29387.679: [GC pause (G1 Evacuation Pause) (young) 5426M->2377M(6144M), 0.0826948 secs]
2021-06-25T16:37:16.955+0800: 29409.525: [GC pause (G1 Evacuation Pause) (young) 5406M->2378M(6144M), 0.0778289 secs]
2021-06-25T16:37:36.414+0800: 29428.984: [GC pause (G1 Evacuation Pause) (young) 5413M->2382M(6144M), 0.0856089 secs]
2021-06-25T16:37:58.251+0800: 29450.821: [GC pause (G1 Evacuation Pause) (young) 5406M->2392M(6144M), 0.0874733 secs]
2021-06-25T16:38:21.318+0800: 29473.887: [GC pause (G1 Evacuation Pause) (young) 5420M->2386M(6144M), 0.0891843 secs]
2021-06-25T16:38:50.733+0800: 29503.303: [GC pause (G1 Evacuation Pause) (young) 5400M->2385M(6144M), 0.0842423 secs]
2021-06-25T16:39:19.523+0800: 29532.093: [GC pause (G1 Evacuation Pause) (young) 5411M->2388M(6144M), 0.0870361 secs]
2021-06-25T16:39:47.148+0800: 29559.718: [GC pause (G1 Evacuation Pause) (young) 5426M->2388M(6144M), 0.0934153 secs]
2021-06-25T16:40:11.756+0800: 29584.326: [GC pause (G1 Evacuation Pause) (young) 5415M->2388M(6144M), 0.0883233 secs]
2021-06-25T16:40:34.448+0800: 29607.018: [GC pause (G1 Evacuation Pause) (young) 5423M->2396M(6144M), 0.0970585 secs]
2021-06-25T16:41:00.679+0800: 29633.249: [GC pause (G1 Evacuation Pause) (young) 5562M->2401M(6144M), 0.1074247 secs]
2021-06-25T16:41:23.125+0800: 29655.695: [GC pause (G1 Evacuation Pause) (young) 5401M->2397M(6144M), 0.1111438 secs]
2021-06-25T16:41:52.449+0800: 29685.019: [GC pause (G1 Evacuation Pause) (young) 5392M->2402M(6144M), 0.1083277 secs]
2021-06-25T16:42:12.162+0800: 29704.732: [GC pause (G1 Evacuation Pause) (young) 5427M->2409M(6144M), 0.1034803 secs]
2021-06-25T16:42:34.266+0800: 29726.836: [GC pause (G1 Evacuation Pause) (young) 5498M->2420M(6144M), 0.0728555 secs]
2021-06-25T16:42:59.674+0800: 29752.244: [GC pause (G1 Evacuation Pause) (young) 5480M->2423M(6144M), 0.0487934 secs]
2021-06-25T16:43:19.455+0800: 29772.025: [GC pause (G1 Evacuation Pause) (young) 5503M->2423M(6144M), 0.0503844 secs]
2021-06-25T16:43:48.428+0800: 29800.998: [GC pause (G1 Evacuation Pause) (young) 5489M->2423M(6144M), 0.0491085 secs]
2021-06-25T16:44:11.329+0800: 29823.899: [GC pause (G1 Evacuation Pause) (young) 5489M->2425M(6144M), 0.0486757 secs]
2021-06-25T16:44:31.537+0800: 29844.107: [GC pause (G1 Evacuation Pause) (young) 5491M->2424M(6144M), 0.0473824 secs]
2021-06-25T16:44:56.318+0800: 29868.888: [GC pause (G1 Evacuation Pause) (young) 5670M->2426M(6144M), 0.0494305 secs]
2021-06-25T16:45:20.960+0800: 29893.530: [GC pause (G1 Evacuation Pause) (young) 5491M->2433M(6144M), 0.0497125 secs]
2021-06-25T16:45:44.563+0800: 29917.133: [GC pause (G1 Evacuation Pause) (young) 5501M->2436M(6144M), 0.0519909 secs]
2021-06-25T16:46:05.258+0800: 29937.828: [GC pause (G1 Evacuation Pause) (young) 5497M->2441M(6144M), 0.0527118 secs]
2021-06-25T16:46:22.520+0800: 29955.090: [GC pause (G1 Evacuation Pause) (young) 5491M->2446M(6144M), 0.0566870 secs]
2021-06-25T16:46:38.594+0800: 29971.164: [GC pause (G1 Evacuation Pause) (young) 5480M->2453M(6144M), 0.0536713 secs]
2021-06-25T16:46:53.038+0800: 29985.608: [GC pause (G1 Evacuation Pause) (young) 5487M->2508M(6144M), 0.1061043 secs]
2021-06-25T16:47:09.913+0800: 30002.483: [GC pause (G1 Evacuation Pause) (young) 5616M->2451M(6144M), 0.0544230 secs]
2021-06-25T16:47:33.981+0800: 30026.550: [GC pause (G1 Evacuation Pause) (young) 5653M->2465M(6144M), 0.0645929 secs]
2021-06-25T16:47:56.567+0800: 30049.137: [GC pause (G1 Evacuation Pause) (young) 5464M->2452M(6144M), 0.0454505 secs]
2021-06-25T16:48:14.011+0800: 30066.581: [GC pause (G1 Evacuation Pause) (young) 5494M->2458M(6144M), 0.0497206 secs]
2021-06-25T16:48:34.190+0800: 30086.760: [GC pause (G1 Evacuation Pause) (young) 5484M->2454M(6144M), 0.0487341 secs]
2021-06-25T16:48:54.876+0800: 30107.446: [GC pause (G1 Evacuation Pause) (young) 5490M->2461M(6144M), 0.0514378 secs]
2021-06-25T16:49:16.233+0800: 30128.803: [GC pause (G1 Evacuation Pause) (young) 5492M->2469M(6144M), 0.0576331 secs]
2021-06-25T16:49:33.426+0800: 30145.996: [GC pause (G1 Evacuation Pause) (young) 5474M->2465M(6144M), 0.0503300 secs]
2021-06-25T16:50:00.513+0800: 30173.082: [GC pause (G1 Evacuation Pause) (young) 5486M->2468M(6144M), 0.0508014 secs]
2021-06-25T16:50:25.007+0800: 30197.577: [GC pause (G1 Evacuation Pause) (young) 5476M->2465M(6144M), 0.0479000 secs]
2021-06-25T16:50:49.586+0800: 30222.156: [GC pause (G1 Evacuation Pause) (young) 5488M->2468M(6144M), 0.0506483 secs]
2021-06-25T16:51:16.675+0800: 30249.244: [GC pause (G1 Evacuation Pause) (young) 5489M->2473M(6144M), 0.0540327 secs]
2021-06-25T16:51:41.721+0800: 30274.291: [GC pause (G1 Evacuation Pause) (young) 5481M->2472M(6144M), 0.0520768 secs]
2021-06-25T16:52:04.011+0800: 30296.580: [GC pause (G1 Evacuation Pause) (young) 5478M->2482M(6144M), 0.0516159 secs]
2021-06-25T16:52:30.405+0800: 30322.975: [GC pause (G1 Evacuation Pause) (young) 5478M->2561M(6144M), 0.0903782 secs]
2021-06-25T16:52:53.135+0800: 30345.705: [GC pause (G1 Evacuation Pause) (young) 5410M->2482M(6144M), 0.0497692 secs]
2021-06-25T16:53:17.265+0800: 30369.835: [GC pause (G1 Evacuation Pause) (young) 5479M->2487M(6144M), 0.0553017 secs]
2021-06-25T16:53:36.496+0800: 30389.066: [GC pause (G1 Evacuation Pause) (young) 5504M->2484M(6144M), 0.0546070 secs]
2021-06-25T16:53:57.907+0800: 30410.477: [GC pause (G1 Evacuation Pause) (young) 5490M->2490M(6144M), 0.0518665 secs]
2021-06-25T16:54:17.495+0800: 30430.065: [GC pause (G1 Evacuation Pause) (young) 5510M->2493M(6144M), 0.0562710 secs]
2021-06-25T16:54:36.317+0800: 30448.887: [GC pause (G1 Evacuation Pause) (young) 5490M->2500M(6144M), 0.0557087 secs]
2021-06-25T16:55:06.572+0800: 30479.142: [GC pause (G1 Evacuation Pause) (young) 5487M->2504M(6144M), 0.0573053 secs]
2021-06-25T16:55:28.038+0800: 30500.608: [GC pause (G1 Evacuation Pause) (young) 5503M->2507M(6144M), 0.0581482 secs]
2021-06-25T16:55:48.539+0800: 30521.109: [GC pause (G1 Evacuation Pause) (young) 5490M->2507M(6144M), 0.0538379 secs]
2021-06-25T16:56:13.556+0800: 30546.126: [GC pause (G1 Evacuation Pause) (young) 5489M->2504M(6144M), 0.0511145 secs]
2021-06-25T16:56:34.942+0800: 30567.511: [GC pause (G1 Evacuation Pause) (young) 5528M->2530M(6144M), 0.0577026 secs]
2021-06-25T16:56:56.307+0800: 30588.877: [GC pause (G1 Evacuation Pause) (young) 5496M->2509M(6144M), 0.0556319 secs]
2021-06-25T16:56:59.703+0800: 30592.273: [GC pause (G1 Evacuation Pause) (young) 2773M->2510M(6144M), 0.0427025 secs]
2021-06-25T16:57:02.971+0800: 30595.541: [GC pause (G1 Evacuation Pause) (young) 2795M->2513M(6144M), 0.0435428 secs]
2021-06-25T16:57:05.048+0800: 30597.618: [GC pause (G1 Evacuation Pause) (young) 2793M->2516M(6144M), 0.0247380 secs]
2021-06-25T16:57:06.366+0800: 30598.936: [GC pause (G1 Evacuation Pause) (young) 2802M->2518M(6144M), 0.0274472 secs]
2021-06-25T16:57:09.121+0800: 30601.691: [GC pause (G1 Evacuation Pause) (young) 2801M->2515M(6144M), 0.0220178 secs]
2021-06-25T16:57:12.523+0800: 30605.093: [GC pause (G1 Evacuation Pause) (young) 3013M->2512M(6144M), 0.0209559 secs]
2021-06-25T16:57:22.828+0800: 30615.398: [GC pause (G1 Evacuation Pause) (young) 3389M->2523M(6144M), 0.0285920 secs]
2021-06-25T16:57:36.082+0800: 30628.652: [GC pause (G1 Evacuation Pause) (young) 3761M->2514M(6144M), 0.0277620 secs]
2021-06-25T16:57:52.214+0800: 30644.784: [GC pause (G1 Evacuation Pause) (young) 4479M->2518M(6144M), 0.0301381 secs]
2021-06-25T16:58:12.205+0800: 30664.775: [GC pause (G1 Evacuation Pause) (young) 5478M->2536M(6144M), 0.0361200 secs]
2021-06-25T16:58:34.563+0800: 30687.132: [GC pause (G1 Evacuation Pause) (young) 5481M->2528M(6144M), 0.0379123 secs]
2021-06-25T16:58:57.790+0800: 30710.360: [GC pause (G1 Evacuation Pause) (young) 5486M->2530M(6144M), 0.0383886 secs]
2021-06-25T16:59:21.573+0800: 30734.143: [GC pause (G1 Evacuation Pause) (young) 5498M->2531M(6144M), 0.0419399 secs]
2021-06-25T16:59:38.983+0800: 30751.553: [GC pause (G1 Evacuation Pause) (young) 5491M->2531M(6144M), 0.0423396 secs]
2021-06-25T17:00:02.640+0800: 30775.209: [GC pause (G1 Evacuation Pause) (young) 5494M->2530M(6144M), 0.0397288 secs]
2021-06-25T17:00:25.222+0800: 30797.791: [GC pause (G1 Evacuation Pause) (young) 5498M->2533M(6144M), 0.0412738 secs]
2021-06-25T17:00:43.924+0800: 30816.494: [GC pause (G1 Evacuation Pause) (young) 5512M->2535M(6144M), 0.0440594 secs]
2021-06-25T17:01:07.725+0800: 30840.295: [GC pause (G1 Evacuation Pause) (young) 5511M->2537M(6144M), 0.0517765 secs]
2021-06-25T17:01:31.634+0800: 30864.204: [GC pause (G1 Evacuation Pause) (young) 5485M->2550M(6144M), 0.0489404 secs]
2021-06-25T17:01:49.061+0800: 30881.631: [GC pause (G1 Evacuation Pause) (young) 5477M->2631M(6144M), 0.1003102 secs]
2021-06-25T17:02:08.164+0800: 30900.733: [GC pause (G1 Evacuation Pause) (young) 5396M->2632M(6144M), 0.0942945 secs]
2021-06-25T17:02:27.359+0800: 30919.928: [GC pause (G1 Evacuation Pause) (young) 5408M->2633M(6144M), 0.0985050 secs]
2021-06-25T17:02:48.027+0800: 30940.597: [GC pause (G1 Evacuation Pause) (young) 5413M->2638M(6144M), 0.0999614 secs]
2021-06-25T17:03:12.381+0800: 30964.951: [GC pause (G1 Evacuation Pause) (young) 5407M->2646M(6144M), 0.1132747 secs]
2021-06-25T17:03:29.748+0800: 30982.318: [GC pause (G1 Evacuation Pause) (young) 5412M->2658M(6144M), 0.1088927 secs]
2021-06-25T17:03:50.248+0800: 31002.818: [GC pause (G1 Evacuation Pause) (young) 5378M->2642M(6144M), 0.0939140 secs]
2021-06-25T17:04:09.753+0800: 31022.323: [GC pause (G1 Evacuation Pause) (young) 5397M->2645M(6144M), 0.0959022 secs]
2021-06-25T17:04:35.288+0800: 31047.858: [GC pause (G1 Evacuation Pause) (young) 5401M->2652M(6144M), 0.0996260 secs]
2021-06-25T17:05:01.457+0800: 31074.027: [GC pause (G1 Evacuation Pause) (young) 5391M->2650M(6144M), 0.0970374 secs]
2021-06-25T17:05:23.326+0800: 31095.896: [GC pause (G1 Evacuation Pause) (young) 5399M->2651M(6144M), 0.0963585 secs]
2021-06-25T17:05:46.725+0800: 31119.295: [GC pause (G1 Evacuation Pause) (young) 5402M->2656M(6144M), 0.0978172 secs]
2021-06-25T17:06:04.091+0800: 31136.661: [GC pause (G1 Evacuation Pause) (young) 5403M->2660M(6144M), 0.0987449 secs]
2021-06-25T17:06:25.933+0800: 31158.503: [GC pause (G1 Evacuation Pause) (young) 5403M->2660M(6144M), 0.1131849 secs]
2021-06-25T17:06:46.428+0800: 31178.998: [GC pause (G1 Evacuation Pause) (young) 5425M->2666M(6144M), 0.1054088 secs]
2021-06-25T17:07:09.012+0800: 31201.582: [GC pause (G1 Evacuation Pause) (young) 5390M->2697M(6144M), 0.1073684 secs]
2021-06-25T17:07:33.870+0800: 31226.440: [GC pause (G1 Evacuation Pause) (young) 5457M->2683M(6144M), 0.0649209 secs]
2021-06-25T17:07:54.466+0800: 31247.036: [GC pause (G1 Evacuation Pause) (young) 5483M->2779M(6144M), 0.0996617 secs]
2021-06-25T17:08:14.664+0800: 31267.234: [GC pause (G1 Evacuation Pause) (young) 5402M->2787M(6144M), 0.1008289 secs]
2021-06-25T17:08:35.408+0800: 31287.978: [GC pause (G1 Evacuation Pause) (young) 5396M->2790M(6144M), 0.1033763 secs]
2021-06-25T17:08:57.158+0800: 31309.728: [GC pause (G1 Evacuation Pause) (young) 5392M->2786M(6144M), 0.0992921 secs]
2021-06-25T17:09:18.187+0800: 31330.757: [GC pause (G1 Evacuation Pause) (young) 5391M->2793M(6144M), 0.1028796 secs]
2021-06-25T17:09:34.824+0800: 31347.394: [GC pause (G1 Evacuation Pause) (young) 5397M->2793M(6144M), 0.1041088 secs]
2021-06-25T17:09:52.019+0800: 31364.589: [GC pause (G1 Evacuation Pause) (young) 5388M->2797M(6144M), 0.1023459 secs]
2021-06-25T17:10:06.303+0800: 31378.873: [GC pause (G1 Evacuation Pause) (young) 5382M->2793M(6144M), 0.0987371 secs]
2021-06-25T17:10:30.274+0800: 31402.844: [GC pause (G1 Evacuation Pause) (young) 5389M->2805M(6144M), 0.1037581 secs]
2021-06-25T17:10:51.232+0800: 31423.802: [GC pause (G1 Evacuation Pause) (young) 5384M->2804M(6144M), 0.1022703 secs]
2021-06-25T17:11:15.459+0800: 31448.029: [GC pause (G1 Evacuation Pause) (young) 5386M->2811M(6144M), 0.1045263 secs]
2021-06-25T17:11:33.228+0800: 31465.797: [GC pause (G1 Evacuation Pause) (young) 5389M->2812M(6144M), 0.1008261 secs]
2021-06-25T17:11:46.625+0800: 31479.195: [GC pause (G1 Evacuation Pause) (young) 5389M->2815M(6144M), 0.0983086 secs]
2021-06-25T17:12:07.045+0800: 31499.615: [GC pause (G1 Evacuation Pause) (young) 5398M->2813M(6144M), 0.0961496 secs]
2021-06-25T17:12:29.921+0800: 31522.491: [GC pause (G1 Evacuation Pause) (young) 5403M->2814M(6144M), 0.0959088 secs]
2021-06-25T17:12:47.539+0800: 31540.109: [GC pause (G1 Evacuation Pause) (young) 5393M->2823M(6144M), 0.0918157 secs]
2021-06-25T17:13:04.426+0800: 31556.996: [GC pause (G1 Evacuation Pause) (young) (initial-mark) 5485M->2834M(6144M), 0.0747515 secs]
2021-06-25T17:13:04.501+0800: 31557.070: [GC concurrent-root-region-scan-start]
2021-06-25T17:13:04.556+0800: 31557.126: [GC concurrent-root-region-scan-end, 0.0556944 secs]
2021-06-25T17:13:04.556+0800: 31557.126: [GC concurrent-mark-start]
2021-06-25T17:13:05.832+0800: 31558.401: [GC concurrent-mark-end, 1.2752692 secs]
2021-06-25T17:13:05.833+0800: 31558.403: [GC remark, 0.0960575 secs]
2021-06-25T17:13:05.931+0800: 31558.501: [GC cleanup 2939M->2115M(6144M), 0.0207003 secs]
2021-06-25T17:13:05.952+0800: 31558.522: [GC concurrent-cleanup-start]
2021-06-25T17:13:05.954+0800: 31558.523: [GC concurrent-cleanup-end, 0.0011213 secs]
2021-06-25T17:13:22.776+0800: 31575.346: [GC pause (G1 Evacuation Pause) (young) 4674M->2007M(6144M), 0.0495319 secs]
2021-06-25T17:13:25.287+0800: 31577.857: [GC pause (G1 Evacuation Pause) (mixed) 2275M->1415M(6144M), 0.0859759 secs]
2021-06-25T17:13:26.213+0800: 31578.783: [GC pause (G1 Evacuation Pause) (mixed) 1701M->1083M(6144M), 0.1287245 secs]
2021-06-25T17:13:30.430+0800: 31583.000: [GC pause (G1 Evacuation Pause) (mixed) 1366M->957M(6144M), 0.1129979 secs]
2021-06-25T17:14:10.632+0800: 31623.202: [GC pause (G1 Evacuation Pause) (young) 4644M->979M(6144M), 0.0589538 secs]
2021-06-25T17:14:44.830+0800: 31657.400: [GC pause (G1 Evacuation Pause) (young) 4627M->992M(6144M), 0.0488797 secs]
2021-06-25T17:15:13.258+0800: 31685.828: [GC pause (G1 Evacuation Pause) (young) 4657M->987M(6144M), 0.0529607 secs]
2021-06-25T17:15:36.365+0800: 31708.935: [GC pause (G1 Evacuation Pause) (young) 4645M->995M(6144M), 0.0543038 secs]
2021-06-25T17:16:08.116+0800: 31740.686: [GC pause (G1 Evacuation Pause) (young) 4638M->995M(6144M), 0.0542275 secs]
2021-06-25T17:16:38.174+0800: 31770.744: [GC pause (G1 Evacuation Pause) (young) 4639M->998M(6144M), 0.0553897 secs]
2021-06-25T17:17:04.647+0800: 31797.217: [GC pause (G1 Evacuation Pause) (young) 4632M->997M(6144M), 0.0549187 secs]
2021-06-25T17:17:32.681+0800: 31825.251: [GC pause (G1 Evacuation Pause) (young) 4973M->1009M(6144M), 0.0696594 secs]
2021-06-25T17:17:59.897+0800: 31852.466: [GC pause (G1 Evacuation Pause) (young) 4638M->1006M(6144M), 0.0617514 secs]
2021-06-25T17:18:26.771+0800: 31879.340: [GC pause (G1 Evacuation Pause) (young) 4626M->1014M(6144M), 0.0635245 secs]
2021-06-25T17:18:52.065+0800: 31904.634: [GC pause (G1 Evacuation Pause) (young) 4979M->1021M(6144M), 0.0744106 secs]
2021-06-25T17:19:13.362+0800: 31925.932: [GC pause (G1 Evacuation Pause) (young) 4657M->1018M(6144M), 0.0706864 secs]
2021-06-25T17:19:41.154+0800: 31953.724: [GC pause (G1 Evacuation Pause) (young) 4655M->1025M(6144M), 0.0696785 secs]
2021-06-25T17:20:03.900+0800: 31976.469: [GC pause (G1 Evacuation Pause) (young) 4638M->1033M(6144M), 0.0678244 secs]
2021-06-25T17:20:33.597+0800: 32006.166: [GC pause (G1 Evacuation Pause) (young) 4655M->1030M(6144M), 0.0692328 secs]
2021-06-25T17:20:58.143+0800: 32030.713: [GC pause (G1 Evacuation Pause) (young) 4659M->1029M(6144M), 0.0687886 secs]
2021-06-25T17:21:17.141+0800: 32049.711: [GC pause (G1 Evacuation Pause) (young) 4677M->1039M(6144M), 0.0805875 secs]
2021-06-25T17:21:43.275+0800: 32075.845: [GC pause (G1 Evacuation Pause) (young) 4656M->1030M(6144M), 0.0685169 secs]
2021-06-25T17:22:09.629+0800: 32102.199: [GC pause (G1 Evacuation Pause) (young) 4670M->1053M(6144M), 0.0761172 secs]
2021-06-25T17:22:28.183+0800: 32120.753: [GC pause (G1 Evacuation Pause) (young) 4693M->1047M(6144M), 0.0697092 secs]
2021-06-25T17:22:52.807+0800: 32145.377: [GC pause (G1 Evacuation Pause) (young) 4677M->1047M(6144M), 0.0638374 secs]
2021-06-25T17:23:19.049+0800: 32171.618: [GC pause (G1 Evacuation Pause) (young) 4691M->1039M(6144M), 0.0622123 secs]
2021-06-25T17:23:39.609+0800: 32192.179: [GC pause (G1 Evacuation Pause) (young) 4688M->1220M(6144M), 0.1543136 secs]
2021-06-25T17:24:06.798+0800: 32219.367: [GC pause (G1 Evacuation Pause) (young) 4690M->1059M(6144M), 0.0675910 secs]
2021-06-25T17:24:34.901+0800: 32247.471: [GC pause (G1 Evacuation Pause) (young) 4698M->1051M(6144M), 0.0701151 secs]
2021-06-25T17:25:10.018+0800: 32282.587: [GC pause (G1 Evacuation Pause) (young) 4691M->1064M(6144M), 0.0651375 secs]
2021-06-25T17:25:32.946+0800: 32305.515: [GC pause (G1 Evacuation Pause) (young) 4726M->1069M(6144M), 0.0686707 secs]
2021-06-25T17:25:56.278+0800: 32328.847: [GC pause (G1 Evacuation Pause) (young) 4709M->1076M(6144M), 0.0711289 secs]
2021-06-25T17:26:19.935+0800: 32352.505: [GC pause (G1 Evacuation Pause) (young) 4708M->1071M(6144M), 0.0629396 secs]
2021-06-25T17:26:40.729+0800: 32373.299: [GC pause (G1 Evacuation Pause) (young) 4715M->1080M(6144M), 0.0685604 secs]
2021-06-25T17:27:04.611+0800: 32397.181: [GC pause (G1 Evacuation Pause) (young) 4759M->1078M(6144M), 0.0616721 secs]
2021-06-25T17:27:06.945+0800: 32399.515: [GC pause (G1 Evacuation Pause) (young) 1318M->1084M(6144M), 0.0579764 secs]
2021-06-25T17:27:24.264+0800: 32416.834: [GC pause (G1 Evacuation Pause) (young) 3521M->1086M(6144M), 0.0696362 secs]
2021-06-25T17:27:41.086+0800: 32433.656: [GC pause (G1 Evacuation Pause) (young) 3630M->1090M(6144M), 0.0350997 secs]
2021-06-25T17:28:12.855+0800: 32465.425: [GC pause (G1 Evacuation Pause) (young) 4761M->1092M(6144M), 0.0432463 secs]
2021-06-25T17:28:43.105+0800: 32495.674: [GC pause (G1 Evacuation Pause) (young) 4762M->1093M(6144M), 0.0485229 secs]
2021-06-25T17:29:12.151+0800: 32524.721: [GC pause (G1 Evacuation Pause) (young) 4770M->1098M(6144M), 0.0501801 secs]
2021-06-25T17:29:42.469+0800: 32555.039: [GC pause (G1 Evacuation Pause) (young) 4752M->1100M(6144M), 0.0466039 secs]
2021-06-25T17:30:10.233+0800: 32582.803: [GC pause (G1 Evacuation Pause) (young) 4755M->1105M(6144M), 0.0544259 secs]
2021-06-25T17:30:44.178+0800: 32616.748: [GC pause (G1 Evacuation Pause) (young) 4745M->1111M(6144M), 0.0541792 secs]
2021-06-25T17:31:15.459+0800: 32648.029: [GC pause (G1 Evacuation Pause) (young) 4770M->1104M(6144M), 0.0543022 secs]
2021-06-25T17:31:45.088+0800: 32677.658: [GC pause (G1 Evacuation Pause) (young) 4749M->1109M(6144M), 0.0605848 secs]
2021-06-25T17:32:11.171+0800: 32703.741: [GC pause (G1 Evacuation Pause) (young) 4768M->1112M(6144M), 0.0664385 secs]
2021-06-25T17:32:40.021+0800: 32732.591: [GC pause (G1 Evacuation Pause) (young) 4755M->1110M(6144M), 0.0658085 secs]
2021-06-25T17:33:13.106+0800: 32765.676: [GC pause (G1 Evacuation Pause) (young) 4759M->1111M(6144M), 0.0578136 secs]
2021-06-25T17:33:37.856+0800: 32790.426: [GC pause (G1 Evacuation Pause) (young) 4761M->1118M(6144M), 0.0596600 secs]
2021-06-25T17:34:01.969+0800: 32814.539: [GC pause (G1 Evacuation Pause) (young) 4763M->1128M(6144M), 0.0635991 secs]
2021-06-25T17:34:27.948+0800: 32840.518: [GC pause (G1 Evacuation Pause) (young) 4759M->1128M(6144M), 0.0605043 secs]
2021-06-25T17:34:46.951+0800: 32859.521: [GC pause (G1 Evacuation Pause) (young) 4778M->1133M(6144M), 0.0633012 secs]
2021-06-25T17:35:21.294+0800: 32893.864: [GC pause (G1 Evacuation Pause) (young) 4782M->1137M(6144M), 0.0596536 secs]
2021-06-25T17:35:55.103+0800: 32927.672: [GC pause (G1 Evacuation Pause) (young) 4769M->1139M(6144M), 0.0605498 secs]
2021-06-25T17:36:29.084+0800: 32961.654: [GC pause (G1 Evacuation Pause) (young) 4786M->1141M(6144M), 0.0579234 secs]
2021-06-25T17:36:51.615+0800: 32984.185: [GC pause (G1 Evacuation Pause) (young) 4953M->1143M(6144M), 0.0586986 secs]
2021-06-25T17:37:15.832+0800: 33008.401: [GC pause (G1 Evacuation Pause) (young) 4783M->1143M(6144M), 0.0549352 secs]
2021-06-25T17:37:37.659+0800: 33030.228: [GC pause (G1 Evacuation Pause) (young) 4791M->1145M(6144M), 0.0557878 secs]
2021-06-25T17:38:05.363+0800: 33057.932: [GC pause (G1 Evacuation Pause) (young) 4784M->1206M(6144M), 0.0850251 secs]
2021-06-25T17:38:34.148+0800: 33086.718: [GC pause (G1 Evacuation Pause) (young) 4797M->1209M(6144M), 0.0922402 secs]
2021-06-25T17:39:04.977+0800: 33117.547: [GC pause (G1 Evacuation Pause) (young) 4806M->1208M(6144M), 0.0864496 secs]
2021-06-25T17:39:33.130+0800: 33145.700: [GC pause (G1 Evacuation Pause) (young) 4805M->1211M(6144M), 0.0864286 secs]
2021-06-25T17:39:57.192+0800: 33169.762: [GC pause (G1 Evacuation Pause) (young) 4807M->1218M(6144M), 0.0864997 secs]
2021-06-25T17:40:32.473+0800: 33205.043: [GC pause (G1 Evacuation Pause) (young) 4809M->1226M(6144M), 0.0880107 secs]
2021-06-25T17:41:08.335+0800: 33240.905: [GC pause (G1 Evacuation Pause) (young) 4804M->1265M(6144M), 0.1149173 secs]
2021-06-25T17:41:38.910+0800: 33271.480: [GC pause (G1 Evacuation Pause) (young) 4817M->1227M(6144M), 0.0835889 secs]
2021-06-25T17:42:10.909+0800: 33303.479: [GC pause (G1 Evacuation Pause) (young) 4839M->1226M(6144M), 0.0839554 secs]
2021-06-25T17:42:38.555+0800: 33331.125: [GC pause (G1 Evacuation Pause) (young) 4819M->1228M(6144M), 0.0799291 secs]
2021-06-25T17:43:21.630+0800: 33374.200: [GC pause (G1 Evacuation Pause) (young) 4821M->1232M(6144M), 0.0760321 secs]
2021-06-25T17:43:57.002+0800: 33409.572: [GC pause (G1 Evacuation Pause) (young) 4827M->1236M(6144M), 0.0790589 secs]
2021-06-25T17:44:31.324+0800: 33443.894: [GC pause (G1 Evacuation Pause) (young) 4844M->1234M(6144M), 0.0797840 secs]
2021-06-25T17:45:12.868+0800: 33485.438: [GC pause (G1 Evacuation Pause) (young) 4840M->1239M(6144M), 0.0791422 secs]
2021-06-25T17:45:41.956+0800: 33514.526: [GC pause (G1 Evacuation Pause) (young) 4953M->1246M(6144M), 0.0837415 secs]
2021-06-25T17:46:08.785+0800: 33541.354: [GC pause (G1 Evacuation Pause) (young) 4911M->1258M(6144M), 0.0869354 secs]
2021-06-25T17:46:40.007+0800: 33572.577: [GC pause (G1 Evacuation Pause) (young) 4912M->1252M(6144M), 0.0692779 secs]
2021-06-25T17:47:11.591+0800: 33604.161: [GC pause (G1 Evacuation Pause) (young) 4910M->1264M(6144M), 0.0529729 secs]
2021-06-25T17:47:41.487+0800: 33634.057: [GC pause (G1 Evacuation Pause) (young) 4965M->1261M(6144M), 0.0582871 secs]
2021-06-25T17:48:18.873+0800: 33671.443: [GC pause (G1 Evacuation Pause) (young) 4929M->1265M(6144M), 0.0527248 secs]
2021-06-25T17:48:50.149+0800: 33702.719: [GC pause (G1 Evacuation Pause) (young) 4981M->1272M(6144M), 0.0554936 secs]
2021-06-25T17:49:18.666+0800: 33731.236: [GC pause (G1 Evacuation Pause) (young) 4925M->1265M(6144M), 0.0486913 secs]
2021-06-25T17:49:47.645+0800: 33760.215: [GC pause (G1 Evacuation Pause) (young) 4930M->1270M(6144M), 0.0510314 secs]
2021-06-25T17:50:24.134+0800: 33796.704: [GC pause (G1 Evacuation Pause) (young) 4918M->1281M(6144M), 0.0530566 secs]
2021-06-25T17:50:45.925+0800: 33818.495: [GC pause (G1 Evacuation Pause) (young) 4966M->1277M(6144M), 0.0579118 secs]
2021-06-25T17:51:25.792+0800: 33858.362: [GC pause (G1 Evacuation Pause) (young) 4969M->1277M(6144M), 0.0585114 secs]
2021-06-25T17:52:02.477+0800: 33895.047: [GC pause (G1 Evacuation Pause) (young) 4945M->1277M(6144M), 0.0530275 secs]
2021-06-25T17:52:35.385+0800: 33927.955: [GC pause (G1 Evacuation Pause) (young) 4931M->1282M(6144M), 0.0551925 secs]
2021-06-25T17:53:07.410+0800: 33959.980: [GC pause (G1 Evacuation Pause) (young) 4926M->1281M(6144M), 0.0496020 secs]
2021-06-25T17:53:47.140+0800: 33999.709: [GC pause (G1 Evacuation Pause) (young) 4993M->1289M(6144M), 0.0548581 secs]
2021-06-25T17:54:13.468+0800: 34026.037: [GC pause (G1 Evacuation Pause) (young) 4960M->1319M(6144M), 0.0682713 secs]
2021-06-25T17:54:41.738+0800: 34054.308: [GC pause (G1 Evacuation Pause) (young) 4991M->1293M(6144M), 0.0592145 secs]
2021-06-25T17:55:22.014+0800: 34094.584: [GC pause (G1 Evacuation Pause) (young) 4946M->1293M(6144M), 0.0490751 secs]
2021-06-25T17:55:43.373+0800: 34115.943: [GC pause (G1 Evacuation Pause) (young) 4997M->1313M(6144M), 0.0670903 secs]
2021-06-25T17:55:44.350+0800: 34116.920: [GC pause (G1 Evacuation Pause) (young) 1560M->1321M(6144M), 0.0552800 secs]
2021-06-25T17:55:45.545+0800: 34118.115: [GC pause (G1 Evacuation Pause) (young) 1631M->1320M(6144M), 0.0526434 secs]
2021-06-25T17:55:46.530+0800: 34119.100: [GC pause (G1 Evacuation Pause) (young) 1618M->1320M(6144M), 0.0134984 secs]
2021-06-25T17:55:48.626+0800: 34121.196: [GC pause (G1 Evacuation Pause) (young) 1939M->1326M(6144M), 0.0188064 secs]
2021-06-25T17:55:54.547+0800: 34127.117: [GC pause (G1 Evacuation Pause) (young) 2379M->1333M(6144M), 0.0289805 secs]
2021-06-25T17:56:11.462+0800: 34144.032: [GC pause (G1 Evacuation Pause) (young) 3086M->1335M(6144M), 0.0260844 secs]
2021-06-25T17:56:34.869+0800: 34167.439: [GC pause (G1 Evacuation Pause) (young) 4341M->1335M(6144M), 0.0294616 secs]
2021-06-25T17:57:19.339+0800: 34211.908: [GC pause (G1 Evacuation Pause) (young) 5008M->1343M(6144M), 0.0398822 secs]
2021-06-25T17:57:55.640+0800: 34248.210: [GC pause (G1 Evacuation Pause) (young) 5005M->1345M(6144M), 0.0347145 secs]
2021-06-25T17:58:23.213+0800: 34275.783: [GC pause (G1 Evacuation Pause) (young) 5023M->1356M(6144M), 0.0434325 secs]
2021-06-25T17:58:59.705+0800: 34312.275: [GC pause (G1 Evacuation Pause) (young) 5006M->1349M(6144M), 0.0395927 secs]
2021-06-25T17:59:32.774+0800: 34345.344: [GC pause (G1 Evacuation Pause) (young) 5003M->1362M(6144M), 0.0446539 secs]
2021-06-25T18:00:11.224+0800: 34383.794: [GC pause (G1 Evacuation Pause) (young) 5005M->1357M(6144M), 0.0466773 secs]
2021-06-25T18:00:57.762+0800: 34430.332: [GC pause (G1 Evacuation Pause) (young) 5019M->1358M(6144M), 0.0465959 secs]
2021-06-25T18:01:33.806+0800: 34466.376: [GC pause (G1 Evacuation Pause) (young) 5018M->1360M(6144M), 0.0516806 secs]
2021-06-25T18:02:10.117+0800: 34502.687: [GC pause (G1 Evacuation Pause) (young) 5011M->1359M(6144M), 0.0469449 secs]
2021-06-25T18:02:49.026+0800: 34541.596: [GC pause (G1 Evacuation Pause) (young) 5013M->1363M(6144M), 0.0483896 secs]
2021-06-25T18:03:27.956+0800: 34580.526: [GC pause (G1 Evacuation Pause) (young) 5015M->1361M(6144M), 0.0505545 secs]
2021-06-25T18:04:10.450+0800: 34623.020: [GC pause (G1 Evacuation Pause) (young) 5014M->1368M(6144M), 0.0503632 secs]
2021-06-25T18:04:44.889+0800: 34657.459: [GC pause (G1 Evacuation Pause) (young) 5029M->1446M(6144M), 0.0999096 secs]
2021-06-25T18:05:23.604+0800: 34696.174: [GC pause (G1 Evacuation Pause) (young) 5039M->1451M(6144M), 0.1048476 secs]
2021-06-25T18:05:53.728+0800: 34726.298: [GC pause (G1 Evacuation Pause) (young) 5026M->1454M(6144M), 0.0910461 secs]
2021-06-25T18:06:29.673+0800: 34762.242: [GC pause (G1 Evacuation Pause) (young) 5016M->1454M(6144M), 0.0896968 secs]
2021-06-25T18:07:12.897+0800: 34805.467: [GC pause (G1 Evacuation Pause) (young) 5032M->1459M(6144M), 0.0905375 secs]
2021-06-25T18:07:51.175+0800: 34843.745: [GC pause (G1 Evacuation Pause) (young) 5045M->1464M(6144M), 0.0936089 secs]
2021-06-25T18:08:31.099+0800: 34883.669: [GC pause (G1 Evacuation Pause) (young) 5042M->1465M(6144M), 0.0925251 secs]
2021-06-25T18:09:11.905+0800: 34924.475: [GC pause (G1 Evacuation Pause) (young) 5041M->1468M(6144M), 0.1027774 secs]
2021-06-25T18:09:54.978+0800: 34967.548: [GC pause (G1 Evacuation Pause) (young) 5034M->1469M(6144M), 0.0910043 secs]
2021-06-25T18:10:31.335+0800: 35003.905: [GC pause (G1 Evacuation Pause) (young) 5067M->1473M(6144M), 0.0939431 secs]
2021-06-25T18:11:07.967+0800: 35040.537: [GC pause (G1 Evacuation Pause) (young) 5049M->1470M(6144M), 0.0880848 secs]
2021-06-25T18:11:40.612+0800: 35073.182: [GC pause (G1 Evacuation Pause) (young) 5043M->1472M(6144M), 0.0834445 secs]
2021-06-25T18:12:21.597+0800: 35114.167: [GC pause (G1 Evacuation Pause) (young) 5064M->1475M(6144M), 0.0912663 secs]
2021-06-25T18:13:08.989+0800: 35161.559: [GC pause (G1 Evacuation Pause) (young) 5047M->1483M(6144M), 0.0897174 secs]
2021-06-25T18:13:45.438+0800: 35198.007: [GC pause (G1 Evacuation Pause) (young) 5045M->1482M(6144M), 0.0873672 secs]
2021-06-25T18:14:39.933+0800: 35252.503: [GC pause (G1 Evacuation Pause) (young) 5059M->1497M(6144M), 0.0987209 secs]
2021-06-25T18:15:32.721+0800: 35305.291: [GC pause (G1 Evacuation Pause) (young) 5158M->1506M(6144M), 0.0799685 secs]
2021-06-25T18:16:12.975+0800: 35345.545: [GC pause (G1 Evacuation Pause) (young) 5153M->1504M(6144M), 0.0458110 secs]
2021-06-25T18:17:03.304+0800: 35395.874: [GC pause (G1 Evacuation Pause) (young) 5170M->1508M(6144M), 0.0460559 secs]
2021-06-25T18:17:30.499+0800: 35423.069: [GC pause (G1 Evacuation Pause) (young) 5171M->1884M(6144M), 0.2538851 secs]
2021-06-25T18:17:39.064+0800: 35431.634: [GC pause (G1 Evacuation Pause) (young) 2770M->1943M(6144M), 0.2253879 secs]
2021-06-25T18:18:26.228+0800: 35478.798: [GC pause (G1 Evacuation Pause) (young) 5373M->1950M(6144M), 0.0556431 secs]
2021-06-25T18:19:15.188+0800: 35527.758: [GC pause (G1 Evacuation Pause) (young) 5403M->1958M(6144M), 0.0277675 secs]
2021-06-25T18:19:53.034+0800: 35565.604: [GC pause (G1 Evacuation Pause) (young) 5424M->1957M(6144M), 0.0279764 secs]
2021-06-25T18:20:27.559+0800: 35600.129: [GC pause (G1 Evacuation Pause) (young) 5457M->1961M(6144M), 0.0319964 secs]
2021-06-25T18:21:17.289+0800: 35649.859: [GC pause (G1 Evacuation Pause) (young) 5458M->1961M(6144M), 0.0297601 secs]
2021-06-25T18:22:03.815+0800: 35696.385: [GC pause (G1 Evacuation Pause) (young) 5495M->1970M(6144M), 0.0396816 secs]
2021-06-25T18:22:51.820+0800: 35744.390: [GC pause (G1 Evacuation Pause) (young) 5479M->1971M(6144M), 0.0367968 secs]
2021-06-25T18:23:38.332+0800: 35790.901: [GC pause (G1 Evacuation Pause) (young) 5509M->1975M(6144M), 0.0442486 secs]
2021-06-25T18:24:26.343+0800: 35838.912: [GC pause (G1 Evacuation Pause) (young) 5489M->1971M(6144M), 0.0383454 secs]
2021-06-25T18:25:22.470+0800: 35895.040: [GC pause (G1 Evacuation Pause) (young) 5492M->1973M(6144M), 0.0391995 secs]
2021-06-25T18:26:09.009+0800: 35941.579: [GC pause (G1 Evacuation Pause) (young) 5491M->1974M(6144M), 0.0411915 secs]
2021-06-25T18:27:01.926+0800: 35994.496: [GC pause (G1 Evacuation Pause) (young) 5513M->1980M(6144M), 0.0474465 secs]
2021-06-25T18:27:47.986+0800: 36040.556: [GC pause (G1 Evacuation Pause) (young) 5480M->1979M(6144M), 0.0435451 secs]
2021-06-25T18:28:28.281+0800: 36080.851: [GC pause (G1 Evacuation Pause) (young) 5503M->1982M(6144M), 0.0626740 secs]
2021-06-25T18:29:09.764+0800: 36122.333: [GC pause (G1 Evacuation Pause) (young) 5482M->1983M(6144M), 0.0504586 secs]
2021-06-25T18:29:54.037+0800: 36166.607: [GC pause (G1 Evacuation Pause) (young) 5481M->1986M(6144M), 0.0504366 secs]
2021-06-25T18:30:27.459+0800: 36200.029: [GC pause (G1 Evacuation Pause) (young) 5490M->1988M(6144M), 0.0552761 secs]
2021-06-25T18:31:05.807+0800: 36238.377: [GC pause (G1 Evacuation Pause) (young) 5484M->1997M(6144M), 0.0536202 secs]
2021-06-25T18:31:48.481+0800: 36281.051: [GC pause (G1 Evacuation Pause) (young) 5487M->1993M(6144M), 0.0521348 secs]
2021-06-25T18:32:28.615+0800: 36321.185: [GC pause (G1 Evacuation Pause) (young) 5484M->1997M(6144M), 0.0526129 secs]
2021-06-25T18:33:23.959+0800: 36376.529: [GC pause (G1 Evacuation Pause) (young) 5494M->2002M(6144M), 0.0548573 secs]
2021-06-25T18:34:14.123+0800: 36426.693: [GC pause (G1 Evacuation Pause) (young) 5501M->2007M(6144M), 0.0571259 secs]
2021-06-25T18:35:00.424+0800: 36472.994: [GC pause (G1 Evacuation Pause) (young) 5488M->2003M(6144M), 0.0525882 secs]
2021-06-25T18:35:47.842+0800: 36520.412: [GC pause (G1 Evacuation Pause) (young) 5484M->2003M(6144M), 0.0492904 secs]
2021-06-25T18:36:25.959+0800: 36558.529: [GC pause (G1 Evacuation Pause) (young) 5486M->2005M(6144M), 0.0488614 secs]
2021-06-25T18:36:58.286+0800: 36590.856: [GC pause (G1 Evacuation Pause) (young) 5505M->2044M(6144M), 0.0722818 secs]
2021-06-25T18:37:33.651+0800: 36626.221: [GC pause (G1 Evacuation Pause) (young) 5469M->2014M(6144M), 0.0547591 secs]
2021-06-25T18:38:19.374+0800: 36671.944: [GC pause (G1 Evacuation Pause) (young) 5490M->2018M(6144M), 0.0543666 secs]
2021-06-25T18:38:39.683+0800: 36692.252: [GC pause (G1 Evacuation Pause) (young) 5480M->2116M(6144M), 0.1247533 secs]
2021-06-25T18:38:42.681+0800: 36695.251: [GC pause (G1 Evacuation Pause) (young) 5404M->2114M(6144M), 0.1395199 secs]
2021-06-25T18:38:44.898+0800: 36697.468: [GC pause (G1 Evacuation Pause) (young) 5388M->2096M(6144M), 0.0873324 secs]
2021-06-25T18:38:46.332+0800: 36698.902: [GC pause (G1 Evacuation Pause) (young) 5408M->2096M(6144M), 0.0865421 secs]
2021-06-25T18:38:47.722+0800: 36700.292: [GC pause (G1 Evacuation Pause) (young) 5412M->2098M(6144M), 0.0845658 secs]
2021-06-25T18:38:49.060+0800: 36701.630: [GC pause (G1 Evacuation Pause) (young) 5414M->2099M(6144M), 0.0808426 secs]
2021-06-25T18:38:50.412+0800: 36702.982: [GC pause (G1 Evacuation Pause) (young) 5413M->2100M(6144M), 0.0803132 secs]
2021-06-25T18:38:51.786+0800: 36704.356: [GC pause (G1 Evacuation Pause) (young) 5416M->2103M(6144M), 0.0813739 secs]
2021-06-25T18:38:53.130+0800: 36705.700: [GC pause (G1 Evacuation Pause) (young) 5413M->2101M(6144M), 0.0784974 secs]
2021-06-25T18:38:54.526+0800: 36707.096: [GC pause (G1 Evacuation Pause) (young) 5419M->2101M(6144M), 0.0790299 secs]
2021-06-25T18:38:55.931+0800: 36708.501: [GC pause (G1 Evacuation Pause) (young) 5430M->2103M(6144M), 0.0758779 secs]
2021-06-25T18:38:57.285+0800: 36709.855: [GC pause (G1 Evacuation Pause) (young) 5423M->2107M(6144M), 0.0735264 secs]
2021-06-25T18:38:58.858+0800: 36711.428: [GC pause (G1 Evacuation Pause) (young) 5426M->2114M(6144M), 0.0734180 secs]
2021-06-25T18:39:00.165+0800: 36712.735: [GC pause (G1 Evacuation Pause) (young) 5422M->2110M(6144M), 0.0690568 secs]
2021-06-25T18:39:01.545+0800: 36714.115: [GC pause (G1 Evacuation Pause) (young) 5432M->2113M(6144M), 0.0696486 secs]
2021-06-25T18:39:24.313+0800: 36736.882: [GC pause (G1 Evacuation Pause) (young) 5438M->2091M(6144M), 0.0565417 secs]
2021-06-25T18:40:06.623+0800: 36779.193: [GC pause (G1 Evacuation Pause) (young) 5509M->2096M(6144M), 0.0519452 secs]
2021-06-25T18:41:03.431+0800: 36836.001: [GC pause (G1 Evacuation Pause) (young) 5507M->2154M(6144M), 0.0696524 secs]
2021-06-25T18:41:46.517+0800: 36879.087: [GC pause (G1 Evacuation Pause) (young) 5457M->2106M(6144M), 0.0280143 secs]
2021-06-25T18:42:31.485+0800: 36924.054: [GC pause (G1 Evacuation Pause) (young) 5492M->2108M(6144M), 0.0292944 secs]
2021-06-25T18:43:01.331+0800: 36953.901: [GC pause (G1 Evacuation Pause) (young) 5499M->2112M(6144M), 0.0288150 secs]
2021-06-25T18:43:45.492+0800: 36998.062: [GC pause (G1 Evacuation Pause) (young) 5575M->2121M(6144M), 0.0446092 secs]
2021-06-25T18:44:21.859+0800: 37034.429: [GC pause (G1 Evacuation Pause) (young) 5498M->2197M(6144M), 0.0843716 secs]
2021-06-25T18:45:19.541+0800: 37092.111: [GC pause (G1 Evacuation Pause) (young) 5470M->2198M(6144M), 0.0805770 secs]
2021-06-25T18:45:54.483+0800: 37127.052: [GC pause (G1 Evacuation Pause) (young) 5422M->2196M(6144M), 0.0758526 secs]
2021-06-25T18:46:28.510+0800: 37161.080: [GC pause (G1 Evacuation Pause) (young) 5427M->2199M(6144M), 0.0780114 secs]
2021-06-25T18:47:18.145+0800: 37210.715: [GC pause (G1 Evacuation Pause) (young) 5424M->2320M(6144M), 0.1639154 secs]
2021-06-25T18:48:01.146+0800: 37253.716: [GC pause (G1 Evacuation Pause) (young) 5295M->2208M(6144M), 0.0852709 secs]
2021-06-25T18:48:40.340+0800: 37292.910: [GC pause (G1 Evacuation Pause) (young) 5452M->2198M(6144M), 0.0685417 secs]
2021-06-25T18:49:25.688+0800: 37338.258: [GC pause (G1 Evacuation Pause) (young) 5465M->2202M(6144M), 0.0285592 secs]
2021-06-25T18:50:07.785+0800: 37380.355: [GC pause (G1 Evacuation Pause) (young) 5481M->2208M(6144M), 0.0336197 secs]
2021-06-25T18:51:06.450+0800: 37439.019: [GC pause (G1 Evacuation Pause) (young) 5492M->2204M(6144M), 0.0348617 secs]
2021-06-25T18:51:46.058+0800: 37478.628: [GC pause (G1 Evacuation Pause) (young) 5522M->2211M(6144M), 0.0396686 secs]
2021-06-25T18:52:29.032+0800: 37521.601: [GC pause (G1 Evacuation Pause) (young) 5507M->2215M(6144M), 0.0392688 secs]
2021-06-25T18:53:23.918+0800: 37576.488: [GC pause (G1 Evacuation Pause) (young) 5499M->2209M(6144M), 0.0372479 secs]
2021-06-25T18:54:11.350+0800: 37623.920: [GC pause (G1 Evacuation Pause) (young) 5494M->2213M(6144M), 0.0374197 secs]
2021-06-25T18:55:00.354+0800: 37672.924: [GC pause (G1 Evacuation Pause) (young) 5515M->2214M(6144M), 0.0414580 secs]
2021-06-25T18:55:44.177+0800: 37716.747: [GC pause (G1 Evacuation Pause) (young) 5501M->2219M(6144M), 0.0414033 secs]
2021-06-25T18:56:24.517+0800: 37757.087: [GC pause (G1 Evacuation Pause) (young) 5487M->2218M(6144M), 0.0389401 secs]
2021-06-25T18:57:07.885+0800: 37800.455: [GC pause (G1 Evacuation Pause) (young) 5494M->2256M(6144M), 0.0643598 secs]
2021-06-25T18:57:47.852+0800: 37840.422: [GC pause (G1 Evacuation Pause) (young) 5460M->2227M(6144M), 0.0439627 secs]
2021-06-25T18:58:42.512+0800: 37895.082: [GC pause (G1 Evacuation Pause) (young) 5480M->2228M(6144M), 0.0423125 secs]
2021-06-25T18:59:28.157+0800: 37940.727: [GC pause (G1 Evacuation Pause) (young) 5484M->2225M(6144M), 0.0426238 secs]
2021-06-25T19:00:13.605+0800: 37986.175: [GC pause (G1 Evacuation Pause) (young) 5489M->2231M(6144M), 0.0428128 secs]
2021-06-25T19:01:08.096+0800: 38040.666: [GC pause (G1 Evacuation Pause) (young) 5546M->2225M(6144M), 0.0472204 secs]
2021-06-25T19:02:02.548+0800: 38095.118: [GC pause (G1 Evacuation Pause) (young) 5494M->2233M(6144M), 0.0436709 secs]
2021-06-25T19:03:10.661+0800: 38163.230: [GC pause (G1 Evacuation Pause) (young) 5511M->2234M(6144M), 0.0456002 secs]
2021-06-25T19:04:08.303+0800: 38220.873: [GC pause (G1 Evacuation Pause) (young) 5488M->2232M(6144M), 0.0387796 secs]
2021-06-25T19:05:12.819+0800: 38285.389: [GC pause (G1 Evacuation Pause) (young) 5506M->2231M(6144M), 0.0395332 secs]
2021-06-25T19:06:05.356+0800: 38337.926: [GC pause (G1 Evacuation Pause) (young) 5491M->2231M(6144M), 0.0385182 secs]
2021-06-25T19:07:03.646+0800: 38396.216: [GC pause (G1 Evacuation Pause) (young) 5497M->2236M(6144M), 0.0385952 secs]
2021-06-25T19:07:45.295+0800: 38437.865: [GC pause (G1 Evacuation Pause) (young) 5493M->2237M(6144M), 0.0383954 secs]
2021-06-25T19:08:45.050+0800: 38497.620: [GC pause (G1 Evacuation Pause) (young) 5501M->2250M(6144M), 0.0456054 secs]
2021-06-25T19:09:43.052+0800: 38555.622: [GC pause (G1 Evacuation Pause) (young) 5491M->2243M(6144M), 0.0406004 secs]
2021-06-25T19:10:34.444+0800: 38607.014: [GC pause (G1 Evacuation Pause) (young) 5497M->2243M(6144M), 0.0394689 secs]
2021-06-25T19:11:31.748+0800: 38664.318: [GC pause (G1 Evacuation Pause) (young) 5520M->2243M(6144M), 0.0423615 secs]
2021-06-25T19:12:09.782+0800: 38702.352: [GC pause (G1 Evacuation Pause) (young) 5511M->2253M(6144M), 0.0435022 secs]
2021-06-25T19:13:12.507+0800: 38765.077: [GC pause (G1 Evacuation Pause) (young) 5494M->2247M(6144M), 0.0383470 secs]
2021-06-25T19:14:10.590+0800: 38823.160: [GC pause (G1 Evacuation Pause) (young) 5491M->2255M(6144M), 0.0400291 secs]
2021-06-25T19:15:11.950+0800: 38884.520: [GC pause (G1 Evacuation Pause) (young) 5501M->2263M(6144M), 0.0503239 secs]
2021-06-25T19:16:00.668+0800: 38933.237: [GC pause (G1 Evacuation Pause) (young) 5504M->2266M(6144M), 0.0521947 secs]
2021-06-25T19:17:08.513+0800: 39001.083: [GC pause (G1 Evacuation Pause) (young) 5488M->2272M(6144M), 0.0496073 secs]
2021-06-25T19:18:00.391+0800: 39052.961: [GC pause (G1 Evacuation Pause) (young) 5475M->2295M(6144M), 0.0581182 secs]
2021-06-25T19:18:44.320+0800: 39096.890: [GC pause (G1 Evacuation Pause) (young) 5458M->2275M(6144M), 0.0476351 secs]
2021-06-25T19:19:48.051+0800: 39160.620: [GC pause (G1 Evacuation Pause) (young) 5487M->2276M(6144M), 0.0470030 secs]
2021-06-25T19:20:45.332+0800: 39217.902: [GC pause (G1 Evacuation Pause) (young) 5477M->2314M(6144M), 0.0648890 secs]
2021-06-25T19:21:39.469+0800: 39272.039: [GC pause (G1 Evacuation Pause) (young) 5493M->2283M(6144M), 0.0521156 secs]
2021-06-25T19:22:37.795+0800: 39330.365: [GC pause (G1 Evacuation Pause) (young) 5494M->2278M(6144M), 0.0483951 secs]
2021-06-25T19:23:33.810+0800: 39386.379: [GC pause (G1 Evacuation Pause) (young) 5538M->2284M(6144M), 0.0511586 secs]
2021-06-25T19:24:31.266+0800: 39443.836: [GC pause (G1 Evacuation Pause) (young) 5479M->2289M(6144M), 0.0502663 secs]
2021-06-25T19:25:27.348+0800: 39499.918: [GC pause (G1 Evacuation Pause) (young) 5478M->2285M(6144M), 0.0476898 secs]
2021-06-25T19:26:13.812+0800: 39546.382: [GC pause (G1 Evacuation Pause) (young) 5479M->2286M(6144M), 0.0464110 secs]
2021-06-25T19:26:59.514+0800: 39592.084: [GC pause (G1 Evacuation Pause) (young) 5492M->2334M(6144M), 0.0782088 secs]
2021-06-25T19:27:02.613+0800: 39595.183: [GC pause (G1 Evacuation Pause) (young) 5452M->2403M(6144M), 0.1496125 secs]
2021-06-25T19:27:04.097+0800: 39596.667: [GC pause (G1 Evacuation Pause) (young) 5366M->2392M(6144M), 0.1108850 secs]
2021-06-25T19:27:05.519+0800: 39598.089: [GC pause (G1 Evacuation Pause) (young) 5394M->2377M(6144M), 0.0960985 secs]
2021-06-25T19:27:06.885+0800: 39599.455: [GC pause (G1 Evacuation Pause) (young) 5411M->2380M(6144M), 0.0816486 secs]
2021-06-25T19:27:08.112+0800: 39600.681: [GC pause (G1 Evacuation Pause) (young) 5414M->2377M(6144M), 0.0801884 secs]
2021-06-25T19:27:09.374+0800: 39601.944: [GC pause (G1 Evacuation Pause) (young) 5417M->2378M(6144M), 0.0800288 secs]
2021-06-25T19:27:10.588+0800: 39603.158: [GC pause (G1 Evacuation Pause) (young) 5420M->2382M(6144M), 0.0818090 secs]
2021-06-25T19:27:11.835+0800: 39604.405: [GC pause (G1 Evacuation Pause) (young) 5414M->2379M(6144M), 0.0765782 secs]
2021-06-25T19:27:13.150+0800: 39605.720: [GC pause (G1 Evacuation Pause) (young) 5421M->2386M(6144M), 0.0779161 secs]
2021-06-25T19:27:14.509+0800: 39607.079: [GC pause (G1 Evacuation Pause) (young) 5415M->2383M(6144M), 0.0761116 secs]
2021-06-25T19:27:15.853+0800: 39608.423: [GC pause (G1 Evacuation Pause) (young) 5421M->2384M(6144M), 0.0737061 secs]
2021-06-25T19:27:17.081+0800: 39609.651: [GC pause (G1 Evacuation Pause) (young) 5424M->2388M(6144M), 0.0746686 secs]
2021-06-25T19:27:18.253+0800: 39610.823: [GC pause (G1 Evacuation Pause) (young) 5420M->2386M(6144M), 0.0712357 secs]
2021-06-25T19:27:19.436+0800: 39612.006: [GC pause (G1 Evacuation Pause) (young) 5430M->2389M(6144M), 0.0700913 secs]
2021-06-25T19:27:20.673+0800: 39613.243: [GC pause (G1 Evacuation Pause) (young) 5431M->2394M(6144M), 0.0684312 secs]
2021-06-25T19:27:21.948+0800: 39614.518: [GC pause (G1 Evacuation Pause) (young) 5442M->2391M(6144M), 0.0634614 secs]
2021-06-25T19:27:55.885+0800: 39648.455: [GC pause (G1 Evacuation Pause) (young) 5517M->2406M(6144M), 0.0537983 secs]
2021-06-25T19:29:08.184+0800: 39720.754: [GC pause (G1 Evacuation Pause) (young) 5508M->2406M(6144M), 0.0302697 secs]
2021-06-25T19:30:05.834+0800: 39778.404: [GC pause (G1 Evacuation Pause) (young) 5513M->2413M(6144M), 0.0365565 secs]
2021-06-25T19:30:44.524+0800: 39817.094: [GC pause (G1 Evacuation Pause) (young) 5515M->2418M(6144M), 0.0390920 secs]
2021-06-25T19:31:52.167+0800: 39884.737: [GC pause (G1 Evacuation Pause) (young) 5504M->2421M(6144M), 0.0400934 secs]
2021-06-25T19:32:39.191+0800: 39931.761: [GC pause (G1 Evacuation Pause) (young) 5517M->2423M(6144M), 0.0429671 secs]
2021-06-25T19:33:38.603+0800: 39991.173: [GC pause (G1 Evacuation Pause) (young) 5500M->2452M(6144M), 0.0552556 secs]
2021-06-25T19:34:14.082+0800: 40026.652: [GC pause (G1 Evacuation Pause) (young) 5471M->2512M(6144M), 0.0875904 secs]
2021-06-25T19:35:14.113+0800: 40086.683: [GC pause (G1 Evacuation Pause) (young) 5411M->2514M(6144M), 0.0862253 secs]
2021-06-25T19:35:56.953+0800: 40129.523: [GC pause (G1 Evacuation Pause) (young) 5408M->2544M(6144M), 0.1028419 secs]
2021-06-25T19:36:29.950+0800: 40162.520: [GC pause (G1 Evacuation Pause) (young) 5376M->2514M(6144M), 0.0867893 secs]
2021-06-25T19:37:18.619+0800: 40211.188: [GC pause (G1 Evacuation Pause) (young) 5418M->2518M(6144M), 0.0930893 secs]
2021-06-25T19:38:14.329+0800: 40266.898: [GC pause (G1 Evacuation Pause) (young) 5402M->2520M(6144M), 0.0915030 secs]
2021-06-25T19:39:19.952+0800: 40332.522: [GC pause (G1 Evacuation Pause) (young) 5401M->2619M(6144M), 0.1437097 secs]
2021-06-25T19:39:55.994+0800: 40368.564: [GC pause (G1 Evacuation Pause) (young) 5304M->2521M(6144M), 0.0955080 secs]
2021-06-25T19:41:07.233+0800: 40439.803: [GC pause (G1 Evacuation Pause) (young) 5441M->2520M(6144M), 0.0805923 secs]
2021-06-25T19:42:03.706+0800: 40496.276: [GC pause (G1 Evacuation Pause) (young) 5444M->2520M(6144M), 0.0561246 secs]
2021-06-25T19:43:20.526+0800: 40573.096: [GC pause (G1 Evacuation Pause) (young) 5444M->2525M(6144M), 0.0590568 secs]
2021-06-25T19:44:13.583+0800: 40626.153: [GC pause (G1 Evacuation Pause) (young) 5446M->2524M(6144M), 0.0598127 secs]
2021-06-25T19:45:26.799+0800: 40699.369: [GC pause (G1 Evacuation Pause) (young) 5441M->2522M(6144M), 0.0599923 secs]
2021-06-25T19:46:17.502+0800: 40750.072: [GC pause (G1 Evacuation Pause) (young) 5442M->2539M(6144M), 0.0670835 secs]
2021-06-25T19:47:14.024+0800: 40806.594: [GC pause (G1 Evacuation Pause) (young) 5433M->2531M(6144M), 0.0659391 secs]
2021-06-25T19:48:05.750+0800: 40858.320: [GC pause (G1 Evacuation Pause) (young) 5447M->2535M(6144M), 0.0778148 secs]
2021-06-25T19:49:05.659+0800: 40918.228: [GC pause (G1 Evacuation Pause) (young) 5485M->2581M(6144M), 0.0979763 secs]
2021-06-25T19:50:08.432+0800: 40981.001: [GC pause (G1 Evacuation Pause) (young) 5443M->2541M(6144M), 0.0415915 secs]
2021-06-25T19:51:16.621+0800: 41049.191: [GC pause (G1 Evacuation Pause) (young) 5491M->2540M(6144M), 0.0383881 secs]
2021-06-25T19:52:10.222+0800: 41102.792: [GC pause (G1 Evacuation Pause) (young) 5495M->2541M(6144M), 0.0372965 secs]
2021-06-25T19:53:19.578+0800: 41172.148: [GC pause (G1 Evacuation Pause) (young) 5493M->2547M(6144M), 0.0394682 secs]
2021-06-25T19:54:22.732+0800: 41235.302: [GC pause (G1 Evacuation Pause) (young) 5490M->2545M(6144M), 0.0370257 secs]
2021-06-25T19:55:30.076+0800: 41302.646: [GC pause (G1 Evacuation Pause) (young) 5494M->2550M(6144M), 0.0384747 secs]
2021-06-25T19:56:18.832+0800: 41351.402: [GC pause (G1 Evacuation Pause) (young) 5496M->2550M(6144M), 0.0386116 secs]
2021-06-25T19:57:27.447+0800: 41420.017: [GC pause (G1 Evacuation Pause) (young) 5495M->2563M(6144M), 0.0449291 secs]
2021-06-25T19:58:24.136+0800: 41476.705: [GC pause (G1 Evacuation Pause) (young) 5481M->2559M(6144M), 0.0397646 secs]
2021-06-25T19:59:29.714+0800: 41542.284: [GC pause (G1 Evacuation Pause) (young) 5502M->2556M(6144M), 0.0410457 secs]
2021-06-25T20:00:29.992+0800: 41602.562: [GC pause (G1 Evacuation Pause) (young) 5492M->2566M(6144M), 0.0418573 secs]
2021-06-25T20:01:47.817+0800: 41680.387: [GC pause (G1 Evacuation Pause) (young) 5485M->2559M(6144M), 0.0375745 secs]
2021-06-25T20:03:13.597+0800: 41766.167: [GC pause (G1 Evacuation Pause) (young) 5493M->2566M(6144M), 0.0408708 secs]
2021-06-25T20:04:26.099+0800: 41838.669: [GC pause (G1 Evacuation Pause) (young) 5486M->2568M(6144M), 0.0414769 secs]
2021-06-25T20:05:18.723+0800: 41891.293: [GC pause (G1 Evacuation Pause) (young) 5499M->2570M(6144M), 0.0409321 secs]
2021-06-25T20:05:56.765+0800: 41929.335: [GC pause (G1 Evacuation Pause) (young) 5496M->2575M(6144M), 0.0419702 secs]
2021-06-25T20:07:01.171+0800: 41993.741: [GC pause (G1 Evacuation Pause) (young) 5495M->2661M(6144M), 0.0902487 secs]
2021-06-25T20:07:51.228+0800: 42043.798: [GC pause (G1 Evacuation Pause) (young) 5399M->2662M(6144M), 0.0828052 secs]
2021-06-25T20:08:06.605+0800: 42059.175: [GC pause (G1 Evacuation Pause) (young)-- 5401M->3476M(6144M), 1.1174094 secs]
2021-06-25T20:08:08.030+0800: 42060.600: [GC pause (G1 Evacuation Pause) (young) (initial-mark) 3662M->3549M(6144M), 0.3933158 secs]
2021-06-25T20:08:08.424+0800: 42060.994: [GC concurrent-root-region-scan-start]
2021-06-25T20:08:08.481+0800: 42061.051: [GC concurrent-root-region-scan-end, 0.0575357 secs]
2021-06-25T20:08:08.481+0800: 42061.051: [GC concurrent-mark-start]
2021-06-25T20:08:08.986+0800: 42061.556: [GC pause (G1 Evacuation Pause) (young) 3880M->3675M(6144M), 0.1291829 secs]
2021-06-25T20:08:09.811+0800: 42062.381: [GC pause (G1 Evacuation Pause) (young) 4091M->3831M(6144M), 0.1506837 secs]
2021-06-25T20:08:11.820+0800: 42064.390: [GC concurrent-mark-end, 3.3389967 secs]
2021-06-25T20:08:11.822+0800: 42064.392: [GC remark, 0.1343856 secs]
2021-06-25T20:08:11.959+0800: 42064.529: [GC cleanup 4229M->3417M(6144M), 0.0206230 secs]
2021-06-25T20:08:11.980+0800: 42064.550: [GC concurrent-cleanup-start]
2021-06-25T20:08:11.981+0800: 42064.551: [GC concurrent-cleanup-end, 0.0010627 secs]
2021-06-25T20:08:12.373+0800: 42064.943: [GC pause (G1 Evacuation Pause) (young) 3422M->3022M(6144M), 0.0663452 secs]
2021-06-25T20:08:14.691+0800: 42067.261: [GC pause (G1 Evacuation Pause) (mixed) 3320M->2469M(6144M), 0.0997564 secs]
2021-06-25T20:08:19.625+0800: 42072.195: [GC pause (G1 Evacuation Pause) (mixed) 2759M->2186M(6144M), 0.1480596 secs]
2021-06-25T20:08:25.367+0800: 42077.936: [GC pause (G1 Evacuation Pause) (mixed) 2478M->2029M(6144M), 0.1460152 secs]
2021-06-25T20:08:32.761+0800: 42085.331: [GC pause (G1 Evacuation Pause) (young) 2838M->2029M(6144M), 0.0313698 secs]
2021-06-25T20:08:38.636+0800: 42091.206: [GC pause (G1 Evacuation Pause) (young) 2563M->2026M(6144M), 0.0183231 secs]
2021-06-25T20:09:01.462+0800: 42114.032: [GC pause (G1 Evacuation Pause) (young) 2754M->2024M(6144M), 0.0161890 secs]
2021-06-25T20:09:24.526+0800: 42137.096: [GC pause (G1 Evacuation Pause) (young) 3252M->2026M(6144M), 0.0195388 secs]
2021-06-25T20:09:39.228+0800: 42151.797: [GC pause (G1 Evacuation Pause) (young) 4324M->2689M(6144M), 0.3929624 secs]
2021-06-25T20:09:39.928+0800: 42152.497: [GC pause (G1 Evacuation Pause) (young) 2900M->2785M(6144M), 0.3317904 secs]
2021-06-25T20:09:40.692+0800: 42153.262: [GC pause (G1 Evacuation Pause) (young) 3079M->2898M(6144M), 0.1075101 secs]
2021-06-25T20:09:41.250+0800: 42153.820: [GC pause (G1 Evacuation Pause) (young) (initial-mark) 3240M->3024M(6144M), 0.1177176 secs]
2021-06-25T20:09:41.368+0800: 42153.938: [GC concurrent-root-region-scan-start]
2021-06-25T20:09:41.419+0800: 42153.988: [GC concurrent-root-region-scan-end, 0.0508805 secs]
2021-06-25T20:09:41.419+0800: 42153.988: [GC concurrent-mark-start]
2021-06-25T20:09:42.237+0800: 42154.807: [GC pause (G1 Evacuation Pause) (young) 3394M->3036M(6144M), 0.0563063 secs]
2021-06-25T20:09:44.909+0800: 42157.479: [GC concurrent-mark-end, 3.4905479 secs]
2021-06-25T20:09:44.911+0800: 42157.481: [GC remark, 0.0749793 secs]
2021-06-25T20:09:44.988+0800: 42157.558: [GC cleanup 3200M->2270M(6144M), 0.0154500 secs]
2021-06-25T20:09:45.003+0800: 42157.573: [GC concurrent-cleanup-start]
2021-06-25T20:09:45.005+0800: 42157.575: [GC concurrent-cleanup-end, 0.0012303 secs]
2021-06-25T20:09:54.248+0800: 42166.817: [GC pause (G1 Evacuation Pause) (young) 2822M->2108M(6144M), 0.0337561 secs]
2021-06-25T20:09:58.109+0800: 42170.678: [GC pause (G1 Evacuation Pause) (mixed) 2398M->1905M(6144M), 0.0904721 secs]
2021-06-25T20:10:09.088+0800: 42181.658: [GC pause (G1 Evacuation Pause) (young) 2771M->1912M(6144M), 0.0502022 secs]
2021-06-25T20:10:19.322+0800: 42191.892: [GC pause (G1 Evacuation Pause) (young) 2800M->1912M(6144M), 0.0237395 secs]
2021-06-25T20:10:38.323+0800: 42210.893: [GC pause (G1 Evacuation Pause) (young) 3490M->1918M(6144M), 0.0275564 secs]
2021-06-25T20:11:01.224+0800: 42233.794: [GC pause (G1 Evacuation Pause) (young) 2897M->1914M(6144M), 0.0224925 secs]
2021-06-25T20:11:19.101+0800: 42251.671: [GC pause (G1 Evacuation Pause) (young) 3456M->1916M(6144M), 0.0248257 secs]
2021-06-25T20:12:10.052+0800: 42302.622: [GC pause (G1 Evacuation Pause) (young) 4295M->1919M(6144M), 0.0279166 secs]
2021-06-25T20:13:07.491+0800: 42360.061: [GC pause (G1 Evacuation Pause) (young) 5344M->1921M(6144M), 0.0316922 secs]
2021-06-25T20:14:00.794+0800: 42413.364: [GC pause (G1 Evacuation Pause) (young) 5377M->1926M(6144M), 0.0336843 secs]
2021-06-25T20:15:19.132+0800: 42491.702: [GC pause (G1 Evacuation Pause) (young) 5423M->1922M(6144M), 0.0415306 secs]
2021-06-25T20:16:09.000+0800: 42541.570: [GC pause (G1 Evacuation Pause) (young) 4654M->1926M(6144M), 0.0361831 secs]
2021-06-25T20:17:04.160+0800: 42596.730: [GC pause (G1 Evacuation Pause) (young) 4436M->1930M(6144M), 0.0360471 secs]
2021-06-25T20:18:00.403+0800: 42652.973: [GC pause (G1 Evacuation Pause) (young) 5475M->1930M(6144M), 0.0413211 secs]
2021-06-25T20:19:12.405+0800: 42724.974: [GC pause (G1 Evacuation Pause) (young) 5463M->1929M(6144M), 0.0373730 secs]
2021-06-25T20:20:14.295+0800: 42786.865: [GC pause (G1 Evacuation Pause) (young) 5473M->1932M(6144M), 0.0368783 secs]
2021-06-25T20:21:25.720+0800: 42858.290: [GC pause (G1 Evacuation Pause) (young) 5494M->1937M(6144M), 0.0364900 secs]
2021-06-25T20:22:40.369+0800: 42932.939: [GC pause (G1 Evacuation Pause) (young) 5487M->1948M(6144M), 0.0397583 secs]
2021-06-25T20:23:48.192+0800: 43000.762: [GC pause (G1 Evacuation Pause) (young) 5485M->1942M(6144M), 0.0367167 secs]
2021-06-25T20:25:01.630+0800: 43074.200: [GC pause (G1 Evacuation Pause) (young) 5492M->1936M(6144M), 0.0351338 secs]
2021-06-25T20:26:09.153+0800: 43141.723: [GC pause (G1 Evacuation Pause) (young) 5499M->1942M(6144M), 0.0353541 secs]
2021-06-25T20:27:16.603+0800: 43209.173: [GC pause (G1 Evacuation Pause) (young) 5490M->1949M(6144M), 0.0379328 secs]
2021-06-25T20:28:26.332+0800: 43278.901: [GC pause (G1 Evacuation Pause) (young) 5487M->1946M(6144M), 0.0373646 secs]
2021-06-25T20:29:48.209+0800: 43360.779: [GC pause (G1 Evacuation Pause) (young) 5505M->1957M(6144M), 0.0449816 secs]
2021-06-25T20:31:07.028+0800: 43439.598: [GC pause (G1 Evacuation Pause) (young) 5504M->1953M(6144M), 0.0434566 secs]
2021-06-25T20:32:17.486+0800: 43510.056: [GC pause (G1 Evacuation Pause) (young) 5485M->1955M(6144M), 0.0402700 secs]
2021-06-25T20:33:49.052+0800: 43601.622: [GC pause (G1 Evacuation Pause) (young) 5494M->1962M(6144M), 0.0442973 secs]
2021-06-25T20:35:18.778+0800: 43691.348: [GC pause (G1 Evacuation Pause) (young) 5483M->1962M(6144M), 0.0413501 secs]
2021-06-25T20:36:12.960+0800: 43745.530: [GC pause (G1 Evacuation Pause) (young) 5509M->1957M(6144M), 0.0435022 secs]
2021-06-25T20:37:30.926+0800: 43823.496: [GC pause (G1 Evacuation Pause) (young) 5489M->1962M(6144M), 0.0415143 secs]
2021-06-25T20:38:28.301+0800: 43880.871: [GC pause (G1 Evacuation Pause) (young) 5507M->1964M(6144M), 0.0436421 secs]
2021-06-25T20:39:25.456+0800: 43938.026: [GC pause (G1 Evacuation Pause) (young) 5505M->1969M(6144M), 0.0465516 secs]
2021-06-25T20:40:37.702+0800: 44010.272: [GC pause (G1 Evacuation Pause) (young) 5550M->1965M(6144M), 0.0478196 secs]
2021-06-25T20:41:50.888+0800: 44083.457: [GC pause (G1 Evacuation Pause) (young) 5511M->1970M(6144M), 0.0445938 secs]
2021-06-25T20:43:15.366+0800: 44167.936: [GC pause (G1 Evacuation Pause) (young) 5500M->1969M(6144M), 0.0433575 secs]
2021-06-25T20:44:20.576+0800: 44233.146: [GC pause (G1 Evacuation Pause) (young) 5540M->1969M(6144M), 0.0439306 secs]
2021-06-25T20:45:31.008+0800: 44303.578: [GC pause (G1 Evacuation Pause) (young) 5553M->1970M(6144M), 0.0442448 secs]
2021-06-25T20:46:30.314+0800: 44362.884: [GC pause (G1 Evacuation Pause) (young) 5551M->1976M(6144M), 0.0464020 secs]
2021-06-25T20:47:33.688+0800: 44426.258: [GC pause (G1 Evacuation Pause) (young) 5487M->1974M(6144M), 0.0400611 secs]
2021-06-25T20:48:33.851+0800: 44486.421: [GC pause (G1 Evacuation Pause) (young) 5493M->1972M(6144M), 0.0353514 secs]
2021-06-25T20:49:27.315+0800: 44539.885: [GC pause (G1 Evacuation Pause) (young) 5498M->1977M(6144M), 0.0351053 secs]
2021-06-25T20:50:36.079+0800: 44608.649: [GC pause (G1 Evacuation Pause) (young) 5494M->1983M(6144M), 0.0362557 secs]
2021-06-25T20:51:39.460+0800: 44672.030: [GC pause (G1 Evacuation Pause) (young) 5546M->1981M(6144M), 0.0374986 secs]
2021-06-25T20:53:03.684+0800: 44756.253: [GC pause (G1 Evacuation Pause) (young) 5493M->1980M(6144M), 0.0339590 secs]
2021-06-25T20:53:56.356+0800: 44808.926: [GC pause (G1 Evacuation Pause) (young) 5497M->1981M(6144M), 0.0346542 secs]
2021-06-25T20:55:02.971+0800: 44875.540: [GC pause (G1 Evacuation Pause) (young) 5495M->1987M(6144M), 0.0339700 secs]
2021-06-25T20:56:01.056+0800: 44933.626: [GC pause (G1 Evacuation Pause) (young) 5494M->1985M(6144M), 0.0336817 secs]
2021-06-25T20:57:10.822+0800: 45003.392: [GC pause (G1 Evacuation Pause) (young) 5497M->1989M(6144M), 0.0344607 secs]
2021-06-25T20:58:14.447+0800: 45067.017: [GC pause (G1 Evacuation Pause) (young) 5501M->1991M(6144M), 0.0342049 secs]
2021-06-25T20:59:13.766+0800: 45126.336: [GC pause (G1 Evacuation Pause) (young) 5508M->2036M(6144M), 0.0650732 secs]
2021-06-25T21:00:16.783+0800: 45189.353: [GC pause (G1 Evacuation Pause) (young) 5450M->2042M(6144M), 0.0583271 secs]
2021-06-25T21:01:35.140+0800: 45267.709: [GC pause (G1 Evacuation Pause) (young) 5449M->2041M(6144M), 0.0580179 secs]
2021-06-25T21:02:26.456+0800: 45319.026: [GC pause (G1 Evacuation Pause) (young) 5464M->2070M(6144M), 0.0844209 secs]
2021-06-25T21:03:29.635+0800: 45382.205: [GC pause (G1 Evacuation Pause) (young) 5423M->2050M(6144M), 0.0590177 secs]
2021-06-25T21:04:02.186+0800: 45414.756: [GC pause (G1 Evacuation Pause) (young) 5470M->2323M(6144M), 0.2132541 secs]
2021-06-25T21:04:09.660+0800: 45422.230: [GC pause (G1 Evacuation Pause) (young) 5184M->2072M(6144M), 0.0814025 secs]
2021-06-25T21:05:10.392+0800: 45482.961: [GC pause (G1 Evacuation Pause) (young) 5400M->2073M(6144M), 0.0641257 secs]
2021-06-25T21:06:04.470+0800: 45537.040: [GC pause (G1 Evacuation Pause) (young) 5424M->2075M(6144M), 0.0297991 secs]
2021-06-25T21:07:16.040+0800: 45608.610: [GC pause (G1 Evacuation Pause) (young) 5440M->2076M(6144M), 0.0307996 secs]
2021-06-25T21:08:10.034+0800: 45662.604: [GC pause (G1 Evacuation Pause) (young) 5457M->2078M(6144M), 0.0360015 secs]
2021-06-25T21:09:12.045+0800: 45724.615: [GC pause (G1 Evacuation Pause) (young) 5527M->2084M(6144M), 0.0439109 secs]
2021-06-25T21:10:20.887+0800: 45793.457: [GC pause (G1 Evacuation Pause) (young) 5477M->2077M(6144M), 0.0329850 secs]
2021-06-25T21:11:37.326+0800: 45869.896: [GC pause (G1 Evacuation Pause) (young) 5483M->2085M(6144M), 0.0382329 secs]
2021-06-25T21:12:55.184+0800: 45947.754: [GC pause (G1 Evacuation Pause) (young) 5483M->2080M(6144M), 0.0349027 secs]
2021-06-25T21:13:55.572+0800: 46008.142: [GC pause (G1 Evacuation Pause) (young) 5490M->2082M(6144M), 0.0368431 secs]
2021-06-25T21:15:03.690+0800: 46076.260: [GC pause (G1 Evacuation Pause) (young) 5489M->2090M(6144M), 0.0399670 secs]
2021-06-25T21:16:31.633+0800: 46164.203: [GC pause (G1 Evacuation Pause) (young) 5486M->2087M(6144M), 0.0416146 secs]
2021-06-25T21:17:43.445+0800: 46236.015: [GC pause (G1 Evacuation Pause) (young) 5483M->2095M(6144M), 0.0426666 secs]
2021-06-25T21:18:45.780+0800: 46298.350: [GC pause (G1 Evacuation Pause) (young) 5476M->2106M(6144M), 0.0471673 secs]
2021-06-25T21:19:55.986+0800: 46368.556: [GC pause (G1 Evacuation Pause) (young) 5467M->2093M(6144M), 0.0430873 secs]
2021-06-25T21:21:22.234+0800: 46454.804: [GC pause (G1 Evacuation Pause) (young) 5475M->2096M(6144M), 0.0472909 secs]
2021-06-25T21:22:29.473+0800: 46522.043: [GC pause (G1 Evacuation Pause) (young) 5540M->2099M(6144M), 0.0479138 secs]
2021-06-25T21:23:45.753+0800: 46598.323: [GC pause (G1 Evacuation Pause) (young) 5494M->2101M(6144M), 0.0416822 secs]
2021-06-25T21:25:14.131+0800: 46686.701: [GC pause (G1 Evacuation Pause) (young) 5494M->2105M(6144M), 0.0418173 secs]
2021-06-25T21:26:05.386+0800: 46737.955: [GC pause (G1 Evacuation Pause) (young) 5491M->2108M(6144M), 0.0434691 secs]
2021-06-25T21:27:15.944+0800: 46808.514: [GC pause (G1 Evacuation Pause) (young) 5599M->2111M(6144M), 0.0446451 secs]
2021-06-25T21:28:13.106+0800: 46865.676: [GC pause (G1 Evacuation Pause) (young) 5488M->2113M(6144M), 0.0385794 secs]
2021-06-25T21:29:19.156+0800: 46931.726: [GC pause (G1 Evacuation Pause) (young) 5496M->2115M(6144M), 0.0402681 secs]
2021-06-25T21:30:19.923+0800: 46992.492: [GC pause (G1 Evacuation Pause) (young) 5487M->2118M(6144M), 0.0400277 secs]
2021-06-25T21:31:32.358+0800: 47064.928: [GC pause (G1 Evacuation Pause) (young) 5484M->2120M(6144M), 0.0428467 secs]
2021-06-25T21:32:33.076+0800: 47125.646: [GC pause (G1 Evacuation Pause) (young) 5536M->2121M(6144M), 0.0449113 secs]
2021-06-25T21:33:49.095+0800: 47201.665: [GC pause (G1 Evacuation Pause) (young) 5485M->2125M(6144M), 0.0408321 secs]
2021-06-25T21:34:40.270+0800: 47252.839: [GC pause (G1 Evacuation Pause) (young) 5483M->2123M(6144M), 0.0388775 secs]
2021-06-25T21:35:33.249+0800: 47305.819: [GC pause (G1 Evacuation Pause) (young) 5489M->2127M(6144M), 0.0414177 secs]
2021-06-25T21:36:34.666+0800: 47367.236: [GC pause (G1 Evacuation Pause) (young) 5483M->2131M(6144M), 0.0420467 secs]
2021-06-25T21:37:34.227+0800: 47426.797: [GC pause (G1 Evacuation Pause) (young) 5492M->2125M(6144M), 0.0413819 secs]
2021-06-25T21:38:37.605+0800: 47490.175: [GC pause (G1 Evacuation Pause) (young) 5543M->2126M(6144M), 0.0414481 secs]
2021-06-25T21:39:50.829+0800: 47563.399: [GC pause (G1 Evacuation Pause) (young) 5490M->2138M(6144M), 0.0414183 secs]
2021-06-25T21:40:36.800+0800: 47609.370: [GC pause (G1 Evacuation Pause) (young) 5490M->2137M(6144M), 0.0429635 secs]
2021-06-25T21:41:44.258+0800: 47676.828: [GC pause (G1 Evacuation Pause) (young) 5537M->2139M(6144M), 0.0446837 secs]
2021-06-25T21:42:34.394+0800: 47726.964: [GC pause (G1 Evacuation Pause) (young) 5495M->2138M(6144M), 0.0432237 secs]
2021-06-25T21:43:29.227+0800: 47781.797: [GC pause (G1 Evacuation Pause) (young) 5500M->2139M(6144M), 0.0423486 secs]
2021-06-25T21:44:30.929+0800: 47843.499: [GC pause (G1 Evacuation Pause) (young) 5485M->2144M(6144M), 0.0416610 secs]
2021-06-25T21:45:52.694+0800: 47925.264: [GC pause (G1 Evacuation Pause) (young) 5484M->2143M(6144M), 0.0398590 secs]
2021-06-25T21:46:41.128+0800: 47973.697: [GC pause (G1 Evacuation Pause) (young) 5485M->2193M(6144M), 0.0733792 secs]
2021-06-25T21:47:33.492+0800: 48026.062: [GC pause (G1 Evacuation Pause) (young) 5449M->2157M(6144M), 0.0456240 secs]
2021-06-25T21:48:06.273+0800: 48058.843: [GC pause (G1 Evacuation Pause) (young) 5496M->2146M(6144M), 0.0368776 secs]
2021-06-25T21:49:17.187+0800: 48129.757: [GC pause (G1 Evacuation Pause) (young) 5486M->2151M(6144M), 0.0366428 secs]
2021-06-25T21:50:15.368+0800: 48187.938: [GC pause (G1 Evacuation Pause) (young) 5488M->2157M(6144M), 0.0394169 secs]
2021-06-25T21:51:47.826+0800: 48280.396: [GC pause (G1 Evacuation Pause) (young) 5483M->2152M(6144M), 0.0352828 secs]
2021-06-25T21:53:08.819+0800: 48361.388: [GC pause (G1 Evacuation Pause) (young) 5490M->2154M(6144M), 0.0358371 secs]
2021-06-25T21:54:12.750+0800: 48425.319: [GC pause (G1 Evacuation Pause) (young) 5491M->2156M(6144M), 0.0359279 secs]
2021-06-25T21:55:16.852+0800: 48489.422: [GC pause (G1 Evacuation Pause) (young) 5490M->2163M(6144M), 0.0371749 secs]
2021-06-25T21:56:11.428+0800: 48543.998: [GC pause (G1 Evacuation Pause) (young) 5494M->2161M(6144M), 0.0357736 secs]
2021-06-25T21:57:34.894+0800: 48627.464: [GC pause (G1 Evacuation Pause) (young) 5491M->2160M(6144M), 0.0336158 secs]
2021-06-25T21:58:35.702+0800: 48688.271: [GC pause (G1 Evacuation Pause) (young) 5497M->2164M(6144M), 0.0367058 secs]
2021-06-25T21:59:55.814+0800: 48768.384: [GC pause (G1 Evacuation Pause) (young) 5489M->2163M(6144M), 0.0324500 secs]
2021-06-25T22:01:11.879+0800: 48844.449: [GC pause (G1 Evacuation Pause) (young) 5495M->2163M(6144M), 0.0338294 secs]
2021-06-25T22:02:10.378+0800: 48902.948: [GC pause (G1 Evacuation Pause) (young) 5491M->2165M(6144M), 0.0309044 secs]
2021-06-25T22:03:14.438+0800: 48967.008: [GC pause (G1 Evacuation Pause) (young) 5495M->2192M(6144M), 0.0462910 secs]
2021-06-25T22:04:12.188+0800: 49024.758: [GC pause (G1 Evacuation Pause) (young) 5470M->2173M(6144M), 0.0342662 secs]
2021-06-25T22:05:13.590+0800: 49086.160: [GC pause (G1 Evacuation Pause) (young) 5489M->2178M(6144M), 0.0330426 secs]
2021-06-25T22:06:21.769+0800: 49154.339: [GC pause (G1 Evacuation Pause) (young) 5488M->2172M(6144M), 0.0300614 secs]
2021-06-25T22:07:47.403+0800: 49239.973: [GC pause (G1 Evacuation Pause) (young) 5498M->2180M(6144M), 0.0344585 secs]
2021-06-25T22:09:19.808+0800: 49332.378: [GC pause (G1 Evacuation Pause) (young) 5488M->2176M(6144M), 0.0316949 secs]
2021-06-25T22:10:29.016+0800: 49401.585: [GC pause (G1 Evacuation Pause) (young) 5663M->2176M(6144M), 0.0410187 secs]
2021-06-25T22:11:48.605+0800: 49481.175: [GC pause (G1 Evacuation Pause) (young) 5496M->2179M(6144M), 0.0322370 secs]
2021-06-25T22:13:02.795+0800: 49555.365: [GC pause (G1 Evacuation Pause) (young) 5500M->2180M(6144M), 0.0312427 secs]
2021-06-25T22:14:17.454+0800: 49630.024: [GC pause (G1 Evacuation Pause) (young) 5496M->2182M(6144M), 0.0308113 secs]
2021-06-25T22:16:00.550+0800: 49733.120: [GC pause (G1 Evacuation Pause) (young) 5496M->2188M(6144M), 0.0325918 secs]
2021-06-25T22:17:25.908+0800: 49818.478: [GC pause (G1 Evacuation Pause) (young) 5490M->2186M(6144M), 0.0313923 secs]
2021-06-25T22:18:36.590+0800: 49889.160: [GC pause (G1 Evacuation Pause) (young) 5492M->2185M(6144M), 0.0302313 secs]
2021-06-25T22:19:54.634+0800: 49967.204: [GC pause (G1 Evacuation Pause) (young) 5495M->2185M(6144M), 0.0315510 secs]
2021-06-25T22:21:40.539+0800: 50073.109: [GC pause (G1 Evacuation Pause) (young) 5493M->2190M(6144M), 0.0336375 secs]
2021-06-25T22:23:08.107+0800: 50160.677: [GC pause (G1 Evacuation Pause) (young) 5511M->2194M(6144M), 0.0398864 secs]
2021-06-25T22:24:15.720+0800: 50228.290: [GC pause (G1 Evacuation Pause) (young) 5492M->2189M(6144M), 0.0318297 secs]
2021-06-25T22:25:35.793+0800: 50308.363: [GC pause (G1 Evacuation Pause) (young) 5497M->2191M(6144M), 0.0313191 secs]
2021-06-25T22:26:11.308+0800: 50343.878: [GC pause (G1 Evacuation Pause) (young) 5497M->2201M(6144M), 0.0331437 secs]
2021-06-25T22:27:35.379+0800: 50427.948: [GC pause (G1 Evacuation Pause) (young) 5507M->2201M(6144M), 0.0367252 secs]
2021-06-25T22:28:47.336+0800: 50499.905: [GC pause (G1 Evacuation Pause) (young) 5491M->2198M(6144M), 0.0374266 secs]
2021-06-25T22:30:07.615+0800: 50580.185: [GC pause (G1 Evacuation Pause) (young) 5495M->2206M(6144M), 0.0411300 secs]
2021-06-25T22:31:21.599+0800: 50654.169: [GC pause (G1 Evacuation Pause) (young) 5496M->2200M(6144M), 0.0344996 secs]
2021-06-25T22:32:46.639+0800: 50739.209: [GC pause (G1 Evacuation Pause) (young) 5494M->2203M(6144M), 0.0334772 secs]
2021-06-25T22:34:03.346+0800: 50815.916: [GC pause (G1 Evacuation Pause) (young) 5491M->2203M(6144M), 0.0339776 secs]
2021-06-25T22:35:54.985+0800: 50927.555: [GC pause (G1 Evacuation Pause) (young) 5548M->2207M(6144M), 0.0377049 secs]
2021-06-25T22:37:36.213+0800: 51028.783: [GC pause (G1 Evacuation Pause) (young) 5545M->2215M(6144M), 0.0411522 secs]
2021-06-25T22:38:50.161+0800: 51102.731: [GC pause (G1 Evacuation Pause) (young) 5486M->2215M(6144M), 0.0389078 secs]
2021-06-25T22:40:12.993+0800: 51185.563: [GC pause (G1 Evacuation Pause) (young) 5486M->2212M(6144M), 0.0376480 secs]
2021-06-25T22:41:24.270+0800: 51256.839: [GC pause (G1 Evacuation Pause) (young) 5489M->2211M(6144M), 0.0360980 secs]
2021-06-25T22:42:40.221+0800: 51332.791: [GC pause (G1 Evacuation Pause) (young) 5494M->2216M(6144M), 0.0375232 secs]
2021-06-25T22:44:11.247+0800: 51423.817: [GC pause (G1 Evacuation Pause) (young) 5490M->2220M(6144M), 0.0374554 secs]
2021-06-25T22:45:54.369+0800: 51526.939: [GC pause (G1 Evacuation Pause) (young) 5489M->2214M(6144M), 0.0352261 secs]
2021-06-25T22:47:47.776+0800: 51640.345: [GC pause (G1 Evacuation Pause) (young) 5496M->2216M(6144M), 0.0351852 secs]
2021-06-25T22:49:39.049+0800: 51751.619: [GC pause (G1 Evacuation Pause) (young) 5495M->2220M(6144M), 0.0367804 secs]
2021-06-25T22:51:09.797+0800: 51842.367: [GC pause (G1 Evacuation Pause) (young) 5505M->2223M(6144M), 0.0393872 secs]
2021-06-25T22:52:12.009+0800: 51904.579: [GC pause (G1 Evacuation Pause) (young) 5501M->2222M(6144M), 0.0364228 secs]
2021-06-25T22:53:29.702+0800: 51982.272: [GC pause (G1 Evacuation Pause) (young) 5494M->2221M(6144M), 0.0316035 secs]
2021-06-25T22:54:52.625+0800: 52065.195: [GC pause (G1 Evacuation Pause) (young) 5495M->2230M(6144M), 0.0342168 secs]
2021-06-25T22:56:13.710+0800: 52146.280: [GC pause (G1 Evacuation Pause) (young) 5490M->2224M(6144M), 0.0325258 secs]
2021-06-25T22:57:49.890+0800: 52242.460: [GC pause (G1 Evacuation Pause) (young) 5498M->2229M(6144M), 0.0321110 secs]
2021-06-25T22:59:23.676+0800: 52336.246: [GC pause (G1 Evacuation Pause) (young) 5495M->2234M(6144M), 0.0333916 secs]
2021-06-25T23:00:46.941+0800: 52419.510: [GC pause (G1 Evacuation Pause) (young) 5495M->2231M(6144M), 0.0314339 secs]
2021-06-25T23:02:10.536+0800: 52503.106: [GC pause (G1 Evacuation Pause) (young) 5497M->2228M(6144M), 0.0294694 secs]
2021-06-25T23:03:29.913+0800: 52582.483: [GC pause (G1 Evacuation Pause) (young) 5500M->2229M(6144M), 0.0276839 secs]
2021-06-25T23:04:38.928+0800: 52651.498: [GC pause (G1 Evacuation Pause) (young) 5503M->2238M(6144M), 0.0307222 secs]
2021-06-25T23:06:09.384+0800: 52741.953: [GC pause (G1 Evacuation Pause) (young) 5495M->2235M(6144M), 0.0287405 secs]
2021-06-25T23:07:30.264+0800: 52822.833: [GC pause (G1 Evacuation Pause) (young) 5506M->2231M(6144M), 0.0279391 secs]
2021-06-25T23:08:49.531+0800: 52902.101: [GC pause (G1 Evacuation Pause) (young) 5505M->2239M(6144M), 0.0281921 secs]
2021-06-25T23:10:18.378+0800: 52990.948: [GC pause (G1 Evacuation Pause) (young) 5501M->2235M(6144M), 0.0253568 secs]
2021-06-25T23:12:48.487+0800: 53141.057: [GC pause (G1 Evacuation Pause) (young) 5505M->2242M(6144M), 0.0276960 secs]
2021-06-25T23:14:37.227+0800: 53249.797: [GC pause (G1 Evacuation Pause) (young) 5551M->2235M(6144M), 0.0272289 secs]
2021-06-25T23:15:52.292+0800: 53324.862: [GC pause (G1 Evacuation Pause) (young) 5510M->2245M(6144M), 0.0276311 secs]
2021-06-25T23:17:19.501+0800: 53412.071: [GC pause (G1 Evacuation Pause) (young) 5501M->2353M(6144M), 0.0882463 secs]
2021-06-25T23:18:51.296+0800: 53503.866: [GC pause (G1 Evacuation Pause) (young) 5389M->2356M(6144M), 0.0821506 secs]
2021-06-25T23:20:37.392+0800: 53609.962: [GC pause (G1 Evacuation Pause) (young) 5388M->2365M(6144M), 0.0859454 secs]
2021-06-25T23:21:42.963+0800: 53675.533: [GC pause (G1 Evacuation Pause) (young) 5379M->2355M(6144M), 0.0799335 secs]
2021-06-25T23:23:00.272+0800: 53752.842: [GC pause (G1 Evacuation Pause) (young) 5393M->2361M(6144M), 0.0832416 secs]
2021-06-25T23:24:25.312+0800: 53837.881: [GC pause (G1 Evacuation Pause) (young) 5440M->2372M(6144M), 0.0909232 secs]
2021-06-25T23:25:39.915+0800: 53912.485: [GC pause (G1 Evacuation Pause) (young) 5376M->2358M(6144M), 0.0809582 secs]
2021-06-25T23:27:11.939+0800: 54004.509: [GC pause (G1 Evacuation Pause) (young) 5444M->2365M(6144M), 0.0871449 secs]
2021-06-25T23:28:46.014+0800: 54098.584: [GC pause (G1 Evacuation Pause) (young) 5551M->2359M(6144M), 0.0911813 secs]
2021-06-25T23:30:16.744+0800: 54189.314: [GC pause (G1 Evacuation Pause) (young) 5446M->2364M(6144M), 0.0865762 secs]
2021-06-25T23:31:37.627+0800: 54270.196: [GC pause (G1 Evacuation Pause) (young) 5388M->2366M(6144M), 0.0850032 secs]
2021-06-25T23:32:45.892+0800: 54338.462: [GC pause (G1 Evacuation Pause) (young) 5412M->2360M(6144M), 0.0861051 secs]
2021-06-25T23:34:31.258+0800: 54443.828: [GC pause (G1 Evacuation Pause) (young) 5395M->2398M(6144M), 0.1067877 secs]
2021-06-25T23:36:03.556+0800: 54536.126: [GC pause (G1 Evacuation Pause) (young) 5367M->2368M(6144M), 0.0863451 secs]
2021-06-25T23:37:07.448+0800: 54600.018: [GC pause (G1 Evacuation Pause) (young) 5386M->2367M(6144M), 0.0834336 secs]
2021-06-25T23:38:50.521+0800: 54703.091: [GC pause (G1 Evacuation Pause) (young) 5440M->2369M(6144M), 0.0898142 secs]
2021-06-25T23:40:27.567+0800: 54800.137: [GC pause (G1 Evacuation Pause) (young) 5503M->2379M(6144M), 0.0678600 secs]
2021-06-25T23:42:19.076+0800: 54911.646: [GC pause (G1 Evacuation Pause) (young) 5502M->2377M(6144M), 0.0235700 secs]
2021-06-25T23:44:08.910+0800: 55021.480: [GC pause (G1 Evacuation Pause) (young) 5560M->2381M(6144M), 0.0261407 secs]
2021-06-25T23:45:33.484+0800: 55106.054: [GC pause (G1 Evacuation Pause) (young) 5507M->2381M(6144M), 0.0238377 secs]
2021-06-25T23:46:22.680+0800: 55155.250: [GC pause (G1 Evacuation Pause) (young) 5563M->2448M(6144M), 0.1063373 secs]
2021-06-25T23:47:07.627+0800: 55200.196: [GC pause (G1 Evacuation Pause) (young) 5472M->2434M(6144M), 0.0685215 secs]
2021-06-25T23:48:45.082+0800: 55297.652: [GC pause (G1 Evacuation Pause) (young) 5456M->2442M(6144M), 0.0580827 secs]
2021-06-25T23:50:24.651+0800: 55397.221: [GC pause (G1 Evacuation Pause) (young) 5452M->2443M(6144M), 0.0601088 secs]
2021-06-25T23:51:35.324+0800: 55467.894: [GC pause (G1 Evacuation Pause) (young) 5451M->2441M(6144M), 0.0585658 secs]
2021-06-25T23:52:49.896+0800: 55542.465: [GC pause (G1 Evacuation Pause) (young) 5465M->2440M(6144M), 0.0578247 secs]
2021-06-25T23:54:19.597+0800: 55632.167: [GC pause (G1 Evacuation Pause) (young) 5454M->2445M(6144M), 0.0590360 secs]
2021-06-25T23:55:40.211+0800: 55712.781: [GC pause (G1 Evacuation Pause) (young) 5449M->2446M(6144M), 0.0563509 secs]
2021-06-25T23:57:08.523+0800: 55801.093: [GC pause (G1 Evacuation Pause) (young) 5454M->2443M(6144M), 0.0589918 secs]
2021-06-25T23:58:38.465+0800: 55891.035: [GC pause (G1 Evacuation Pause) (young) 5454M->2452M(6144M), 0.0599575 secs]
2021-06-26T00:00:09.035+0800: 55981.605: [GC pause (G1 Evacuation Pause) (young) 5447M->2450M(6144M), 0.0609924 secs]
2021-06-26T00:01:33.061+0800: 56065.631: [GC pause (G1 Evacuation Pause) (young) 5448M->2454M(6144M), 0.0615416 secs]
2021-06-26T00:03:04.414+0800: 56156.984: [GC pause (G1 Evacuation Pause) (young) 5446M->2449M(6144M), 0.0676894 secs]
2021-06-26T00:04:42.579+0800: 56255.149: [GC pause (G1 Evacuation Pause) (young) 5453M->2452M(6144M), 0.0697583 secs]
2021-06-26T00:05:38.814+0800: 56311.384: [GC pause (G1 Evacuation Pause) (young) 5452M->2449M(6144M), 0.0649701 secs]
2021-06-26T00:07:06.431+0800: 56399.001: [GC pause (G1 Evacuation Pause) (young) 5451M->2452M(6144M), 0.0694382 secs]
2021-06-26T00:08:33.063+0800: 56485.633: [GC pause (G1 Evacuation Pause) (young) 5466M->2458M(6144M), 0.0672175 secs]
2021-06-26T00:10:03.512+0800: 56576.082: [GC pause (G1 Evacuation Pause) (young) 5500M->2458M(6144M), 0.0513684 secs]
2021-06-26T00:11:23.148+0800: 56655.718: [GC pause (G1 Evacuation Pause) (young) 5504M->2460M(6144M), 0.0281161 secs]
2021-06-26T00:12:54.996+0800: 56747.566: [GC pause (G1 Evacuation Pause) (young) 5506M->2464M(6144M), 0.0266882 secs]
2021-06-26T00:14:33.775+0800: 56846.345: [GC pause (G1 Evacuation Pause) (young) 5516M->2462M(6144M), 0.0269845 secs]
2021-06-26T00:15:50.320+0800: 56922.890: [GC pause (G1 Evacuation Pause) (young) 5505M->2475M(6144M), 0.0310453 secs]
2021-06-26T00:17:08.559+0800: 57001.129: [GC pause (G1 Evacuation Pause) (young) 5493M->2464M(6144M), 0.0255626 secs]
2021-06-26T00:18:57.070+0800: 57109.640: [GC pause (G1 Evacuation Pause) (young) 5517M->2465M(6144M), 0.0279514 secs]
2021-06-26T00:20:37.784+0800: 57210.354: [GC pause (G1 Evacuation Pause) (young) 5501M->2464M(6144M), 0.0250736 secs]
2021-06-26T00:22:08.322+0800: 57300.892: [GC pause (G1 Evacuation Pause) (young) 5520M->2469M(6144M), 0.0292683 secs]
2021-06-26T00:23:07.228+0800: 57359.798: [GC pause (G1 Evacuation Pause) (young) 5503M->2473M(6144M), 0.0261485 secs]
2021-06-26T00:24:44.317+0800: 57456.887: [GC pause (G1 Evacuation Pause) (young) 5501M->2476M(6144M), 0.0267646 secs]
2021-06-26T00:26:12.519+0800: 57545.089: [GC pause (G1 Evacuation Pause) (young) 5520M->2477M(6144M), 0.0317336 secs]
2021-06-26T00:27:32.482+0800: 57625.051: [GC pause (G1 Evacuation Pause) (young) 5501M->2481M(6144M), 0.0287472 secs]
2021-06-26T00:29:00.313+0800: 57712.883: [GC pause (G1 Evacuation Pause) (young) 5503M->2477M(6144M), 0.0273489 secs]
2021-06-26T00:30:43.929+0800: 57816.499: [GC pause (G1 Evacuation Pause) (young) 5504M->2477M(6144M), 0.0251496 secs]
2021-06-26T00:32:17.842+0800: 57910.412: [GC pause (G1 Evacuation Pause) (young) 5503M->2475M(6144M), 0.0235103 secs]
2021-06-26T00:34:03.449+0800: 58016.018: [GC pause (G1 Evacuation Pause) (young) 5507M->2477M(6144M), 0.0240567 secs]
2021-06-26T00:35:19.095+0800: 58091.665: [GC pause (G1 Evacuation Pause) (young) 5505M->2483M(6144M), 0.0267784 secs]
2021-06-26T00:37:09.622+0800: 58202.192: [GC pause (G1 Evacuation Pause) (young) 5499M->2476M(6144M), 0.0234669 secs]
2021-06-26T00:38:43.708+0800: 58296.278: [GC pause (G1 Evacuation Pause) (young) 5506M->2483M(6144M), 0.0265936 secs]
2021-06-26T00:40:24.724+0800: 58397.294: [GC pause (G1 Evacuation Pause) (young) 5501M->2482M(6144M), 0.0261766 secs]
2021-06-26T00:41:33.962+0800: 58466.532: [GC pause (G1 Evacuation Pause) (young) 5503M->2479M(6144M), 0.0242048 secs]
2021-06-26T00:43:25.264+0800: 58577.834: [GC pause (G1 Evacuation Pause) (young) 5508M->2490M(6144M), 0.0289671 secs]
2021-06-26T00:45:10.789+0800: 58683.359: [GC pause (G1 Evacuation Pause) (young) 5496M->2481M(6144M), 0.0249521 secs]
2021-06-26T00:46:53.834+0800: 58786.404: [GC pause (G1 Evacuation Pause) (young) 5503M->2486M(6144M), 0.0263751 secs]
2021-06-26T00:48:33.232+0800: 58885.802: [GC pause (G1 Evacuation Pause) (young) 5500M->2487M(6144M), 0.0260174 secs]
2021-06-26T00:49:30.480+0800: 58943.050: [GC pause (G1 Evacuation Pause) (young) 5499M->2482M(6144M), 0.0241303 secs]
2021-06-26T00:51:20.406+0800: 59052.975: [GC pause (G1 Evacuation Pause) (young) 5510M->2485M(6144M), 0.0230796 secs]
2021-06-26T00:52:59.466+0800: 59152.035: [GC pause (G1 Evacuation Pause) (young) 5507M->2485M(6144M), 0.0233357 secs]
2021-06-26T00:54:51.821+0800: 59264.390: [GC pause (G1 Evacuation Pause) (young) 5505M->2484M(6144M), 0.0216308 secs]
2021-06-26T00:56:18.022+0800: 59350.592: [GC pause (G1 Evacuation Pause) (young) 5508M->2489M(6144M), 0.0226381 secs]
2021-06-26T00:58:07.258+0800: 59459.827: [GC pause (G1 Evacuation Pause) (young) 5505M->2489M(6144M), 0.0229142 secs]
2021-06-26T00:59:21.226+0800: 59533.796: [GC pause (G1 Evacuation Pause) (young) 5503M->2491M(6144M), 0.0224041 secs]
2021-06-26T01:00:52.530+0800: 59625.099: [GC pause (G1 Evacuation Pause) (young) 5505M->2489M(6144M), 0.0240202 secs]
2021-06-26T01:02:33.738+0800: 59726.308: [GC pause (G1 Evacuation Pause) (young) 5507M->2493M(6144M), 0.0247993 secs]
2021-06-26T01:04:08.572+0800: 59821.142: [GC pause (G1 Evacuation Pause) (young) 5501M->2489M(6144M), 0.0237664 secs]
2021-06-26T01:05:33.026+0800: 59905.596: [GC pause (G1 Evacuation Pause) (young) 5509M->2492M(6144M), 0.0230206 secs]
2021-06-26T01:07:18.335+0800: 60010.904: [GC pause (G1 Evacuation Pause) (young) 5506M->2499M(6144M), 0.0264104 secs]
2021-06-26T01:09:01.588+0800: 60114.157: [GC pause (G1 Evacuation Pause) (young) 5503M->2494M(6144M), 0.0227117 secs]
2021-06-26T01:10:38.465+0800: 60211.035: [GC pause (G1 Evacuation Pause) (young) 5512M->2499M(6144M), 0.0224749 secs]
2021-06-26T01:12:18.434+0800: 60311.004: [GC pause (G1 Evacuation Pause) (young) 5507M->2496M(6144M), 0.0215212 secs]
2021-06-26T01:14:09.249+0800: 60421.819: [GC pause (G1 Evacuation Pause) (young) 5508M->2494M(6144M), 0.0201670 secs]
2021-06-26T01:15:32.791+0800: 60505.361: [GC pause (G1 Evacuation Pause) (young) 5510M->2501M(6144M), 0.0235668 secs]
2021-06-26T01:16:47.471+0800: 60580.041: [GC pause (G1 Evacuation Pause) (young) 5505M->2493M(6144M), 0.0193670 secs]
2021-06-26T01:18:50.315+0800: 60702.885: [GC pause (G1 Evacuation Pause) (young) 5511M->2497M(6144M), 0.0220764 secs]
2021-06-26T01:20:36.506+0800: 60809.076: [GC pause (G1 Evacuation Pause) (young) 5511M->2499M(6144M), 0.0210098 secs]
2021-06-26T01:22:38.207+0800: 60930.777: [GC pause (G1 Evacuation Pause) (young) 5509M->2495M(6144M), 0.0194865 secs]
2021-06-26T01:24:10.571+0800: 61023.141: [GC pause (G1 Evacuation Pause) (young) 5513M->2495M(6144M), 0.0203241 secs]
2021-06-26T01:25:39.434+0800: 61112.003: [GC pause (G1 Evacuation Pause) (young) 5513M->2500M(6144M), 0.0219326 secs]
2021-06-26T01:27:22.309+0800: 61214.879: [GC pause (G1 Evacuation Pause) (young) 5508M->2496M(6144M), 0.0194123 secs]
2021-06-26T01:29:18.529+0800: 61331.099: [GC pause (G1 Evacuation Pause) (young) 5518M->2500M(6144M), 0.0185536 secs]
2021-06-26T01:31:22.897+0800: 61455.467: [GC pause (G1 Evacuation Pause) (young) 5512M->2504M(6144M), 0.0201431 secs]
2021-06-26T01:32:48.044+0800: 61540.614: [GC pause (G1 Evacuation Pause) (young) 5508M->2500M(6144M), 0.0172554 secs]
2021-06-26T01:34:58.629+0800: 61671.199: [GC pause (G1 Evacuation Pause) (young) 5512M->2504M(6144M), 0.0206793 secs]
2021-06-26T01:36:40.843+0800: 61773.413: [GC pause (G1 Evacuation Pause) (young) 5508M->2500M(6144M), 0.0187304 secs]
2021-06-26T01:38:23.189+0800: 61875.759: [GC pause (G1 Evacuation Pause) (young) 5512M->2500M(6144M), 0.0177480 secs]
2021-06-26T01:39:42.716+0800: 61955.286: [GC pause (G1 Evacuation Pause) (young) 5512M->2506M(6144M), 0.0206373 secs]
2021-06-26T01:41:20.554+0800: 62053.124: [GC pause (G1 Evacuation Pause) (young) 5510M->2505M(6144M), 0.0199808 secs]
2021-06-26T01:42:57.331+0800: 62149.901: [GC pause (G1 Evacuation Pause) (young) 5509M->2501M(6144M), 0.0180625 secs]
2021-06-26T01:44:28.464+0800: 62241.034: [GC pause (G1 Evacuation Pause) (young) 5511M->2501M(6144M), 0.0181260 secs]
2021-06-26T01:46:08.351+0800: 62340.921: [GC pause (G1 Evacuation Pause) (young) 5511M->2506M(6144M), 0.0208481 secs]
2021-06-26T01:47:34.161+0800: 62426.731: [GC pause (G1 Evacuation Pause) (young) 5508M->2500M(6144M), 0.0171427 secs]
2021-06-26T01:49:29.005+0800: 62541.575: [GC pause (G1 Evacuation Pause) (young) 5514M->2506M(6144M), 0.0204421 secs]
2021-06-26T01:51:12.294+0800: 62644.864: [GC pause (G1 Evacuation Pause) (young) 5508M->2503M(6144M), 0.0186361 secs]
2021-06-26T01:52:58.915+0800: 62751.485: [GC pause (G1 Evacuation Pause) (young) 5513M->2507M(6144M), 0.0200140 secs]
2021-06-26T01:54:34.430+0800: 62847.000: [GC pause (G1 Evacuation Pause) (young) 5509M->2500M(6144M), 0.0172069 secs]
2021-06-26T01:56:19.674+0800: 62952.244: [GC pause (G1 Evacuation Pause) (young) 5514M->2508M(6144M), 0.0202664 secs]
2021-06-26T01:57:33.849+0800: 63026.419: [GC pause (G1 Evacuation Pause) (young) 5508M->2509M(6144M), 0.0199797 secs]
2021-06-26T01:58:52.797+0800: 63105.367: [GC pause (G1 Evacuation Pause) (young) 5509M->2515M(6144M), 0.0221423 secs]
2021-06-26T02:00:43.324+0800: 63215.894: [GC pause (G1 Evacuation Pause) (young) 5503M->2510M(6144M), 0.0197334 secs]
2021-06-26T02:02:27.980+0800: 63320.550: [GC pause (G1 Evacuation Pause) (young) 5506M->2510M(6144M), 0.0202542 secs]
2021-06-26T02:04:04.535+0800: 63417.105: [GC pause (G1 Evacuation Pause) (young) 5506M->2511M(6144M), 0.0220198 secs]
2021-06-26T02:05:36.072+0800: 63508.642: [GC pause (G1 Evacuation Pause) (young) 5507M->2511M(6144M), 0.0196789 secs]
2021-06-26T02:07:07.220+0800: 63599.789: [GC pause (G1 Evacuation Pause) (young) 5507M->2505M(6144M), 0.0179906 secs]
2021-06-26T02:08:56.844+0800: 63709.414: [GC pause (G1 Evacuation Pause) (young) 5513M->2507M(6144M), 0.0182529 secs]
2021-06-26T02:10:41.519+0800: 63814.089: [GC pause (G1 Evacuation Pause) (young) 5511M->2506M(6144M), 0.0180415 secs]
2021-06-26T02:12:31.246+0800: 63923.816: [GC pause (G1 Evacuation Pause) (young) 5512M->2507M(6144M), 0.0189565 secs]
2021-06-26T02:14:06.721+0800: 64019.290: [GC pause (G1 Evacuation Pause) (young) 5509M->2506M(6144M), 0.0181204 secs]
2021-06-26T02:15:34.319+0800: 64106.889: [GC pause (G1 Evacuation Pause) (young) 5512M->2510M(6144M), 0.0192679 secs]
2021-06-26T02:17:29.483+0800: 64222.053: [GC pause (G1 Evacuation Pause) (young) 5508M->2508M(6144M), 0.0187991 secs]
2021-06-26T02:19:05.522+0800: 64318.092: [GC pause (G1 Evacuation Pause) (young) 5510M->2513M(6144M), 0.0210182 secs]
2021-06-26T02:20:44.556+0800: 64417.126: [GC pause (G1 Evacuation Pause) (young) 5507M->2509M(6144M), 0.0188938 secs]
2021-06-26T02:22:18.265+0800: 64510.835: [GC pause (G1 Evacuation Pause) (young) 5509M->2507M(6144M), 0.0181692 secs]
2021-06-26T02:24:08.124+0800: 64620.694: [GC pause (G1 Evacuation Pause) (young) 5515M->2509M(6144M), 0.0170997 secs]
2021-06-26T02:25:21.909+0800: 64694.479: [GC pause (G1 Evacuation Pause) (young) 5515M->2513M(6144M), 0.0182564 secs]
2021-06-26T02:27:08.107+0800: 64800.677: [GC pause (G1 Evacuation Pause) (young) 5511M->2514M(6144M), 0.0179726 secs]
2021-06-26T02:28:51.340+0800: 64903.910: [GC pause (G1 Evacuation Pause) (young) 5512M->2513M(6144M), 0.0180789 secs]
2021-06-26T02:30:40.324+0800: 65012.894: [GC pause (G1 Evacuation Pause) (young) 5509M->2515M(6144M), 0.0193760 secs]
2021-06-26T02:32:02.991+0800: 65095.561: [GC pause (G1 Evacuation Pause) (young) 5507M->2515M(6144M), 0.0202779 secs]
2021-06-26T02:33:19.178+0800: 65171.747: [GC pause (G1 Evacuation Pause) (young) 5507M->2512M(6144M), 0.0176460 secs]
2021-06-26T02:34:53.429+0800: 65265.999: [GC pause (G1 Evacuation Pause) (young) 5512M->2513M(6144M), 0.0200535 secs]
2021-06-26T02:36:39.247+0800: 65371.817: [GC pause (G1 Evacuation Pause) (young) 5509M->2510M(6144M), 0.0176582 secs]
2021-06-26T02:38:15.053+0800: 65467.623: [GC pause (G1 Evacuation Pause) (young) 5514M->2514M(6144M), 0.0196185 secs]
2021-06-26T02:39:37.225+0800: 65549.795: [GC pause (G1 Evacuation Pause) (young) 5510M->2512M(6144M), 0.0169580 secs]
2021-06-26T02:41:25.510+0800: 65658.080: [GC pause (G1 Evacuation Pause) (young) 5512M->2512M(6144M), 0.0166867 secs]
2021-06-26T02:43:03.269+0800: 65755.839: [GC pause (G1 Evacuation Pause) (young) 5512M->2512M(6144M), 0.0158184 secs]
2021-06-26T02:44:44.597+0800: 65857.167: [GC pause (G1 Evacuation Pause) (young) 5512M->2514M(6144M), 0.0203982 secs]
2021-06-26T02:46:14.358+0800: 65946.928: [GC pause (G1 Evacuation Pause) (young) 5510M->2516M(6144M), 0.0202032 secs]
2021-06-26T02:48:14.627+0800: 66067.197: [GC pause (G1 Evacuation Pause) (young) 5508M->2516M(6144M), 0.0197985 secs]
2021-06-26T02:50:09.590+0800: 66182.159: [GC pause (G1 Evacuation Pause) (young) 5508M->2520M(6144M), 0.0212915 secs]
2021-06-26T02:51:18.513+0800: 66251.083: [GC pause (G1 Evacuation Pause) (young) 5504M->2517M(6144M), 0.0203261 secs]
2021-06-26T02:52:44.326+0800: 66336.896: [GC pause (G1 Evacuation Pause) (young) 5509M->2513M(6144M), 0.0189952 secs]
2021-06-26T02:54:37.584+0800: 66450.153: [GC pause (G1 Evacuation Pause) (young) 5512M->2521M(6144M), 0.0223262 secs]
2021-06-26T02:56:07.813+0800: 66540.383: [GC pause (G1 Evacuation Pause) (young) 5507M->2522M(6144M), 0.0229481 secs]
2021-06-26T02:57:28.305+0800: 66620.875: [GC pause (G1 Evacuation Pause) (young) 5504M->2522M(6144M), 0.0213896 secs]
2021-06-26T02:59:33.821+0800: 66746.390: [GC pause (G1 Evacuation Pause) (young) 5504M->2517M(6144M), 0.0197142 secs]
2021-06-26T03:00:50.435+0800: 66823.005: [GC pause (G1 Evacuation Pause) (young) 5511M->2520M(6144M), 0.0229563 secs]
2021-06-26T03:01:18.367+0800: 66850.937: [GC pause (G1 Evacuation Pause) (young) 5512M->2528M(6144M), 0.0265271 secs]
2021-06-26T03:01:46.329+0800: 66878.899: [GC pause (G1 Evacuation Pause) (young) 5512M->2531M(6144M), 0.0293930 secs]
2021-06-26T03:02:09.685+0800: 66902.254: [GC pause (G1 Evacuation Pause) (young) 5530M->2532M(6144M), 0.0335520 secs]
2021-06-26T03:02:31.086+0800: 66923.656: [GC pause (G1 Evacuation Pause) (young) 5521M->2534M(6144M), 0.0334964 secs]
2021-06-26T03:02:50.629+0800: 66943.199: [GC pause (G1 Evacuation Pause) (young) 5530M->2537M(6144M), 0.0348864 secs]
2021-06-26T03:04:26.709+0800: 67039.278: [GC pause (G1 Evacuation Pause) (young) 5496M->2538M(6144M), 0.0284208 secs]
2021-06-26T03:06:12.377+0800: 67144.946: [GC pause (G1 Evacuation Pause) (young) 5496M->2538M(6144M), 0.0272272 secs]
2021-06-26T03:07:29.923+0800: 67222.493: [GC pause (G1 Evacuation Pause) (young) 5494M->2540M(6144M), 0.0266599 secs]
2021-06-26T03:09:05.221+0800: 67317.791: [GC pause (G1 Evacuation Pause) (young) 5492M->2539M(6144M), 0.0265283 secs]
2021-06-26T03:10:40.468+0800: 67413.038: [GC pause (G1 Evacuation Pause) (young) 5491M->2543M(6144M), 0.0281118 secs]
2021-06-26T03:12:41.019+0800: 67533.589: [GC pause (G1 Evacuation Pause) (young) 5491M->2538M(6144M), 0.0270349 secs]
2021-06-26T03:14:32.687+0800: 67645.257: [GC pause (G1 Evacuation Pause) (young) 5496M->2541M(6144M), 0.0280316 secs]
2021-06-26T03:15:26.595+0800: 67699.165: [GC pause (G1 Evacuation Pause) (young) 5495M->2549M(6144M), 0.0346347 secs]
2021-06-26T03:16:23.632+0800: 67756.202: [GC pause (G1 Evacuation Pause) (young) 5485M->2560M(6144M), 0.0433859 secs]
2021-06-26T03:17:23.862+0800: 67816.432: [GC pause (G1 Evacuation Pause) (young) 5476M->2553M(6144M), 0.0371033 secs]
2021-06-26T03:19:03.894+0800: 67916.464: [GC pause (G1 Evacuation Pause) (young) 5485M->2549M(6144M), 0.0332172 secs]
2021-06-26T03:20:39.490+0800: 68012.060: [GC pause (G1 Evacuation Pause) (young) 5493M->2544M(6144M), 0.0300504 secs]
2021-06-26T03:22:19.068+0800: 68111.638: [GC pause (G1 Evacuation Pause) (young) 5498M->2544M(6144M), 0.0285802 secs]
2021-06-26T03:24:10.475+0800: 68223.045: [GC pause (G1 Evacuation Pause) (young) 5500M->2542M(6144M), 0.0274149 secs]
2021-06-26T03:25:56.041+0800: 68328.611: [GC pause (G1 Evacuation Pause) (young) 5504M->2540M(6144M), 0.0258938 secs]
2021-06-26T03:27:36.248+0800: 68428.817: [GC pause (G1 Evacuation Pause) (young) 5508M->2546M(6144M), 0.0276646 secs]
2021-06-26T03:29:27.120+0800: 68539.690: [GC pause (G1 Evacuation Pause) (young) 5504M->2545M(6144M), 0.0240495 secs]
2021-06-26T03:31:12.590+0800: 68645.160: [GC pause (G1 Evacuation Pause) (young) 5507M->2546M(6144M), 0.0239567 secs]
2021-06-26T03:32:35.953+0800: 68728.523: [GC pause (G1 Evacuation Pause) (young) 5508M->2550M(6144M), 0.0269443 secs]
2021-06-26T03:33:38.302+0800: 68790.872: [GC pause (G1 Evacuation Pause) (young) 5504M->2551M(6144M), 0.0268469 secs]
2021-06-26T03:35:31.608+0800: 68904.178: [GC pause (G1 Evacuation Pause) (young) 5499M->2549M(6144M), 0.0267813 secs]
2021-06-26T03:37:18.293+0800: 69010.863: [GC pause (G1 Evacuation Pause) (young) 5501M->2547M(6144M), 0.0248540 secs]
2021-06-26T03:39:03.621+0800: 69116.191: [GC pause (G1 Evacuation Pause) (young) 5503M->2549M(6144M), 0.0256449 secs]
2021-06-26T03:40:32.859+0800: 69205.429: [GC pause (G1 Evacuation Pause) (young) 5506M->2549M(6144M), 0.0267991 secs]
2021-06-26T03:42:29.079+0800: 69321.649: [GC pause (G1 Evacuation Pause) (young) 5509M->2550M(6144M), 0.0255482 secs]
2021-06-26T03:44:06.527+0800: 69419.096: [GC pause (G1 Evacuation Pause) (young) 5510M->2554M(6144M), 0.0212063 secs]
2021-06-26T03:46:08.989+0800: 69541.559: [GC pause (G1 Evacuation Pause) (young) 5512M->2551M(6144M), 0.0184351 secs]
2021-06-26T03:47:27.851+0800: 69620.421: [GC pause (G1 Evacuation Pause) (young) 5511M->2556M(6144M), 0.0192603 secs]
2021-06-26T03:48:57.204+0800: 69709.774: [GC pause (G1 Evacuation Pause) (young) 5508M->2556M(6144M), 0.0187572 secs]
2021-06-26T03:50:22.265+0800: 69794.835: [GC pause (G1 Evacuation Pause) (young) 5508M->2557M(6144M), 0.0217463 secs]
2021-06-26T03:51:32.352+0800: 69864.921: [GC pause (G1 Evacuation Pause) (young) 5509M->2560M(6144M), 0.0248983 secs]
2021-06-26T03:53:06.127+0800: 69958.697: [GC pause (G1 Evacuation Pause) (young) 5504M->2565M(6144M), 0.0258663 secs]
2021-06-26T03:54:47.059+0800: 70059.629: [GC pause (G1 Evacuation Pause) (young) 5501M->2569M(6144M), 0.0260598 secs]
2021-06-26T03:56:25.311+0800: 70157.881: [GC pause (G1 Evacuation Pause) (young) 5495M->2561M(6144M), 0.0232044 secs]
2021-06-26T03:57:34.044+0800: 70226.614: [GC pause (G1 Evacuation Pause) (young) 5505M->2562M(6144M), 0.0221457 secs]
2021-06-26T03:59:16.139+0800: 70328.709: [GC pause (G1 Evacuation Pause) (young) 5506M->2568M(6144M), 0.0241954 secs]
2021-06-26T04:01:03.254+0800: 70435.824: [GC pause (G1 Evacuation Pause) (young) 5526M->2565M(6144M), 0.0340795 secs]
2021-06-26T04:02:40.008+0800: 70532.578: [GC pause (G1 Evacuation Pause) (young) 5507M->2566M(6144M), 0.0234839 secs]
2021-06-26T04:04:25.915+0800: 70638.484: [GC pause (G1 Evacuation Pause) (young) 5504M->2567M(6144M), 0.0221217 secs]
2021-06-26T04:05:38.296+0800: 70710.866: [GC pause (G1 Evacuation Pause) (young) 5503M->2566M(6144M), 0.0217994 secs]
2021-06-26T04:07:37.063+0800: 70829.633: [GC pause (G1 Evacuation Pause) (young) 5506M->2566M(6144M), 0.0207304 secs]
2021-06-26T04:09:33.508+0800: 70946.078: [GC pause (G1 Evacuation Pause) (young) 5506M->2572M(6144M), 0.0239565 secs]
2021-06-26T04:11:16.086+0800: 71048.656: [GC pause (G1 Evacuation Pause) (young) 5500M->2567M(6144M), 0.0217567 secs]
2021-06-26T04:12:53.774+0800: 71146.344: [GC pause (G1 Evacuation Pause) (young) 5507M->2566M(6144M), 0.0234324 secs]
2021-06-26T04:14:19.090+0800: 71231.660: [GC pause (G1 Evacuation Pause) (young) 5506M->2570M(6144M), 0.0253058 secs]
2021-06-26T04:15:30.989+0800: 71303.559: [GC pause (G1 Evacuation Pause) (young) 5504M->2569M(6144M), 0.0252477 secs]
2021-06-26T04:17:07.681+0800: 71400.251: [GC pause (G1 Evacuation Pause) (young) 5511M->2581M(6144M), 0.0300097 secs]
2021-06-26T04:18:44.504+0800: 71497.074: [GC pause (G1 Evacuation Pause) (young) 5503M->2579M(6144M), 0.0260329 secs]
2021-06-26T04:20:27.171+0800: 71599.741: [GC pause (G1 Evacuation Pause) (young) 5505M->2577M(6144M), 0.0255396 secs]
2021-06-26T04:21:43.351+0800: 71675.921: [GC pause (G1 Evacuation Pause) (young) 5516M->2577M(6144M), 0.0266346 secs]
2021-06-26T04:23:15.475+0800: 71768.045: [GC pause (G1 Evacuation Pause) (young) 5505M->2578M(6144M), 0.0268718 secs]
2021-06-26T04:24:48.258+0800: 71860.828: [GC pause (G1 Evacuation Pause) (young) 5506M->2579M(6144M), 0.0273725 secs]
2021-06-26T04:26:23.246+0800: 71955.816: [GC pause (G1 Evacuation Pause) (young) 5507M->2580M(6144M), 0.0270839 secs]
2021-06-26T04:27:15.929+0800: 72008.499: [GC pause (G1 Evacuation Pause) (young) 5515M->2580M(6144M), 0.0235365 secs]
2021-06-26T04:29:06.387+0800: 72118.957: [GC pause (G1 Evacuation Pause) (young) 5508M->2581M(6144M), 0.0227475 secs]
2021-06-26T04:30:52.992+0800: 72225.562: [GC pause (G1 Evacuation Pause) (young) 5509M->2582M(6144M), 0.0230880 secs]
2021-06-26T04:32:30.030+0800: 72322.600: [GC pause (G1 Evacuation Pause) (young) 5506M->2588M(6144M), 0.0248592 secs]
2021-06-26T04:33:28.151+0800: 72380.721: [GC pause (G1 Evacuation Pause) (young) 5500M->2586M(6144M), 0.0248849 secs]
2021-06-26T04:34:59.704+0800: 72472.274: [GC pause (G1 Evacuation Pause) (young) 5506M->2585M(6144M), 0.0241628 secs]
2021-06-26T04:36:38.878+0800: 72571.448: [GC pause (G1 Evacuation Pause) (young) 5503M->2589M(6144M), 0.0258933 secs]
2021-06-26T04:37:37.736+0800: 72630.306: [GC pause (G1 Evacuation Pause) (young) 5503M->2586M(6144M), 0.0231883 secs]
2021-06-26T04:39:16.384+0800: 72728.954: [GC pause (G1 Evacuation Pause) (young) 5508M->2591M(6144M), 0.0250909 secs]
2021-06-26T04:41:11.744+0800: 72844.314: [GC pause (G1 Evacuation Pause) (young) 5505M->2589M(6144M), 0.0215744 secs]
2021-06-26T04:42:37.839+0800: 72930.409: [GC pause (G1 Evacuation Pause) (young) 5509M->2593M(6144M), 0.0265740 secs]
2021-06-26T04:44:00.154+0800: 73012.724: [GC pause (G1 Evacuation Pause) (young) 5507M->2590M(6144M), 0.0237011 secs]
2021-06-26T04:45:24.632+0800: 73097.202: [GC pause (G1 Evacuation Pause) (young) 5512M->2594M(6144M), 0.0246118 secs]
2021-06-26T04:46:54.249+0800: 73186.819: [GC pause (G1 Evacuation Pause) (young) 5506M->2596M(6144M), 0.0227281 secs]
2021-06-26T04:48:39.700+0800: 73292.270: [GC pause (G1 Evacuation Pause) (young) 5508M->2591M(6144M), 0.0199372 secs]
2021-06-26T04:50:27.385+0800: 73399.955: [GC pause (G1 Evacuation Pause) (young) 5509M->2595M(6144M), 0.0240485 secs]
2021-06-26T04:52:03.370+0800: 73495.940: [GC pause (G1 Evacuation Pause) (young) 5509M->2592M(6144M), 0.0217506 secs]
2021-06-26T04:53:15.554+0800: 73568.124: [GC pause (G1 Evacuation Pause) (young) 5528M->2597M(6144M), 0.0264911 secs]
2021-06-26T04:54:53.678+0800: 73666.248: [GC pause (G1 Evacuation Pause) (young) 5507M->2600M(6144M), 0.0218087 secs]
2021-06-26T04:56:17.246+0800: 73749.816: [GC pause (G1 Evacuation Pause) (young) 5504M->2595M(6144M), 0.0203600 secs]
2021-06-26T04:58:02.095+0800: 73854.665: [GC pause (G1 Evacuation Pause) (young) 5507M->2595M(6144M), 0.0195090 secs]
2021-06-26T04:59:27.695+0800: 73940.265: [GC pause (G1 Evacuation Pause) (young) 5511M->2603M(6144M), 0.0226104 secs]
2021-06-26T05:01:18.887+0800: 74051.457: [GC pause (G1 Evacuation Pause) (young) 5503M->2602M(6144M), 0.0217859 secs]
2021-06-26T05:03:02.110+0800: 74154.679: [GC pause (G1 Evacuation Pause) (young) 5504M->2594M(6144M), 0.0199700 secs]
2021-06-26T05:04:45.844+0800: 74258.414: [GC pause (G1 Evacuation Pause) (young) 5512M->2596M(6144M), 0.0201349 secs]
2021-06-26T05:06:31.999+0800: 74364.569: [GC pause (G1 Evacuation Pause) (young) 5512M->2595M(6144M), 0.0186314 secs]
2021-06-26T05:08:02.253+0800: 74454.823: [GC pause (G1 Evacuation Pause) (young) 5515M->2597M(6144M), 0.0171573 secs]
2021-06-26T05:09:19.190+0800: 74531.760: [GC pause (G1 Evacuation Pause) (young) 5511M->2601M(6144M), 0.0183963 secs]
2021-06-26T05:10:50.853+0800: 74623.422: [GC pause (G1 Evacuation Pause) (young) 5507M->2602M(6144M), 0.0192765 secs]
2021-06-26T05:12:36.133+0800: 74728.703: [GC pause (G1 Evacuation Pause) (young) 5508M->2602M(6144M), 0.0205077 secs]
2021-06-26T05:14:17.962+0800: 74830.532: [GC pause (G1 Evacuation Pause) (young) 5508M->2601M(6144M), 0.0202247 secs]
2021-06-26T05:15:30.521+0800: 74903.091: [GC pause (G1 Evacuation Pause) (young) 5511M->2607M(6144M), 0.0238913 secs]
2021-06-26T05:17:13.735+0800: 75006.305: [GC pause (G1 Evacuation Pause) (young) 5505M->2603M(6144M), 0.0199700 secs]
2021-06-26T05:18:51.618+0800: 75104.188: [GC pause (G1 Evacuation Pause) (young) 5509M->2604M(6144M), 0.0242129 secs]
2021-06-26T05:20:34.938+0800: 75207.508: [GC pause (G1 Evacuation Pause) (young) 5510M->2607M(6144M), 0.0258742 secs]
2021-06-26T05:22:04.094+0800: 75296.664: [GC pause (G1 Evacuation Pause) (young) 5505M->2609M(6144M), 0.0265722 secs]
2021-06-26T05:23:18.800+0800: 75371.369: [GC pause (G1 Evacuation Pause) (young) 5501M->2601M(6144M), 0.0227248 secs]
2021-06-26T05:24:44.721+0800: 75457.291: [GC pause (G1 Evacuation Pause) (young) 5509M->2612M(6144M), 0.0296974 secs]
2021-06-26T05:26:26.378+0800: 75558.948: [GC pause (G1 Evacuation Pause) (young) 5500M->2609M(6144M), 0.0299443 secs]
2021-06-26T05:27:32.210+0800: 75624.780: [GC pause (G1 Evacuation Pause) (young) 5506M->2611M(6144M), 0.0297993 secs]
2021-06-26T05:28:45.774+0800: 75698.344: [GC pause (G1 Evacuation Pause) (young) 5504M->2610M(6144M), 0.0311666 secs]
2021-06-26T05:29:49.902+0800: 75762.472: [GC pause (G1 Evacuation Pause) (young) 5504M->2613M(6144M), 0.0327933 secs]
2021-06-26T05:31:26.882+0800: 75859.451: [GC pause (G1 Evacuation Pause) (young) 5503M->2615M(6144M), 0.0315445 secs]
2021-06-26T05:32:57.372+0800: 75949.941: [GC pause (G1 Evacuation Pause) (young) 5501M->2617M(6144M), 0.0334307 secs]
2021-06-26T05:34:16.243+0800: 76028.813: [GC pause (G1 Evacuation Pause) (young) 5499M->2630M(6144M), 0.0425539 secs]
2021-06-26T05:35:07.835+0800: 76080.405: [GC pause (G1 Evacuation Pause) (young) 5487M->2630M(6144M), 0.0443928 secs]
2021-06-26T05:36:20.127+0800: 76152.697: [GC pause (G1 Evacuation Pause) (young) 5488M->2629M(6144M), 0.0423711 secs]
2021-06-26T05:37:19.898+0800: 76212.468: [GC pause (G1 Evacuation Pause) (young) 5489M->2634M(6144M), 0.0380648 secs]
2021-06-26T05:38:42.696+0800: 76295.266: [GC pause (G1 Evacuation Pause) (young) 5486M->2634M(6144M), 0.0367533 secs]
2021-06-26T05:39:50.374+0800: 76362.944: [GC pause (G1 Evacuation Pause) (young) 5491M->2636M(6144M), 0.0381744 secs]
2021-06-26T05:40:56.166+0800: 76428.736: [GC pause (G1 Evacuation Pause) (young) 5489M->2636M(6144M), 0.0387008 secs]
2021-06-26T05:42:02.367+0800: 76494.937: [GC pause (G1 Evacuation Pause) (young) 5486M->2642M(6144M), 0.0432660 secs]
2021-06-26T05:43:18.607+0800: 76571.177: [GC pause (G1 Evacuation Pause) (young) 5481M->2639M(6144M), 0.0414530 secs]
2021-06-26T05:44:24.973+0800: 76637.543: [GC pause (G1 Evacuation Pause) (young) 5494M->2640M(6144M), 0.0418460 secs]
2021-06-26T05:45:20.672+0800: 76693.242: [GC pause (G1 Evacuation Pause) (young) 5487M->2648M(6144M), 0.0442430 secs]
2021-06-26T05:46:31.469+0800: 76764.039: [GC pause (G1 Evacuation Pause) (young) 5476M->2649M(6144M), 0.0450429 secs]
2021-06-26T05:47:25.256+0800: 76817.826: [GC pause (G1 Evacuation Pause) (young) 5479M->2652M(6144M), 0.0414366 secs]
2021-06-26T05:48:48.793+0800: 76901.363: [GC pause (G1 Evacuation Pause) (young) 5480M->2651M(6144M), 0.0404816 secs]
2021-06-26T05:49:40.147+0800: 76952.717: [GC pause (G1 Evacuation Pause) (young) 5486M->2659M(6144M), 0.0416387 secs]
2021-06-26T05:51:09.210+0800: 77041.780: [GC pause (G1 Evacuation Pause) (young) 5482M->2666M(6144M), 0.0459918 secs]
2021-06-26T05:52:32.423+0800: 77124.993: [GC pause (G1 Evacuation Pause) (young) 5476M->2662M(6144M), 0.0385763 secs]
2021-06-26T05:53:32.588+0800: 77185.158: [GC pause (G1 Evacuation Pause) (young) 5488M->2664M(6144M), 0.0389154 secs]
2021-06-26T05:54:44.656+0800: 77257.226: [GC pause (G1 Evacuation Pause) (young) 5488M->2671M(6144M), 0.0411247 secs]
2021-06-26T05:55:39.457+0800: 77312.027: [GC pause (G1 Evacuation Pause) (young) 5481M->2673M(6144M), 0.0393403 secs]
2021-06-26T05:56:48.902+0800: 77381.472: [GC pause (G1 Evacuation Pause) (young) 5482M->2671M(6144M), 0.0367405 secs]
2021-06-26T05:58:09.243+0800: 77461.813: [GC pause (G1 Evacuation Pause) (young) 5485M->2673M(6144M), 0.0363109 secs]
2021-06-26T05:59:27.413+0800: 77539.983: [GC pause (G1 Evacuation Pause) (young) 5491M->2675M(6144M), 0.0356527 secs]
2021-06-26T06:01:14.877+0800: 77647.447: [GC pause (G1 Evacuation Pause) (young) 5490M->2678M(6144M), 0.0359683 secs]
2021-06-26T06:02:25.079+0800: 77717.649: [GC pause (G1 Evacuation Pause) (young) 5490M->2678M(6144M), 0.0337076 secs]
2021-06-26T06:03:28.604+0800: 77781.174: [GC pause (G1 Evacuation Pause) (young) 5492M->2678M(6144M), 0.0324523 secs]
2021-06-26T06:04:47.491+0800: 77860.061: [GC pause (G1 Evacuation Pause) (young) 5494M->2683M(6144M), 0.0315993 secs]
2021-06-26T06:06:11.522+0800: 77944.092: [GC pause (G1 Evacuation Pause) (young) 5495M->2684M(6144M), 0.0309612 secs]
2021-06-26T06:07:10.586+0800: 78003.156: [GC pause (G1 Evacuation Pause) (young) 5498M->2683M(6144M), 0.0285082 secs]
2021-06-26T06:08:30.110+0800: 78082.680: [GC pause (G1 Evacuation Pause) (young) 5497M->2691M(6144M), 0.0342784 secs]
2021-06-26T06:09:16.834+0800: 78129.404: [GC pause (G1 Evacuation Pause) (young) 5491M->2689M(6144M), 0.0288495 secs]
2021-06-26T06:10:14.676+0800: 78187.246: [GC pause (G1 Evacuation Pause) (young) 5499M->2693M(6144M), 0.0341733 secs]
2021-06-26T06:11:21.857+0800: 78254.427: [GC pause (G1 Evacuation Pause) (young) 5497M->2690M(6144M), 0.0262804 secs]
2021-06-26T06:12:35.548+0800: 78328.118: [GC pause (G1 Evacuation Pause) (young) 5502M->2692M(6144M), 0.0284354 secs]
2021-06-26T06:13:37.676+0800: 78390.246: [GC pause (G1 Evacuation Pause) (young) 5502M->2690M(6144M), 0.0271754 secs]
2021-06-26T06:14:49.914+0800: 78462.484: [GC pause (G1 Evacuation Pause) (young) 5515M->2694M(6144M), 0.0295194 secs]
2021-06-26T06:16:13.423+0800: 78545.993: [GC pause (G1 Evacuation Pause) (young) 5500M->2699M(6144M), 0.0284827 secs]
2021-06-26T06:17:15.238+0800: 78607.808: [GC pause (G1 Evacuation Pause) (young) 5498M->2712M(6144M), 0.0357577 secs]
2021-06-26T06:18:38.013+0800: 78690.582: [GC pause (G1 Evacuation Pause) (young) 5484M->2696M(6144M), 0.0274369 secs]
2021-06-26T06:20:18.025+0800: 78790.595: [GC pause (G1 Evacuation Pause) (young) 5502M->2699M(6144M), 0.0270312 secs]
2021-06-26T06:21:18.166+0800: 78850.735: [GC pause (G1 Evacuation Pause) (young) 5502M->2697M(6144M), 0.0268599 secs]
2021-06-26T06:22:30.839+0800: 78923.409: [GC pause (G1 Evacuation Pause) (young) 5505M->2699M(6144M), 0.0267316 secs]
2021-06-26T06:23:36.890+0800: 78989.460: [GC pause (G1 Evacuation Pause) (young) 5503M->2699M(6144M), 0.0265917 secs]
2021-06-26T06:24:48.450+0800: 79061.020: [GC pause (G1 Evacuation Pause) (young) 5503M->2700M(6144M), 0.0260570 secs]
2021-06-26T06:26:04.361+0800: 79136.931: [GC pause (G1 Evacuation Pause) (young) 5502M->2700M(6144M), 0.0264735 secs]
2021-06-26T06:27:00.047+0800: 79192.617: [GC pause (G1 Evacuation Pause) (young) 5506M->2701M(6144M), 0.0257985 secs]
2021-06-26T06:27:36.648+0800: 79229.218: [GC pause (G1 Evacuation Pause) (young) 5505M->2701M(6144M), 0.0257177 secs]
2021-06-26T06:28:59.436+0800: 79312.006: [GC pause (G1 Evacuation Pause) (young) 5505M->2702M(6144M), 0.0262999 secs]
2021-06-26T06:30:22.551+0800: 79395.120: [GC pause (G1 Evacuation Pause) (young) 5504M->2710M(6144M), 0.0281061 secs]
2021-06-26T06:31:22.039+0800: 79454.609: [GC pause (G1 Evacuation Pause) (young) 5496M->2703M(6144M), 0.0252423 secs]
2021-06-26T06:32:31.387+0800: 79523.957: [GC pause (G1 Evacuation Pause) (young) 5503M->2708M(6144M), 0.0271242 secs]
2021-06-26T06:33:30.860+0800: 79583.430: [GC pause (G1 Evacuation Pause) (young) 5500M->2717M(6144M), 0.0315484 secs]
2021-06-26T06:34:37.061+0800: 79649.631: [GC pause (G1 Evacuation Pause) (young) 5493M->2728M(6144M), 0.0405687 secs]
2021-06-26T06:35:31.487+0800: 79704.057: [GC pause (G1 Evacuation Pause) (young) 5491M->2709M(6144M), 0.0277499 secs]
2021-06-26T06:36:44.635+0800: 79777.205: [GC pause (G1 Evacuation Pause) (young) 5506M->2712M(6144M), 0.0266073 secs]
2021-06-26T06:37:38.636+0800: 79831.206: [GC pause (G1 Evacuation Pause) (young) 5504M->2713M(6144M), 0.0250215 secs]
2021-06-26T06:38:52.953+0800: 79905.523: [GC pause (G1 Evacuation Pause) (young) 5506M->2715M(6144M), 0.0254831 secs]
2021-06-26T06:40:05.417+0800: 79977.987: [GC pause (G1 Evacuation Pause) (young) 5505M->2721M(6144M), 0.0268050 secs]
2021-06-26T06:41:14.937+0800: 80047.507: [GC pause (G1 Evacuation Pause) (young) 5499M->2714M(6144M), 0.0220645 secs]
2021-06-26T06:42:32.186+0800: 80124.756: [GC pause (G1 Evacuation Pause) (young) 5506M->2714M(6144M), 0.0226930 secs]
2021-06-26T06:43:38.334+0800: 80190.904: [GC pause (G1 Evacuation Pause) (young) 5506M->2712M(6144M), 0.0217741 secs]
2021-06-26T06:44:48.161+0800: 80260.731: [GC pause (G1 Evacuation Pause) (young) 5508M->2717M(6144M), 0.0244302 secs]
2021-06-26T06:45:50.496+0800: 80323.066: [GC pause (G1 Evacuation Pause) (young) 5505M->2715M(6144M), 0.0277584 secs]
2021-06-26T06:46:50.400+0800: 80382.970: [GC pause (G1 Evacuation Pause) (young) 5507M->2717M(6144M), 0.0247498 secs]
2021-06-26T06:48:00.100+0800: 80452.670: [GC pause (G1 Evacuation Pause) (young) 5505M->2722M(6144M), 0.0256199 secs]
2021-06-26T06:48:51.060+0800: 80503.630: [GC pause (G1 Evacuation Pause) (young) 5500M->2728M(6144M), 0.0286734 secs]
2021-06-26T06:50:00.143+0800: 80572.713: [GC pause (G1 Evacuation Pause) (young) 5502M->2721M(6144M), 0.0258098 secs]
2021-06-26T06:51:08.080+0800: 80640.650: [GC pause (G1 Evacuation Pause) (young) 5521M->2721M(6144M), 0.0278294 secs]
2021-06-26T06:52:01.814+0800: 80694.384: [GC pause (G1 Evacuation Pause) (young) 5508M->2724M(6144M), 0.0249954 secs]
2021-06-26T06:52:46.060+0800: 80738.630: [GC pause (G1 Evacuation Pause) (young) 5504M->2732M(6144M), 0.0303609 secs]
2021-06-26T06:53:27.209+0800: 80779.779: [GC pause (G1 Evacuation Pause) (young) 5497M->2726M(6144M), 0.0264024 secs]
2021-06-26T06:54:41.345+0800: 80853.915: [GC pause (G1 Evacuation Pause) (young) 5502M->2729M(6144M), 0.0295037 secs]
2021-06-26T06:55:38.773+0800: 80911.343: [GC pause (G1 Evacuation Pause) (young) 5503M->2726M(6144M), 0.0256288 secs]
2021-06-26T06:57:10.408+0800: 81002.978: [GC pause (G1 Evacuation Pause) (young) 5506M->2725M(6144M), 0.0229137 secs]
2021-06-26T06:58:19.099+0800: 81071.669: [GC pause (G1 Evacuation Pause) (young) 5503M->2729M(6144M), 0.0246032 secs]
2021-06-26T06:59:15.582+0800: 81128.152: [GC pause (G1 Evacuation Pause) (young) 5499M->2727M(6144M), 0.0226368 secs]
2021-06-26T07:00:25.730+0800: 81198.300: [GC pause (G1 Evacuation Pause) (young) 5505M->2725M(6144M), 0.0247620 secs]
2021-06-26T07:01:30.703+0800: 81263.273: [GC pause (G1 Evacuation Pause) (young) 5521M->2726M(6144M), 0.0263701 secs]
2021-06-26T07:02:20.318+0800: 81312.888: [GC pause (G1 Evacuation Pause) (young) 5506M->2729M(6144M), 0.0233577 secs]
2021-06-26T07:03:11.350+0800: 81363.920: [GC pause (G1 Evacuation Pause) (young) 5505M->2730M(6144M), 0.0228067 secs]
2021-06-26T07:04:31.307+0800: 81443.876: [GC pause (G1 Evacuation Pause) (young) 5506M->2730M(6144M), 0.0229239 secs]
2021-06-26T07:05:34.853+0800: 81507.423: [GC pause (G1 Evacuation Pause) (young) 5504M->2737M(6144M), 0.0275706 secs]
2021-06-26T07:06:43.384+0800: 81575.954: [GC pause (G1 Evacuation Pause) (young) 5500M->2732M(6144M), 0.0243659 secs]
2021-06-26T07:07:32.894+0800: 81625.464: [GC pause (G1 Evacuation Pause) (young) 5514M->2733M(6144M), 0.0265596 secs]
2021-06-26T07:08:39.973+0800: 81692.543: [GC pause (G1 Evacuation Pause) (young) 5510M->2738M(6144M), 0.0264278 secs]
2021-06-26T07:09:30.966+0800: 81743.535: [GC pause (G1 Evacuation Pause) (young) 5501M->2744M(6144M), 0.0327969 secs]
2021-06-26T07:10:13.724+0800: 81786.294: [GC pause (G1 Evacuation Pause) (young) 5494M->2737M(6144M), 0.0248619 secs]
2021-06-26T07:11:00.905+0800: 81833.475: [GC pause (G1 Evacuation Pause) (young) 5503M->2737M(6144M), 0.0279899 secs]
2021-06-26T07:11:05.230+0800: 81837.800: [GC pause (G1 Humongous Allocation) (young) (initial-mark) 3013M->2785M(6144M), 0.0315988 secs]
2021-06-26T07:11:05.262+0800: 81837.832: [GC concurrent-root-region-scan-start]
2021-06-26T07:11:05.301+0800: 81837.871: [GC concurrent-root-region-scan-end, 0.0394251 secs]
2021-06-26T07:11:05.301+0800: 81837.871: [GC concurrent-mark-start]
2021-06-26T07:11:06.430+0800: 81839.000: [GC concurrent-mark-end, 1.1287287 secs]
2021-06-26T07:11:06.432+0800: 81839.002: [GC remark, 0.1842425 secs]
2021-06-26T07:11:06.618+0800: 81839.188: [GC cleanup 2968M->1811M(6144M), 0.0201164 secs]
2021-06-26T07:11:06.638+0800: 81839.208: [GC concurrent-cleanup-start]
2021-06-26T07:11:06.640+0800: 81839.210: [GC concurrent-cleanup-end, 0.0016520 secs]
2021-06-26T07:12:14.907+0800: 81907.476: [GC pause (G1 Evacuation Pause) (young) 4466M->1585M(6144M), 0.0401239 secs]
2021-06-26T07:12:20.391+0800: 81912.961: [GC pause (G1 Evacuation Pause) (mixed) 1867M->1013M(6144M), 0.0835866 secs]
2021-06-26T07:12:23.549+0800: 81916.119: [GC pause (G1 Evacuation Pause) (mixed) 1297M->917M(6144M), 0.1198865 secs]
2021-06-26T07:13:27.677+0800: 81980.247: [GC pause (G1 Evacuation Pause) (young) 4583M->922M(6144M), 0.0791283 secs]
2021-06-26T07:14:33.443+0800: 82046.013: [GC pause (G1 Evacuation Pause) (young) 4615M->933M(6144M), 0.0350043 secs]
2021-06-26T07:15:30.994+0800: 82103.564: [GC pause (G1 Evacuation Pause) (young) 4611M->933M(6144M), 0.0294546 secs]
2021-06-26T07:16:35.503+0800: 82168.073: [GC pause (G1 Evacuation Pause) (young) 4604M->931M(6144M), 0.0264654 secs]
2021-06-26T07:17:37.852+0800: 82230.422: [GC pause (G1 Evacuation Pause) (young) 4597M->934M(6144M), 0.0266070 secs]
2021-06-26T07:18:57.369+0800: 82309.939: [GC pause (G1 Evacuation Pause) (young) 4597M->940M(6144M), 0.0292863 secs]
2021-06-26T07:20:07.117+0800: 82379.687: [GC pause (G1 Evacuation Pause) (young) 4612M->936M(6144M), 0.0311297 secs]
2021-06-26T07:21:05.172+0800: 82437.742: [GC pause (G1 Evacuation Pause) (young) 4766M->932M(6144M), 0.0345127 secs]
2021-06-26T07:22:26.411+0800: 82518.981: [GC pause (G1 Evacuation Pause) (young) 4604M->934M(6144M), 0.0257892 secs]
2021-06-26T07:23:15.109+0800: 82567.679: [GC pause (G1 Evacuation Pause) (young) 4601M->937M(6144M), 0.0268188 secs]
2021-06-26T07:24:28.662+0800: 82641.232: [GC pause (G1 Evacuation Pause) (young) 4603M->941M(6144M), 0.0283911 secs]
2021-06-26T07:25:16.991+0800: 82689.561: [GC pause (G1 Evacuation Pause) (young) 4612M->990M(6144M), 0.0651225 secs]
2021-06-26T07:26:18.705+0800: 82751.275: [GC pause (G1 Evacuation Pause) (young) 4782M->942M(6144M), 0.0403636 secs]
2021-06-26T07:27:31.045+0800: 82823.615: [GC pause (G1 Evacuation Pause) (young) 4605M->947M(6144M), 0.0303218 secs]
2021-06-26T07:28:49.583+0800: 82902.153: [GC pause (G1 Evacuation Pause) (young) 4607M->948M(6144M), 0.0313141 secs]
2021-06-26T07:30:04.609+0800: 82977.179: [GC pause (G1 Evacuation Pause) (young) 4608M->951M(6144M), 0.0339452 secs]
2021-06-26T07:30:55.505+0800: 83028.075: [GC pause (G1 Evacuation Pause) (young) 4652M->953M(6144M), 0.0424073 secs]
2021-06-26T07:31:46.823+0800: 83079.393: [GC pause (G1 Evacuation Pause) (young) 4608M->949M(6144M), 0.0311579 secs]
2021-06-26T07:32:41.598+0800: 83134.168: [GC pause (G1 Evacuation Pause) (young) 4615M->951M(6144M), 0.0341733 secs]
2021-06-26T07:33:44.388+0800: 83196.957: [GC pause (G1 Evacuation Pause) (young) 4611M->960M(6144M), 0.0357072 secs]
2021-06-26T07:34:50.432+0800: 83263.001: [GC pause (G1 Evacuation Pause) (young) 4614M->1077M(6144M), 0.0996421 secs]
2021-06-26T07:35:57.365+0800: 83329.935: [GC pause (G1 Evacuation Pause) (young) 4611M->1073M(6144M), 0.0957438 secs]
2021-06-26T07:36:55.947+0800: 83388.517: [GC pause (G1 Evacuation Pause) (young) 4613M->1077M(6144M), 0.0937901 secs]
2021-06-26T07:37:52.656+0800: 83445.226: [GC pause (G1 Evacuation Pause) (young) 4643M->1070M(6144M), 0.0945775 secs]
2021-06-26T07:38:54.587+0800: 83507.157: [GC pause (G1 Evacuation Pause) (young) 4618M->1078M(6144M), 0.0934521 secs]
2021-06-26T07:39:41.795+0800: 83554.365: [GC pause (G1 Evacuation Pause) (young) 4618M->1079M(6144M), 0.0939543 secs]
2021-06-26T07:40:26.004+0800: 83598.574: [GC pause (G1 Evacuation Pause) (young) 4621M->1107M(6144M), 0.1215477 secs]
2021-06-26T07:41:07.071+0800: 83639.641: [GC pause (G1 Evacuation Pause) (young) 4628M->1077M(6144M), 0.0920851 secs]
2021-06-26T07:42:04.939+0800: 83697.509: [GC pause (G1 Evacuation Pause) (young) 4619M->1083M(6144M), 0.0927545 secs]
2021-06-26T07:42:31.027+0800: 83723.597: [GC pause (G1 Evacuation Pause) (young) 4656M->1089M(6144M), 0.1019252 secs]
2021-06-26T07:43:22.891+0800: 83775.461: [GC pause (G1 Evacuation Pause) (young) 4621M->1086M(6144M), 0.0928567 secs]
2021-06-26T07:44:24.295+0800: 83836.865: [GC pause (G1 Evacuation Pause) (young) 4622M->1094M(6144M), 0.0999652 secs]
2021-06-26T07:45:17.642+0800: 83890.212: [GC pause (G1 Evacuation Pause) (young) 4634M->1087M(6144M), 0.1095796 secs]
2021-06-26T07:46:20.703+0800: 83953.273: [GC pause (G1 Evacuation Pause) (young) 4629M->1085M(6144M), 0.0897473 secs]
2021-06-26T07:47:21.492+0800: 84014.062: [GC pause (G1 Evacuation Pause) (young) 4629M->1089M(6144M), 0.0885839 secs]
2021-06-26T07:48:30.972+0800: 84083.542: [GC pause (G1 Evacuation Pause) (young) 4629M->1100M(6144M), 0.0953169 secs]
2021-06-26T07:49:22.558+0800: 84135.128: [GC pause (G1 Evacuation Pause) (young) 4752M->1132M(6144M), 0.0967658 secs]
2021-06-26T07:50:20.440+0800: 84193.010: [GC pause (G1 Evacuation Pause) (young) 4769M->1106M(6144M), 0.0380049 secs]
2021-06-26T07:51:24.909+0800: 84257.479: [GC pause (G1 Evacuation Pause) (young) 4758M->1105M(6144M), 0.0310970 secs]
2021-06-26T07:52:16.818+0800: 84309.388: [GC pause (G1 Evacuation Pause) (young) 4768M->1107M(6144M), 0.0311801 secs]
2021-06-26T07:53:11.652+0800: 84364.222: [GC pause (G1 Evacuation Pause) (young) 4777M->1110M(6144M), 0.0354279 secs]
2021-06-26T07:54:14.021+0800: 84426.591: [GC pause (G1 Evacuation Pause) (young) 4797M->1116M(6144M), 0.0435118 secs]
2021-06-26T07:55:10.860+0800: 84483.430: [GC pause (G1 Evacuation Pause) (young) 4770M->1114M(6144M), 0.0347246 secs]
2021-06-26T07:56:03.154+0800: 84535.724: [GC pause (G1 Evacuation Pause) (young) 4792M->1117M(6144M), 0.0386640 secs]
2021-06-26T07:56:49.192+0800: 84581.761: [GC pause (G1 Evacuation Pause) (young) 4775M->1116M(6144M), 0.0349079 secs]
2021-06-26T07:57:56.600+0800: 84649.170: [GC pause (G1 Evacuation Pause) (young) 4786M->1116M(6144M), 0.0340806 secs]
2021-06-26T07:58:55.908+0800: 84708.478: [GC pause (G1 Evacuation Pause) (young) 4777M->1120M(6144M), 0.0330246 secs]
2021-06-26T07:59:54.522+0800: 84767.092: [GC pause (G1 Evacuation Pause) (young) 4786M->1122M(6144M), 0.0360228 secs]
2021-06-26T08:00:39.350+0800: 84811.920: [GC pause (G1 Evacuation Pause) (young) 4793M->1125M(6144M), 0.0394779 secs]
2021-06-26T08:01:17.440+0800: 84850.010: [GC pause (G1 Evacuation Pause) (young) 4785M->1128M(6144M), 0.0408867 secs]
2021-06-26T08:02:08.330+0800: 84900.900: [GC pause (G1 Evacuation Pause) (young) 4783M->1129M(6144M), 0.0377768 secs]
2021-06-26T08:02:51.002+0800: 84943.572: [GC pause (G1 Evacuation Pause) (young) 4780M->1131M(6144M), 0.0373233 secs]
2021-06-26T08:03:36.968+0800: 84989.538: [GC pause (G1 Evacuation Pause) (young) 4782M->1133M(6144M), 0.0372206 secs]
2021-06-26T08:04:23.307+0800: 85035.877: [GC pause (G1 Evacuation Pause) (young) 4784M->1132M(6144M), 0.0377204 secs]
2021-06-26T08:04:47.543+0800: 85060.113: [GC pause (G1 Evacuation Pause) (young) 4786M->1139M(6144M), 0.0394166 secs]
2021-06-26T08:05:18.895+0800: 85091.465: [GC pause (G1 Evacuation Pause) (young) 4806M->1142M(6144M), 0.0447052 secs]
2021-06-26T08:06:02.696+0800: 85135.266: [GC pause (G1 Evacuation Pause) (young) 4789M->1140M(6144M), 0.0395833 secs]
2021-06-26T08:06:35.285+0800: 85167.855: [GC pause (G1 Evacuation Pause) (young) 4790M->1145M(6144M), 0.0413276 secs]
2021-06-26T08:07:15.825+0800: 85208.395: [GC pause (G1 Evacuation Pause) (young) 4794M->1149M(6144M), 0.0421221 secs]
2021-06-26T08:07:52.557+0800: 85245.127: [GC pause (G1 Evacuation Pause) (young) 4801M->1147M(6144M), 0.0430423 secs]
2021-06-26T08:08:35.532+0800: 85288.102: [GC pause (G1 Evacuation Pause) (young) 4792M->1149M(6144M), 0.0429404 secs]
2021-06-26T08:09:19.328+0800: 85331.897: [GC pause (G1 Evacuation Pause) (young) 4810M->1150M(6144M), 0.0450534 secs]
2021-06-26T08:10:03.642+0800: 85376.211: [GC pause (G1 Evacuation Pause) (young) 4813M->1152M(6144M), 0.0467861 secs]
2021-06-26T08:10:51.180+0800: 85423.750: [GC pause (G1 Evacuation Pause) (young) 4793M->1154M(6144M), 0.0418384 secs]
2021-06-26T08:11:19.400+0800: 85451.970: [GC pause (G1 Evacuation Pause) (young) 4797M->1209M(6144M), 0.0736228 secs]
2021-06-26T08:12:05.289+0800: 85497.859: [GC pause (G1 Evacuation Pause) (young) 4803M->1215M(6144M), 0.0743108 secs]
2021-06-26T08:12:59.266+0800: 85551.836: [GC pause (G1 Evacuation Pause) (young) 4816M->1213M(6144M), 0.0712518 secs]
2021-06-26T08:13:30.046+0800: 85582.616: [GC pause (G1 Evacuation Pause) (young) 4821M->1217M(6144M), 0.0714921 secs]
2021-06-26T08:14:08.993+0800: 85621.563: [GC pause (G1 Evacuation Pause) (young) 4818M->1223M(6144M), 0.0731291 secs]
2021-06-26T08:14:43.083+0800: 85655.653: [GC pause (G1 Evacuation Pause) (young) 4822M->1223M(6144M), 0.0745102 secs]
2021-06-26T08:15:24.317+0800: 85696.887: [GC pause (G1 Evacuation Pause) (young) 4848M->1221M(6144M), 0.0743551 secs]
2021-06-26T08:16:09.573+0800: 85742.143: [GC pause (G1 Evacuation Pause) (young) 4824M->1226M(6144M), 0.0717116 secs]
2021-06-26T08:16:54.731+0800: 85787.301: [GC pause (G1 Evacuation Pause) (young) 4987M->1230M(6144M), 0.0783114 secs]
2021-06-26T08:17:37.133+0800: 85829.703: [GC pause (G1 Evacuation Pause) (young) 4833M->1232M(6144M), 0.0719046 secs]
2021-06-26T08:18:20.180+0800: 85872.750: [GC pause (G1 Evacuation Pause) (young) 4841M->1230M(6144M), 0.0723798 secs]
2021-06-26T08:19:01.477+0800: 85914.046: [GC pause (G1 Evacuation Pause) (young) 4855M->1262M(6144M), 0.0971955 secs]
2021-06-26T08:19:34.182+0800: 85946.752: [GC pause (G1 Evacuation Pause) (young) 4841M->1238M(6144M), 0.0725201 secs]
2021-06-26T08:20:09.243+0800: 85981.813: [GC pause (G1 Evacuation Pause) (young) 4866M->1240M(6144M), 0.0733445 secs]
2021-06-26T08:20:46.478+0800: 86019.048: [GC pause (G1 Evacuation Pause) (young) 4852M->1238M(6144M), 0.0695984 secs]
2021-06-26T08:21:16.247+0800: 86048.817: [GC pause (G1 Evacuation Pause) (young) 4845M->1250M(6144M), 0.0726746 secs]
2021-06-26T08:21:48.458+0800: 86081.028: [GC pause (G1 Evacuation Pause) (young) 4918M->1250M(6144M), 0.0646403 secs]
2021-06-26T08:22:30.198+0800: 86122.768: [GC pause (G1 Evacuation Pause) (young) 4906M->1296M(6144M), 0.0684843 secs]
2021-06-26T08:23:00.545+0800: 86153.115: [GC pause (G1 Evacuation Pause) (young) 4904M->1253M(6144M), 0.0406864 secs]
2021-06-26T08:23:39.562+0800: 86192.132: [GC pause (G1 Evacuation Pause) (young) 4911M->1256M(6144M), 0.0419680 secs]
2021-06-26T08:24:17.573+0800: 86230.143: [GC pause (G1 Evacuation Pause) (young) 4907M->1264M(6144M), 0.0425987 secs]
2021-06-26T08:25:05.481+0800: 86278.050: [GC pause (G1 Evacuation Pause) (young) 4918M->1269M(6144M), 0.0461130 secs]
2021-06-26T08:25:36.444+0800: 86309.014: [GC pause (G1 Evacuation Pause) (young) 4931M->1268M(6144M), 0.0483162 secs]
2021-06-26T08:26:18.149+0800: 86350.718: [GC pause (G1 Evacuation Pause) (young) 4956M->1270M(6144M), 0.0521700 secs]
2021-06-26T08:27:06.658+0800: 86399.228: [GC pause (G1 Evacuation Pause) (young) 4964M->1271M(6144M), 0.0512196 secs]
2021-06-26T08:27:47.574+0800: 86440.143: [GC pause (G1 Evacuation Pause) (young) 4959M->1276M(6144M), 0.0529238 secs]
2021-06-26T08:27:50.419+0800: 86442.989: [GC pause (G1 Evacuation Pause) (young) 1539M->1271M(6144M), 0.0354718 secs]
2021-06-26T08:28:31.567+0800: 86484.137: [GC pause (G1 Evacuation Pause) (young) 4977M->1272M(6144M), 0.0488684 secs]
2021-06-26T08:29:02.960+0800: 86515.530: [GC pause (G1 Evacuation Pause) (young) 4957M->1277M(6144M), 0.0320275 secs]
2021-06-26T08:29:37.889+0800: 86550.459: [GC pause (G1 Evacuation Pause) (young) 4960M->1276M(6144M), 0.0327690 secs]
2021-06-26T08:30:08.958+0800: 86581.528: [GC pause (G1 Evacuation Pause) (young) 3451M->1279M(6144M), 0.0296841 secs]
2021-06-26T08:30:49.145+0800: 86621.715: [GC pause (G1 Evacuation Pause) (young) 4946M->1286M(6144M), 0.0362871 secs]
2021-06-26T08:31:19.155+0800: 86651.725: [GC pause (G1 Evacuation Pause) (young) 4971M->1484M(6144M), 0.1525941 secs]
2021-06-26T08:31:19.479+0800: 86652.049: [GC pause (G1 Evacuation Pause) (young) 1614M->1534M(6144M), 0.1981876 secs]
2021-06-26T08:31:20.077+0800: 86652.647: [GC pause (G1 Evacuation Pause) (young) 1794M->1635M(6144M), 0.1205714 secs]
2021-06-26T08:31:20.545+0800: 86653.115: [GC pause (G1 Evacuation Pause) (young) 1902M->1733M(6144M), 0.1149483 secs]
2021-06-26T08:31:21.038+0800: 86653.608: [GC pause (G1 Evacuation Pause) (young) 1999M->1842M(6144M), 0.1174687 secs]
2021-06-26T08:31:21.547+0800: 86654.117: [GC pause (G1 Evacuation Pause) (young) 2108M->1945M(6144M), 0.1475980 secs]
2021-06-26T08:31:22.042+0800: 86654.612: [GC pause (G1 Evacuation Pause) (young) 2211M->2047M(6144M), 0.1071065 secs]
2021-06-26T08:31:22.646+0800: 86655.216: [GC pause (G1 Evacuation Pause) (young) 2314M->2133M(6144M), 0.0993573 secs]
2021-06-26T08:31:24.198+0800: 86656.768: [GC pause (G1 Evacuation Pause) (young) 2452M->2151M(6144M), 0.0559084 secs]
2021-06-26T08:31:25.711+0800: 86658.281: [GC pause (G1 Evacuation Pause) (young) 2835M->2159M(6144M), 0.0381356 secs]
2021-06-26T08:31:41.881+0800: 86674.451: [GC pause (G1 Evacuation Pause) (young) 3188M->2153M(6144M), 0.0215250 secs]
2021-06-26T08:31:45.874+0800: 86678.444: [GC pause (G1 Evacuation Pause) (young) 2675M->2160M(6144M), 0.0226500 secs]
2021-06-26T08:31:57.343+0800: 86689.913: [GC pause (G1 Evacuation Pause) (young) 3080M->2154M(6144M), 0.0230913 secs]
2021-06-26T08:32:13.162+0800: 86705.731: [GC pause (G1 Evacuation Pause) (young) 3788M->2157M(6144M), 0.0293570 secs]
2021-06-26T08:32:33.585+0800: 86726.155: [GC pause (G1 Evacuation Pause) (young) 4204M->2161M(6144M), 0.0321758 secs]
2021-06-26T08:33:05.325+0800: 86757.895: [GC pause (G1 Evacuation Pause) (young) 5257M->2164M(6144M), 0.0344851 secs]
2021-06-26T08:33:44.146+0800: 86796.716: [GC pause (G1 Evacuation Pause) (young) 5410M->2167M(6144M), 0.0378954 secs]
2021-06-26T08:34:24.747+0800: 86837.317: [GC pause (G1 Evacuation Pause) (young) 5460M->2170M(6144M), 0.0456889 secs]
2021-06-26T08:34:45.670+0800: 86858.240: [GC pause (G1 Evacuation Pause) (young) 3881M->2168M(6144M), 0.0386927 secs]
2021-06-26T08:35:17.888+0800: 86890.458: [GC pause (G1 Evacuation Pause) (young) 4943M->2171M(6144M), 0.0365602 secs]
2021-06-26T08:36:01.854+0800: 86934.424: [GC pause (G1 Evacuation Pause) (young) 5490M->2179M(6144M), 0.0441853 secs]
2021-06-26T08:36:35.508+0800: 86968.078: [GC pause (G1 Evacuation Pause) (young) 5476M->2176M(6144M), 0.0408889 secs]
2021-06-26T08:37:08.021+0800: 87000.591: [GC pause (G1 Evacuation Pause) (young) 5484M->2184M(6144M), 0.0484461 secs]
2021-06-26T08:37:29.347+0800: 87021.916: [GC pause (G1 Evacuation Pause) (young) 5496M->2176M(6144M), 0.0451190 secs]
2021-06-26T08:38:06.470+0800: 87059.040: [GC pause (G1 Evacuation Pause) (young) 5505M->2181M(6144M), 0.0474057 secs]
2021-06-26T08:38:34.194+0800: 87086.764: [GC pause (G1 Evacuation Pause) (young) 5491M->2194M(6144M), 0.0457365 secs]
2021-06-26T08:39:01.664+0800: 87114.234: [GC pause (G1 Evacuation Pause) (young) 5477M->2197M(6144M), 0.0461725 secs]
2021-06-26T08:39:05.728+0800: 87118.298: [GC pause (G1 Evacuation Pause) (young)-- 5487M->4115M(6144M), 4.3195687 secs]
2021-06-26T08:39:10.353+0800: 87122.923: [GC pause (G1 Evacuation Pause) (young) (initial-mark) 4363M->4156M(6144M), 0.6739590 secs]
2021-06-26T08:39:11.027+0800: 87123.597: [GC concurrent-root-region-scan-start]
2021-06-26T08:39:11.170+0800: 87123.740: [GC concurrent-root-region-scan-end, 0.1428947 secs]
2021-06-26T08:39:11.170+0800: 87123.740: [GC concurrent-mark-start]
2021-06-26T08:39:12.504+0800: 87125.074: [GC pause (G1 Evacuation Pause) (young) 4436M->4158M(6144M), 0.0533051 secs]
2021-06-26T08:39:14.670+0800: 87127.240: [GC pause (G1 Evacuation Pause) (young) 4456M->4166M(6144M), 0.0417067 secs]
2021-06-26T08:39:15.184+0800: 87127.754: [GC concurrent-mark-end, 4.0139918 secs]
2021-06-26T08:39:15.186+0800: 87127.756: [GC remark, 0.0817191 secs]
2021-06-26T08:39:15.270+0800: 87127.840: [GC cleanup 4252M->3278M(6144M), 0.0162992 secs]
2021-06-26T08:39:15.286+0800: 87127.856: [GC concurrent-cleanup-start]
2021-06-26T08:39:15.288+0800: 87127.858: [GC concurrent-cleanup-end, 0.0014339 secs]
2021-06-26T08:39:16.196+0800: 87128.766: [GC pause (G1 Evacuation Pause) (young) 3482M->3212M(6144M), 0.0334430 secs]
2021-06-26T08:39:17.818+0800: 87130.388: [GC pause (G1 Evacuation Pause) (mixed) 3482M->2665M(6144M), 0.0759193 secs]
2021-06-26T08:39:23.689+0800: 87136.259: [GC pause (G1 Evacuation Pause) (mixed) 2965M->2343M(6144M), 0.1270740 secs]
2021-06-26T08:39:24.794+0800: 87137.364: [GC pause (G1 Evacuation Pause) (mixed) 2654M->2131M(6144M), 0.1345566 secs]
2021-06-26T08:39:28.053+0800: 87140.623: [GC pause (G1 Evacuation Pause) (mixed) 2427M->1970M(6144M), 0.1500325 secs]
2021-06-26T08:39:37.436+0800: 87150.006: [GC pause (G1 Evacuation Pause) (young) 3270M->1972M(6144M), 0.0392624 secs]
2021-06-26T08:39:45.060+0800: 87157.630: [GC pause (G1 Evacuation Pause) (young) 3254M->1973M(6144M), 0.0187539 secs]
2021-06-26T08:40:01.500+0800: 87174.070: [GC pause (G1 Evacuation Pause) (young) 3880M->2007M(6144M), 0.0436591 secs]
2021-06-26T08:40:17.274+0800: 87189.844: [GC pause (G1 Evacuation Pause) (young) 4189M->1981M(6144M), 0.0318787 secs]
2021-06-26T08:40:18.565+0800: 87191.135: [GC pause (G1 Evacuation Pause) (young) 2265M->1986M(6144M), 0.0247364 secs]
2021-06-26T08:40:23.780+0800: 87196.350: [GC pause (G1 Evacuation Pause) (young) 2266M->1982M(6144M), 0.0220898 secs]
2021-06-26T08:40:29.411+0800: 87201.981: [GC pause (G1 Evacuation Pause) (young) 2624M->2016M(6144M), 0.0544567 secs]
2021-06-26T08:40:34.804+0800: 87207.374: [GC pause (G1 Evacuation Pause) (young) 2500M->1979M(6144M), 0.0185606 secs]
2021-06-26T08:40:57.139+0800: 87229.709: [GC pause (G1 Evacuation Pause) (young) 3957M->1984M(6144M), 0.0242193 secs]
2021-06-26T08:41:21.016+0800: 87253.586: [GC pause (G1 Evacuation Pause) (young) 4905M->1990M(6144M), 0.0259239 secs]
2021-06-26T08:41:55.549+0800: 87288.119: [GC pause (G1 Evacuation Pause) (young) 5460M->1995M(6144M), 0.0282350 secs]
2021-06-26T08:42:28.346+0800: 87320.916: [GC pause (G1 Evacuation Pause) (young) 5473M->1999M(6144M), 0.0291632 secs]
2021-06-26T08:42:56.260+0800: 87348.830: [GC pause (G1 Evacuation Pause) (young) 5480M->2000M(6144M), 0.0331871 secs]
2021-06-26T08:43:28.327+0800: 87380.897: [GC pause (G1 Evacuation Pause) (young) 5488M->2001M(6144M), 0.0331087 secs]
2021-06-26T08:44:04.654+0800: 87417.224: [GC pause (G1 Evacuation Pause) (young) 5494M->2004M(6144M), 0.0338726 secs]
2021-06-26T08:44:38.348+0800: 87450.918: [GC pause (G1 Evacuation Pause) (young) 5496M->2006M(6144M), 0.0360487 secs]
2021-06-26T08:45:15.039+0800: 87487.609: [GC pause (G1 Evacuation Pause) (young) 5501M->2008M(6144M), 0.0386452 secs]
2021-06-26T08:45:41.277+0800: 87513.847: [GC pause (G1 Evacuation Pause) (young) 5508M->2004M(6144M), 0.0352931 secs]
2021-06-26T08:46:27.704+0800: 87560.274: [GC pause (G1 Evacuation Pause) (young) 5504M->2031M(6144M), 0.0523428 secs]
2021-06-26T08:46:51.771+0800: 87584.341: [GC pause (G1 Evacuation Pause) (young) 5484M->2009M(6144M), 0.0386334 secs]
2021-06-26T08:47:25.607+0800: 87618.177: [GC pause (G1 Evacuation Pause) (young) 5513M->2013M(6144M), 0.0425920 secs]
2021-06-26T08:48:09.308+0800: 87661.878: [GC pause (G1 Evacuation Pause) (young) 5488M->2014M(6144M), 0.0405594 secs]
2021-06-26T08:48:36.996+0800: 87689.565: [GC pause (G1 Evacuation Pause) (young) 5500M->2117M(6144M), 0.1026416 secs]
2021-06-26T08:49:00.541+0800: 87713.111: [GC pause (G1 Evacuation Pause) (young) 5394M->2103M(6144M), 0.0931434 secs]
2021-06-26T08:49:28.780+0800: 87741.350: [GC pause (G1 Evacuation Pause) (young) 5398M->2078M(6144M), 0.0728457 secs]
2021-06-26T08:50:03.717+0800: 87776.287: [GC pause (G1 Evacuation Pause) (young) 5436M->2080M(6144M), 0.0765905 secs]
2021-06-26T08:50:36.396+0800: 87808.966: [GC pause (G1 Evacuation Pause) (young) 5435M->2094M(6144M), 0.0823155 secs]
2021-06-26T08:51:05.145+0800: 87837.715: [GC pause (G1 Evacuation Pause) (young) 5460M->2083M(6144M), 0.0807170 secs]
2021-06-26T08:51:35.179+0800: 87867.749: [GC pause (G1 Evacuation Pause) (young) 5447M->2094M(6144M), 0.0815597 secs]
2021-06-26T08:52:14.264+0800: 87906.834: [GC pause (G1 Evacuation Pause) (young) 5418M->2087M(6144M), 0.0751723 secs]
2021-06-26T08:52:36.532+0800: 87929.102: [GC pause (G1 Evacuation Pause) (young) 5432M->2090M(6144M), 0.0759557 secs]
2021-06-26T08:53:15.250+0800: 87967.820: [GC pause (G1 Evacuation Pause) (young) 5435M->2091M(6144M), 0.0755311 secs]
2021-06-26T08:53:39.499+0800: 87992.069: [GC pause (G1 Evacuation Pause) (young) 5434M->2107M(6144M), 0.0818471 secs]
2021-06-26T08:54:08.446+0800: 88021.016: [GC pause (G1 Evacuation Pause) (young) 5419M->2102M(6144M), 0.0793158 secs]
2021-06-26T08:54:28.411+0800: 88040.981: [GC pause (G1 Evacuation Pause) (young) 5429M->2096M(6144M), 0.0753603 secs]
2021-06-26T08:54:57.335+0800: 88069.905: [GC pause (G1 Evacuation Pause) (young) 5425M->2099M(6144M), 0.0729642 secs]
2021-06-26T08:55:20.043+0800: 88092.613: [GC pause (G1 Evacuation Pause) (young) 5435M->2164M(6144M), 0.1252805 secs]
2021-06-26T08:55:41.538+0800: 88114.107: [GC pause (G1 Evacuation Pause) (young) 5364M->2139M(6144M), 0.1061743 secs]
2021-06-26T08:56:12.579+0800: 88145.149: [GC pause (G1 Evacuation Pause) (young) 5455M->2109M(6144M), 0.0681315 secs]
2021-06-26T08:56:30.772+0800: 88163.342: [GC pause (G1 Evacuation Pause) (young) 5478M->2116M(6144M), 0.0436639 secs]
2021-06-26T08:57:05.952+0800: 88198.522: [GC pause (G1 Evacuation Pause) (young) 5499M->2141M(6144M), 0.0539044 secs]
2021-06-26T08:57:29.897+0800: 88222.467: [GC pause (G1 Evacuation Pause) (young) 5467M->2130M(6144M), 0.0472132 secs]
2021-06-26T08:58:01.174+0800: 88253.744: [GC pause (G1 Evacuation Pause) (young) 5478M->2124M(6144M), 0.0429330 secs]
2021-06-26T08:58:30.612+0800: 88283.182: [GC pause (G1 Evacuation Pause) (young) 5500M->2124M(6144M), 0.0457826 secs]
2021-06-26T08:59:00.638+0800: 88313.208: [GC pause (G1 Evacuation Pause) (young) 5485M->2129M(6144M), 0.0445037 secs]
2021-06-26T08:59:22.600+0800: 88335.170: [GC pause (G1 Evacuation Pause) (young) 5504M->2153M(6144M), 0.0604624 secs]
2021-06-26T08:59:52.457+0800: 88365.027: [GC pause (G1 Evacuation Pause) (young) 5463M->2138M(6144M), 0.0459974 secs]
2021-06-26T09:00:34.027+0800: 88406.597: [GC pause (G1 Evacuation Pause) (young) 5656M->2138M(6144M), 0.0563648 secs]
2021-06-26T09:01:07.653+0800: 88440.223: [GC pause (G1 Evacuation Pause) (young) 5499M->2137M(6144M), 0.0492961 secs]
2021-06-26T09:01:47.205+0800: 88479.775: [GC pause (G1 Evacuation Pause) (young) 5485M->2138M(6144M), 0.0467825 secs]
2021-06-26T09:02:21.400+0800: 88513.970: [GC pause (G1 Evacuation Pause) (young) 5664M->2201M(6144M), 0.0934607 secs]
2021-06-26T09:02:56.195+0800: 88548.765: [GC pause (G1 Evacuation Pause) (young) 5601M->2201M(6144M), 0.0838446 secs]
2021-06-26T09:03:27.245+0800: 88579.814: [GC pause (G1 Evacuation Pause) (young) 5423M->2248M(6144M), 0.1003020 secs]
2021-06-26T09:04:04.108+0800: 88616.678: [GC pause (G1 Evacuation Pause) (young) 5386M->2208M(6144M), 0.0795981 secs]
2021-06-26T09:04:48.264+0800: 88660.834: [GC pause (G1 Evacuation Pause) (young) 5445M->2208M(6144M), 0.0847384 secs]
2021-06-26T09:05:22.026+0800: 88694.596: [GC pause (G1 Evacuation Pause) (young) 5425M->2212M(6144M), 0.0826858 secs]
2021-06-26T09:05:59.771+0800: 88732.341: [GC pause (G1 Evacuation Pause) (young) 5423M->2212M(6144M), 0.0803206 secs]
2021-06-26T09:06:27.529+0800: 88760.099: [GC pause (G1 Evacuation Pause) (young) 5449M->2216M(6144M), 0.0839814 secs]
2021-06-26T09:06:57.012+0800: 88789.581: [GC pause (G1 Evacuation Pause) (young) 5427M->2221M(6144M), 0.0826125 secs]
2021-06-26T09:07:16.375+0800: 88808.945: [GC pause (G1 Evacuation Pause) (young) 5452M->2224M(6144M), 0.0904633 secs]
2021-06-26T09:07:37.659+0800: 88830.229: [GC pause (G1 Evacuation Pause) (young) 5432M->2236M(6144M), 0.0886728 secs]
2021-06-26T09:08:13.417+0800: 88865.987: [GC pause (G1 Evacuation Pause) (young) 5415M->2229M(6144M), 0.0862247 secs]
2021-06-26T09:08:39.555+0800: 88892.125: [GC pause (G1 Evacuation Pause) (young) 5438M->2232M(6144M), 0.0810316 secs]
2021-06-26T09:08:58.898+0800: 88911.468: [GC pause (G1 Evacuation Pause) (young) 5443M->2235M(6144M), 0.0839271 secs]
2021-06-26T09:09:26.696+0800: 88939.266: [GC pause (G1 Evacuation Pause) (young) 5448M->2240M(6144M), 0.0866002 secs]
2021-06-26T09:09:58.786+0800: 88971.356: [GC pause (G1 Evacuation Pause) (young) 5423M->2252M(6144M), 0.0809047 secs]
2021-06-26T09:10:19.506+0800: 88992.075: [GC pause (G1 Evacuation Pause) (young) 5491M->2297M(6144M), 0.0976173 secs]
2021-06-26T09:10:46.830+0800: 89019.399: [GC pause (G1 Evacuation Pause) (young) 5447M->2256M(6144M), 0.0521021 secs]
2021-06-26T09:11:16.456+0800: 89049.026: [GC pause (G1 Evacuation Pause) (young) 5485M->2268M(6144M), 0.0525749 secs]
2021-06-26T09:11:36.188+0800: 89068.757: [GC pause (G1 Evacuation Pause) (young) 5483M->2265M(6144M), 0.0514587 secs]
2021-06-26T09:12:05.245+0800: 89097.814: [GC pause (G1 Evacuation Pause) (young) 5481M->2268M(6144M), 0.0514243 secs]
2021-06-26T09:12:27.873+0800: 89120.443: [GC pause (G1 Evacuation Pause) (young) 5505M->2330M(6144M), 0.0929268 secs]
2021-06-26T09:12:54.304+0800: 89146.874: [GC pause (G1 Evacuation Pause) (young) 5591M->2336M(6144M), 0.0947702 secs]
2021-06-26T09:13:25.837+0800: 89178.407: [GC pause (G1 Evacuation Pause) (young) 5755M->2505M(6144M), 0.0976742 secs]
2021-06-26T09:13:56.000+0800: 89208.570: [GC pause (G1 Evacuation Pause) (young) 5758M->2345M(6144M), 0.0939436 secs]
2021-06-26T09:14:17.583+0800: 89230.152: [GC pause (G1 Evacuation Pause) (young) 5596M->2345M(6144M), 0.0877346 secs]
2021-06-26T09:14:43.609+0800: 89256.179: [GC pause (G1 Evacuation Pause) (young) 5585M->2351M(6144M), 0.0956586 secs]
2021-06-26T09:15:02.016+0800: 89274.585: [GC pause (G1 Evacuation Pause) (young) 5582M->2350M(6144M), 0.0936854 secs]
2021-06-26T09:15:27.118+0800: 89299.688: [GC pause (G1 Evacuation Pause) (young) 5416M->2354M(6144M), 0.0856332 secs]
2021-06-26T09:15:58.157+0800: 89330.727: [GC pause (G1 Evacuation Pause) (young) 5430M->2356M(6144M), 0.0858941 secs]
2021-06-26T09:16:20.698+0800: 89353.267: [GC pause (G1 Evacuation Pause) (young) 5416M->2358M(6144M), 0.0845947 secs]
2021-06-26T09:16:42.908+0800: 89375.478: [GC pause (G1 Evacuation Pause) (young) 5439M->2360M(6144M), 0.0883564 secs]
2021-06-26T09:17:15.486+0800: 89408.056: [GC pause (G1 Evacuation Pause) (young) 5429M->2391M(6144M), 0.1005326 secs]
2021-06-26T09:17:36.949+0800: 89429.519: [GC pause (G1 Evacuation Pause) (young) 5390M->2369M(6144M), 0.0835703 secs]
2021-06-26T09:17:59.186+0800: 89451.755: [GC pause (G1 Evacuation Pause) (young) 5753M->2407M(6144M), 0.1133478 secs]
2021-06-26T09:18:24.197+0800: 89476.767: [GC pause (G1 Evacuation Pause) (young) 5396M->2373M(6144M), 0.0877018 secs]
2021-06-26T09:18:47.795+0800: 89500.365: [GC pause (G1 Evacuation Pause) (young) 5426M->2376M(6144M), 0.0866241 secs]
2021-06-26T09:19:11.446+0800: 89524.016: [GC pause (G1 Evacuation Pause) (young) 5572M->2475M(6144M), 0.0836276 secs]
2021-06-26T09:19:38.544+0800: 89551.114: [GC pause (G1 Evacuation Pause) (young) 5545M->2388M(6144M), 0.0657942 secs]
2021-06-26T09:19:57.014+0800: 89569.584: [GC pause (G1 Evacuation Pause) (young) 5468M->2423M(6144M), 0.0802688 secs]
2021-06-26T09:20:19.961+0800: 89592.531: [GC pause (G1 Evacuation Pause) (young) 5468M->2398M(6144M), 0.0617472 secs]
2021-06-26T09:20:40.574+0800: 89613.144: [GC pause (G1 Evacuation Pause) (young) 5484M->2398M(6144M), 0.0525171 secs]
2021-06-26T09:21:00.810+0800: 89633.380: [GC pause (G1 Evacuation Pause) (young) 5507M->2421M(6144M), 0.0688181 secs]
2021-06-26T09:21:20.941+0800: 89653.510: [GC pause (G1 Evacuation Pause) (young) 5499M->2412M(6144M), 0.0526799 secs]
2021-06-26T09:21:46.829+0800: 89679.399: [GC pause (G1 Evacuation Pause) (young) 5484M->2413M(6144M), 0.0541029 secs]
2021-06-26T09:22:09.376+0800: 89701.946: [GC pause (G1 Evacuation Pause) (young) 5497M->2414M(6144M), 0.0528319 secs]
2021-06-26T09:22:29.609+0800: 89722.179: [GC pause (G1 Evacuation Pause) (young) 5477M->2461M(6144M), 0.0773155 secs]
2021-06-26T09:22:45.404+0800: 89737.974: [GC pause (G1 Evacuation Pause) (young) 5442M->2455M(6144M), 0.0838768 secs]
2021-06-26T09:22:59.594+0800: 89752.164: [GC pause (G1 Evacuation Pause) (young) 5458M->2421M(6144M), 0.0541703 secs]
2021-06-26T09:23:27.062+0800: 89779.632: [GC pause (G1 Evacuation Pause) (young) 5492M->2421M(6144M), 0.0530909 secs]
2021-06-26T09:23:49.224+0800: 89801.794: [GC pause (G1 Evacuation Pause) (young) 5500M->2418M(6144M), 0.0526125 secs]
2021-06-26T09:24:14.463+0800: 89827.032: [GC pause (G1 Evacuation Pause) (young) 5487M->2428M(6144M), 0.0546348 secs]
2021-06-26T09:24:34.168+0800: 89846.738: [GC pause (G1 Evacuation Pause) (young) 5473M->2435M(6144M), 0.0537387 secs]
2021-06-26T09:24:52.729+0800: 89865.298: [GC pause (G1 Evacuation Pause) (young) 5480M->2429M(6144M), 0.0545068 secs]
2021-06-26T09:25:07.953+0800: 89880.523: [GC pause (G1 Evacuation Pause) (young) 5491M->2437M(6144M), 0.0549832 secs]
2021-06-26T09:25:26.337+0800: 89898.907: [GC pause (G1 Evacuation Pause) (young) 5490M->2452M(6144M), 0.0663735 secs]
2021-06-26T09:25:43.769+0800: 89916.339: [GC pause (G1 Evacuation Pause) (young) 5474M->2441M(6144M), 0.0564773 secs]
2021-06-26T09:26:02.477+0800: 89935.047: [GC pause (G1 Evacuation Pause) (young) 5472M->2434M(6144M), 0.0470603 secs]
2021-06-26T09:26:18.376+0800: 89950.946: [GC pause (G1 Evacuation Pause) (young) 5506M->2444M(6144M), 0.0556758 secs]
2021-06-26T09:26:35.764+0800: 89968.334: [GC pause (G1 Evacuation Pause) (young) 5493M->2476M(6144M), 0.0770803 secs]
2021-06-26T09:26:54.685+0800: 89987.255: [GC pause (G1 Evacuation Pause) (young) 5450M->2442M(6144M), 0.0440514 secs]
2021-06-26T09:27:19.553+0800: 90012.123: [GC pause (G1 Evacuation Pause) (young) 5499M->2448M(6144M), 0.0487522 secs]
2021-06-26T09:27:39.035+0800: 90031.605: [GC pause (G1 Evacuation Pause) (young) 5494M->2482M(6144M), 0.0652109 secs]
2021-06-26T09:27:59.580+0800: 90052.150: [GC pause (G1 Evacuation Pause) (young) 5449M->2449M(6144M), 0.0465217 secs]
2021-06-26T09:28:21.579+0800: 90074.149: [GC pause (G1 Evacuation Pause) (young) 5482M->2458M(6144M), 0.0519020 secs]
2021-06-26T09:28:40.213+0800: 90092.783: [GC pause (G1 Evacuation Pause) (young) 5474M->2621M(6144M), 0.1310901 secs]
2021-06-26T09:29:02.693+0800: 90115.263: [GC pause (G1 Evacuation Pause) (young) 5328M->2457M(6144M), 0.0503385 secs]
2021-06-26T09:29:28.651+0800: 90141.221: [GC pause (G1 Evacuation Pause) (young) 5442M->2473M(6144M), 0.0561963 secs]
2021-06-26T09:29:52.718+0800: 90165.288: [GC pause (G1 Evacuation Pause) (young) 5453M->2468M(6144M), 0.0333883 secs]
2021-06-26T09:30:18.726+0800: 90191.295: [GC pause (G1 Evacuation Pause) (young) 5498M->2498M(6144M), 0.0641208 secs]
2021-06-26T09:30:37.305+0800: 90209.875: [GC pause (G1 Evacuation Pause) (young) 5473M->2475M(6144M), 0.0428441 secs]
2021-06-26T09:30:57.721+0800: 90230.291: [GC pause (G1 Evacuation Pause) (young) 5498M->2474M(6144M), 0.0441078 secs]
2021-06-26T09:31:14.637+0800: 90247.207: [GC pause (G1 Evacuation Pause) (young) 5490M->2479M(6144M), 0.0451905 secs]
2021-06-26T09:31:37.621+0800: 90270.191: [GC pause (G1 Evacuation Pause) (young) 5487M->2478M(6144M), 0.0420304 secs]
2021-06-26T09:31:55.797+0800: 90288.367: [GC pause (G1 Evacuation Pause) (young) 5483M->2488M(6144M), 0.0474234 secs]
2021-06-26T09:32:10.008+0800: 90302.578: [GC pause (G1 Evacuation Pause) (young) 5495M->2489M(6144M), 0.0512034 secs]
2021-06-26T09:32:35.568+0800: 90328.138: [GC pause (G1 Evacuation Pause) (young) 5475M->2484M(6144M), 0.0452526 secs]
2021-06-26T09:32:57.756+0800: 90350.326: [GC pause (G1 Evacuation Pause) (young) 5498M->2486M(6144M), 0.0550215 secs]
2021-06-26T09:33:19.244+0800: 90371.813: [GC pause (G1 Evacuation Pause) (young) 5478M->2485M(6144M), 0.0546168 secs]
2021-06-26T09:33:42.697+0800: 90395.267: [GC pause (G1 Evacuation Pause) (young) 5478M->2489M(6144M), 0.0557201 secs]
2021-06-26T09:34:06.775+0800: 90419.345: [GC pause (G1 Evacuation Pause) (young) 5479M->2494M(6144M), 0.0596614 secs]
2021-06-26T09:34:23.630+0800: 90436.200: [GC pause (G1 Evacuation Pause) (young) 5488M->2498M(6144M), 0.0567064 secs]
2021-06-26T09:34:45.570+0800: 90458.140: [GC pause (G1 Evacuation Pause) (young) 5477M->2501M(6144M), 0.0498067 secs]
2021-06-26T09:35:07.001+0800: 90479.571: [GC pause (G1 Evacuation Pause) (young) 5480M->2509M(6144M), 0.0518642 secs]
2021-06-26T09:35:25.442+0800: 90498.012: [GC pause (G1 Evacuation Pause) (young) 5479M->2542M(6144M), 0.0694454 secs]
2021-06-26T09:35:40.892+0800: 90513.462: [GC pause (G1 Evacuation Pause) (young) 5456M->2508M(6144M), 0.0485886 secs]
2021-06-26T09:36:07.133+0800: 90539.703: [GC pause (G1 Evacuation Pause) (young) 5479M->2513M(6144M), 0.0479251 secs]
2021-06-26T09:36:25.591+0800: 90558.161: [GC pause (G1 Evacuation Pause) (young) 5478M->2525M(6144M), 0.0564606 secs]
2021-06-26T09:36:31.051+0800: 90563.621: [GC pause (G1 Humongous Allocation) (young) (initial-mark) 3835M->2716M(6144M), 0.0540390 secs]
2021-06-26T09:36:31.106+0800: 90563.675: [GC concurrent-root-region-scan-start]
2021-06-26T09:36:31.157+0800: 90563.727: [GC concurrent-root-region-scan-end, 0.0514432 secs]
2021-06-26T09:36:31.157+0800: 90563.727: [GC concurrent-mark-start]
2021-06-26T09:36:32.395+0800: 90564.965: [GC concurrent-mark-end, 1.2376219 secs]
2021-06-26T09:36:32.397+0800: 90564.966: [GC remark, 0.0782322 secs]
2021-06-26T09:36:32.477+0800: 90565.047: [GC cleanup 2845M->1769M(6144M), 0.0157979 secs]
2021-06-26T09:36:32.493+0800: 90565.063: [GC concurrent-cleanup-start]
2021-06-26T09:36:32.495+0800: 90565.064: [GC concurrent-cleanup-end, 0.0016323 secs]
2021-06-26T09:36:56.922+0800: 90589.492: [GC pause (G1 Evacuation Pause) (young) 4409M->1448M(6144M), 0.0518338 secs]
2021-06-26T09:36:58.012+0800: 90590.582: [GC pause (G1 Evacuation Pause) (mixed) 1706M->946M(6144M), 0.1307056 secs]
2021-06-26T09:37:24.301+0800: 90616.870: [GC pause (G1 Evacuation Pause) (young) 4614M->942M(6144M), 0.0722885 secs]
2021-06-26T09:37:50.239+0800: 90642.809: [GC pause (G1 Evacuation Pause) (young) 4869M->1086M(6144M), 0.0406625 secs]
2021-06-26T09:38:21.725+0800: 90674.295: [GC pause (G1 Evacuation Pause) (young) 4753M->955M(6144M), 0.0316810 secs]
2021-06-26T09:38:50.014+0800: 90702.584: [GC pause (G1 Evacuation Pause) (young) 4612M->957M(6144M), 0.0322057 secs]
2021-06-26T09:39:17.198+0800: 90729.768: [GC pause (G1 Evacuation Pause) (young) 4611M->959M(6144M), 0.0347688 secs]
2021-06-26T09:39:40.291+0800: 90752.861: [GC pause (G1 Evacuation Pause) (young) 4870M->1097M(6144M), 0.0481599 secs]
2021-06-26T09:40:19.254+0800: 90791.823: [GC pause (G1 Evacuation Pause) (young) 4761M->965M(6144M), 0.0395744 secs]
2021-06-26T09:40:48.391+0800: 90820.961: [GC pause (G1 Evacuation Pause) (young) 4622M->967M(6144M), 0.0406524 secs]
2021-06-26T09:41:11.368+0800: 90843.938: [GC pause (G1 Evacuation Pause) (young) 4639M->964M(6144M), 0.0425171 secs]
2021-06-26T09:41:31.970+0800: 90864.540: [GC pause (G1 Evacuation Pause) (young) 4877M->1111M(6144M), 0.0581622 secs]
2021-06-26T09:41:56.922+0800: 90889.492: [GC pause (G1 Evacuation Pause) (young) 4768M->970M(6144M), 0.0446433 secs]
2021-06-26T09:42:26.609+0800: 90919.178: [GC pause (G1 Evacuation Pause) (young) 4614M->978M(6144M), 0.0472250 secs]
2021-06-26T09:42:54.970+0800: 90947.540: [GC pause (G1 Evacuation Pause) (young) 4612M->977M(6144M), 0.0446039 secs]
2021-06-26T09:43:20.402+0800: 90972.972: [GC pause (G1 Evacuation Pause) (young) 4618M->979M(6144M), 0.0463053 secs]
2021-06-26T09:43:48.781+0800: 91001.351: [GC pause (GCLocker Initiated GC) (young) 4846M->1169M(6144M), 0.0616631 secs]
2021-06-26T09:44:13.381+0800: 91025.951: [GC pause (G1 Evacuation Pause) (young) 4850M->1073M(6144M), 0.0567022 secs]
2021-06-26T09:44:41.055+0800: 91053.625: [GC pause (G1 Evacuation Pause) (young) 4726M->983M(6144M), 0.0498422 secs]
2021-06-26T09:45:09.199+0800: 91081.768: [GC pause (G1 Evacuation Pause) (young) 4637M->994M(6144M), 0.0605405 secs]
2021-06-26T09:45:30.209+0800: 91102.779: [GC pause (G1 Evacuation Pause) (young) 4648M->1036M(6144M), 0.0789752 secs]
2021-06-26T09:45:54.772+0800: 91127.342: [GC pause (G1 Evacuation Pause) (young) 4645M->990M(6144M), 0.0481347 secs]
2021-06-26T09:46:23.634+0800: 91156.203: [GC pause (G1 Evacuation Pause) (young) 4632M->988M(6144M), 0.0450940 secs]
2021-06-26T09:46:51.139+0800: 91183.708: [GC pause (G1 Evacuation Pause) (young) 4648M->990M(6144M), 0.0476784 secs]
2021-06-26T09:47:19.406+0800: 91211.976: [GC pause (G1 Evacuation Pause) (young) 4642M->997M(6144M), 0.0474191 secs]
2021-06-26T09:47:42.769+0800: 91235.339: [GC pause (G1 Evacuation Pause) (young) 4642M->1006M(6144M), 0.0508234 secs]
2021-06-26T09:48:16.553+0800: 91269.123: [GC pause (G1 Evacuation Pause) (young) 4643M->1000M(6144M), 0.0471441 secs]
2021-06-26T09:48:42.244+0800: 91294.814: [GC pause (G1 Evacuation Pause) (young) 4662M->1001M(6144M), 0.0478569 secs]
2021-06-26T09:49:16.743+0800: 91329.312: [GC pause (G1 Evacuation Pause) (young) 4660M->1006M(6144M), 0.0461894 secs]
2021-06-26T09:49:46.992+0800: 91359.562: [GC pause (G1 Evacuation Pause) (young) 4651M->1010M(6144M), 0.0470112 secs]
2021-06-26T09:50:09.114+0800: 91381.684: [GC pause (G1 Evacuation Pause) (young) 4673M->1010M(6144M), 0.0487353 secs]
2021-06-26T09:50:38.811+0800: 91411.381: [GC pause (G1 Evacuation Pause) (young) 4670M->1010M(6144M), 0.0492077 secs]
2021-06-26T09:51:03.141+0800: 91435.711: [GC pause (G1 Evacuation Pause) (young) 4667M->1015M(6144M), 0.0463472 secs]
2021-06-26T09:51:32.823+0800: 91465.393: [GC pause (G1 Evacuation Pause) (young) 4691M->1015M(6144M), 0.0506651 secs]
2021-06-26T09:52:04.073+0800: 91496.643: [GC pause (G1 Evacuation Pause) (young) 4665M->1050M(6144M), 0.0592040 secs]
2021-06-26T09:52:29.705+0800: 91522.275: [GC pause (G1 Evacuation Pause) (young) 4686M->1020M(6144M), 0.0494546 secs]
2021-06-26T09:52:53.864+0800: 91546.434: [GC pause (G1 Evacuation Pause) (young) 4678M->1022M(6144M), 0.0483202 secs]
2021-06-26T09:53:23.296+0800: 91575.866: [GC pause (G1 Evacuation Pause) (young) 4672M->1021M(6144M), 0.0472106 secs]
2021-06-26T09:53:57.000+0800: 91609.570: [GC pause (G1 Evacuation Pause) (young) 4685M->1031M(6144M), 0.0507357 secs]
2021-06-26T09:54:29.487+0800: 91642.057: [GC pause (G1 Evacuation Pause) (young) 4686M->1025M(6144M), 0.0509719 secs]
2021-06-26T09:54:53.101+0800: 91665.671: [GC pause (G1 Evacuation Pause) (young) 4689M->1084M(6144M), 0.0828822 secs]
2021-06-26T09:55:21.932+0800: 91694.502: [GC pause (G1 Evacuation Pause) (young) 4676M->1083M(6144M), 0.0724074 secs]
2021-06-26T09:55:50.025+0800: 91722.595: [GC pause (G1 Evacuation Pause) (young) 4688M->1088M(6144M), 0.0777075 secs]
2021-06-26T09:56:20.862+0800: 91753.432: [GC pause (G1 Evacuation Pause) (young) 4700M->1087M(6144M), 0.0829968 secs]
2021-06-26T09:56:47.805+0800: 91780.374: [GC pause (G1 Evacuation Pause) (young) 4681M->1154M(6144M), 0.1183871 secs]
2021-06-26T09:57:14.012+0800: 91806.582: [GC pause (G1 Evacuation Pause) (young) 4706M->1104M(6144M), 0.0842278 secs]
2021-06-26T09:57:36.269+0800: 91828.839: [GC pause (G1 Evacuation Pause) (young) 4716M->1104M(6144M), 0.0840728 secs]
2021-06-26T09:58:08.601+0800: 91861.171: [GC pause (G1 Evacuation Pause) (young) 4689M->1106M(6144M), 0.0871127 secs]
2021-06-26T09:58:41.209+0800: 91893.779: [GC pause (G1 Evacuation Pause) (young) 4702M->1106M(6144M), 0.0823340 secs]
2021-06-26T09:59:09.169+0800: 91921.739: [GC pause (G1 Evacuation Pause) (young) 4702M->1154M(6144M), 0.1066961 secs]
2021-06-26T09:59:29.830+0800: 91942.400: [GC pause (G1 Evacuation Pause) (young) 4708M->1114M(6144M), 0.0820562 secs]
2021-06-26T09:59:59.482+0800: 91972.052: [GC pause (G1 Evacuation Pause) (young) 4876M->1114M(6144M), 0.0885608 secs]
2021-06-26T10:00:25.172+0800: 91997.742: [GC pause (G1 Evacuation Pause) (young) 4710M->1157M(6144M), 0.1023554 secs]
2021-06-26T10:00:54.058+0800: 92026.628: [GC pause (G1 Evacuation Pause) (young) 4717M->1120M(6144M), 0.0788725 secs]
2021-06-26T10:01:17.995+0800: 92050.565: [GC pause (G1 Evacuation Pause) (young) 4717M->1123M(6144M), 0.0831838 secs]
2021-06-26T10:01:39.928+0800: 92072.498: [GC pause (G1 Evacuation Pause) (young) 4730M->1141M(6144M), 0.0896222 secs]
2021-06-26T10:02:06.584+0800: 92099.154: [GC pause (G1 Evacuation Pause) (young) 4788M->1138M(6144M), 0.0759991 secs]
2021-06-26T10:02:31.074+0800: 92123.644: [GC pause (G1 Evacuation Pause) (young) 4785M->1147M(6144M), 0.0561310 secs]
2021-06-26T10:02:56.989+0800: 92149.559: [GC pause (G1 Evacuation Pause) (young) 4955M->1148M(6144M), 0.0649784 secs]
2021-06-26T10:03:22.588+0800: 92175.158: [GC pause (G1 Evacuation Pause) (young) 4965M->1151M(6144M), 0.0666551 secs]
2021-06-26T10:03:52.218+0800: 92204.788: [GC pause (G1 Evacuation Pause) (young) 4786M->1153M(6144M), 0.0503735 secs]
2021-06-26T10:04:31.799+0800: 92244.369: [GC pause (G1 Evacuation Pause) (young) 4808M->1153M(6144M), 0.0521871 secs]
2021-06-26T10:05:06.887+0800: 92279.457: [GC pause (G1 Evacuation Pause) (young) 4993M->1158M(6144M), 0.0556264 secs]
2021-06-26T10:05:30.677+0800: 92303.246: [GC pause (G1 Evacuation Pause) (young) 4821M->1157M(6144M), 0.0542120 secs]
2021-06-26T10:05:58.500+0800: 92331.070: [GC pause (G1 Evacuation Pause) (young) 4811M->1156M(6144M), 0.0477471 secs]
2021-06-26T10:06:24.769+0800: 92357.339: [GC pause (G1 Evacuation Pause) (young) 4819M->1160M(6144M), 0.0495608 secs]
2021-06-26T10:07:00.529+0800: 92393.099: [GC pause (G1 Evacuation Pause) (young) 4814M->1162M(6144M), 0.0468042 secs]
2021-06-26T10:07:33.783+0800: 92426.353: [GC pause (G1 Evacuation Pause) (young) 4820M->1164M(6144M), 0.0477067 secs]
2021-06-26T10:07:58.682+0800: 92451.252: [GC pause (G1 Evacuation Pause) (young) 4814M->1176M(6144M), 0.0503572 secs]
2021-06-26T10:08:26.644+0800: 92479.214: [GC pause (G1 Evacuation Pause) (young) 4828M->1164M(6144M), 0.0445775 secs]
2021-06-26T10:08:57.237+0800: 92509.807: [GC pause (G1 Evacuation Pause) (young) 4835M->1178M(6144M), 0.0519487 secs]
2021-06-26T10:09:28.771+0800: 92541.341: [GC pause (G1 Evacuation Pause) (young) 4822M->1170M(6144M), 0.0448108 secs]
2021-06-26T10:10:10.755+0800: 92583.325: [GC pause (G1 Evacuation Pause) (young) 4829M->1172M(6144M), 0.0464801 secs]
2021-06-26T10:10:38.220+0800: 92610.790: [GC pause (G1 Evacuation Pause) (young) 4825M->1179M(6144M), 0.0472845 secs]
2021-06-26T10:11:02.149+0800: 92634.718: [GC pause (G1 Evacuation Pause) (young) 4849M->1181M(6144M), 0.0520108 secs]
2021-06-26T10:11:36.267+0800: 92668.837: [GC pause (G1 Evacuation Pause) (young) 4827M->1182M(6144M), 0.0482378 secs]
2021-06-26T10:12:03.111+0800: 92695.681: [GC pause (G1 Evacuation Pause) (young) 4847M->1208M(6144M), 0.0632765 secs]
2021-06-26T10:12:31.086+0800: 92723.656: [GC pause (G1 Evacuation Pause) (young) 4857M->1182M(6144M), 0.0504983 secs]
2021-06-26T10:13:01.357+0800: 92753.926: [GC pause (G1 Evacuation Pause) (young) 4863M->1189M(6144M), 0.0549910 secs]
2021-06-26T10:13:32.442+0800: 92785.012: [GC pause (G1 Evacuation Pause) (young) 4832M->1188M(6144M), 0.0481051 secs]
2021-06-26T10:14:06.556+0800: 92819.126: [GC pause (G1 Evacuation Pause) (young) 4833M->1188M(6144M), 0.0483439 secs]
2021-06-26T10:14:42.885+0800: 92855.455: [GC pause (G1 Evacuation Pause) (young) 4838M->1236M(6144M), 0.0711650 secs]
2021-06-26T10:15:12.592+0800: 92885.162: [GC pause (G1 Evacuation Pause) (young) 4851M->1377M(6144M), 0.1444194 secs]
2021-06-26T10:15:34.096+0800: 92906.666: [GC pause (G1 Evacuation Pause) (young) 4861M->1197M(6144M), 0.0551137 secs]
2021-06-26T10:16:06.226+0800: 92938.795: [GC pause (G1 Evacuation Pause) (young) 4852M->1194M(6144M), 0.0492085 secs]
2021-06-26T10:16:36.518+0800: 92969.088: [GC pause (G1 Evacuation Pause) (young) 4854M->1204M(6144M), 0.0513526 secs]
2021-06-26T10:16:58.239+0800: 92990.809: [GC pause (G1 Evacuation Pause) (young) 4874M->1200M(6144M), 0.0538949 secs]
2021-06-26T10:17:35.139+0800: 93027.709: [GC pause (G1 Evacuation Pause) (young) 4851M->1200M(6144M), 0.0483151 secs]
2021-06-26T10:18:02.790+0800: 93055.359: [GC pause (G1 Evacuation Pause) (young) 4852M->1209M(6144M), 0.0511223 secs]
2021-06-26T10:18:40.660+0800: 93093.230: [GC pause (G1 Evacuation Pause) (young) 4852M->1208M(6144M), 0.0512118 secs]
2021-06-26T10:19:17.403+0800: 93129.972: [GC pause (G1 Evacuation Pause) (young) 4856M->1211M(6144M), 0.0529583 secs]
2021-06-26T10:19:50.260+0800: 93162.830: [GC pause (G1 Evacuation Pause) (young) 4880M->1215M(6144M), 0.0587716 secs]
2021-06-26T10:20:20.185+0800: 93192.754: [GC pause (G1 Evacuation Pause) (young) 4863M->1217M(6144M), 0.0536118 secs]
2021-06-26T10:20:42.325+0800: 93214.895: [GC pause (G1 Evacuation Pause) (young) 4859M->1229M(6144M), 0.0638512 secs]
2021-06-26T10:21:11.383+0800: 93243.953: [GC pause (G1 Evacuation Pause) (young) 4875M->1229M(6144M), 0.0668904 secs]
2021-06-26T10:21:36.085+0800: 93268.655: [GC pause (G1 Evacuation Pause) (young) 4888M->1224M(6144M), 0.0647209 secs]
2021-06-26T10:22:07.252+0800: 93299.822: [GC pause (G1 Evacuation Pause) (young) 4906M->1227M(6144M), 0.0514779 secs]
2021-06-26T10:22:34.043+0800: 93326.613: [GC pause (G1 Evacuation Pause) (young) 4874M->1241M(6144M), 0.0578669 secs]
2021-06-26T10:23:00.432+0800: 93353.002: [GC pause (G1 Evacuation Pause) (young) 4884M->1413M(6144M), 0.1514687 secs]
2021-06-26T10:23:00.935+0800: 93353.505: [GC pause (G1 Evacuation Pause) (young) 1673M->1526M(6144M), 0.1918645 secs]
2021-06-26T10:23:01.481+0800: 93354.051: [GC pause (G1 Evacuation Pause) (young) 1770M->1629M(6144M), 0.1205989 secs]
2021-06-26T10:23:01.949+0800: 93354.518: [GC pause (G1 Evacuation Pause) (young) 1909M->1740M(6144M), 0.1097139 secs]
2021-06-26T10:23:02.477+0800: 93355.046: [GC pause (G1 Evacuation Pause) (young) 2048M->1863M(6144M), 0.1182927 secs]
2021-06-26T10:23:02.981+0800: 93355.551: [GC pause (G1 Evacuation Pause) (young) 2203M->1985M(6144M), 0.1185636 secs]
2021-06-26T10:23:03.604+0800: 93356.174: [GC pause (G1 Evacuation Pause) (young) 2374M->2116M(6144M), 0.1253965 secs]
2021-06-26T10:23:04.284+0800: 93356.854: [GC pause (G1 Evacuation Pause) (young) 2546M->2265M(6144M), 0.1326224 secs]
2021-06-26T10:23:07.608+0800: 93360.178: [GC pause (G1 Evacuation Pause) (young) 2723M->2262M(6144M), 0.0474764 secs]
2021-06-26T10:23:12.511+0800: 93365.081: [GC pause (G1 Evacuation Pause) (young) 3206M->2270M(6144M), 0.0369169 secs]
2021-06-26T10:23:23.416+0800: 93375.986: [GC pause (G1 Evacuation Pause) (young) 3604M->2268M(6144M), 0.0235875 secs]
2021-06-26T10:23:29.583+0800: 93382.153: [GC pause (G1 Evacuation Pause) (young) 2910M->2272M(6144M), 0.0225686 secs]
2021-06-26T10:23:37.744+0800: 93390.314: [GC pause (G1 Evacuation Pause) (young) 3328M->2278M(6144M), 0.0250129 secs]
2021-06-26T10:23:55.084+0800: 93407.654: [GC pause (G1 Evacuation Pause) (young) 3962M->2280M(6144M), 0.0338087 secs]
2021-06-26T10:24:12.896+0800: 93425.466: [GC pause (G1 Evacuation Pause) (young) 4752M->2284M(6144M), 0.0387995 secs]
2021-06-26T10:24:36.165+0800: 93448.735: [GC pause (G1 Evacuation Pause) (young) 4955M->2284M(6144M), 0.0333248 secs]
2021-06-26T10:25:07.447+0800: 93480.017: [GC pause (G1 Evacuation Pause) (young) 5403M->2288M(6144M), 0.0383968 secs]
2021-06-26T10:25:33.668+0800: 93506.238: [GC pause (G1 Evacuation Pause) (young) 5422M->2296M(6144M), 0.0419582 secs]
2021-06-26T10:26:01.436+0800: 93534.006: [GC pause (G1 Evacuation Pause) (young) 5445M->2306M(6144M), 0.0474550 secs]
2021-06-26T10:26:27.025+0800: 93559.595: [GC pause (G1 Evacuation Pause) (young) 5443M->2293M(6144M), 0.0401366 secs]
2021-06-26T10:26:47.050+0800: 93579.619: [GC pause (G1 Evacuation Pause) (young) 5468M->2296M(6144M), 0.0452600 secs]
2021-06-26T10:27:19.745+0800: 93612.314: [GC pause (G1 Evacuation Pause) (young) 5473M->2319M(6144M), 0.0583617 secs]
2021-06-26T10:27:48.262+0800: 93640.832: [GC pause (G1 Evacuation Pause) (young) 5472M->2305M(6144M), 0.0525146 secs]
2021-06-26T10:28:24.292+0800: 93676.862: [GC pause (G1 Evacuation Pause) (young) 5473M->2307M(6144M), 0.0525417 secs]
2021-06-26T10:29:03.477+0800: 93716.046: [GC pause (G1 Evacuation Pause) (young) 5650M->2336M(6144M), 0.0664363 secs]
2021-06-26T10:29:31.320+0800: 93743.890: [GC pause (G1 Evacuation Pause) (young) 5463M->2313M(6144M), 0.0501547 secs]
2021-06-26T10:29:52.575+0800: 93765.145: [GC pause (G1 Evacuation Pause) (young) 5475M->2323M(6144M), 0.0534991 secs]
2021-06-26T10:30:14.694+0800: 93787.263: [GC pause (G1 Evacuation Pause) (young) 5469M->2317M(6144M), 0.0506863 secs]
2021-06-26T10:30:32.683+0800: 93805.252: [GC pause (G1 Evacuation Pause) (young) 5485M->2355M(6144M), 0.0720887 secs]
2021-06-26T10:30:58.148+0800: 93830.718: [GC pause (G1 Evacuation Pause) (young) 5472M->2359M(6144M), 0.0786204 secs]
2021-06-26T10:31:20.451+0800: 93853.021: [GC pause (G1 Evacuation Pause) (young) 5466M->2358M(6144M), 0.0802441 secs]
2021-06-26T10:31:28.829+0800: 93861.399: [GC pause (G1 Evacuation Pause) (young) 5443M->2359M(6144M), 0.0790182 secs]
2021-06-26T10:32:08.684+0800: 93901.253: [GC pause (G1 Evacuation Pause) (young) 5459M->2365M(6144M), 0.0747620 secs]
2021-06-26T10:32:39.310+0800: 93931.880: [GC pause (G1 Evacuation Pause) (young) 5487M->2375M(6144M), 0.0851506 secs]
2021-06-26T10:33:03.678+0800: 93956.248: [GC pause (G1 Evacuation Pause) (young) 5464M->2372M(6144M), 0.0773980 secs]
2021-06-26T10:33:45.177+0800: 93997.747: [GC pause (G1 Evacuation Pause) (young) 5441M->2378M(6144M), 0.0724689 secs]
2021-06-26T10:34:22.306+0800: 94034.875: [GC pause (G1 Evacuation Pause) (young) 5467M->2381M(6144M), 0.0758194 secs]
2021-06-26T10:34:52.806+0800: 94065.376: [GC pause (G1 Evacuation Pause) (young) 5462M->2434M(6144M), 0.1057459 secs]
2021-06-26T10:35:26.903+0800: 94099.472: [GC pause (G1 Evacuation Pause) (young) 5410M->2396M(6144M), 0.0755387 secs]
2021-06-26T10:35:53.069+0800: 94125.639: [GC pause (G1 Evacuation Pause) (young) 5441M->2401M(6144M), 0.0726619 secs]
2021-06-26T10:36:14.085+0800: 94146.655: [GC pause (G1 Evacuation Pause) (young) 5447M->2396M(6144M), 0.0692070 secs]
2021-06-26T10:36:40.176+0800: 94172.746: [GC pause (G1 Evacuation Pause) (young) 5441M->2417M(6144M), 0.0807383 secs]
2021-06-26T10:37:07.470+0800: 94200.040: [GC pause (G1 Evacuation Pause) (young) 5423M->2403M(6144M), 0.0664954 secs]
2021-06-26T10:37:25.505+0800: 94218.075: [GC pause (G1 Evacuation Pause) (young) 5449M->2411M(6144M), 0.0707748 secs]
2021-06-26T10:37:50.737+0800: 94243.307: [GC pause (G1 Evacuation Pause) (young) 5476M->2412M(6144M), 0.0634343 secs]
2021-06-26T10:38:17.765+0800: 94270.335: [GC pause (G1 Evacuation Pause) (young) 5486M->2423M(6144M), 0.0530081 secs]
2021-06-26T10:38:42.169+0800: 94294.739: [GC pause (G1 Evacuation Pause) (young) 5493M->2425M(6144M), 0.0540621 secs]
2021-06-26T10:39:02.336+0800: 94314.906: [GC pause (G1 Evacuation Pause) (young) 5479M->2715M(6144M), 0.2345506 secs]
2021-06-26T10:39:05.927+0800: 94318.497: [GC pause (G1 Evacuation Pause) (young)-- 5181M->3881M(6144M), 2.3393617 secs]
2021-06-26T10:39:08.697+0800: 94321.267: [GC pause (G1 Humongous Allocation) (young) (initial-mark) 4056M->3814M(6144M), 0.2947328 secs]
2021-06-26T10:39:08.992+0800: 94321.562: [GC concurrent-root-region-scan-start]
2021-06-26T10:39:09.007+0800: 94321.577: [GC concurrent-root-region-scan-end, 0.0151677 secs]
2021-06-26T10:39:09.007+0800: 94321.577: [GC concurrent-mark-start]
2021-06-26T10:39:10.370+0800: 94322.940: [GC concurrent-mark-end, 1.3635473 secs]
2021-06-26T10:39:10.373+0800: 94322.942: [GC remark, 0.0843851 secs]
2021-06-26T10:39:10.459+0800: 94323.029: [GC cleanup 4073M->1649M(6144M), 0.0189835 secs]
2021-06-26T10:39:10.478+0800: 94323.048: [GC concurrent-cleanup-start]
2021-06-26T10:39:10.483+0800: 94323.052: [GC concurrent-cleanup-end, 0.0042288 secs]
2021-06-26T10:39:15.247+0800: 94327.816: [GC pause (G1 Evacuation Pause) (young) 2171M->1388M(6144M), 0.0190270 secs]
2021-06-26T10:39:18.671+0800: 94331.241: [GC pause (G1 Evacuation Pause) (mixed) 1682M->951M(6144M), 0.1155704 secs]
2021-06-26T10:39:23.246+0800: 94335.816: [GC pause (G1 Evacuation Pause) (young) 1249M->957M(6144M), 0.0588272 secs]
2021-06-26T10:39:30.688+0800: 94343.258: [GC pause (G1 Evacuation Pause) (young) 1908M->958M(6144M), 0.0198112 secs]
2021-06-26T10:39:42.290+0800: 94354.860: [GC pause (G1 Evacuation Pause) (young) 2898M->958M(6144M), 0.0257164 secs]
2021-06-26T10:40:11.603+0800: 94384.173: [GC pause (G1 Evacuation Pause) (young) 4640M->966M(6144M), 0.0298733 secs]
2021-06-26T10:40:31.094+0800: 94403.664: [GC pause (G1 Evacuation Pause) (young) 4652M->1031M(6144M), 0.0825528 secs]
2021-06-26T10:40:59.078+0800: 94431.648: [GC pause (G1 Evacuation Pause) (young) 4628M->973M(6144M), 0.0318994 secs]
2021-06-26T10:41:34.967+0800: 94467.537: [GC pause (G1 Evacuation Pause) (young) 4644M->980M(6144M), 0.0384739 secs]
2021-06-26T10:42:13.538+0800: 94506.108: [GC pause (G1 Evacuation Pause) (young) 4646M->974M(6144M), 0.0385303 secs]
2021-06-26T10:42:35.733+0800: 94528.303: [GC pause (G1 Evacuation Pause) (young) 4636M->1458M(6144M), 0.3391613 secs]
2021-06-26T10:42:37.012+0800: 94529.582: [GC pause (G1 Evacuation Pause) (young) 2086M->1718M(6144M), 0.4183834 secs]
2021-06-26T10:42:38.034+0800: 94530.604: [GC pause (G1 Evacuation Pause) (young) 2097M->1856M(6144M), 0.1788685 secs]
2021-06-26T10:42:38.905+0800: 94531.475: [GC pause (G1 Evacuation Pause) (young) 2334M->2013M(6144M), 0.1528183 secs]
2021-06-26T10:42:43.184+0800: 94535.754: [GC pause (G1 Evacuation Pause) (young) 2496M->1983M(6144M), 0.0530461 secs]
2021-06-26T10:42:50.041+0800: 94542.611: [GC pause (G1 Evacuation Pause) (young) 2929M->2158M(6144M), 0.1260064 secs]
2021-06-26T10:42:50.718+0800: 94543.288: [GC pause (G1 Evacuation Pause) (young) 2584M->2307M(6144M), 0.1822282 secs]
2021-06-26T10:42:51.622+0800: 94544.192: [GC pause (G1 Evacuation Pause) (young) 2853M->2510M(6144M), 0.1677816 secs]
2021-06-26T10:42:52.356+0800: 94544.926: [GC pause (G1 Evacuation Pause) (young) 3026M->2656M(6144M), 0.1427901 secs]
2021-06-26T10:42:53.337+0800: 94545.907: [GC pause (G1 Evacuation Pause) (young) 3246M->2892M(6144M), 0.1902375 secs]
2021-06-26T10:42:54.193+0800: 94546.763: [GC pause (G1 Evacuation Pause) (young) (initial-mark) 3390M->3042M(6144M), 0.1535358 secs]
2021-06-26T10:42:54.347+0800: 94546.917: [GC concurrent-root-region-scan-start]
2021-06-26T10:42:54.494+0800: 94547.064: [GC concurrent-root-region-scan-end, 0.1473055 secs]
2021-06-26T10:42:54.494+0800: 94547.064: [GC concurrent-mark-start]
2021-06-26T10:42:57.972+0800: 94550.542: [GC concurrent-mark-end, 3.4778978 secs]
2021-06-26T10:42:57.974+0800: 94550.544: [GC remark, 0.0799585 secs]
2021-06-26T10:42:58.056+0800: 94550.626: [GC cleanup 3428M->2452M(6144M), 0.0143261 secs]
2021-06-26T10:42:58.070+0800: 94550.640: [GC concurrent-cleanup-start]
2021-06-26T10:42:58.072+0800: 94550.641: [GC concurrent-cleanup-end, 0.0011294 secs]
2021-06-26T10:42:59.283+0800: 94551.853: [GC pause (G1 Evacuation Pause) (young) 2659M->2027M(6144M), 0.0387962 secs]
2021-06-26T10:43:02.543+0800: 94555.113: [GC pause (G1 Evacuation Pause) (mixed) 2317M->1922M(6144M), 0.0594442 secs]
2021-06-26T10:43:08.685+0800: 94561.255: [GC pause (G1 Evacuation Pause) (young) 2878M->1933M(6144M), 0.0536896 secs]
2021-06-26T10:43:22.343+0800: 94574.913: [GC pause (G1 Evacuation Pause) (young) 3239M->1929M(6144M), 0.0255761 secs]
2021-06-26T10:43:33.931+0800: 94586.501: [GC pause (G1 Evacuation Pause) (young) 3667M->1960M(6144M), 0.0425738 secs]
2021-06-26T10:43:41.886+0800: 94594.455: [GC pause (G1 Evacuation Pause) (young) 4150M->1938M(6144M), 0.0294408 secs]
2021-06-26T10:44:09.278+0800: 94621.848: [GC pause (G1 Evacuation Pause) (young) 5158M->1981M(6144M), 0.0572456 secs]
2021-06-26T10:44:33.251+0800: 94645.821: [GC pause (G1 Evacuation Pause) (young) 5314M->1946M(6144M), 0.0407048 secs]
2021-06-26T10:45:04.422+0800: 94676.992: [GC pause (G1 Evacuation Pause) (young) 5357M->1949M(6144M), 0.0416438 secs]
2021-06-26T10:45:31.794+0800: 94704.364: [GC pause (G1 Evacuation Pause) (young) 5380M->1945M(6144M), 0.0383269 secs]
2021-06-26T10:46:03.038+0800: 94735.608: [GC pause (G1 Evacuation Pause) (young) 5424M->1951M(6144M), 0.0425049 secs]
2021-06-26T10:46:56.553+0800: 94789.123: [GC pause (G1 Evacuation Pause) (young) 5425M->1972M(6144M), 0.0487478 secs]
2021-06-26T10:47:37.792+0800: 94830.362: [GC pause (G1 Evacuation Pause) (young) 5527M->1952M(6144M), 0.0431908 secs]
2021-06-26T10:48:37.749+0800: 94890.319: [GC pause (G1 Evacuation Pause) (young) 5479M->1964M(6144M), 0.0602775 secs]
2021-06-26T10:49:46.479+0800: 94959.049: [GC pause (G1 Evacuation Pause) (young) 5469M->1971M(6144M), 0.0606090 secs]
2021-06-26T10:51:15.101+0800: 95047.671: [GC pause (G1 Evacuation Pause) (young) 5479M->2039M(6144M), 0.1168956 secs]
2021-06-26T10:52:11.063+0800: 95103.633: [GC pause (G1 Evacuation Pause) (young) 5429M->1986M(6144M), 0.0677953 secs]
2021-06-26T10:53:04.750+0800: 95157.320: [GC pause (G1 Evacuation Pause) (young) 5496M->1985M(6144M), 0.0670332 secs]
2021-06-26T10:54:18.253+0800: 95230.823: [GC pause (G1 Evacuation Pause) (young) 5476M->2047M(6144M), 0.1058179 secs]
2021-06-26T10:55:05.410+0800: 95277.980: [GC pause (G1 Evacuation Pause) (young) 5404M->1997M(6144M), 0.0630236 secs]
2021-06-26T10:55:34.247+0800: 95306.817: [GC pause (G1 Evacuation Pause) (young) 5456M->2033M(6144M), 0.0892586 secs]
2021-06-26T10:55:57.628+0800: 95330.198: [GC pause (G1 Evacuation Pause) (young) 5435M->2004M(6144M), 0.0666923 secs]
2021-06-26T10:56:21.955+0800: 95354.525: [GC pause (G1 Evacuation Pause) (young) 5463M->1999M(6144M), 0.0658150 secs]
2021-06-26T10:56:51.041+0800: 95383.610: [GC pause (G1 Evacuation Pause) (young) 5472M->2005M(6144M), 0.0671976 secs]
2021-06-26T10:57:18.046+0800: 95410.616: [GC pause (G1 Evacuation Pause) (young) 5479M->2009M(6144M), 0.0699042 secs]
2021-06-26T10:57:41.344+0800: 95433.914: [GC pause (G1 Evacuation Pause) (young) 5454M->2014M(6144M), 0.0680987 secs]
2021-06-26T10:58:03.854+0800: 95456.423: [GC pause (G1 Evacuation Pause) (young) 5465M->2020M(6144M), 0.0728503 secs]
2021-06-26T10:58:21.733+0800: 95474.303: [GC pause (G1 Evacuation Pause) (young) 5469M->2025M(6144M), 0.0750730 secs]
2021-06-26T10:58:43.758+0800: 95496.328: [GC pause (G1 Evacuation Pause) (young) 5459M->2020M(6144M), 0.0681513 secs]
2021-06-26T10:59:10.073+0800: 95522.643: [GC pause (G1 Evacuation Pause) (young) 5475M->2030M(6144M), 0.0703875 secs]
2021-06-26T10:59:27.397+0800: 95539.967: [GC pause (G1 Evacuation Pause) (young) 5477M->2033M(6144M), 0.0660550 secs]
2021-06-26T10:59:47.564+0800: 95560.134: [GC pause (G1 Evacuation Pause) (young) 5474M->2058M(6144M), 0.0743048 secs]
2021-06-26T11:00:04.002+0800: 95576.572: [GC pause (G1 Evacuation Pause) (young) 5471M->2040M(6144M), 0.0643534 secs]
2021-06-26T11:00:30.118+0800: 95602.688: [GC pause (G1 Evacuation Pause) (young) 5475M->2048M(6144M), 0.0593675 secs]
2021-06-26T11:00:50.763+0800: 95623.333: [GC pause (G1 Evacuation Pause) (young) 5481M->2054M(6144M), 0.0637569 secs]
2021-06-26T11:01:14.907+0800: 95647.477: [GC pause (G1 Evacuation Pause) (young) 5465M->2050M(6144M), 0.0578548 secs]
2021-06-26T11:01:32.046+0800: 95664.616: [GC pause (G1 Evacuation Pause) (young) 5645M->2057M(6144M), 0.0686975 secs]
2021-06-26T11:01:50.997+0800: 95683.567: [GC pause (G1 Evacuation Pause) (young) 5533M->2061M(6144M), 0.0623624 secs]
2021-06-26T11:02:06.628+0800: 95699.198: [GC pause (G1 Evacuation Pause) (young) 5507M->2054M(6144M), 0.0564098 secs]
2021-06-26T11:02:33.583+0800: 95726.153: [GC pause (G1 Evacuation Pause) (young) 5486M->2060M(6144M), 0.0543591 secs]
2021-06-26T11:03:04.745+0800: 95757.315: [GC pause (G1 Evacuation Pause) (young) 5475M->2061M(6144M), 0.0491946 secs]
2021-06-26T11:03:28.716+0800: 95781.286: [GC pause (G1 Evacuation Pause) (young) 5482M->2072M(6144M), 0.0560215 secs]
2021-06-26T11:03:47.925+0800: 95800.495: [GC pause (G1 Evacuation Pause) (young) 5480M->2069M(6144M), 0.0521368 secs]
2021-06-26T11:04:05.038+0800: 95817.608: [GC pause (G1 Evacuation Pause) (young) 5536M->2071M(6144M), 0.0510188 secs]
2021-06-26T11:04:25.212+0800: 95837.782: [GC pause (G1 Evacuation Pause) (young) 5495M->2073M(6144M), 0.0494526 secs]
2021-06-26T11:04:47.437+0800: 95860.007: [GC pause (G1 Evacuation Pause) (young) 5502M->2073M(6144M), 0.0520387 secs]
2021-06-26T11:05:12.055+0800: 95884.625: [GC pause (G1 Evacuation Pause) (young) 5510M->2079M(6144M), 0.0502872 secs]
2021-06-26T11:05:35.330+0800: 95907.900: [GC pause (G1 Evacuation Pause) (young) 5510M->2088M(6144M), 0.0548799 secs]
2021-06-26T11:05:52.756+0800: 95925.326: [GC pause (G1 Evacuation Pause) (young) 5529M->2082M(6144M), 0.0532104 secs]
2021-06-26T11:06:14.124+0800: 95946.694: [GC pause (G1 Evacuation Pause) (young) 5527M->2087M(6144M), 0.0579645 secs]
2021-06-26T11:06:14.922+0800: 95947.491: [GC pause (G1 Evacuation Pause) (young) 2347M->2096M(6144M), 0.0417729 secs]
2021-06-26T11:06:24.933+0800: 95957.503: [GC pause (G1 Evacuation Pause) (young) 4242M->2134M(6144M), 0.0701143 secs]
2021-06-26T11:06:26.889+0800: 95959.459: [GC pause (G1 Evacuation Pause) (young) 2818M->2148M(6144M), 0.0486508 secs]
2021-06-26T11:06:34.805+0800: 95967.375: [GC pause (G1 Evacuation Pause) (young) 3224M->2141M(6144M), 0.0498212 secs]
2021-06-26T11:06:39.393+0800: 95971.962: [GC pause (G1 Evacuation Pause) (young) 3513M->2154M(6144M), 0.0487361 secs]
2021-06-26T11:07:01.903+0800: 95994.473: [GC pause (G1 Evacuation Pause) (young) 5481M->2156M(6144M), 0.0562902 secs]
2021-06-26T11:07:22.660+0800: 96015.230: [GC pause (G1 Evacuation Pause) (young) 5476M->2149M(6144M), 0.0523648 secs]
2021-06-26T11:07:44.872+0800: 96037.442: [GC pause (G1 Evacuation Pause) (young) 5500M->2152M(6144M), 0.0564301 secs]
2021-06-26T11:08:03.490+0800: 96056.059: [GC pause (G1 Evacuation Pause) (young) 5487M->2159M(6144M), 0.0591624 secs]
2021-06-26T11:08:24.071+0800: 96076.640: [GC pause (G1 Evacuation Pause) (young) 5472M->2166M(6144M), 0.0613833 secs]
2021-06-26T11:08:48.146+0800: 96100.716: [GC pause (G1 Evacuation Pause) (young) 5472M->2162M(6144M), 0.0602919 secs]
2021-06-26T11:09:15.404+0800: 96127.974: [GC pause (G1 Evacuation Pause) (young) 5464M->2166M(6144M), 0.0634914 secs]
2021-06-26T11:09:41.017+0800: 96153.587: [GC pause (G1 Evacuation Pause) (young) 5460M->2174M(6144M), 0.0669295 secs]
2021-06-26T11:10:03.282+0800: 96175.852: [GC pause (G1 Evacuation Pause) (young) 5454M->2164M(6144M), 0.0631418 secs]
2021-06-26T11:10:30.748+0800: 96203.318: [GC pause (G1 Evacuation Pause) (young) 5452M->2172M(6144M), 0.0744003 secs]
2021-06-26T11:10:57.492+0800: 96230.062: [GC pause (G1 Evacuation Pause) (young) 5452M->2171M(6144M), 0.0674408 secs]
2021-06-26T11:11:15.809+0800: 96248.379: [GC pause (G1 Evacuation Pause) (young) 5466M->2174M(6144M), 0.0727843 secs]
2021-06-26T11:11:42.316+0800: 96274.886: [GC pause (G1 Evacuation Pause) (young) 5488M->2176M(6144M), 0.0627065 secs]
2021-06-26T11:12:07.935+0800: 96300.505: [GC pause (G1 Evacuation Pause) (young) 5496M->2188M(6144M), 0.0513593 secs]
2021-06-26T11:12:36.039+0800: 96328.609: [GC pause (G1 Evacuation Pause) (young) 5477M->2190M(6144M), 0.0490556 secs]
2021-06-26T11:13:04.895+0800: 96357.465: [GC pause (G1 Evacuation Pause) (young) 5477M->2189M(6144M), 0.0473143 secs]
2021-06-26T11:13:35.732+0800: 96388.302: [GC pause (G1 Evacuation Pause) (young) 5483M->2190M(6144M), 0.0474456 secs]
2021-06-26T11:13:59.263+0800: 96411.833: [GC pause (G1 Evacuation Pause) (young) 5479M->2194M(6144M), 0.0493630 secs]
2021-06-26T11:14:18.055+0800: 96430.625: [GC pause (G1 Evacuation Pause) (young) 5476M->2195M(6144M), 0.0483215 secs]
2021-06-26T11:14:41.043+0800: 96453.613: [GC pause (G1 Evacuation Pause) (young) 5482M->2438M(6144M), 0.1836800 secs]
2021-06-26T11:14:49.420+0800: 96461.989: [GC pause (G1 Evacuation Pause) (young)-- 5253M->3568M(6144M), 2.2605710 secs]
2021-06-26T11:15:02.574+0800: 96475.144: [GC pause (G1 Humongous Allocation) (young) (initial-mark) 4677M->3576M(6144M), 0.2175012 secs]
2021-06-26T11:15:02.791+0800: 96475.361: [GC concurrent-root-region-scan-start]
2021-06-26T11:15:02.810+0800: 96475.380: [GC concurrent-root-region-scan-end, 0.0188215 secs]
2021-06-26T11:15:02.810+0800: 96475.380: [GC concurrent-mark-start]
2021-06-26T11:15:04.168+0800: 96476.737: [GC concurrent-mark-end, 1.3573747 secs]
2021-06-26T11:15:04.170+0800: 96476.740: [GC remark, 0.0785204 secs]
2021-06-26T11:15:04.250+0800: 96476.820: [GC cleanup 3754M->1439M(6144M), 0.0146269 secs]
2021-06-26T11:15:04.265+0800: 96476.835: [GC concurrent-cleanup-start]
2021-06-26T11:15:04.269+0800: 96476.839: [GC concurrent-cleanup-end, 0.0038425 secs]
2021-06-26T11:15:13.186+0800: 96485.756: [GC pause (G1 Evacuation Pause) (young) 3094M->1264M(6144M), 0.0255465 secs]
2021-06-26T11:15:17.743+0800: 96490.313: [GC pause (G1 Evacuation Pause) (mixed) 1552M->936M(6144M), 0.0999665 secs]
2021-06-26T11:15:42.204+0800: 96514.774: [GC pause (G1 Evacuation Pause) (young) 3554M->945M(6144M), 0.0648128 secs]
2021-06-26T11:16:04.090+0800: 96536.660: [GC pause (G1 Evacuation Pause) (young) 3661M->948M(6144M), 0.0264012 secs]
2021-06-26T11:16:30.646+0800: 96563.216: [GC pause (G1 Evacuation Pause) (young) 4621M->952M(6144M), 0.0338391 secs]
2021-06-26T11:16:54.969+0800: 96587.539: [GC pause (G1 Evacuation Pause) (young) 4624M->958M(6144M), 0.0376588 secs]
2021-06-26T11:17:26.355+0800: 96618.924: [GC pause (G1 Evacuation Pause) (young) 4959M->958M(6144M), 0.0457793 secs]
2021-06-26T11:17:56.009+0800: 96648.579: [GC pause (G1 Evacuation Pause) (young) 4785M->967M(6144M), 0.0502590 secs]
2021-06-26T11:18:08.578+0800: 96661.148: [GC pause (G1 Evacuation Pause) (young) 4636M->963M(6144M), 0.0455013 secs]
2021-06-26T11:18:39.459+0800: 96692.029: [GC pause (G1 Evacuation Pause) (young) 4613M->962M(6144M), 0.0436200 secs]
2021-06-26T11:19:16.979+0800: 96729.549: [GC pause (G1 Evacuation Pause) (young) 4611M->967M(6144M), 0.0471593 secs]
2021-06-26T11:19:39.815+0800: 96752.384: [GC pause (G1 Evacuation Pause) (young) 4613M->968M(6144M), 0.0492643 secs]
2021-06-26T11:20:07.094+0800: 96779.664: [GC pause (G1 Evacuation Pause) (young) 4608M->971M(6144M), 0.0483765 secs]
2021-06-26T11:20:27.946+0800: 96800.516: [GC pause (G1 Evacuation Pause) (young) 4626M->973M(6144M), 0.0530243 secs]
2021-06-26T11:20:37.604+0800: 96810.174: [GC pause (G1 Evacuation Pause) (young) 4630M->1079M(6144M), 0.1389269 secs]
2021-06-26T11:21:05.781+0800: 96838.351: [GC pause (G1 Evacuation Pause) (young) 4625M->1084M(6144M), 0.1210235 secs]
2021-06-26T11:21:33.844+0800: 96866.414: [GC pause (G1 Evacuation Pause) (young) 4636M->1089M(6144M), 0.1259103 secs]
2021-06-26T11:21:56.650+0800: 96889.220: [GC pause (G1 Evacuation Pause) (young) 4642M->1098M(6144M), 0.1174270 secs]
2021-06-26T11:22:29.151+0800: 96921.721: [GC pause (G1 Evacuation Pause) (young) 4629M->1094M(6144M), 0.1147987 secs]
2021-06-26T11:23:11.126+0800: 96963.696: [GC pause (G1 Evacuation Pause) (young) 4638M->1127M(6144M), 0.1238084 secs]
2021-06-26T11:23:35.727+0800: 96988.297: [GC pause (G1 Evacuation Pause) (young) 4641M->1098M(6144M), 0.1122516 secs]
2021-06-26T11:23:58.581+0800: 97011.151: [GC pause (G1 Evacuation Pause) (young) 4652M->1107M(6144M), 0.1126801 secs]
2021-06-26T11:24:22.256+0800: 97034.826: [GC pause (G1 Evacuation Pause) (young) 4652M->1111M(6144M), 0.1224604 secs]
2021-06-26T11:24:55.620+0800: 97068.190: [GC pause (G1 Evacuation Pause) (young) 4649M->1112M(6144M), 0.1158844 secs]
2021-06-26T11:25:21.674+0800: 97094.243: [GC pause (G1 Evacuation Pause) (young) 4648M->1115M(6144M), 0.1163510 secs]
2021-06-26T11:25:50.612+0800: 97123.182: [GC pause (G1 Evacuation Pause) (young) 4665M->1117M(6144M), 0.1178690 secs]
2021-06-26T11:26:21.168+0800: 97153.738: [GC pause (G1 Evacuation Pause) (young) 4671M->1123M(6144M), 0.1228527 secs]
2021-06-26T11:26:51.158+0800: 97183.728: [GC pause (G1 Evacuation Pause) (young) 4659M->1123M(6144M), 0.1079464 secs]
2021-06-26T11:27:17.030+0800: 97209.600: [GC pause (G1 Evacuation Pause) (young) 4677M->1135M(6144M), 0.1204036 secs]
2021-06-26T11:27:40.675+0800: 97233.245: [GC pause (G1 Evacuation Pause) (young) 4672M->1148M(6144M), 0.1235747 secs]
2021-06-26T11:28:08.428+0800: 97260.998: [GC pause (G1 Evacuation Pause) (young) 4783M->1147M(6144M), 0.0743038 secs]
2021-06-26T11:28:39.689+0800: 97292.259: [GC pause (G1 Evacuation Pause) (young) 4783M->1150M(6144M), 0.0520846 secs]
2021-06-26T11:29:08.926+0800: 97321.496: [GC pause (G1 Evacuation Pause) (young) 4797M->1153M(6144M), 0.0523368 secs]
2021-06-26T11:29:28.880+0800: 97341.450: [GC pause (G1 Evacuation Pause) (young) 4795M->1154M(6144M), 0.0496018 secs]
2021-06-26T11:30:02.437+0800: 97375.006: [GC pause (G1 Evacuation Pause) (young) 4797M->1165M(6144M), 0.0555904 secs]
2021-06-26T11:30:28.855+0800: 97401.425: [GC pause (G1 Evacuation Pause) (young) 4800M->1156M(6144M), 0.0515885 secs]
2021-06-26T11:31:02.182+0800: 97434.751: [GC pause (G1 Evacuation Pause) (young) 4799M->1164M(6144M), 0.0515657 secs]
2021-06-26T11:31:27.212+0800: 97459.782: [GC pause (G1 Evacuation Pause) (young) 4822M->1178M(6144M), 0.0627999 secs]
2021-06-26T11:31:58.745+0800: 97491.315: [GC pause (G1 Evacuation Pause) (young) 4822M->1169M(6144M), 0.0538565 secs]
2021-06-26T11:32:33.588+0800: 97526.158: [GC pause (G1 Evacuation Pause) (young) 4809M->1179M(6144M), 0.0548264 secs]
2021-06-26T11:33:07.760+0800: 97560.330: [GC pause (G1 Evacuation Pause) (young) 4815M->1176M(6144M), 0.0525598 secs]
2021-06-26T11:33:32.966+0800: 97585.536: [GC pause (G1 Evacuation Pause) (young) 4816M->1180M(6144M), 0.0504037 secs]
2021-06-26T11:33:59.702+0800: 97612.272: [GC pause (G1 Evacuation Pause) (young) 4844M->1179M(6144M), 0.0527546 secs]
2021-06-26T11:34:24.463+0800: 97637.033: [GC pause (G1 Evacuation Pause) (young) 4839M->1182M(6144M), 0.0508366 secs]
2021-06-26T11:35:00.139+0800: 97672.709: [GC pause (G1 Evacuation Pause) (young) 4826M->1192M(6144M), 0.0503604 secs]
2021-06-26T11:35:31.783+0800: 97704.353: [GC pause (G1 Evacuation Pause) (young) 4854M->1186M(6144M), 0.0490645 secs]
2021-06-26T11:36:02.435+0800: 97735.005: [GC pause (G1 Evacuation Pause) (young) 4832M->1185M(6144M), 0.0436042 secs]
2021-06-26T11:36:33.531+0800: 97766.101: [GC pause (G1 Evacuation Pause) (young) 4836M->1188M(6144M), 0.0440725 secs]
2021-06-26T11:37:07.376+0800: 97799.946: [GC pause (G1 Evacuation Pause) (young) 4838M->1191M(6144M), 0.0434930 secs]
2021-06-26T11:37:33.746+0800: 97826.316: [GC pause (G1 Evacuation Pause) (young) 4849M->1193M(6144M), 0.0448314 secs]
2021-06-26T11:38:09.630+0800: 97862.200: [GC pause (G1 Evacuation Pause) (young) 4845M->1195M(6144M), 0.0443827 secs]
2021-06-26T11:38:40.024+0800: 97892.594: [GC pause (G1 Evacuation Pause) (young) 4845M->1201M(6144M), 0.0463462 secs]
2021-06-26T11:39:17.153+0800: 97929.723: [GC pause (G1 Evacuation Pause) (young) 4861M->1197M(6144M), 0.0476985 secs]
2021-06-26T11:39:47.333+0800: 97959.903: [GC pause (G1 Evacuation Pause) (young) 4878M->1204M(6144M), 0.0497471 secs]
2021-06-26T11:40:11.803+0800: 97984.373: [GC pause (G1 Evacuation Pause) (young) 4866M->1208M(6144M), 0.0579333 secs]
2021-06-26T11:40:50.066+0800: 98022.635: [GC pause (G1 Evacuation Pause) (young) 4851M->1206M(6144M), 0.0463010 secs]
2021-06-26T11:41:21.618+0800: 98054.188: [GC pause (G1 Evacuation Pause) (young) 4858M->1210M(6144M), 0.0500482 secs]
2021-06-26T11:41:47.218+0800: 98079.788: [GC pause (G1 Evacuation Pause) (young) 4868M->1220M(6144M), 0.0530533 secs]
2021-06-26T11:42:19.548+0800: 98112.118: [GC pause (G1 Evacuation Pause) (young) 4867M->1217M(6144M), 0.0509068 secs]
2021-06-26T11:43:01.702+0800: 98154.271: [GC pause (G1 Evacuation Pause) (young) 4865M->1214M(6144M), 0.0497113 secs]
2021-06-26T11:43:40.213+0800: 98192.783: [GC pause (G1 Evacuation Pause) (young) 4867M->1215M(6144M), 0.0490595 secs]
2021-06-26T11:44:14.416+0800: 98226.985: [GC pause (G1 Evacuation Pause) (young) 4867M->1218M(6144M), 0.0539014 secs]
2021-06-26T11:44:49.495+0800: 98262.065: [GC pause (G1 Evacuation Pause) (young) 4862M->1226M(6144M), 0.0569872 secs]
2021-06-26T11:45:24.522+0800: 98297.092: [GC pause (G1 Evacuation Pause) (young) 4880M->1228M(6144M), 0.0608280 secs]
2021-06-26T11:46:06.345+0800: 98338.915: [GC pause (G1 Evacuation Pause) (young) 4866M->1226M(6144M), 0.0570645 secs]
2021-06-26T11:46:41.995+0800: 98374.565: [GC pause (G1 Evacuation Pause) (young) 4871M->1228M(6144M), 0.0514199 secs]
2021-06-26T11:47:21.093+0800: 98413.663: [GC pause (G1 Evacuation Pause) (young) 4874M->1230M(6144M), 0.0487050 secs]
2021-06-26T11:47:55.236+0800: 98447.806: [GC pause (G1 Evacuation Pause) (young) 4923M->1234M(6144M), 0.0536340 secs]
2021-06-26T11:48:37.242+0800: 98489.812: [GC pause (G1 Evacuation Pause) (young) 4874M->1241M(6144M), 0.0528917 secs]
2021-06-26T11:49:17.521+0800: 98530.091: [GC pause (G1 Evacuation Pause) (young) 4888M->1239M(6144M), 0.0509402 secs]
2021-06-26T11:49:48.060+0800: 98560.630: [GC pause (G1 Evacuation Pause) (young) 4893M->1242M(6144M), 0.0530663 secs]
2021-06-26T11:50:25.099+0800: 98597.669: [GC pause (G1 Evacuation Pause) (young) 4891M->1244M(6144M), 0.0486313 secs]
2021-06-26T11:51:05.453+0800: 98638.023: [GC pause (G1 Evacuation Pause) (young) 4891M->1246M(6144M), 0.0476165 secs]
2021-06-26T11:51:39.402+0800: 98671.972: [GC pause (G1 Evacuation Pause) (young) 4893M->1247M(6144M), 0.0475682 secs]
2021-06-26T11:52:15.720+0800: 98708.290: [GC pause (G1 Evacuation Pause) (young) 4895M->1250M(6144M), 0.0486053 secs]
2021-06-26T11:52:45.005+0800: 98737.575: [GC pause (G1 Evacuation Pause) (young) 4930M->1251M(6144M), 0.0512496 secs]
2021-06-26T11:53:24.099+0800: 98776.669: [GC pause (G1 Evacuation Pause) (young) 4911M->1289M(6144M), 0.0638872 secs]
2021-06-26T11:53:48.838+0800: 98801.408: [GC pause (G1 Evacuation Pause) (young) 4941M->1256M(6144M), 0.0514164 secs]
2021-06-26T11:53:51.342+0800: 98803.911: [GC pause (G1 Evacuation Pause) (young) 1522M->1266M(6144M), 0.0414886 secs]
2021-06-26T11:53:54.379+0800: 98806.949: [GC pause (G1 Evacuation Pause) (young) 1546M->1264M(6144M), 0.0390020 secs]
2021-06-26T11:54:25.552+0800: 98838.122: [GC pause (G1 Evacuation Pause) (young) 4576M->1273M(6144M), 0.0373798 secs]
2021-06-26T11:55:02.541+0800: 98875.111: [GC pause (G1 Evacuation Pause) (young) 4938M->1272M(6144M), 0.0305145 secs]
2021-06-26T11:55:36.941+0800: 98909.511: [GC pause (G1 Evacuation Pause) (young) 4945M->1276M(6144M), 0.0344103 secs]
2021-06-26T11:56:15.128+0800: 98947.698: [GC pause (G1 Evacuation Pause) (young) 4936M->1274M(6144M), 0.0339321 secs]
2021-06-26T11:57:06.436+0800: 98999.006: [GC pause (G1 Evacuation Pause) (young) 4942M->1279M(6144M), 0.0348548 secs]
2021-06-26T11:57:44.441+0800: 99037.010: [GC pause (G1 Evacuation Pause) (young) 4934M->1277M(6144M), 0.0335005 secs]
2021-06-26T11:58:16.309+0800: 99068.879: [GC pause (G1 Evacuation Pause) (young) 4949M->1332M(6144M), 0.0784438 secs]
2021-06-26T11:58:57.101+0800: 99109.671: [GC pause (G1 Evacuation Pause) (young) 4939M->1333M(6144M), 0.0655295 secs]
2021-06-26T11:59:33.946+0800: 99146.516: [GC pause (G1 Evacuation Pause) (young) 4934M->1333M(6144M), 0.0651965 secs]
2021-06-26T12:00:07.517+0800: 99180.087: [GC pause (G1 Evacuation Pause) (young) 4948M->1336M(6144M), 0.0700063 secs]
2021-06-26T12:00:53.538+0800: 99226.108: [GC pause (G1 Evacuation Pause) (young) 4938M->1338M(6144M), 0.0693972 secs]
2021-06-26T12:01:38.315+0800: 99270.884: [GC pause (G1 Evacuation Pause) (young) 4935M->1342M(6144M), 0.0709449 secs]
2021-06-26T12:02:05.655+0800: 99298.225: [GC pause (G1 Evacuation Pause) (young) 4967M->1342M(6144M), 0.0754691 secs]
2021-06-26T12:02:47.624+0800: 99340.193: [GC pause (G1 Evacuation Pause) (young) 4942M->1345M(6144M), 0.0714883 secs]
2021-06-26T12:03:39.859+0800: 99392.429: [GC pause (G1 Evacuation Pause) (young) 4966M->1347M(6144M), 0.0761481 secs]
2021-06-26T12:04:19.378+0800: 99431.948: [GC pause (G1 Evacuation Pause) (young) 4940M->1348M(6144M), 0.0727057 secs]
2021-06-26T12:05:06.133+0800: 99478.702: [GC pause (G1 Evacuation Pause) (young) 4944M->1352M(6144M), 0.0705065 secs]
2021-06-26T12:05:45.276+0800: 99517.846: [GC pause (G1 Evacuation Pause) (young) 4953M->1355M(6144M), 0.0748309 secs]
2021-06-26T12:06:14.781+0800: 99547.351: [GC pause (G1 Evacuation Pause) (young) 4958M->1354M(6144M), 0.0729583 secs]
2021-06-26T12:06:56.686+0800: 99589.256: [GC pause (G1 Evacuation Pause) (young) 4952M->1359M(6144M), 0.0741808 secs]
2021-06-26T12:07:33.302+0800: 99625.872: [GC pause (G1 Evacuation Pause) (young) 4960M->1368M(6144M), 0.0788999 secs]
2021-06-26T12:08:15.824+0800: 99668.394: [GC pause (G1 Evacuation Pause) (young) 4999M->1363M(6144M), 0.0816114 secs]
2021-06-26T12:09:03.218+0800: 99715.788: [GC pause (G1 Evacuation Pause) (young) 5020M->1371M(6144M), 0.0660150 secs]
2021-06-26T12:09:43.364+0800: 99755.934: [GC pause (G1 Evacuation Pause) (young) 5064M->1377M(6144M), 0.0535483 secs]
2021-06-26T12:10:23.461+0800: 99796.031: [GC pause (G1 Evacuation Pause) (young) 5061M->1379M(6144M), 0.0517313 secs]
2021-06-26T12:10:32.928+0800: 99805.497: [GC pause (G1 Evacuation Pause) (young) 2701M->1379M(6144M), 0.0393972 secs]
2021-06-26T12:11:33.085+0800: 99865.655: [GC pause (G1 Evacuation Pause) (young) 5038M->1386M(6144M), 0.0483555 secs]
2021-06-26T12:12:13.952+0800: 99906.522: [GC pause (G1 Evacuation Pause) (young) 5056M->1389M(6144M), 0.0509928 secs]
2021-06-26T12:13:10.744+0800: 99963.313: [GC pause (G1 Evacuation Pause) (young) 5046M->1385M(6144M), 0.0442294 secs]
2021-06-26T12:13:59.644+0800: 100012.214: [GC pause (G1 Evacuation Pause) (young) 5036M->1390M(6144M), 0.0441513 secs]
2021-06-26T12:14:48.183+0800: 100060.753: [GC pause (G1 Evacuation Pause) (young) 5041M->1392M(6144M), 0.0457821 secs]
2021-06-26T12:15:32.343+0800: 100104.913: [GC pause (G1 Evacuation Pause) (young) 5062M->1394M(6144M), 0.0473934 secs]
2021-06-26T12:16:07.181+0800: 100139.751: [GC pause (G1 Evacuation Pause) (young) 5071M->1402M(6144M), 0.0514602 secs]
2021-06-26T12:17:07.851+0800: 100200.421: [GC pause (G1 Evacuation Pause) (young) 5062M->1399M(6144M), 0.0502899 secs]
2021-06-26T12:17:37.570+0800: 100230.140: [GC pause (G1 Evacuation Pause) (young) 5092M->1406M(6144M), 0.0541081 secs]
2021-06-26T12:18:20.173+0800: 100272.743: [GC pause (G1 Evacuation Pause) (young) 5050M->1407M(6144M), 0.0477633 secs]
2021-06-26T12:19:16.971+0800: 100329.541: [GC pause (G1 Evacuation Pause) (young) 5062M->1404M(6144M), 0.0488983 secs]
2021-06-26T12:20:02.127+0800: 100374.697: [GC pause (G1 Evacuation Pause) (young) 5052M->1402M(6144M), 0.0453181 secs]
2021-06-26T12:20:45.913+0800: 100418.483: [GC pause (G1 Evacuation Pause) (young) 5091M->1513M(6144M), 0.1112315 secs]
2021-06-26T12:21:34.894+0800: 100467.464: [GC pause (G1 Evacuation Pause) (young) 5060M->1514M(6144M), 0.1015294 secs]
2021-06-26T12:22:51.894+0800: 100544.464: [GC pause (G1 Evacuation Pause) (young) 5067M->1515M(6144M), 0.0997254 secs]
2021-06-26T12:23:35.878+0800: 100588.448: [GC pause (G1 Evacuation Pause) (young) 5094M->1519M(6144M), 0.1058088 secs]
2021-06-26T12:24:47.335+0800: 100659.905: [GC pause (G1 Evacuation Pause) (young) 5060M->1521M(6144M), 0.1045173 secs]
2021-06-26T12:25:49.907+0800: 100722.477: [GC pause (G1 Evacuation Pause) (young) 5071M->1529M(6144M), 0.1070208 secs]
2021-06-26T12:26:41.642+0800: 100774.212: [GC pause (G1 Evacuation Pause) (young) 5061M->1532M(6144M), 0.1074660 secs]
2021-06-26T12:27:39.821+0800: 100832.391: [GC pause (G1 Evacuation Pause) (young) 5091M->1527M(6144M), 0.1087348 secs]
2021-06-26T12:28:37.912+0800: 100890.482: [GC pause (G1 Evacuation Pause) (young) 5068M->1531M(6144M), 0.1051986 secs]
2021-06-26T12:29:42.432+0800: 100955.002: [GC pause (G1 Evacuation Pause) (young) 5068M->1530M(6144M), 0.1058323 secs]
2021-06-26T12:30:40.433+0800: 101013.002: [GC pause (G1 Evacuation Pause) (young) 5071M->1538M(6144M), 0.1073558 secs]
2021-06-26T12:31:41.928+0800: 101074.497: [GC pause (G1 Evacuation Pause) (young) 5078M->1541M(6144M), 0.1067479 secs]
2021-06-26T12:32:31.223+0800: 101123.793: [GC pause (G1 Evacuation Pause) (young) 5075M->1539M(6144M), 0.1053071 secs]
2021-06-26T12:33:25.344+0800: 101177.914: [GC pause (G1 Evacuation Pause) (young) 5092M->1540M(6144M), 0.1050479 secs]
2021-06-26T12:34:24.047+0800: 101236.617: [GC pause (G1 Evacuation Pause) (young) 5079M->1541M(6144M), 0.1027725 secs]
2021-06-26T12:35:21.026+0800: 101293.596: [GC pause (G1 Evacuation Pause) (young) 5077M->1552M(6144M), 0.1054754 secs]
2021-06-26T12:36:11.157+0800: 101343.727: [GC pause (G1 Evacuation Pause) (young) 5194M->1560M(6144M), 0.0728499 secs]
2021-06-26T12:36:42.826+0800: 101375.396: [GC pause (G1 Evacuation Pause) (young) 5213M->1613M(6144M), 0.0769035 secs]
2021-06-26T12:37:34.603+0800: 101427.173: [GC pause (G1 Evacuation Pause) (young) 5204M->1617M(6144M), 0.0732853 secs]
2021-06-26T12:38:19.640+0800: 101472.210: [GC pause (G1 Evacuation Pause) (young) 5208M->1623M(6144M), 0.0754782 secs]
2021-06-26T12:39:11.631+0800: 101524.201: [GC pause (G1 Evacuation Pause) (young) 5213M->1621M(6144M), 0.0735479 secs]
2021-06-26T12:40:04.109+0800: 101576.679: [GC pause (G1 Evacuation Pause) (young) 5217M->1631M(6144M), 0.0786694 secs]
2021-06-26T12:41:01.531+0800: 101634.101: [GC pause (G1 Evacuation Pause) (young) 5243M->1627M(6144M), 0.0752223 secs]
2021-06-26T12:41:53.539+0800: 101686.109: [GC pause (G1 Evacuation Pause) (young) 5231M->1632M(6144M), 0.0694230 secs]
2021-06-26T12:43:10.150+0800: 101762.720: [GC pause (G1 Evacuation Pause) (young) 5236M->1632M(6144M), 0.0672232 secs]
2021-06-26T12:44:09.498+0800: 101822.068: [GC pause (G1 Evacuation Pause) (young) 5235M->1639M(6144M), 0.0662107 secs]
2021-06-26T12:45:13.473+0800: 101886.043: [GC pause (G1 Evacuation Pause) (young) 5235M->1643M(6144M), 0.0698301 secs]
2021-06-26T12:46:10.447+0800: 101943.017: [GC pause (G1 Evacuation Pause) (young) 5235M->1641M(6144M), 0.0672120 secs]
2021-06-26T12:47:14.834+0800: 102007.404: [GC pause (G1 Evacuation Pause) (young) 5260M->1636M(6144M), 0.0680114 secs]
2021-06-26T12:47:58.729+0800: 102051.299: [GC pause (G1 Evacuation Pause) (young) 5240M->1647M(6144M), 0.0718893 secs]
2021-06-26T12:49:03.732+0800: 102116.302: [GC pause (G1 Evacuation Pause) (young) 5242M->1644M(6144M), 0.0676978 secs]
2021-06-26T12:50:09.148+0800: 102181.718: [GC pause (G1 Evacuation Pause) (young) 5242M->1657M(6144M), 0.0697517 secs]
2021-06-26T12:51:02.900+0800: 102235.470: [GC pause (G1 Evacuation Pause) (young) 5247M->1663M(6144M), 0.0808483 secs]
2021-06-26T12:51:51.034+0800: 102283.604: [GC pause (G1 Evacuation Pause) (young) 5316M->1663M(6144M), 0.0597015 secs]
2021-06-26T12:52:28.869+0800: 102321.439: [GC pause (G1 Evacuation Pause) (young) 5337M->1671M(6144M), 0.0458155 secs]
2021-06-26T12:53:22.944+0800: 102375.514: [GC pause (G1 Evacuation Pause) (young) 5325M->1715M(6144M), 0.0721163 secs]
2021-06-26T12:54:07.435+0800: 102420.005: [GC pause (G1 Evacuation Pause) (young) 5320M->1679M(6144M), 0.0453107 secs]
2021-06-26T12:54:56.552+0800: 102469.121: [GC pause (G1 Evacuation Pause) (young) 5325M->1673M(6144M), 0.0377272 secs]
2021-06-26T12:55:33.991+0800: 102506.561: [GC pause (G1 Evacuation Pause) (young) 5339M->1749M(6144M), 0.0821969 secs]
2021-06-26T12:56:12.850+0800: 102545.419: [GC pause (G1 Evacuation Pause) (young) 5322M->1749M(6144M), 0.0756065 secs]
2021-06-26T12:57:15.263+0800: 102607.833: [GC pause (G1 Evacuation Pause) (young) 5330M->1748M(6144M), 0.0778814 secs]
2021-06-26T12:58:00.490+0800: 102653.059: [GC pause (G1 Evacuation Pause) (young) 5330M->1748M(6144M), 0.0771157 secs]
2021-06-26T12:59:05.654+0800: 102718.223: [GC pause (G1 Evacuation Pause) (young) 5336M->1751M(6144M), 0.0800052 secs]
2021-06-26T12:59:48.827+0800: 102761.397: [GC pause (G1 Evacuation Pause) (young) 5347M->1750M(6144M), 0.0801073 secs]
2021-06-26T13:00:30.988+0800: 102803.558: [GC pause (G1 Evacuation Pause) (young) 5324M->1751M(6144M), 0.0771566 secs]
2021-06-26T13:01:16.860+0800: 102849.430: [GC pause (G1 Evacuation Pause) (young) 5329M->1754M(6144M), 0.0775724 secs]
2021-06-26T13:02:03.474+0800: 102896.044: [GC pause (G1 Evacuation Pause) (young) 5335M->1759M(6144M), 0.0788520 secs]
2021-06-26T13:02:46.082+0800: 102938.652: [GC pause (G1 Evacuation Pause) (young) 5355M->1761M(6144M), 0.0784862 secs]
2021-06-26T13:03:25.234+0800: 102977.804: [GC pause (G1 Evacuation Pause) (young) 5344M->1770M(6144M), 0.0778442 secs]
2021-06-26T13:04:02.361+0800: 103014.931: [GC pause (G1 Evacuation Pause) (young) 5364M->1767M(6144M), 0.0794492 secs]
2021-06-26T13:04:53.907+0800: 103066.477: [GC pause (G1 Evacuation Pause) (young) 5345M->1784M(6144M), 0.0843764 secs]
2021-06-26T13:05:32.381+0800: 103104.951: [GC pause (G1 Evacuation Pause) (young) 5350M->1781M(6144M), 0.0819551 secs]
2021-06-26T13:06:18.313+0800: 103150.883: [GC pause (G1 Evacuation Pause) (young) 5368M->1770M(6144M), 0.0792300 secs]
2021-06-26T13:07:01.071+0800: 103193.640: [GC pause (G1 Evacuation Pause) (young) 5380M->1792M(6144M), 0.0799263 secs]
2021-06-26T13:07:41.250+0800: 103233.820: [GC pause (G1 Evacuation Pause) (young) 5471M->1805M(6144M), 0.0714099 secs]
2021-06-26T13:08:19.807+0800: 103272.377: [GC pause (G1 Evacuation Pause) (young) 5483M->1802M(6144M), 0.0458772 secs]
2021-06-26T13:09:17.919+0800: 103330.489: [GC pause (G1 Evacuation Pause) (young) 5476M->1804M(6144M), 0.0441293 secs]
2021-06-26T13:10:09.016+0800: 103381.586: [GC pause (G1 Evacuation Pause) (young) 5459M->1809M(6144M), 0.0428145 secs]
2021-06-26T13:10:48.130+0800: 103420.700: [GC pause (G1 Evacuation Pause) (young) 5464M->1818M(6144M), 0.0459978 secs]
2021-06-26T13:11:25.062+0800: 103457.632: [GC pause (G1 Evacuation Pause) (young) 5480M->1812M(6144M), 0.0449658 secs]
2021-06-26T13:11:56.478+0800: 103489.048: [GC pause (G1 Evacuation Pause) (young) 5482M->1817M(6144M), 0.0480040 secs]
2021-06-26T13:12:53.490+0800: 103546.060: [GC pause (G1 Evacuation Pause) (young) 5472M->1815M(6144M), 0.0437886 secs]
2021-06-26T13:13:42.526+0800: 103595.096: [GC pause (G1 Evacuation Pause) (young) 5466M->1823M(6144M), 0.0445958 secs]
2021-06-26T13:14:25.666+0800: 103638.236: [GC pause (G1 Evacuation Pause) (young) 5478M->1829M(6144M), 0.0487696 secs]
2021-06-26T13:15:15.936+0800: 103688.506: [GC pause (G1 Evacuation Pause) (young) 5484M->1826M(6144M), 0.0481662 secs]
2021-06-26T13:15:50.768+0800: 103723.338: [GC pause (G1 Evacuation Pause) (young) 5473M->1840M(6144M), 0.0534103 secs]
2021-06-26T13:16:31.700+0800: 103764.269: [GC pause (G1 Evacuation Pause) (young) 5469M->1821M(6144M), 0.0416644 secs]
2021-06-26T13:17:11.368+0800: 103803.937: [GC pause (G1 Evacuation Pause) (young) 5490M->1825M(6144M), 0.0446623 secs]
2021-06-26T13:18:05.637+0800: 103858.206: [GC pause (G1 Evacuation Pause) (young) 5485M->1834M(6144M), 0.0485647 secs]
2021-06-26T13:18:39.949+0800: 103892.519: [GC pause (G1 Evacuation Pause) (young) 5504M->1831M(6144M), 0.0492043 secs]
2021-06-26T13:19:46.057+0800: 103958.627: [GC pause (G1 Evacuation Pause) (young) 5485M->1830M(6144M), 0.0443310 secs]
2021-06-26T13:20:58.749+0800: 104031.319: [GC pause (G1 Evacuation Pause) (young) 5481M->1838M(6144M), 0.0465168 secs]
2021-06-26T13:21:42.933+0800: 104075.503: [GC pause (G1 Evacuation Pause) (young) 5481M->1836M(6144M), 0.0471658 secs]
2021-06-26T13:22:54.652+0800: 104147.222: [GC pause (G1 Evacuation Pause) (young) 5484M->1838M(6144M), 0.0446794 secs]
2021-06-26T13:23:36.374+0800: 104188.944: [GC pause (G1 Evacuation Pause) (young) 5500M->1844M(6144M), 0.0502832 secs]
2021-06-26T13:24:25.331+0800: 104237.901: [GC pause (G1 Evacuation Pause) (young) 5482M->1843M(6144M), 0.0481446 secs]
2021-06-26T13:25:08.918+0800: 104281.488: [GC pause (G1 Evacuation Pause) (young) 5482M->1846M(6144M), 0.0449860 secs]
2021-06-26T13:25:49.023+0800: 104321.593: [GC pause (G1 Evacuation Pause) (young) 5828M->1853M(6144M), 0.0576867 secs]
2021-06-26T13:26:43.915+0800: 104376.485: [GC pause (G1 Evacuation Pause) (young) 5648M->1847M(6144M), 0.0523769 secs]
2021-06-26T13:27:33.230+0800: 104425.800: [GC pause (G1 Evacuation Pause) (young) 5656M->1851M(6144M), 0.0533533 secs]
2021-06-26T13:28:06.987+0800: 104459.557: [GC pause (G1 Evacuation Pause) (young) 5664M->1877M(6144M), 0.0694957 secs]
2021-06-26T13:29:00.726+0800: 104513.296: [GC pause (G1 Evacuation Pause) (young) 5803M->1874M(6144M), 0.0652373 secs]
2021-06-26T13:29:47.510+0800: 104560.080: [GC pause (G1 Evacuation Pause) (young) 5634M->1875M(6144M), 0.0680020 secs]
2021-06-26T13:30:26.268+0800: 104598.838: [GC pause (G1 Evacuation Pause) (young) 5467M->1886M(6144M), 0.0637340 secs]
2021-06-26T13:31:16.926+0800: 104649.496: [GC pause (G1 Evacuation Pause) (young) 5462M->1888M(6144M), 0.0619366 secs]
2021-06-26T13:31:50.114+0800: 104682.684: [GC pause (G1 Evacuation Pause) (young) 5458M->1901M(6144M), 0.0719115 secs]
2021-06-26T13:32:27.923+0800: 104720.493: [GC pause (G1 Evacuation Pause) (young) 5456M->1896M(6144M), 0.0660200 secs]
2021-06-26T13:32:52.066+0800: 104744.635: [GC pause (G1 Evacuation Pause) (young) 5452M->1896M(6144M), 0.0619894 secs]
2021-06-26T13:33:34.490+0800: 104787.060: [GC pause (G1 Evacuation Pause) (young) 5458M->1898M(6144M), 0.0644760 secs]
2021-06-26T13:34:13.423+0800: 104825.993: [GC pause (G1 Evacuation Pause) (young) 5458M->1898M(6144M), 0.0609193 secs]
2021-06-26T13:34:39.723+0800: 104852.293: [GC pause (G1 Evacuation Pause) (young) 5468M->1902M(6144M), 0.0632035 secs]
2021-06-26T13:35:10.487+0800: 104883.056: [GC pause (G1 Evacuation Pause) (young) 5478M->1906M(6144M), 0.0662545 secs]
2021-06-26T13:35:42.798+0800: 104915.367: [GC pause (G1 Evacuation Pause) (young) 5472M->1912M(6144M), 0.0759050 secs]
2021-06-26T13:36:25.750+0800: 104958.320: [GC pause (G1 Evacuation Pause) (young) 5453M->1904M(6144M), 0.0682981 secs]
2021-06-26T13:37:07.881+0800: 105000.451: [GC pause (G1 Evacuation Pause) (young) 5469M->1912M(6144M), 0.0705470 secs]
2021-06-26T13:37:45.879+0800: 105038.449: [GC pause (G1 Evacuation Pause) (young) 5480M->1909M(6144M), 0.0741911 secs]
2021-06-26T13:38:23.563+0800: 105076.133: [GC pause (G1 Evacuation Pause) (young) 5495M->1968M(6144M), 0.1021565 secs]
2021-06-26T13:39:02.367+0800: 105114.937: [GC pause (G1 Evacuation Pause) (young) 5438M->1918M(6144M), 0.0488639 secs]
2021-06-26T13:39:44.534+0800: 105157.104: [GC pause (G1 Evacuation Pause) (young) 5483M->1920M(6144M), 0.0457474 secs]
2021-06-26T13:40:18.875+0800: 105191.445: [GC pause (G1 Evacuation Pause) (young) 5492M->1923M(6144M), 0.0470320 secs]
2021-06-26T13:40:51.895+0800: 105224.465: [GC pause (G1 Evacuation Pause) (young) 5480M->1925M(6144M), 0.0432183 secs]
2021-06-26T13:41:25.720+0800: 105258.290: [GC pause (G1 Evacuation Pause) (young) 5493M->1937M(6144M), 0.0508856 secs]
2021-06-26T13:42:01.114+0800: 105293.684: [GC pause (G1 Evacuation Pause) (young) 5491M->1932M(6144M), 0.0491070 secs]
2021-06-26T13:43:03.716+0800: 105356.286: [GC pause (G1 Evacuation Pause) (young) 5485M->1937M(6144M), 0.0443948 secs]
2021-06-26T13:43:39.771+0800: 105392.341: [GC pause (G1 Evacuation Pause) (young) 5652M->1981M(6144M), 0.0798825 secs]
2021-06-26T13:44:14.819+0800: 105427.389: [GC pause (G1 Evacuation Pause) (young) 5450M->1936M(6144M), 0.0434993 secs]
2021-06-26T13:44:54.992+0800: 105467.562: [GC pause (G1 Evacuation Pause) (young) 5489M->1934M(6144M), 0.0398911 secs]
2021-06-26T13:45:32.871+0800: 105505.440: [GC pause (G1 Evacuation Pause) (young) 5503M->1937M(6144M), 0.0428379 secs]
2021-06-26T13:46:06.561+0800: 105539.131: [GC pause (G1 Evacuation Pause) (young) 5488M->1944M(6144M), 0.0422894 secs]
2021-06-26T13:46:35.463+0800: 105568.033: [GC pause (G1 Evacuation Pause) (young) 5494M->1949M(6144M), 0.0461528 secs]
2021-06-26T13:47:21.373+0800: 105613.943: [GC pause (G1 Evacuation Pause) (young) 5479M->1942M(6144M), 0.0400279 secs]
2021-06-26T13:48:05.606+0800: 105658.175: [GC pause (G1 Evacuation Pause) (young) 5491M->1960M(6144M), 0.0481544 secs]
2021-06-26T13:48:59.064+0800: 105711.634: [GC pause (G1 Evacuation Pause) (young) 5469M->1942M(6144M), 0.0400279 secs]
2021-06-26T13:49:42.628+0800: 105755.197: [GC pause (G1 Evacuation Pause) (young) 5491M->1944M(6144M), 0.0403750 secs]
2021-06-26T13:50:12.860+0800: 105785.430: [GC pause (G1 Evacuation Pause) (young) 5504M->1947M(6144M), 0.0429876 secs]
2021-06-26T13:50:57.067+0800: 105829.636: [GC pause (G1 Evacuation Pause) (young) 5489M->1952M(6144M), 0.0429536 secs]
2021-06-26T13:51:31.556+0800: 105864.125: [GC pause (G1 Evacuation Pause) (young) 5484M->1953M(6144M), 0.0417989 secs]
2021-06-26T13:52:10.410+0800: 105902.980: [GC pause (G1 Evacuation Pause) (young) 5483M->1957M(6144M), 0.0427598 secs]
2021-06-26T13:52:47.576+0800: 105940.146: [GC pause (G1 Evacuation Pause) (young) 5494M->1960M(6144M), 0.0442042 secs]
2021-06-26T13:53:24.516+0800: 105977.086: [GC pause (G1 Evacuation Pause) (young) 5513M->1996M(6144M), 0.0657579 secs]
2021-06-26T13:53:56.117+0800: 106008.687: [GC pause (G1 Evacuation Pause) (young) 5468M->1959M(6144M), 0.0439033 secs]
2021-06-26T13:54:38.090+0800: 106050.660: [GC pause (G1 Evacuation Pause) (young) 5491M->1970M(6144M), 0.0468188 secs]
2021-06-26T13:55:06.681+0800: 106079.251: [GC pause (G1 Evacuation Pause) (young) 5498M->1967M(6144M), 0.0473720 secs]
2021-06-26T13:55:43.738+0800: 106116.307: [GC pause (G1 Evacuation Pause) (young) 5492M->1969M(6144M), 0.0468515 secs]
2021-06-26T13:56:24.933+0800: 106157.503: [GC pause (G1 Evacuation Pause) (young) 5480M->1977M(6144M), 0.0486562 secs]
2021-06-26T13:57:14.701+0800: 106207.271: [GC pause (G1 Evacuation Pause) (young) 5493M->1974M(6144M), 0.0503459 secs]
2021-06-26T13:57:53.069+0800: 106245.638: [GC pause (G1 Evacuation Pause) (young) 5498M->1981M(6144M), 0.0514411 secs]
2021-06-26T13:58:25.082+0800: 106277.652: [GC pause (G1 Evacuation Pause) (young) 5490M->1977M(6144M), 0.0467165 secs]
2021-06-26T13:59:06.187+0800: 106318.757: [GC pause (G1 Evacuation Pause) (young) 5487M->1980M(6144M), 0.0477112 secs]
2021-06-26T13:59:39.151+0800: 106351.721: [GC pause (G1 Evacuation Pause) (young) 5490M->1986M(6144M), 0.0517294 secs]
2021-06-26T14:00:19.639+0800: 106392.209: [GC pause (G1 Evacuation Pause) (young) 5477M->1978M(6144M), 0.0467056 secs]
2021-06-26T14:01:01.858+0800: 106434.428: [GC pause (G1 Evacuation Pause) (young) 5487M->1979M(6144M), 0.0463647 secs]
2021-06-26T14:01:46.511+0800: 106479.081: [GC pause (G1 Evacuation Pause) (young) 5486M->1984M(6144M), 0.0454196 secs]
2021-06-26T14:02:22.429+0800: 106514.999: [GC pause (G1 Evacuation Pause) (young) 5497M->1988M(6144M), 0.0501578 secs]
2021-06-26T14:02:56.188+0800: 106548.758: [GC pause (G1 Evacuation Pause) (young) 5492M->1992M(6144M), 0.0482913 secs]
2021-06-26T14:03:30.718+0800: 106583.288: [GC pause (G1 Evacuation Pause) (young) 5504M->1992M(6144M), 0.0498008 secs]
2021-06-26T14:03:59.366+0800: 106611.936: [GC pause (G1 Evacuation Pause) (young) 5483M->1997M(6144M), 0.0477983 secs]
2021-06-26T14:04:29.844+0800: 106642.414: [GC pause (G1 Evacuation Pause) (young) 5481M->1996M(6144M), 0.0472113 secs]
2021-06-26T14:05:04.449+0800: 106677.018: [GC pause (G1 Evacuation Pause) (young) 5485M->1996M(6144M), 0.0466061 secs]
2021-06-26T14:05:34.684+0800: 106707.254: [GC pause (G1 Evacuation Pause) (young) 5518M->2004M(6144M), 0.0533517 secs]
2021-06-26T14:06:01.950+0800: 106734.520: [GC pause (G1 Evacuation Pause) (young) 5527M->2005M(6144M), 0.0577640 secs]
2021-06-26T14:06:31.665+0800: 106764.235: [GC pause (G1 Evacuation Pause) (young) 5493M->2001M(6144M), 0.0467724 secs]
2021-06-26T14:07:07.755+0800: 106800.325: [GC pause (G1 Evacuation Pause) (young) 5505M->2008M(6144M), 0.0513334 secs]
2021-06-26T14:07:44.579+0800: 106837.149: [GC pause (G1 Evacuation Pause) (young) 5487M->2005M(6144M), 0.0465055 secs]
2021-06-26T14:08:22.577+0800: 106875.147: [GC pause (G1 Evacuation Pause) (young) 5503M->2007M(6144M), 0.0517164 secs]
2021-06-26T14:09:06.706+0800: 106919.276: [GC pause (G1 Evacuation Pause) (young) 5491M->2009M(6144M), 0.0470160 secs]
2021-06-26T14:09:46.346+0800: 106958.916: [GC pause (G1 Evacuation Pause) (young) 5492M->2012M(6144M), 0.0478418 secs]
2021-06-26T14:10:20.138+0800: 106992.708: [GC pause (G1 Evacuation Pause) (young) 5482M->2016M(6144M), 0.0511301 secs]
2021-06-26T14:11:07.685+0800: 107040.255: [GC pause (G1 Evacuation Pause) (young) 5488M->2018M(6144M), 0.0483123 secs]
2021-06-26T14:11:43.082+0800: 107075.652: [GC pause (G1 Evacuation Pause) (young) 5486M->2021M(6144M), 0.0516483 secs]
2021-06-26T14:12:08.556+0800: 107101.126: [GC pause (G1 Evacuation Pause) (young) 5495M->2023M(6144M), 0.0513098 secs]
2021-06-26T14:12:43.948+0800: 107136.517: [GC pause (G1 Evacuation Pause) (young) 5485M->2027M(6144M), 0.0519845 secs]
2021-06-26T14:13:29.938+0800: 107182.508: [GC pause (G1 Evacuation Pause) (young) 5478M->2025M(6144M), 0.0516430 secs]
2021-06-26T14:14:02.338+0800: 107214.907: [GC pause (G1 Evacuation Pause) (young) 5493M->2026M(6144M), 0.0506219 secs]
2021-06-26T14:14:39.927+0800: 107252.497: [GC pause (G1 Evacuation Pause) (young) 5493M->2032M(6144M), 0.0532710 secs]
2021-06-26T14:15:12.607+0800: 107285.177: [GC pause (G1 Evacuation Pause) (young) 5491M->2031M(6144M), 0.0492532 secs]
2021-06-26T14:15:44.750+0800: 107317.320: [GC pause (G1 Evacuation Pause) (young) 5490M->2033M(6144M), 0.0493788 secs]
2021-06-26T14:16:13.691+0800: 107346.260: [GC pause (G1 Evacuation Pause) (young) 5496M->2119M(6144M), 0.1000770 secs]
2021-06-26T14:16:44.784+0800: 107377.354: [GC pause (G1 Evacuation Pause) (young) 5399M->2119M(6144M), 0.0941655 secs]
2021-06-26T14:17:10.157+0800: 107402.727: [GC pause (G1 Evacuation Pause) (young) 5417M->2128M(6144M), 0.1044588 secs]
2021-06-26T14:17:39.678+0800: 107432.248: [GC pause (G1 Evacuation Pause) (young) 5400M->2124M(6144M), 0.0943790 secs]
2021-06-26T14:18:09.045+0800: 107461.614: [GC pause (G1 Evacuation Pause) (young) 5395M->2137M(6144M), 0.0989733 secs]
2021-06-26T14:18:40.143+0800: 107492.713: [GC pause (G1 Evacuation Pause) (young) 5396M->2136M(6144M), 0.0983887 secs]
2021-06-26T14:19:10.133+0800: 107522.703: [GC pause (G1 Evacuation Pause) (young) 5396M->2135M(6144M), 0.0953465 secs]
2021-06-26T14:19:38.176+0800: 107550.746: [GC pause (G1 Evacuation Pause) (young) 5420M->2146M(6144M), 0.1022134 secs]
2021-06-26T14:20:07.017+0800: 107579.587: [GC pause (G1 Evacuation Pause) (young) 5422M->2144M(6144M), 0.1061812 secs]
2021-06-26T14:20:27.859+0800: 107600.429: [GC pause (G1 Evacuation Pause) (young) 5438M->2139M(6144M), 0.1071449 secs]
2021-06-26T14:21:06.029+0800: 107638.599: [GC pause (G1 Evacuation Pause) (young) 5407M->2143M(6144M), 0.0960070 secs]
2021-06-26T14:21:28.810+0800: 107661.380: [GC pause (G1 Evacuation Pause) (young) 5427M->2146M(6144M), 0.1001316 secs]
2021-06-26T14:21:53.595+0800: 107686.165: [GC pause (G1 Evacuation Pause) (young) 5403M->2144M(6144M), 0.0935016 secs]
2021-06-26T14:22:10.949+0800: 107703.519: [GC pause (G1 Evacuation Pause) (young) 5438M->2148M(6144M), 0.0973203 secs]
2021-06-26T14:22:43.366+0800: 107735.936: [GC pause (G1 Evacuation Pause) (young) 5401M->2154M(6144M), 0.0964107 secs]
2021-06-26T14:23:17.996+0800: 107770.566: [GC pause (G1 Evacuation Pause) (young) 5568M->2158M(6144M), 0.0955865 secs]
2021-06-26T14:23:40.719+0800: 107793.288: [GC pause (G1 Evacuation Pause) (young) 5494M->2170M(6144M), 0.0698899 secs]
2021-06-26T14:24:06.137+0800: 107818.707: [GC pause (G1 Evacuation Pause) (young) 5475M->2170M(6144M), 0.0493327 secs]
2021-06-26T14:24:33.558+0800: 107846.128: [GC pause (G1 Evacuation Pause) (young) 5494M->2179M(6144M), 0.0556723 secs]
2021-06-26T14:24:57.759+0800: 107870.329: [GC pause (G1 Evacuation Pause) (young) 5477M->2273M(6144M), 0.1122620 secs]
2021-06-26T14:25:12.349+0800: 107884.919: [GC pause (G1 Evacuation Pause) (young) 5380M->2280M(6144M), 0.1072596 secs]
2021-06-26T14:25:42.657+0800: 107915.227: [GC pause (G1 Evacuation Pause) (young) 5385M->2277M(6144M), 0.1022091 secs]
2021-06-26T14:26:10.593+0800: 107943.163: [GC pause (G1 Evacuation Pause) (young) 5390M->2274M(6144M), 0.1022724 secs]
2021-06-26T14:26:39.559+0800: 107972.129: [GC pause (G1 Evacuation Pause) (young) 5414M->2280M(6144M), 0.1052178 secs]
2021-06-26T14:27:14.169+0800: 108006.739: [GC pause (G1 Evacuation Pause) (young) 5403M->2278M(6144M), 0.1031479 secs]
2021-06-26T14:27:46.183+0800: 108038.753: [GC pause (G1 Evacuation Pause) (young) 5435M->2289M(6144M), 0.1132048 secs]
2021-06-26T14:28:15.050+0800: 108067.620: [GC pause (G1 Evacuation Pause) (young) 5384M->2294M(6144M), 0.1092372 secs]
2021-06-26T14:28:38.346+0800: 108090.915: [GC pause (G1 Evacuation Pause) (young) 5425M->2301M(6144M), 0.1156004 secs]
2021-06-26T14:29:10.086+0800: 108122.656: [GC pause (G1 Evacuation Pause) (young) 5380M->2300M(6144M), 0.1138834 secs]
2021-06-26T14:29:36.887+0800: 108149.456: [GC pause (G1 Evacuation Pause) (young) 5389M->2309M(6144M), 0.1187179 secs]
2021-06-26T14:29:55.185+0800: 108167.755: [GC pause (G1 Evacuation Pause) (young) 5412M->2322M(6144M), 0.1258819 secs]
2021-06-26T14:30:07.645+0800: 108180.215: [GC pause (G1 Evacuation Pause) (young) 4442M->2335M(6144M), 0.1217514 secs]
2021-06-26T14:30:27.122+0800: 108199.692: [GC pause (G1 Evacuation Pause) (young) 5515M->2328M(6144M), 0.0400424 secs]
2021-06-26T14:30:52.227+0800: 108224.797: [GC pause (G1 Evacuation Pause) (young) 5538M->2334M(6144M), 0.0397095 secs]
2021-06-26T14:31:21.252+0800: 108253.822: [GC pause (G1 Evacuation Pause) (young) 5497M->2335M(6144M), 0.0344682 secs]
2021-06-26T14:31:51.615+0800: 108284.185: [GC pause (G1 Evacuation Pause) (young) 5493M->2338M(6144M), 0.0341227 secs]
2021-06-26T14:32:09.935+0800: 108302.505: [GC pause (G1 Evacuation Pause) (young) 5501M->2346M(6144M), 0.0409574 secs]
2021-06-26T14:32:32.631+0800: 108325.201: [GC pause (G1 Evacuation Pause) (young) 5494M->2345M(6144M), 0.0417542 secs]
2021-06-26T14:32:52.067+0800: 108344.636: [GC pause (G1 Evacuation Pause) (young) 5500M->2345M(6144M), 0.0425493 secs]
2021-06-26T14:33:15.301+0800: 108367.871: [GC pause (G1 Evacuation Pause) (young) 5498M->2347M(6144M), 0.0435777 secs]
2021-06-26T14:33:36.644+0800: 108389.214: [GC pause (G1 Evacuation Pause) (young) 5494M->2351M(6144M), 0.0451357 secs]
2021-06-26T14:34:03.014+0800: 108415.584: [GC pause (G1 Evacuation Pause) (young) 5482M->2348M(6144M), 0.0416589 secs]
2021-06-26T14:34:19.918+0800: 108432.488: [GC pause (G1 Evacuation Pause) (young) 5520M->2356M(6144M), 0.0532586 secs]
2021-06-26T14:34:40.523+0800: 108453.092: [GC pause (G1 Evacuation Pause) (young) 5493M->2354M(6144M), 0.0478132 secs]
2021-06-26T14:35:01.968+0800: 108474.538: [GC pause (G1 Evacuation Pause) (young) 5501M->2353M(6144M), 0.0510329 secs]
2021-06-26T14:35:25.300+0800: 108497.870: [GC pause (G1 Evacuation Pause) (young) 5485M->2371M(6144M), 0.0595778 secs]
2021-06-26T14:35:45.249+0800: 108517.819: [GC pause (G1 Evacuation Pause) (young) 5483M->2361M(6144M), 0.0523288 secs]
2021-06-26T14:36:08.285+0800: 108540.854: [GC pause (G1 Evacuation Pause) (young) 5476M->2364M(6144M), 0.0449452 secs]
2021-06-26T14:36:32.800+0800: 108565.370: [GC pause (G1 Evacuation Pause) (young) 5475M->2367M(6144M), 0.0488406 secs]
2021-06-26T14:37:01.362+0800: 108593.931: [GC pause (G1 Evacuation Pause) (young) 5480M->2367M(6144M), 0.0486688 secs]
2021-06-26T14:37:21.478+0800: 108614.048: [GC pause (G1 Evacuation Pause) (young) 5499M->2368M(6144M), 0.0472413 secs]
2021-06-26T14:37:38.080+0800: 108630.650: [GC pause (G1 Evacuation Pause) (young) 5485M->2375M(6144M), 0.0452997 secs]
2021-06-26T14:37:57.432+0800: 108650.001: [GC pause (G1 Evacuation Pause) (young) 5497M->2382M(6144M), 0.0508733 secs]
2021-06-26T14:38:19.911+0800: 108672.481: [GC pause (G1 Evacuation Pause) (young) 5480M->2391M(6144M), 0.0522714 secs]
2021-06-26T14:38:39.365+0800: 108691.935: [GC pause (G1 Evacuation Pause) (young) 5471M->2390M(6144M), 0.0477365 secs]
2021-06-26T14:39:02.997+0800: 108715.567: [GC pause (G1 Evacuation Pause) (young) 5484M->2386M(6144M), 0.0481608 secs]
2021-06-26T14:39:22.763+0800: 108735.333: [GC pause (G1 Evacuation Pause) (young) 5480M->2394M(6144M), 0.0509285 secs]
2021-06-26T14:39:47.685+0800: 108760.255: [GC pause (G1 Evacuation Pause) (young) 5479M->2386M(6144M), 0.0469001 secs]
2021-06-26T14:40:10.237+0800: 108782.807: [GC pause (G1 Evacuation Pause) (young) 5483M->2387M(6144M), 0.0462889 secs]
2021-06-26T14:40:28.345+0800: 108800.915: [GC pause (G1 Evacuation Pause) (young) 5481M->2402M(6144M), 0.0556857 secs]
2021-06-26T14:40:45.610+0800: 108818.180: [GC pause (G1 Evacuation Pause) (young) 5466M->2407M(6144M), 0.0525912 secs]
2021-06-26T14:41:07.835+0800: 108840.405: [GC pause (G1 Evacuation Pause) (young) 5463M->2395M(6144M), 0.0481098 secs]
2021-06-26T14:41:25.757+0800: 108858.327: [GC pause (G1 Evacuation Pause) (young) 5499M->2398M(6144M), 0.0507060 secs]
2021-06-26T14:41:48.602+0800: 108881.172: [GC pause (G1 Evacuation Pause) (young) 5492M->2413M(6144M), 0.0604279 secs]
2021-06-26T14:42:07.994+0800: 108900.564: [GC pause (G1 Evacuation Pause) (young) 5496M->2406M(6144M), 0.0549695 secs]
2021-06-26T14:42:32.618+0800: 108925.187: [GC pause (G1 Evacuation Pause) (young) 5483M->2410M(6144M), 0.0513486 secs]
2021-06-26T14:42:58.233+0800: 108950.802: [GC pause (G1 Evacuation Pause) (young) 5489M->2410M(6144M), 0.0496109 secs]
2021-06-26T14:43:16.866+0800: 108969.436: [GC pause (G1 Evacuation Pause) (young) 5502M->2418M(6144M), 0.0532220 secs]
2021-06-26T14:43:45.835+0800: 108998.405: [GC pause (G1 Evacuation Pause) (young) 5473M->2420M(6144M), 0.0503105 secs]
2021-06-26T14:44:03.855+0800: 109016.425: [GC pause (G1 Evacuation Pause) (young) 5546M->2429M(6144M), 0.0632431 secs]
2021-06-26T14:44:24.306+0800: 109036.876: [GC pause (G1 Evacuation Pause) (young) 5473M->2427M(6144M), 0.0557924 secs]
2021-06-26T14:44:43.934+0800: 109056.504: [GC pause (G1 Evacuation Pause) (young) 5473M->2433M(6144M), 0.0579207 secs]
2021-06-26T14:45:06.413+0800: 109078.983: [GC pause (G1 Evacuation Pause) (young) 5487M->2492M(6144M), 0.0978674 secs]
2021-06-26T14:45:29.384+0800: 109101.954: [GC pause (G1 Evacuation Pause) (young) 5416M->2491M(6144M), 0.0895656 secs]
2021-06-26T14:45:50.861+0800: 109123.431: [GC pause (G1 Evacuation Pause) (young) 5424M->2497M(6144M), 0.1047589 secs]
2021-06-26T14:46:12.965+0800: 109145.535: [GC pause (G1 Evacuation Pause) (young) 5410M->2501M(6144M), 0.1011679 secs]
2021-06-26T14:46:40.707+0800: 109173.277: [GC pause (G1 Evacuation Pause) (young) 5413M->2497M(6144M), 0.0875780 secs]
2021-06-26T14:46:57.870+0800: 109190.440: [GC pause (G1 Evacuation Pause) (young) 5446M->2502M(6144M), 0.0935462 secs]
2021-06-26T14:47:22.733+0800: 109215.303: [GC pause (G1 Evacuation Pause) (young) 5427M->2503M(6144M), 0.0862473 secs]
2021-06-26T14:47:50.291+0800: 109242.861: [GC pause (G1 Evacuation Pause) (young) 5415M->2507M(6144M), 0.0917601 secs]
2021-06-26T14:48:02.836+0800: 109255.406: [GC pause (G1 Evacuation Pause) (young) 5444M->2506M(6144M), 0.0955763 secs]
2021-06-26T14:48:29.945+0800: 109282.515: [GC pause (G1 Evacuation Pause) (young) 5436M->2511M(6144M), 0.0822289 secs]
2021-06-26T14:48:57.113+0800: 109309.683: [GC pause (G1 Evacuation Pause) (young) 5435M->2513M(6144M), 0.0878245 secs]
2021-06-26T14:49:26.053+0800: 109338.623: [GC pause (G1 Evacuation Pause) (young) 5417M->2515M(6144M), 0.0831417 secs]
2021-06-26T14:49:48.689+0800: 109361.259: [GC pause (G1 Evacuation Pause) (young) 4290M->2518M(6144M), 0.0823901 secs]
2021-06-26T14:50:12.037+0800: 109384.607: [GC pause (G1 Evacuation Pause) (young) 5497M->2520M(6144M), 0.0554409 secs]
2021-06-26T14:50:41.826+0800: 109414.395: [GC pause (G1 Evacuation Pause) (young) 5524M->2526M(6144M), 0.0407982 secs]
2021-06-26T14:50:45.187+0800: 109417.757: [GC pause (G1 Evacuation Pause) (young) 2800M->2525M(6144M), 0.0275458 secs]
2021-06-26T14:50:49.768+0800: 109422.337: [GC pause (G1 Evacuation Pause) (young) 2812M->2524M(6144M), 0.0296320 secs]
2021-06-26T14:50:51.867+0800: 109424.437: [GC pause (G1 Evacuation Pause) (young) 2812M->2528M(6144M), 0.0244573 secs]
2021-06-26T14:50:54.121+0800: 109426.691: [GC pause (G1 Evacuation Pause) (young) 2812M->2525M(6144M), 0.0218372 secs]
2021-06-26T14:50:56.961+0800: 109429.531: [GC pause (G1 Evacuation Pause) (young) 2812M->2524M(6144M), 0.0208342 secs]
2021-06-26T14:51:01.435+0800: 109434.005: [GC pause (G1 Evacuation Pause) (young) 2812M->2525M(6144M), 0.0250118 secs]
2021-06-26T14:51:03.272+0800: 109435.842: [GC pause (G1 Evacuation Pause) (young) 2812M->2523M(6144M), 0.0212145 secs]
2021-06-26T14:51:04.778+0800: 109437.348: [GC pause (G1 Evacuation Pause) (young) 2811M->2534M(6144M), 0.0263572 secs]
2021-06-26T14:51:06.036+0800: 109438.606: [GC pause (G1 Evacuation Pause) (young) 2813M->2527M(6144M), 0.0241279 secs]
2021-06-26T14:51:06.955+0800: 109439.525: [GC pause (G1 Evacuation Pause) (young) 2817M->2534M(6144M), 0.0297942 secs]
2021-06-26T14:51:09.244+0800: 109441.814: [GC pause (G1 Evacuation Pause) (young) 2819M->2527M(6144M), 0.0187181 secs]
2021-06-26T14:51:11.118+0800: 109443.688: [GC pause (G1 Evacuation Pause) (young) 2818M->2527M(6144M), 0.0203201 secs]
2021-06-26T14:51:12.385+0800: 109444.954: [GC pause (G1 Evacuation Pause) (young) 2817M->2539M(6144M), 0.0257681 secs]
2021-06-26T14:51:15.097+0800: 109447.666: [GC pause (G1 Evacuation Pause) (young) 2817M->2528M(6144M), 0.0204109 secs]
2021-06-26T14:51:18.944+0800: 109451.514: [GC pause (G1 Humongous Allocation) (young) (initial-mark) 3213M->2679M(6144M), 0.0306426 secs]
2021-06-26T14:51:18.974+0800: 109451.544: [GC concurrent-root-region-scan-start]
2021-06-26T14:51:18.995+0800: 109451.565: [GC concurrent-root-region-scan-end, 0.0208644 secs]
2021-06-26T14:51:18.995+0800: 109451.565: [GC concurrent-mark-start]
2021-06-26T14:51:20.362+0800: 109452.932: [GC concurrent-mark-end, 1.3666545 secs]
2021-06-26T14:51:20.364+0800: 109452.934: [GC remark, 0.1140690 secs]
2021-06-26T14:51:20.480+0800: 109453.050: [GC cleanup 3609M->2981M(6144M), 0.0200570 secs]
2021-06-26T14:51:20.500+0800: 109453.070: [GC concurrent-cleanup-start]
2021-06-26T14:51:20.501+0800: 109453.071: [GC concurrent-cleanup-end, 0.0007535 secs]
2021-06-26T14:51:34.866+0800: 109467.436: [GC pause (G1 Evacuation Pause) (young) 4973M->2273M(6144M), 0.1049726 secs]
2021-06-26T14:51:35.796+0800: 109468.366: [GC pause (G1 Evacuation Pause) (mixed) 2421M->1782M(6144M), 0.1126215 secs]
2021-06-26T14:51:37.297+0800: 109469.867: [GC pause (G1 Evacuation Pause) (mixed) 2084M->1584M(6144M), 0.0674070 secs]
2021-06-26T14:51:38.180+0800: 109470.749: [GC pause (G1 Evacuation Pause) (mixed) 1884M->1491M(6144M), 0.1252657 secs]
2021-06-26T14:51:38.689+0800: 109471.259: [GC pause (G1 Evacuation Pause) (mixed) 1757M->1431M(6144M), 0.1702190 secs]
2021-06-26T14:51:39.177+0800: 109471.747: [GC pause (G1 Evacuation Pause) (mixed) 1697M->1382M(6144M), 0.1452973 secs]
2021-06-26T14:51:39.953+0800: 109472.523: [GC pause (G1 Evacuation Pause) (young) 1669M->1368M(6144M), 0.0373765 secs]
2021-06-26T14:51:40.438+0800: 109473.008: [GC pause (G1 Evacuation Pause) (young) 1663M->1421M(6144M), 0.0477962 secs]
2021-06-26T14:51:42.176+0800: 109474.746: [GC pause (G1 Evacuation Pause) (young) 1699M->1406M(6144M), 0.0327341 secs]
2021-06-26T14:51:46.159+0800: 109478.729: [GC pause (G1 Evacuation Pause) (young) 1698M->1403M(6144M), 0.0251367 secs]
2021-06-26T14:51:48.235+0800: 109480.805: [GC pause (G1 Evacuation Pause) (young) 1843M->1421M(6144M), 0.0260177 secs]
2021-06-26T14:51:58.636+0800: 109491.206: [GC pause (G1 Evacuation Pause) (young) 2903M->1401M(6144M), 0.0185297 secs]
2021-06-26T14:52:25.491+0800: 109518.060: [GC pause (G1 Evacuation Pause) (young) 4967M->1405M(6144M), 0.0278018 secs]
2021-06-26T14:52:57.997+0800: 109550.567: [GC pause (G1 Evacuation Pause) (young) 5098M->1411M(6144M), 0.0300170 secs]
2021-06-26T14:53:33.841+0800: 109586.411: [GC pause (G1 Evacuation Pause) (young) 5090M->1416M(6144M), 0.0320119 secs]
2021-06-26T14:54:02.453+0800: 109615.023: [GC pause (G1 Evacuation Pause) (young) 5083M->1426M(6144M), 0.0367233 secs]
2021-06-26T14:54:32.272+0800: 109644.842: [GC pause (G1 Evacuation Pause) (young) 5094M->1444M(6144M), 0.0479792 secs]
2021-06-26T14:54:53.807+0800: 109666.377: [GC pause (G1 Evacuation Pause) (young) 5139M->1425M(6144M), 0.0408530 secs]
2021-06-26T14:55:37.796+0800: 109710.366: [GC pause (G1 Evacuation Pause) (young) 5080M->1428M(6144M), 0.0383919 secs]
2021-06-26T14:56:15.191+0800: 109747.761: [GC pause (G1 Evacuation Pause) (young) 5091M->1429M(6144M), 0.0407847 secs]
2021-06-26T14:56:58.598+0800: 109791.168: [GC pause (G1 Evacuation Pause) (young) 5083M->1430M(6144M), 0.0411007 secs]
2021-06-26T14:57:30.209+0800: 109822.778: [GC pause (G1 Evacuation Pause) (young) 5081M->1434M(6144M), 0.0429879 secs]
2021-06-26T14:57:55.998+0800: 109848.568: [GC pause (G1 Evacuation Pause) (young) 5100M->1432M(6144M), 0.0450719 secs]
2021-06-26T14:58:27.790+0800: 109880.360: [GC pause (G1 Evacuation Pause) (young) 5103M->1437M(6144M), 0.0504517 secs]
2021-06-26T14:58:58.050+0800: 109910.620: [GC pause (G1 Evacuation Pause) (young) 5097M->1440M(6144M), 0.0488502 secs]
2021-06-26T14:59:18.652+0800: 109931.222: [GC pause (G1 Evacuation Pause) (young) 5094M->1441M(6144M), 0.0505002 secs]
2021-06-26T14:59:54.025+0800: 109966.595: [GC pause (G1 Evacuation Pause) (young) 5085M->1438M(6144M), 0.0474825 secs]
2021-06-26T15:00:24.487+0800: 109997.057: [GC pause (G1 Evacuation Pause) (young) 5081M->1451M(6144M), 0.0536980 secs]
2021-06-26T15:00:47.891+0800: 110020.461: [GC pause (G1 Evacuation Pause) (young) 5086M->1444M(6144M), 0.0504709 secs]
2021-06-26T15:01:09.922+0800: 110042.492: [GC pause (G1 Evacuation Pause) (young) 5094M->1455M(6144M), 0.0533010 secs]
2021-06-26T15:01:34.050+0800: 110066.620: [GC pause (G1 Evacuation Pause) (young) 5112M->1478M(6144M), 0.0665121 secs]
2021-06-26T15:02:05.499+0800: 110098.069: [GC pause (G1 Evacuation Pause) (young) 5102M->1453M(6144M), 0.0502059 secs]
2021-06-26T15:02:33.591+0800: 110126.161: [GC pause (G1 Evacuation Pause) (young) 5097M->1456M(6144M), 0.0507558 secs]
2021-06-26T15:03:11.323+0800: 110163.893: [GC pause (G1 Evacuation Pause) (young) 5106M->1456M(6144M), 0.0515631 secs]
2021-06-26T15:03:42.504+0800: 110195.074: [GC pause (G1 Evacuation Pause) (young) 5113M->1459M(6144M), 0.0523453 secs]
2021-06-26T15:04:09.261+0800: 110221.831: [GC pause (G1 Evacuation Pause) (young) 5120M->1464M(6144M), 0.0554638 secs]
2021-06-26T15:04:37.350+0800: 110249.920: [GC pause (G1 Evacuation Pause) (young) 5121M->1467M(6144M), 0.0588302 secs]
2021-06-26T15:05:09.094+0800: 110281.664: [GC pause (G1 Evacuation Pause) (young) 5124M->1472M(6144M), 0.0573503 secs]
2021-06-26T15:05:38.721+0800: 110311.291: [GC pause (G1 Evacuation Pause) (young) 5131M->1476M(6144M), 0.0585307 secs]
2021-06-26T15:06:04.843+0800: 110337.412: [GC pause (G1 Evacuation Pause) (young) 5130M->1474M(6144M), 0.0512474 secs]
2021-06-26T15:06:31.912+0800: 110364.482: [GC pause (G1 Evacuation Pause) (young) 5132M->1483M(6144M), 0.0496326 secs]
2021-06-26T15:07:08.057+0800: 110400.627: [GC pause (G1 Evacuation Pause) (young) 5138M->1482M(6144M), 0.0494767 secs]
2021-06-26T15:07:37.204+0800: 110429.774: [GC pause (G1 Evacuation Pause) (young) 5130M->1484M(6144M), 0.0472855 secs]
2021-06-26T15:08:03.341+0800: 110455.910: [GC pause (G1 Evacuation Pause) (young) 5149M->1485M(6144M), 0.0500670 secs]
2021-06-26T15:08:35.510+0800: 110488.080: [GC pause (G1 Evacuation Pause) (young) 5140M->1489M(6144M), 0.0477664 secs]
2021-06-26T15:09:12.582+0800: 110525.152: [GC pause (G1 Evacuation Pause) (young) 5399M->1632M(6144M), 0.0598792 secs]
2021-06-26T15:09:46.651+0800: 110559.221: [GC pause (G1 Evacuation Pause) (young) 5274M->1493M(6144M), 0.0470101 secs]
2021-06-26T15:10:19.275+0800: 110591.845: [GC pause (GCLocker Initiated GC) (young) 5364M->1687M(6144M), 0.0578559 secs]
2021-06-26T15:10:55.134+0800: 110627.704: [GC pause (G1 Evacuation Pause) (young) 5361M->1593M(6144M), 0.0540758 secs]
2021-06-26T15:11:07.219+0800: 110639.789: [GC pause (G1 Evacuation Pause) (young) 5277M->1544M(6144M), 0.0811964 secs]
2021-06-26T15:11:26.657+0800: 110659.227: [GC pause (G1 Evacuation Pause) (young) 5245M->1557M(6144M), 0.0840653 secs]
2021-06-26T15:11:28.974+0800: 110661.544: [GC pause (G1 Evacuation Pause) (young) 5143M->1596M(6144M), 0.0943672 secs]
2021-06-26T15:11:30.909+0800: 110663.479: [GC pause (G1 Evacuation Pause) (young) 5147M->1610M(6144M), 0.1108334 secs]
2021-06-26T15:11:52.846+0800: 110685.416: [GC pause (G1 Evacuation Pause) (young) 5408M->1655M(6144M), 0.0583118 secs]
2021-06-26T15:12:23.816+0800: 110716.386: [GC pause (GCLocker Initiated GC) (young) 5539M->1724M(6144M), 0.0649579 secs]
2021-06-26T15:12:51.727+0800: 110744.297: [GC pause (G1 Evacuation Pause) (young) 5392M->1615M(6144M), 0.0557858 secs]
2021-06-26T15:13:28.617+0800: 110781.187: [GC pause (G1 Evacuation Pause) (young) 5519M->1662M(6144M), 0.0642689 secs]
2021-06-26T15:14:00.401+0800: 110812.971: [GC pause (G1 Evacuation Pause) (young) 5303M->1529M(6144M), 0.0573945 secs]
2021-06-26T15:14:42.449+0800: 110855.019: [GC pause (G1 Evacuation Pause) (young) 5163M->1543M(6144M), 0.0665435 secs]
2021-06-26T15:15:13.805+0800: 110886.375: [GC pause (G1 Evacuation Pause) (young) 5183M->1543M(6144M), 0.0673028 secs]
2021-06-26T15:15:38.472+0800: 110911.042: [GC pause (G1 Evacuation Pause) (young) 5178M->1537M(6144M), 0.0588687 secs]
2021-06-26T15:16:15.027+0800: 110947.597: [GC pause (G1 Evacuation Pause) (young) 5345M->1539M(6144M), 0.0691478 secs]
2021-06-26T15:16:40.006+0800: 110972.576: [GC pause (G1 Evacuation Pause) (young) 5348M->1538M(6144M), 0.0684002 secs]
2021-06-26T15:16:50.680+0800: 110983.249: [GC pause (G1 Evacuation Pause) (young) 5190M->1584M(6144M), 0.0888008 secs]
2021-06-26T15:17:23.470+0800: 111016.040: [GC pause (G1 Evacuation Pause) (young) 5187M->1564M(6144M), 0.0614194 secs]
2021-06-26T15:17:46.988+0800: 111039.558: [GC pause (G1 Evacuation Pause) (young) 5377M->1565M(6144M), 0.0626731 secs]
2021-06-26T15:18:18.247+0800: 111070.817: [GC pause (G1 Evacuation Pause) (young) 5201M->1567M(6144M), 0.0584149 secs]
2021-06-26T15:18:57.669+0800: 111110.239: [GC pause (G1 Evacuation Pause) (young) 5198M->1574M(6144M), 0.0577125 secs]
2021-06-26T15:19:30.517+0800: 111143.086: [GC pause (G1 Evacuation Pause) (young) 5218M->1576M(6144M), 0.0601471 secs]
2021-06-26T15:20:01.719+0800: 111174.289: [GC pause (G1 Evacuation Pause) (young) 5216M->1582M(6144M), 0.0634675 secs]
2021-06-26T15:20:34.383+0800: 111206.953: [GC pause (G1 Evacuation Pause) (young) 5200M->1579M(6144M), 0.0637431 secs]
2021-06-26T15:21:11.963+0800: 111244.533: [GC pause (G1 Evacuation Pause) (young) 5218M->1592M(6144M), 0.0682490 secs]
2021-06-26T15:21:42.592+0800: 111275.162: [GC pause (G1 Evacuation Pause) (young) 5230M->1584M(6144M), 0.0668068 secs]
2021-06-26T15:22:21.201+0800: 111313.771: [GC pause (G1 Evacuation Pause) (young) 5228M->1593M(6144M), 0.0679759 secs]
2021-06-26T15:23:01.971+0800: 111354.541: [GC pause (G1 Evacuation Pause) (young) 5229M->1597M(6144M), 0.0645185 secs]
2021-06-26T15:23:34.775+0800: 111387.345: [GC pause (G1 Evacuation Pause) (young) 5228M->1608M(6144M), 0.0649564 secs]
2021-06-26T15:24:09.273+0800: 111421.843: [GC pause (G1 Evacuation Pause) (young) 5234M->1612M(6144M), 0.0774307 secs]
2021-06-26T15:24:40.843+0800: 111453.413: [GC pause (G1 Evacuation Pause) (young) 5245M->1601M(6144M), 0.0681101 secs]
2021-06-26T15:25:11.947+0800: 111484.517: [GC pause (G1 Evacuation Pause) (young) 5247M->1604M(6144M), 0.0679804 secs]
2021-06-26T15:25:44.742+0800: 111517.312: [GC pause (G1 Evacuation Pause) (young) 5264M->1608M(6144M), 0.0588999 secs]
2021-06-26T15:26:10.121+0800: 111542.691: [GC pause (G1 Evacuation Pause) (young) 5265M->1626M(6144M), 0.0592853 secs]
2021-06-26T15:26:35.503+0800: 111568.073: [GC pause (G1 Evacuation Pause) (young) 5263M->1630M(6144M), 0.0604201 secs]
2021-06-26T15:27:06.112+0800: 111598.682: [GC pause (G1 Evacuation Pause) (young) 5284M->1624M(6144M), 0.0597764 secs]
2021-06-26T15:27:40.999+0800: 111633.569: [GC pause (G1 Evacuation Pause) (young) 5272M->1623M(6144M), 0.0537502 secs]
2021-06-26T15:28:08.028+0800: 111660.598: [GC pause (G1 Evacuation Pause) (young) 5284M->1691M(6144M), 0.0875174 secs]
2021-06-26T15:28:33.205+0800: 111685.775: [GC pause (G1 Evacuation Pause) (young) 5288M->1998M(6144M), 0.2534022 secs]
2021-06-26T15:28:35.865+0800: 111688.435: [GC pause (G1 Evacuation Pause) (young) 3711M->2719M(6144M), 0.5863627 secs]
2021-06-26T15:28:36.857+0800: 111689.427: [GC pause (G1 Evacuation Pause) (young) 2939M->2807M(6144M), 0.2005800 secs]
2021-06-26T15:28:38.647+0800: 111691.217: [GC pause (G1 Evacuation Pause) (young) 3469M->2895M(6144M), 0.1078468 secs]
2021-06-26T15:28:38.778+0800: 111691.348: [GC pause (G1 Humongous Allocation) (young) (initial-mark) 2907M->2899M(6144M), 0.0756994 secs]
2021-06-26T15:28:38.854+0800: 111691.424: [GC concurrent-root-region-scan-start]
2021-06-26T15:28:38.861+0800: 111691.430: [GC concurrent-root-region-scan-end, 0.0066612 secs]
2021-06-26T15:28:38.861+0800: 111691.430: [GC concurrent-mark-start]
2021-06-26T15:28:40.277+0800: 111692.847: [GC concurrent-mark-end, 1.4168444 secs]
2021-06-26T15:28:40.279+0800: 111692.849: [GC remark, 0.0869432 secs]
2021-06-26T15:28:40.369+0800: 111692.938: [GC cleanup 3242M->1757M(6144M), 0.0165484 secs]
2021-06-26T15:28:40.385+0800: 111692.955: [GC concurrent-cleanup-start]
2021-06-26T15:28:40.387+0800: 111692.957: [GC concurrent-cleanup-end, 0.0020811 secs]
2021-06-26T15:28:50.975+0800: 111703.545: [GC pause (G1 Evacuation Pause) (young) 3019M->1585M(6144M), 0.1172242 secs]
2021-06-26T15:28:51.300+0800: 111703.869: [GC pause (G1 Evacuation Pause) (mixed) 1719M->1279M(6144M), 0.1797386 secs]
2021-06-26T15:28:51.896+0800: 111704.465: [GC pause (G1 Evacuation Pause) (mixed) 1545M->1335M(6144M), 0.1639469 secs]
2021-06-26T15:28:52.904+0800: 111705.474: [GC pause (G1 Evacuation Pause) (young) 1893M->1578M(6144M), 0.1878545 secs]
2021-06-26T15:28:53.693+0800: 111706.263: [GC pause (G1 Evacuation Pause) (young) 1981M->1759M(6144M), 0.1608953 secs]
2021-06-26T15:28:54.433+0800: 111707.003: [GC pause (G1 Evacuation Pause) (young) 2239M->1932M(6144M), 0.1449157 secs]
2021-06-26T15:28:55.272+0800: 111707.842: [GC pause (G1 Evacuation Pause) (young) 2447M->2133M(6144M), 0.1708404 secs]
2021-06-26T15:29:01.172+0800: 111713.742: [GC pause (G1 Evacuation Pause) (young) 2638M->2123M(6144M), 0.0646987 secs]
2021-06-26T15:29:07.133+0800: 111719.703: [GC pause (G1 Evacuation Pause) (young) 3087M->2118M(6144M), 0.0326910 secs]
2021-06-26T15:29:12.600+0800: 111725.170: [GC pause (G1 Evacuation Pause) (young) 2974M->2123M(6144M), 0.0188249 secs]
2021-06-26T15:29:18.209+0800: 111730.779: [GC pause (G1 Evacuation Pause) (young) 3392M->2127M(6144M), 0.0199340 secs]
2021-06-26T15:29:36.535+0800: 111749.105: [GC pause (G1 Evacuation Pause) (young) 4104M->2131M(6144M), 0.0241623 secs]
2021-06-26T15:29:58.330+0800: 111770.900: [GC pause (G1 Evacuation Pause) (young) 4664M->2128M(6144M), 0.0224828 secs]
2021-06-26T15:30:27.918+0800: 111800.488: [GC pause (G1 Evacuation Pause) (young) 5304M->2132M(6144M), 0.0274172 secs]
2021-06-26T15:30:59.331+0800: 111831.901: [GC pause (G1 Evacuation Pause) (young) 5383M->2136M(6144M), 0.0319426 secs]
2021-06-26T15:31:26.551+0800: 111859.121: [GC pause (G1 Evacuation Pause) (young) 5384M->2142M(6144M), 0.0357087 secs]
2021-06-26T15:31:52.664+0800: 111885.234: [GC pause (G1 Evacuation Pause) (young) 5431M->2139M(6144M), 0.0357852 secs]
2021-06-26T15:31:55.691+0800: 111888.261: [GC pause (G1 Evacuation Pause) (young) 2417M->2139M(6144M), 0.0279353 secs]
2021-06-26T15:32:00.950+0800: 111893.520: [GC pause (G1 Evacuation Pause) (young) 2616M->2141M(6144M), 0.0299558 secs]
2021-06-26T15:32:12.483+0800: 111905.053: [GC pause (G1 Evacuation Pause) (young) 3166M->2232M(6144M), 0.0797004 secs]
2021-06-26T15:32:20.873+0800: 111913.443: [GC pause (G1 Evacuation Pause) (young) 2923M->2236M(6144M), 0.0790010 secs]
2021-06-26T15:32:35.708+0800: 111928.278: [GC pause (G1 Evacuation Pause) (young) 3918M->2240M(6144M), 0.0390752 secs]
2021-06-26T15:33:04.413+0800: 111956.983: [GC pause (G1 Evacuation Pause) (young) 5474M->2252M(6144M), 0.0323370 secs]
2021-06-26T15:33:30.610+0800: 111983.180: [GC pause (G1 Evacuation Pause) (young) 5465M->2247M(6144M), 0.0272272 secs]
2021-06-26T15:33:52.982+0800: 112005.552: [GC pause (G1 Evacuation Pause) (young) 5479M->2281M(6144M), 0.0463255 secs]
2021-06-26T15:34:13.997+0800: 112026.567: [GC pause (G1 Evacuation Pause) (young) 5472M->2285M(6144M), 0.0489625 secs]
2021-06-26T15:34:38.855+0800: 112051.424: [GC pause (G1 Evacuation Pause) (young) 5468M->2284M(6144M), 0.0495499 secs]
2021-06-26T15:35:06.239+0800: 112078.809: [GC pause (G1 Evacuation Pause) (young) 5485M->2292M(6144M), 0.0544337 secs]
2021-06-26T15:35:31.609+0800: 112104.179: [GC pause (G1 Evacuation Pause) (young) 5461M->2289M(6144M), 0.0536532 secs]
2021-06-26T15:36:02.427+0800: 112134.997: [GC pause (G1 Evacuation Pause) (young) 5480M->2290M(6144M), 0.0548797 secs]
2021-06-26T15:36:27.296+0800: 112159.866: [GC pause (G1 Evacuation Pause) (young) 5471M->2295M(6144M), 0.0576655 secs]
2021-06-26T15:36:51.992+0800: 112184.562: [GC pause (G1 Evacuation Pause) (young) 5466M->2295M(6144M), 0.0564255 secs]
2021-06-26T15:37:13.105+0800: 112205.675: [GC pause (G1 Evacuation Pause) (young) 5647M->2316M(6144M), 0.0829792 secs]
2021-06-26T15:37:34.405+0800: 112226.974: [GC pause (G1 Evacuation Pause) (young) 5449M->2298M(6144M), 0.0586020 secs]
2021-06-26T15:38:05.772+0800: 112258.342: [GC pause (G1 Evacuation Pause) (young) 5453M->2299M(6144M), 0.0583255 secs]
2021-06-26T15:38:36.981+0800: 112289.551: [GC pause (G1 Evacuation Pause) (young) 5454M->2299M(6144M), 0.0577065 secs]
2021-06-26T15:39:03.980+0800: 112316.550: [GC pause (G1 Evacuation Pause) (young) 5455M->2303M(6144M), 0.0603386 secs]
2021-06-26T15:39:38.440+0800: 112351.010: [GC pause (G1 Evacuation Pause) (young) 5451M->2302M(6144M), 0.0618711 secs]
2021-06-26T15:40:05.402+0800: 112377.972: [GC pause (G1 Evacuation Pause) (young) 5470M->2311M(6144M), 0.0675115 secs]
2021-06-26T15:40:31.562+0800: 112404.132: [GC pause (G1 Evacuation Pause) (young) 5471M->2322M(6144M), 0.0678536 secs]
2021-06-26T15:40:53.974+0800: 112426.544: [GC pause (G1 Evacuation Pause) (young) 5478M->2322M(6144M), 0.0568306 secs]
2021-06-26T15:41:22.353+0800: 112454.923: [GC pause (G1 Evacuation Pause) (young) 5659M->2327M(6144M), 0.0571326 secs]
2021-06-26T15:41:52.533+0800: 112485.103: [GC pause (G1 Evacuation Pause) (young) 5489M->2331M(6144M), 0.0482545 secs]
2021-06-26T15:42:16.599+0800: 112509.169: [GC pause (G1 Evacuation Pause) (young) 5484M->2338M(6144M), 0.0476274 secs]
2021-06-26T15:42:42.635+0800: 112535.205: [GC pause (G1 Evacuation Pause) (young) 5476M->2332M(6144M), 0.0451217 secs]
2021-06-26T15:43:21.817+0800: 112574.387: [GC pause (G1 Evacuation Pause) (young) 5486M->2339M(6144M), 0.0482560 secs]
2021-06-26T15:43:45.496+0800: 112598.066: [GC pause (G1 Evacuation Pause) (young) 5495M->2337M(6144M), 0.0468298 secs]
2021-06-26T15:44:12.549+0800: 112625.119: [GC pause (G1 Evacuation Pause) (young) 5489M->2454M(6144M), 0.1122994 secs]
2021-06-26T15:44:35.153+0800: 112647.723: [GC pause (G1 Evacuation Pause) (young) 5378M->2466M(6144M), 0.1101276 secs]
2021-06-26T15:45:09.089+0800: 112681.658: [GC pause (G1 Evacuation Pause) (young) 5358M->2461M(6144M), 0.1063609 secs]
2021-06-26T15:45:22.677+0800: 112695.247: [GC pause (G1 Evacuation Pause) (young) 5381M->2466M(6144M), 0.1103074 secs]
2021-06-26T15:45:52.223+0800: 112724.793: [GC pause (G1 Evacuation Pause) (young) 5364M->2466M(6144M), 0.1060255 secs]
2021-06-26T15:46:09.957+0800: 112742.526: [GC pause (G1 Evacuation Pause) (young) 5377M->2472M(6144M), 0.1121527 secs]
2021-06-26T15:46:36.150+0800: 112768.719: [GC pause (G1 Evacuation Pause) (young) 5373M->2472M(6144M), 0.1077478 secs]
2021-06-26T15:47:02.275+0800: 112794.844: [GC pause (G1 Evacuation Pause) (young) 5379M->2479M(6144M), 0.1128209 secs]
2021-06-26T15:47:25.883+0800: 112818.453: [GC pause (G1 Evacuation Pause) (young) 5384M->2481M(6144M), 0.1139578 secs]
2021-06-26T15:47:57.987+0800: 112850.557: [GC pause (G1 Evacuation Pause) (young) 5363M->2478M(6144M), 0.1075451 secs]
2021-06-26T15:48:17.163+0800: 112869.733: [GC pause (G1 Evacuation Pause) (young) 5392M->2482M(6144M), 0.1103199 secs]
2021-06-26T15:48:36.477+0800: 112889.047: [GC pause (G1 Evacuation Pause) (young) 5379M->2485M(6144M), 0.1123881 secs]
2021-06-26T15:48:53.021+0800: 112905.591: [GC pause (G1 Evacuation Pause) (young) 5579M->2484M(6144M), 0.1117720 secs]
2021-06-26T15:49:14.341+0800: 112926.911: [GC pause (G1 Evacuation Pause) (young) 5401M->2483M(6144M), 0.1116214 secs]
2021-06-26T15:49:35.133+0800: 112947.703: [GC pause (G1 Evacuation Pause) (young) 5370M->2491M(6144M), 0.1039346 secs]
2021-06-26T15:50:03.294+0800: 112975.864: [GC pause (G1 Evacuation Pause) (young) 5362M->2503M(6144M), 0.1065387 secs]
2021-06-26T15:50:25.207+0800: 112997.777: [GC pause (G1 Evacuation Pause) (young) 5508M->2506M(6144M), 0.0914421 secs]
2021-06-26T15:50:56.461+0800: 113029.031: [GC pause (G1 Evacuation Pause) (young) 5508M->2512M(6144M), 0.0494859 secs]
2021-06-26T15:51:17.843+0800: 113050.413: [GC pause (G1 Evacuation Pause) (young) 5497M->2521M(6144M), 0.0505716 secs]
2021-06-26T15:51:37.059+0800: 113069.628: [GC pause (G1 Evacuation Pause) (young) 5487M->2517M(6144M), 0.0448804 secs]
2021-06-26T15:51:46.160+0800: 113078.730: [GC pause (G1 Evacuation Pause) (young) 5483M->2617M(6144M), 0.1139589 secs]
2021-06-26T15:51:48.649+0800: 113081.219: [GC pause (G1 Evacuation Pause) (young) 5404M->2634M(6144M), 0.1172249 secs]
2021-06-26T15:51:50.060+0800: 113082.630: [GC pause (G1 Evacuation Pause) (young) 5370M->2600M(6144M), 0.0869075 secs]
2021-06-26T15:51:51.489+0800: 113084.059: [GC pause (G1 Evacuation Pause) (young) 5406M->2597M(6144M), 0.0861604 secs]
2021-06-26T15:51:52.756+0800: 113085.326: [GC pause (G1 Evacuation Pause) (young) 5413M->2599M(6144M), 0.0858743 secs]
2021-06-26T15:51:53.973+0800: 113086.543: [GC pause (G1 Evacuation Pause) (young) 5413M->2601M(6144M), 0.0832644 secs]
2021-06-26T15:51:55.183+0800: 113087.753: [GC pause (G1 Evacuation Pause) (young) 5413M->2604M(6144M), 0.0872145 secs]
2021-06-26T15:51:56.417+0800: 113088.987: [GC pause (G1 Evacuation Pause) (young) 5413M->2609M(6144M), 0.0911639 secs]
2021-06-26T15:51:57.624+0800: 113090.194: [GC pause (G1 Evacuation Pause) (young) 5411M->2603M(6144M), 0.0796846 secs]
2021-06-26T15:51:59.094+0800: 113091.664: [GC pause (G1 Evacuation Pause) (young) 5417M->2608M(6144M), 0.0954621 secs]
2021-06-26T15:52:00.516+0800: 113093.086: [GC pause (G1 Evacuation Pause) (young) 5416M->2606M(6144M), 0.0762988 secs]
2021-06-26T15:52:01.689+0800: 113094.259: [GC pause (G1 Evacuation Pause) (young) 5420M->2611M(6144M), 0.0762535 secs]
2021-06-26T15:52:02.901+0800: 113095.470: [GC pause (G1 Evacuation Pause) (young) 5421M->2614M(6144M), 0.0764492 secs]
2021-06-26T15:52:04.143+0800: 113096.713: [GC pause (G1 Evacuation Pause) (young) 5422M->2611M(6144M), 0.0723790 secs]
2021-06-26T15:52:05.358+0800: 113097.928: [GC pause (G1 Evacuation Pause) (young) 5429M->2616M(6144M), 0.0729144 secs]
2021-06-26T15:52:06.575+0800: 113099.145: [GC pause (G1 Evacuation Pause) (young) 5430M->2639M(6144M), 0.0711124 secs]
2021-06-26T15:52:07.838+0800: 113100.408: [GC pause (G1 Evacuation Pause) (young) 5493M->2637M(6144M), 0.0654967 secs]
2021-06-26T15:52:09.158+0800: 113101.727: [GC pause (G1 Evacuation Pause) (young) 5513M->2645M(6144M), 0.0314741 secs]
2021-06-26T15:52:20.590+0800: 113113.160: [GC pause (G1 Evacuation Pause) (young) 5513M->2652M(6144M), 0.0274175 secs]
2021-06-26T15:52:27.134+0800: 113119.704: [GC pause (G1 Humongous Allocation) (young) (initial-mark) 3755M->2743M(6144M), 0.0318784 secs]
2021-06-26T15:52:27.166+0800: 113119.736: [GC concurrent-root-region-scan-start]
2021-06-26T15:52:27.193+0800: 113119.762: [GC concurrent-root-region-scan-end, 0.0264460 secs]
2021-06-26T15:52:27.193+0800: 113119.762: [GC concurrent-mark-start]
2021-06-26T15:52:28.593+0800: 113121.162: [GC concurrent-mark-end, 1.3999688 secs]
2021-06-26T15:52:28.595+0800: 113121.165: [GC remark, 0.0815688 secs]
2021-06-26T15:52:28.679+0800: 113121.249: [GC cleanup 2933M->1546M(6144M), 0.0148841 secs]
2021-06-26T15:52:28.695+0800: 113121.264: [GC concurrent-cleanup-start]
2021-06-26T15:52:28.697+0800: 113121.267: [GC concurrent-cleanup-end, 0.0022451 secs]
2021-06-26T15:52:48.060+0800: 113140.630: [GC pause (G1 Evacuation Pause) (young) 4205M->1282M(6144M), 0.0459345 secs]
2021-06-26T15:52:49.652+0800: 113142.221: [GC pause (G1 Evacuation Pause) (mixed) 1558M->1009M(6144M), 0.0973958 secs]
2021-06-26T15:53:15.697+0800: 113168.267: [GC pause (G1 Evacuation Pause) (young) 4676M->1004M(6144M), 0.0949879 secs]
2021-06-26T15:53:42.507+0800: 113195.077: [GC pause (G1 Evacuation Pause) (young) 4676M->1017M(6144M), 0.0362131 secs]
2021-06-26T15:54:19.575+0800: 113232.145: [GC pause (G1 Evacuation Pause) (young) 4678M->1088M(6144M), 0.0742981 secs]
2021-06-26T15:54:51.899+0800: 113264.469: [GC pause (G1 Evacuation Pause) (young) 4678M->1081M(6144M), 0.0674715 secs]
2021-06-26T15:55:27.430+0800: 113299.999: [GC pause (G1 Evacuation Pause) (young) 4728M->1139M(6144M), 0.0775307 secs]
2021-06-26T15:56:01.128+0800: 113333.698: [GC pause (G1 Evacuation Pause) (young) 4874M->1089M(6144M), 0.0815730 secs]
2021-06-26T15:56:35.185+0800: 113367.755: [GC pause (G1 Evacuation Pause) (young) 4682M->1101M(6144M), 0.0855322 secs]
2021-06-26T15:57:10.695+0800: 113403.265: [GC pause (G1 Evacuation Pause) (young) 4682M->1095M(6144M), 0.0777280 secs]
2021-06-26T15:57:37.797+0800: 113430.367: [GC pause (G1 Evacuation Pause) (young) 4674M->1094M(6144M), 0.0770884 secs]
2021-06-26T15:58:11.704+0800: 113464.274: [GC pause (G1 Evacuation Pause) (young) 4680M->1105M(6144M), 0.0833229 secs]
2021-06-26T15:58:41.002+0800: 113493.571: [GC pause (G1 Evacuation Pause) (young) 4684M->1097M(6144M), 0.0800386 secs]
2021-06-26T15:59:07.981+0800: 113520.550: [GC pause (G1 Evacuation Pause) (young) 4676M->1102M(6144M), 0.0817424 secs]
2021-06-26T15:59:25.506+0800: 113538.076: [GC pause (G1 Evacuation Pause) (young) 4843M->1100M(6144M), 0.0892705 secs]
2021-06-26T15:59:55.590+0800: 113568.160: [GC pause (G1 Evacuation Pause) (young) 4678M->1122M(6144M), 0.0933400 secs]
2021-06-26T16:00:16.077+0800: 113588.646: [GC pause (G1 Evacuation Pause) (young) 4700M->1113M(6144M), 0.0918544 secs]
2021-06-26T16:00:41.780+0800: 113614.350: [GC pause (G1 Evacuation Pause) (young) 4689M->1112M(6144M), 0.0876775 secs]
2021-06-26T16:01:07.153+0800: 113639.723: [GC pause (G1 Evacuation Pause) (young) 4708M->1122M(6144M), 0.0936515 secs]
2021-06-26T16:01:34.348+0800: 113666.917: [GC pause (G1 Evacuation Pause) (young) 4714M->1146M(6144M), 0.0933568 secs]
2021-06-26T16:01:57.894+0800: 113690.464: [GC pause (G1 Evacuation Pause) (young) 4800M->1146M(6144M), 0.0743534 secs]
2021-06-26T16:02:24.834+0800: 113717.404: [GC pause (G1 Evacuation Pause) (young) 4795M->1150M(6144M), 0.0504767 secs]
2021-06-26T16:03:01.908+0800: 113754.477: [GC pause (G1 Evacuation Pause) (young) 4796M->1158M(6144M), 0.0517599 secs]
2021-06-26T16:03:38.693+0800: 113791.263: [GC pause (G1 Evacuation Pause) (young) 4811M->1162M(6144M), 0.0525134 secs]
2021-06-26T16:04:09.722+0800: 113822.292: [GC pause (G1 Evacuation Pause) (young) 4832M->1166M(6144M), 0.0617547 secs]
2021-06-26T16:04:38.519+0800: 113851.089: [GC pause (G1 Evacuation Pause) (young) 4812M->1164M(6144M), 0.0537964 secs]
2021-06-26T16:05:05.778+0800: 113878.348: [GC pause (G1 Evacuation Pause) (young) 4815M->1164M(6144M), 0.0512505 secs]
2021-06-26T16:05:31.230+0800: 113903.799: [GC pause (G1 Evacuation Pause) (young) 4805M->1168M(6144M), 0.0515550 secs]
2021-06-26T16:06:08.843+0800: 113941.413: [GC pause (G1 Evacuation Pause) (young) 4816M->1170M(6144M), 0.0529622 secs]
2021-06-26T16:06:39.574+0800: 113972.144: [GC pause (G1 Evacuation Pause) (young) 4980M->1172M(6144M), 0.0604647 secs]
2021-06-26T16:07:04.459+0800: 113997.029: [GC pause (G1 Evacuation Pause) (young) 4844M->1176M(6144M), 0.0555399 secs]
2021-06-26T16:07:30.814+0800: 114023.384: [GC pause (G1 Evacuation Pause) (young) 4828M->1179M(6144M), 0.0529921 secs]
2021-06-26T16:08:05.504+0800: 114058.074: [GC pause (G1 Evacuation Pause) (young) 4837M->1175M(6144M), 0.0528305 secs]
2021-06-26T16:08:31.853+0800: 114084.423: [GC pause (G1 Evacuation Pause) (young) 4855M->1188M(6144M), 0.0586364 secs]
2021-06-26T16:08:59.022+0800: 114111.592: [GC pause (G1 Evacuation Pause) (young) 4851M->1193M(6144M), 0.0587804 secs]
2021-06-26T16:09:28.146+0800: 114140.716: [GC pause (G1 Evacuation Pause) (young) 4840M->1185M(6144M), 0.0487791 secs]
2021-06-26T16:09:58.414+0800: 114170.984: [GC pause (G1 Evacuation Pause) (young) 4852M->1189M(6144M), 0.0524245 secs]
2021-06-26T16:10:41.092+0800: 114213.662: [GC pause (G1 Evacuation Pause) (young) 4836M->1194M(6144M), 0.0493660 secs]
2021-06-26T16:11:11.012+0800: 114243.581: [GC pause (G1 Evacuation Pause) (young) 4847M->1194M(6144M), 0.0504296 secs]
2021-06-26T16:11:44.381+0800: 114276.951: [GC pause (G1 Evacuation Pause) (young) 4839M->1200M(6144M), 0.0522082 secs]
2021-06-26T16:12:10.787+0800: 114303.357: [GC pause (G1 Evacuation Pause) (young) 4841M->1264M(6144M), 0.1037308 secs]
2021-06-26T16:12:38.412+0800: 114330.982: [GC pause (G1 Evacuation Pause) (young) 4845M->1208M(6144M), 0.0599084 secs]
2021-06-26T16:13:11.253+0800: 114363.822: [GC pause (G1 Evacuation Pause) (young) 4856M->1209M(6144M), 0.0613823 secs]
2021-06-26T16:13:29.223+0800: 114381.793: [GC pause (G1 Evacuation Pause) (young) 4850M->1212M(6144M), 0.0517230 secs]
2021-06-26T16:13:56.480+0800: 114409.050: [GC pause (G1 Evacuation Pause) (young) 4862M->1218M(6144M), 0.0532713 secs]
2021-06-26T16:14:16.547+0800: 114429.117: [GC pause (G1 Evacuation Pause) (young) 4853M->1346M(6144M), 0.1216839 secs]
2021-06-26T16:14:45.143+0800: 114457.713: [GC pause (G1 Evacuation Pause) (young) 4888M->1221M(6144M), 0.0596609 secs]
2021-06-26T16:15:16.641+0800: 114489.211: [GC pause (G1 Evacuation Pause) (young) 4865M->1218M(6144M), 0.0580740 secs]
2021-06-26T16:15:50.460+0800: 114523.029: [GC pause (G1 Evacuation Pause) (young) 4872M->1224M(6144M), 0.0618633 secs]
2021-06-26T16:16:19.899+0800: 114552.469: [GC pause (G1 Evacuation Pause) (young) 4865M->1236M(6144M), 0.0636004 secs]
2021-06-26T16:16:52.173+0800: 114584.743: [GC pause (G1 Evacuation Pause) (young) 4869M->1226M(6144M), 0.0576760 secs]
2021-06-26T16:17:28.070+0800: 114620.640: [GC pause (G1 Evacuation Pause) (young) 4870M->1226M(6144M), 0.0523711 secs]
2021-06-26T16:18:12.330+0800: 114664.900: [GC pause (G1 Evacuation Pause) (young) 4874M->1239M(6144M), 0.0549852 secs]
2021-06-26T16:18:43.945+0800: 114696.515: [GC pause (G1 Evacuation Pause) (young) 4894M->1234M(6144M), 0.0529326 secs]
2021-06-26T16:19:13.105+0800: 114725.675: [GC pause (G1 Evacuation Pause) (young) 4900M->1239M(6144M), 0.0545969 secs]
2021-06-26T16:19:44.375+0800: 114756.945: [GC pause (G1 Evacuation Pause) (young) 4886M->1248M(6144M), 0.0559546 secs]
2021-06-26T16:20:20.478+0800: 114793.048: [GC pause (G1 Evacuation Pause) (young) 4898M->1245M(6144M), 0.0516840 secs]
2021-06-26T16:20:40.474+0800: 114813.044: [GC pause (G1 Evacuation Pause) (young) 4894M->1750M(6144M), 0.3575187 secs]
2021-06-26T16:20:41.965+0800: 114814.535: [GC pause (G1 Evacuation Pause) (young) 2679M->2062M(6144M), 0.4690917 secs]
2021-06-26T16:20:43.034+0800: 114815.604: [GC pause (G1 Evacuation Pause) (young) 2472M->2182M(6144M), 0.1852374 secs]
2021-06-26T16:20:44.298+0800: 114816.868: [GC pause (G1 Evacuation Pause) (young) 2762M->2336M(6144M), 0.1533373 secs]
2021-06-26T16:20:51.517+0800: 114824.087: [GC pause (G1 Evacuation Pause) (young) 2898M->2353M(6144M), 0.0790083 secs]
2021-06-26T16:21:03.243+0800: 114835.813: [GC pause (G1 Evacuation Pause) (young) 3717M->2350M(6144M), 0.0371074 secs]
2021-06-26T16:21:25.586+0800: 114858.156: [GC pause (G1 Evacuation Pause) (young) 4657M->2350M(6144M), 0.0231579 secs]
2021-06-26T16:21:50.917+0800: 114883.487: [GC pause (G1 Evacuation Pause) (young) 5280M->2378M(6144M), 0.0430892 secs]
2021-06-26T16:22:16.844+0800: 114909.414: [GC pause (G1 Evacuation Pause) (young) 4807M->2384M(6144M), 0.0419862 secs]
2021-06-26T16:22:45.785+0800: 114938.355: [GC pause (G1 Evacuation Pause) (young) 5365M->2386M(6144M), 0.0451866 secs]
2021-06-26T16:23:13.192+0800: 114965.762: [GC pause (G1 Evacuation Pause) (young) 5401M->2394M(6144M), 0.0519488 secs]
2021-06-26T16:23:35.012+0800: 114987.582: [GC pause (G1 Evacuation Pause) (young) 5409M->2394M(6144M), 0.0496138 secs]
2021-06-26T16:24:03.610+0800: 115016.179: [GC pause (G1 Evacuation Pause) (young) 5437M->2401M(6144M), 0.0558258 secs]
2021-06-26T16:24:22.303+0800: 115034.873: [GC pause (G1 Evacuation Pause) (young) 5457M->2406M(6144M), 0.0694813 secs]
2021-06-26T16:24:40.296+0800: 115052.865: [GC pause (G1 Evacuation Pause) (young) 5464M->2473M(6144M), 0.1074489 secs]
2021-06-26T16:25:01.636+0800: 115074.206: [GC pause (G1 Evacuation Pause) (young) 5394M->2405M(6144M), 0.0578733 secs]
2021-06-26T16:25:25.089+0800: 115097.659: [GC pause (G1 Evacuation Pause) (young) 5473M->2406M(6144M), 0.0623419 secs]
2021-06-26T16:25:49.044+0800: 115121.614: [GC pause (G1 Evacuation Pause) (young) 5456M->2407M(6144M), 0.0599877 secs]
2021-06-26T16:26:12.914+0800: 115145.484: [GC pause (G1 Evacuation Pause) (young) 5469M->2405M(6144M), 0.0608984 secs]
2021-06-26T16:26:32.604+0800: 115165.174: [GC pause (G1 Evacuation Pause) (young) 5458M->2410M(6144M), 0.0651683 secs]
2021-06-26T16:26:52.421+0800: 115184.991: [GC pause (G1 Evacuation Pause) (young) 5468M->2409M(6144M), 0.0650964 secs]
2021-06-26T16:27:14.491+0800: 115207.061: [GC pause (G1 Evacuation Pause) (young) 5461M->2412M(6144M), 0.0614397 secs]
2021-06-26T16:27:42.891+0800: 115235.461: [GC pause (G1 Evacuation Pause) (young) 5457M->2422M(6144M), 0.0693803 secs]
2021-06-26T16:28:07.789+0800: 115260.359: [GC pause (G1 Evacuation Pause) (young) 5482M->2426M(6144M), 0.0679804 secs]
2021-06-26T16:28:33.506+0800: 115286.076: [GC pause (G1 Evacuation Pause) (young) 5483M->2433M(6144M), 0.0598043 secs]
2021-06-26T16:28:56.916+0800: 115309.486: [GC pause (G1 Evacuation Pause) (young) 5486M->2434M(6144M), 0.0531508 secs]
2021-06-26T16:29:22.013+0800: 115334.583: [GC pause (G1 Evacuation Pause) (young) 5658M->2442M(6144M), 0.0566953 secs]
2021-06-26T16:29:45.671+0800: 115358.241: [GC pause (G1 Evacuation Pause) (young) 5479M->2435M(6144M), 0.0459226 secs]
2021-06-26T16:30:06.584+0800: 115379.154: [GC pause (G1 Evacuation Pause) (young) 5519M->2443M(6144M), 0.0541391 secs]
2021-06-26T16:30:31.038+0800: 115403.608: [GC pause (G1 Evacuation Pause) (young) 5490M->2447M(6144M), 0.0515930 secs]
2021-06-26T16:30:53.870+0800: 115426.440: [GC pause (G1 Evacuation Pause) (young) 5489M->2450M(6144M), 0.0511278 secs]
2021-06-26T16:31:14.391+0800: 115446.961: [GC pause (G1 Evacuation Pause) (young) 5502M->2443M(6144M), 0.0479353 secs]
2021-06-26T16:31:38.646+0800: 115471.216: [GC pause (G1 Evacuation Pause) (young) 5514M->2445M(6144M), 0.0530932 secs]
2021-06-26T16:32:01.356+0800: 115493.926: [GC pause (G1 Evacuation Pause) (young) 5498M->2450M(6144M), 0.0564987 secs]
2021-06-26T16:32:23.466+0800: 115516.036: [GC pause (G1 Evacuation Pause) (young) 5503M->2452M(6144M), 0.0578288 secs]
2021-06-26T16:32:54.735+0800: 115547.305: [GC pause (G1 Evacuation Pause) (young) 5485M->2452M(6144M), 0.0519203 secs]
2021-06-26T16:33:22.101+0800: 115574.671: [GC pause (G1 Evacuation Pause) (young) 5503M->2448M(6144M), 0.0453315 secs]
2021-06-26T16:33:42.804+0800: 115595.374: [GC pause (G1 Evacuation Pause) (young) 5511M->2451M(6144M), 0.0482241 secs]
2021-06-26T16:34:05.724+0800: 115618.294: [GC pause (G1 Evacuation Pause) (young) 5516M->2453M(6144M), 0.0486515 secs]
2021-06-26T16:34:23.976+0800: 115636.546: [GC pause (G1 Evacuation Pause) (young) 5502M->2462M(6144M), 0.0472893 secs]
2021-06-26T16:34:41.692+0800: 115654.262: [GC pause (G1 Evacuation Pause) (young) 5521M->2469M(6144M), 0.0516920 secs]
2021-06-26T16:35:03.840+0800: 115676.410: [GC pause (G1 Evacuation Pause) (young) 5513M->2466M(6144M), 0.0452368 secs]
2021-06-26T16:35:24.509+0800: 115697.079: [GC pause (G1 Evacuation Pause) (young) 5488M->2471M(6144M), 0.0417785 secs]
2021-06-26T16:35:42.818+0800: 115715.388: [GC pause (G1 Evacuation Pause) (young) 5492M->2476M(6144M), 0.0467165 secs]
2021-06-26T16:36:04.234+0800: 115736.804: [GC pause (G1 Evacuation Pause) (young) 5492M->2470M(6144M), 0.0400194 secs]
2021-06-26T16:36:35.940+0800: 115768.509: [GC pause (G1 Evacuation Pause) (young) 5507M->2482M(6144M), 0.0484069 secs]
2021-06-26T16:37:09.098+0800: 115801.668: [GC pause (G1 Evacuation Pause) (young) 5481M->2479M(6144M), 0.0448985 secs]
2021-06-26T16:37:31.045+0800: 115823.615: [GC pause (G1 Evacuation Pause) (young) 5485M->2479M(6144M), 0.0419229 secs]
2021-06-26T16:37:56.620+0800: 115849.190: [GC pause (G1 Evacuation Pause) (young) 5508M->2477M(6144M), 0.0443432 secs]
2021-06-26T16:38:19.766+0800: 115872.336: [GC pause (G1 Evacuation Pause) (young) 5502M->2480M(6144M), 0.0443666 secs]
2021-06-26T16:38:41.510+0800: 115894.079: [GC pause (G1 Evacuation Pause) (young) 5489M->2479M(6144M), 0.0410772 secs]
2021-06-26T16:39:00.499+0800: 115913.069: [GC pause (G1 Evacuation Pause) (young) 5487M->2503M(6144M), 0.0542213 secs]
2021-06-26T16:39:22.246+0800: 115934.815: [GC pause (G1 Evacuation Pause) (young) 5467M->2482M(6144M), 0.0451039 secs]
2021-06-26T16:39:41.599+0800: 115954.169: [GC pause (G1 Evacuation Pause) (young) 5486M->2492M(6144M), 0.0447711 secs]
2021-06-26T16:39:58.095+0800: 115970.665: [GC pause (G1 Evacuation Pause) (young) 5487M->2570M(6144M), 0.0873123 secs]
2021-06-26T16:40:14.648+0800: 115987.218: [GC pause (G1 Evacuation Pause) (young) 5415M->2496M(6144M), 0.0503518 secs]
2021-06-26T16:40:40.221+0800: 116012.791: [GC pause (G1 Evacuation Pause) (young) 5497M->2497M(6144M), 0.0501911 secs]
2021-06-26T16:41:06.791+0800: 116039.361: [GC pause (G1 Evacuation Pause) (young) 5494M->2499M(6144M), 0.0482575 secs]
2021-06-26T16:41:30.932+0800: 116063.502: [GC pause (G1 Evacuation Pause) (young) 5478M->2500M(6144M), 0.0485956 secs]
2021-06-26T16:42:00.065+0800: 116092.635: [GC pause (G1 Evacuation Pause) (young) 5487M->2500M(6144M), 0.0468915 secs]
2021-06-26T16:42:26.905+0800: 116119.475: [GC pause (G1 Evacuation Pause) (young) 5490M->2504M(6144M), 0.0462452 secs]
2021-06-26T16:42:48.912+0800: 116141.482: [GC pause (G1 Evacuation Pause) (young) 5484M->2510M(6144M), 0.0501979 secs]
2021-06-26T16:43:12.050+0800: 116164.620: [GC pause (G1 Evacuation Pause) (young) 5484M->2507M(6144M), 0.0464492 secs]
2021-06-26T16:43:35.374+0800: 116187.944: [GC pause (G1 Evacuation Pause) (young) 5482M->2518M(6144M), 0.0501115 secs]
2021-06-26T16:44:04.153+0800: 116216.723: [GC pause (G1 Evacuation Pause) (young) 5484M->2515M(6144M), 0.0479990 secs]
2021-06-26T16:44:30.018+0800: 116242.588: [GC pause (G1 Evacuation Pause) (young) 5480M->2516M(6144M), 0.0487449 secs]
2021-06-26T16:44:55.507+0800: 116268.077: [GC pause (G1 Evacuation Pause) (young) 5478M->2517M(6144M), 0.0461282 secs]
2021-06-26T16:45:20.788+0800: 116293.358: [GC pause (G1 Evacuation Pause) (young) 5486M->2518M(6144M), 0.0473795 secs]
2021-06-26T16:45:46.225+0800: 116318.795: [GC pause (G1 Evacuation Pause) (young) 5484M->2519M(6144M), 0.0443219 secs]
2021-06-26T16:46:08.735+0800: 116341.305: [GC pause (G1 Evacuation Pause) (young) 5486M->2554M(6144M), 0.0664143 secs]
2021-06-26T16:46:28.432+0800: 116361.002: [GC pause (G1 Evacuation Pause) (young) 5455M->2532M(6144M), 0.0505845 secs]
2021-06-26T16:46:50.841+0800: 116383.411: [GC pause (G1 Evacuation Pause) (young) 5497M->2541M(6144M), 0.0527813 secs]
2021-06-26T16:47:20.372+0800: 116412.942: [GC pause (G1 Evacuation Pause) (young) 5477M->2538M(6144M), 0.0480354 secs]
2021-06-26T16:47:43.522+0800: 116436.092: [GC pause (G1 Evacuation Pause) (young) 5482M->2538M(6144M), 0.0477797 secs]
2021-06-26T16:48:10.242+0800: 116462.812: [GC pause (G1 Evacuation Pause) (young) 5483M->2542M(6144M), 0.0467850 secs]
2021-06-26T16:48:38.527+0800: 116491.097: [GC pause (G1 Evacuation Pause) (young) 5501M->2554M(6144M), 0.0550064 secs]
2021-06-26T16:49:01.021+0800: 116513.591: [GC pause (G1 Evacuation Pause) (young) 5485M->2546M(6144M), 0.0474842 secs]
2021-06-26T16:49:19.639+0800: 116532.209: [GC pause (G1 Evacuation Pause) (young) 5502M->2549M(6144M), 0.0497532 secs]
2021-06-26T16:49:42.633+0800: 116555.202: [GC pause (G1 Evacuation Pause) (young) 5485M->2550M(6144M), 0.0473636 secs]
2021-06-26T16:50:04.966+0800: 116577.536: [GC pause (G1 Evacuation Pause) (young) 5529M->2556M(6144M), 0.0642445 secs]
2021-06-26T16:50:24.809+0800: 116597.379: [GC pause (G1 Evacuation Pause) (young) 5489M->2561M(6144M), 0.0565281 secs]
2021-06-26T16:50:49.470+0800: 116622.040: [GC pause (G1 Evacuation Pause) (young) 5477M->2557M(6144M), 0.0527764 secs]
2021-06-26T16:51:09.793+0800: 116642.363: [GC pause (G1 Evacuation Pause) (young) 5494M->2562M(6144M), 0.0540250 secs]
2021-06-26T16:51:31.327+0800: 116663.897: [GC pause (G1 Evacuation Pause) (young) 5481M->2595M(6144M), 0.0847871 secs]
2021-06-26T16:51:56.136+0800: 116688.706: [GC pause (G1 Evacuation Pause) (young) 5479M->2563M(6144M), 0.0517113 secs]
2021-06-26T16:52:22.190+0800: 116714.759: [GC pause (G1 Evacuation Pause) (young) 5486M->2571M(6144M), 0.0484670 secs]
2021-06-26T16:52:48.760+0800: 116741.330: [GC pause (G1 Evacuation Pause) (young) 5493M->2568M(6144M), 0.0434599 secs]
2021-06-26T16:53:15.123+0800: 116767.693: [GC pause (G1 Evacuation Pause) (young) 5496M->2572M(6144M), 0.0460609 secs]
2021-06-26T16:53:39.449+0800: 116792.019: [GC pause (G1 Evacuation Pause) (young) 5492M->2575M(6144M), 0.0441094 secs]
2021-06-26T16:54:12.341+0800: 116824.911: [GC pause (G1 Evacuation Pause) (young) 5492M->2580M(6144M), 0.0475625 secs]
2021-06-26T16:54:40.690+0800: 116853.260: [GC pause (G1 Evacuation Pause) (young) 5486M->2582M(6144M), 0.0469872 secs]
2021-06-26T16:55:00.029+0800: 116872.599: [GC pause (G1 Evacuation Pause) (young) 5510M->2580M(6144M), 0.0490259 secs]
2021-06-26T16:55:25.546+0800: 116898.115: [GC pause (G1 Evacuation Pause) (young) 5491M->2579M(6144M), 0.0447032 secs]
2021-06-26T16:55:50.010+0800: 116922.580: [GC pause (G1 Evacuation Pause) (young) 5496M->2582M(6144M), 0.0449661 secs]
2021-06-26T16:56:16.736+0800: 116949.305: [GC pause (G1 Evacuation Pause) (young) 5501M->2586M(6144M), 0.0492418 secs]
2021-06-26T16:56:47.103+0800: 116979.673: [GC pause (G1 Evacuation Pause) (young) 5496M->2586M(6144M), 0.0461589 secs]
2021-06-26T16:57:18.546+0800: 117011.116: [GC pause (G1 Evacuation Pause) (young) 5492M->2588M(6144M), 0.0428694 secs]
2021-06-26T16:57:48.461+0800: 117041.031: [GC pause (G1 Evacuation Pause) (young) 5499M->2587M(6144M), 0.0439510 secs]
2021-06-26T16:58:18.645+0800: 117071.215: [GC pause (G1 Evacuation Pause) (young) 5503M->2596M(6144M), 0.0480482 secs]
2021-06-26T16:58:44.669+0800: 117097.239: [GC pause (G1 Evacuation Pause) (young) 5501M->2599M(6144M), 0.0493509 secs]
2021-06-26T16:59:10.466+0800: 117123.036: [GC pause (G1 Evacuation Pause) (young) 5481M->2594M(6144M), 0.0454772 secs]
2021-06-26T16:59:31.969+0800: 117144.539: [GC pause (G1 Evacuation Pause) (young) 5505M->2595M(6144M), 0.0469419 secs]
2021-06-26T17:00:03.127+0800: 117175.697: [GC pause (G1 Evacuation Pause) (young) 5492M->2597M(6144M), 0.0447426 secs]
2021-06-26T17:00:34.870+0800: 117207.440: [GC pause (G1 Evacuation Pause) (young) 5504M->2601M(6144M), 0.0532474 secs]
2021-06-26T17:00:52.360+0800: 117224.930: [GC pause (G1 Evacuation Pause) (young) 5486M->2618M(6144M), 0.0585197 secs]
2021-06-26T17:01:16.414+0800: 117248.984: [GC pause (G1 Evacuation Pause) (young) 5475M->2604M(6144M), 0.0432476 secs]
2021-06-26T17:01:33.353+0800: 117265.923: [GC pause (G1 Evacuation Pause) (young) 5489M->2617M(6144M), 0.0479427 secs]
2021-06-26T17:01:56.278+0800: 117288.848: [GC pause (G1 Evacuation Pause) (young) 5493M->2610M(6144M), 0.0469435 secs]
2021-06-26T17:02:18.670+0800: 117311.240: [GC pause (G1 Evacuation Pause) (young) 5493M->2615M(6144M), 0.0470237 secs]
2021-06-26T17:02:41.735+0800: 117334.305: [GC pause (G1 Evacuation Pause) (young) 5492M->2619M(6144M), 0.0480272 secs]
2021-06-26T17:03:00.585+0800: 117353.154: [GC pause (G1 Evacuation Pause) (young) 5530M->2626M(6144M), 0.0565974 secs]
2021-06-26T17:03:20.035+0800: 117372.605: [GC pause (G1 Evacuation Pause) (young) 5479M->2620M(6144M), 0.0458203 secs]
2021-06-26T17:03:42.188+0800: 117394.758: [GC pause (G1 Evacuation Pause) (young) 5509M->2623M(6144M), 0.0593547 secs]
2021-06-26T17:04:00.579+0800: 117413.149: [GC pause (G1 Evacuation Pause) (young) 5498M->2623M(6144M), 0.0530071 secs]
2021-06-26T17:04:18.203+0800: 117430.773: [GC pause (G1 Evacuation Pause) (young) 5489M->2630M(6144M), 0.0485787 secs]
2021-06-26T17:04:38.709+0800: 117451.278: [GC pause (G1 Evacuation Pause) (young) 5488M->2626M(6144M), 0.0478086 secs]
2021-06-26T17:04:56.820+0800: 117469.390: [GC pause (G1 Evacuation Pause) (young) 5488M->2674M(6144M), 0.0694736 secs]
2021-06-26T17:04:58.535+0800: 117471.104: [GC pause (G1 Humongous Allocation) (young) (initial-mark) 3620M->2779M(6144M), 0.0589346 secs]
2021-06-26T17:04:58.594+0800: 117471.164: [GC concurrent-root-region-scan-start]
2021-06-26T17:04:58.654+0800: 117471.224: [GC concurrent-root-region-scan-end, 0.0603653 secs]
2021-06-26T17:04:58.654+0800: 117471.224: [GC concurrent-mark-start]
2021-06-26T17:05:00.063+0800: 117472.632: [GC concurrent-mark-end, 1.4085433 secs]
2021-06-26T17:05:00.065+0800: 117472.635: [GC remark, 0.0915954 secs]
2021-06-26T17:05:00.159+0800: 117472.728: [GC cleanup 3101M->1928M(6144M), 0.0169647 secs]
2021-06-26T17:05:00.176+0800: 117472.746: [GC concurrent-cleanup-start]
2021-06-26T17:05:00.177+0800: 117472.747: [GC concurrent-cleanup-end, 0.0017075 secs]
2021-06-26T17:05:14.019+0800: 117486.589: [GC pause (G1 Evacuation Pause) (young) 4333M->1460M(6144M), 0.0524731 secs]
2021-06-26T17:05:15.646+0800: 117488.215: [GC pause (G1 Evacuation Pause) (mixed) 1724M->1011M(6144M), 0.1269376 secs]
2021-06-26T17:05:40.431+0800: 117513.001: [GC pause (G1 Evacuation Pause) (young) 4713M->1013M(6144M), 0.0523646 secs]
2021-06-26T17:06:12.875+0800: 117545.445: [GC pause (G1 Evacuation Pause) (young) 4685M->1014M(6144M), 0.0316891 secs]
2021-06-26T17:06:33.945+0800: 117566.515: [GC pause (G1 Evacuation Pause) (young) 4713M->1022M(6144M), 0.0426107 secs]
2021-06-26T17:07:00.562+0800: 117593.132: [GC pause (G1 Evacuation Pause) (young) 4686M->1026M(6144M), 0.0388158 secs]
2021-06-26T17:07:25.102+0800: 117617.672: [GC pause (G1 Evacuation Pause) (young) 4682M->1036M(6144M), 0.0425759 secs]
2021-06-26T17:07:44.720+0800: 117637.290: [GC pause (G1 Evacuation Pause) (young) 4687M->1023M(6144M), 0.0383560 secs]
2021-06-26T17:08:20.043+0800: 117672.613: [GC pause (G1 Evacuation Pause) (young) 4687M->1022M(6144M), 0.0388110 secs]
2021-06-26T17:09:01.678+0800: 117714.248: [GC pause (G1 Evacuation Pause) (young) 4680M->1029M(6144M), 0.0413155 secs]
2021-06-26T17:09:30.499+0800: 117743.068: [GC pause (G1 Evacuation Pause) (young) 4679M->1034M(6144M), 0.0437811 secs]
2021-06-26T17:09:55.457+0800: 117768.027: [GC pause (G1 Evacuation Pause) (young) 4700M->1033M(6144M), 0.0470112 secs]
2021-06-26T17:10:30.131+0800: 117802.701: [GC pause (G1 Evacuation Pause) (young) 4698M->1032M(6144M), 0.0459908 secs]
2021-06-26T17:10:47.797+0800: 117820.367: [GC pause (G1 Evacuation Pause) (young) 4697M->1040M(6144M), 0.0459279 secs]
2021-06-26T17:11:16.368+0800: 117848.938: [GC pause (G1 Evacuation Pause) (young) 4687M->1038M(6144M), 0.0423534 secs]
2021-06-26T17:11:40.591+0800: 117873.161: [GC pause (G1 Evacuation Pause) (young) 4711M->1050M(6144M), 0.0525198 secs]
2021-06-26T17:12:06.758+0800: 117899.328: [GC pause (G1 Evacuation Pause) (young) 4694M->1045M(6144M), 0.0452560 secs]
2021-06-26T17:12:38.309+0800: 117930.879: [GC pause (G1 Evacuation Pause) (young) 4913M->1043M(6144M), 0.0528209 secs]
2021-06-26T17:13:18.190+0800: 117970.759: [GC pause (G1 Evacuation Pause) (young) 4691M->1046M(6144M), 0.0449135 secs]
2021-06-26T17:13:59.197+0800: 118011.767: [GC pause (G1 Evacuation Pause) (young) 4718M->1107M(6144M), 0.1154902 secs]
2021-06-26T17:14:29.070+0800: 118041.640: [GC pause (G1 Evacuation Pause) (young) 4703M->1054M(6144M), 0.0496719 secs]
2021-06-26T17:14:54.069+0800: 118066.639: [GC pause (G1 Evacuation Pause) (young) 4709M->1057M(6144M), 0.0491033 secs]
2021-06-26T17:15:24.535+0800: 118097.105: [GC pause (G1 Evacuation Pause) (young) 4704M->1054M(6144M), 0.0466276 secs]
2021-06-26T17:15:57.118+0800: 118129.688: [GC pause (G1 Evacuation Pause) (young) 4715M->1058M(6144M), 0.0518772 secs]
2021-06-26T17:16:29.551+0800: 118162.121: [GC pause (G1 Evacuation Pause) (young) 4699M->1069M(6144M), 0.0528549 secs]
2021-06-26T17:16:55.215+0800: 118187.785: [GC pause (G1 Evacuation Pause) (young) 4722M->1062M(6144M), 0.0496595 secs]
2021-06-26T17:17:18.474+0800: 118211.043: [GC pause (G1 Evacuation Pause) (young) 4721M->1070M(6144M), 0.0544736 secs]
2021-06-26T17:17:42.244+0800: 118234.814: [GC pause (GCLocker Initiated GC) (young) 4881M->1200M(6144M), 0.0604390 secs]
2021-06-26T17:18:13.793+0800: 118266.363: [GC pause (G1 Evacuation Pause) (young) 4855M->1073M(6144M), 0.0564533 secs]
2021-06-26T17:18:48.177+0800: 118300.747: [GC pause (G1 Evacuation Pause) (young) 4721M->1084M(6144M), 0.0582387 secs]
2021-06-26T17:19:03.144+0800: 118315.714: [GC pause (G1 Evacuation Pause) (young) 4723M->1857M(6144M), 0.4767018 secs]
2021-06-26T17:19:03.925+0800: 118316.494: [GC pause (G1 Evacuation Pause) (young) 2120M->1936M(6144M), 0.4542082 secs]
2021-06-26T17:19:04.670+0800: 118317.240: [GC pause (G1 Evacuation Pause) (young) 2184M->2003M(6144M), 0.3180424 secs]
2021-06-26T17:19:05.307+0800: 118317.876: [GC pause (G1 Evacuation Pause) (young) 2269M->2068M(6144M), 0.1147926 secs]
2021-06-26T17:19:05.805+0800: 118318.375: [GC pause (G1 Evacuation Pause) (young) 2349M->2080M(6144M), 0.0676589 secs]
2021-06-26T17:19:06.933+0800: 118319.503: [GC pause (G1 Evacuation Pause) (young) 2375M->2089M(6144M), 0.0651153 secs]
2021-06-26T17:19:10.132+0800: 118322.702: [GC pause (G1 Evacuation Pause) (young) 2367M->2088M(6144M), 0.0312407 secs]
2021-06-26T17:19:16.896+0800: 118329.466: [GC pause (G1 Evacuation Pause) (young) 2871M->2102M(6144M), 0.0415496 secs]
2021-06-26T17:19:23.117+0800: 118335.687: [GC pause (G1 Evacuation Pause) (young) 3199M->2105M(6144M), 0.0330717 secs]
2021-06-26T17:19:31.610+0800: 118344.180: [GC pause (G1 Evacuation Pause) (young) 3657M->2102M(6144M), 0.0318584 secs]
2021-06-26T17:19:49.591+0800: 118362.161: [GC pause (G1 Evacuation Pause) (young) 4730M->2111M(6144M), 0.0396445 secs]
2021-06-26T17:20:11.849+0800: 118384.418: [GC pause (G1 Evacuation Pause) (young) 5379M->2106M(6144M), 0.0433055 secs]
2021-06-26T17:20:34.103+0800: 118406.672: [GC pause (G1 Evacuation Pause) (young) 5401M->2108M(6144M), 0.0393756 secs]
2021-06-26T17:20:58.350+0800: 118430.920: [GC pause (G1 Evacuation Pause) (young) 5431M->2130M(6144M), 0.0548198 secs]
2021-06-26T17:21:21.703+0800: 118454.273: [GC pause (G1 Evacuation Pause) (young) 5445M->2136M(6144M), 0.0634958 secs]
2021-06-26T17:21:38.031+0800: 118470.601: [GC pause (G1 Evacuation Pause) (young) 5448M->2277M(6144M), 0.1651991 secs]
2021-06-26T17:22:01.775+0800: 118494.345: [GC pause (G1 Evacuation Pause) (young) 5330M->2189M(6144M), 0.0995348 secs]
2021-06-26T17:22:25.709+0800: 118518.279: [GC pause (G1 Evacuation Pause) (young) 5414M->2140M(6144M), 0.0630241 secs]
2021-06-26T17:22:40.569+0800: 118533.138: [GC pause (G1 Evacuation Pause) (young) 5433M->2160M(6144M), 0.0725938 secs]
2021-06-26T17:23:02.327+0800: 118554.897: [GC pause (G1 Evacuation Pause) (young) 5456M->2139M(6144M), 0.0657701 secs]
2021-06-26T17:23:35.802+0800: 118588.372: [GC pause (G1 Evacuation Pause) (young) 5453M->2152M(6144M), 0.0698453 secs]
2021-06-26T17:23:53.437+0800: 118606.007: [GC pause (G1 Evacuation Pause) (young) 5459M->2166M(6144M), 0.0745622 secs]
2021-06-26T17:24:17.085+0800: 118629.655: [GC pause (G1 Evacuation Pause) (young) 5468M->2154M(6144M), 0.0583741 secs]
2021-06-26T17:24:43.001+0800: 118655.571: [GC pause (G1 Evacuation Pause) (young) 5473M->2151M(6144M), 0.0570426 secs]
2021-06-26T17:25:06.983+0800: 118679.552: [GC pause (G1 Evacuation Pause) (young) 5490M->2152M(6144M), 0.0568234 secs]
2021-06-26T17:25:31.557+0800: 118704.127: [GC pause (G1 Evacuation Pause) (young) 5465M->2155M(6144M), 0.0530220 secs]
2021-06-26T17:26:01.299+0800: 118733.869: [GC pause (G1 Evacuation Pause) (young) 5468M->2163M(6144M), 0.0578486 secs]
2021-06-26T17:26:32.305+0800: 118764.875: [GC pause (G1 Evacuation Pause) (young) 5473M->2161M(6144M), 0.0585727 secs]
2021-06-26T17:27:03.146+0800: 118795.716: [GC pause (G1 Evacuation Pause) (young) 5470M->2164M(6144M), 0.0580722 secs]
2021-06-26T17:27:31.599+0800: 118824.169: [GC pause (G1 Evacuation Pause) (young) 5484M->2171M(6144M), 0.0582024 secs]
2021-06-26T17:28:08.091+0800: 118860.661: [GC pause (G1 Evacuation Pause) (young) 5481M->2170M(6144M), 0.0454757 secs]
2021-06-26T17:28:40.265+0800: 118892.835: [GC pause (G1 Evacuation Pause) (young) 5505M->2171M(6144M), 0.0476201 secs]
2021-06-26T17:29:11.772+0800: 118924.342: [GC pause (G1 Evacuation Pause) (young) 5501M->2179M(6144M), 0.0499172 secs]
2021-06-26T17:29:42.311+0800: 118954.881: [GC pause (G1 Evacuation Pause) (young) 5480M->2175M(6144M), 0.0448662 secs]
2021-06-26T17:30:20.632+0800: 118993.202: [GC pause (G1 Evacuation Pause) (young) 5487M->2178M(6144M), 0.0450937 secs]
2021-06-26T17:30:54.880+0800: 119027.450: [GC pause (G1 Evacuation Pause) (young) 5488M->2181M(6144M), 0.0460076 secs]
2021-06-26T17:31:25.232+0800: 119057.802: [GC pause (G1 Evacuation Pause) (young) 5499M->2183M(6144M), 0.0456681 secs]
2021-06-26T17:31:55.043+0800: 119087.613: [GC pause (G1 Evacuation Pause) (young) 5488M->2223M(6144M), 0.0757358 secs]
2021-06-26T17:32:32.280+0800: 119124.850: [GC pause (G1 Evacuation Pause) (young) 5447M->2187M(6144M), 0.0460483 secs]
2021-06-26T17:33:00.265+0800: 119152.835: [GC pause (G1 Evacuation Pause) (young) 5483M->2185M(6144M), 0.0418506 secs]
2021-06-26T17:33:31.207+0800: 119183.777: [GC pause (G1 Evacuation Pause) (young) 5486M->2196M(6144M), 0.0507185 secs]
2021-06-26T17:34:06.416+0800: 119218.986: [GC pause (G1 Evacuation Pause) (young) 5485M->2191M(6144M), 0.0515569 secs]
2021-06-26T17:34:39.494+0800: 119252.064: [GC pause (G1 Evacuation Pause) (young) 5485M->2190M(6144M), 0.0495275 secs]
2021-06-26T17:35:08.382+0800: 119280.952: [GC pause (G1 Evacuation Pause) (young) 5493M->2187M(6144M), 0.0466045 secs]
2021-06-26T17:35:35.898+0800: 119308.468: [GC pause (G1 Evacuation Pause) (young) 5489M->2204M(6144M), 0.0555189 secs]
2021-06-26T17:36:02.231+0800: 119334.800: [GC pause (G1 Evacuation Pause) (young) 5479M->2196M(6144M), 0.0483424 secs]
2021-06-26T17:36:30.739+0800: 119363.309: [GC pause (G1 Evacuation Pause) (young) 5495M->2204M(6144M), 0.0538647 secs]
2021-06-26T17:37:04.508+0800: 119397.078: [GC pause (G1 Evacuation Pause) (young) 5489M->2203M(6144M), 0.0490318 secs]
2021-06-26T17:37:30.969+0800: 119423.539: [GC pause (G1 Evacuation Pause) (young) 5481M->2206M(6144M), 0.0465863 secs]
2021-06-26T17:38:05.037+0800: 119457.607: [GC pause (G1 Evacuation Pause) (young) 5482M->2208M(6144M), 0.0481870 secs]
2021-06-26T17:38:36.028+0800: 119488.598: [GC pause (G1 Evacuation Pause) (young) 5491M->2211M(6144M), 0.0508788 secs]
2021-06-26T17:39:04.437+0800: 119517.007: [GC pause (G1 Evacuation Pause) (young) 5499M->2215M(6144M), 0.0534491 secs]
2021-06-26T17:39:29.854+0800: 119542.423: [GC pause (G1 Evacuation Pause) (young) 5473M->2292M(6144M), 0.1149564 secs]
2021-06-26T17:39:32.553+0800: 119545.123: [GC pause (G1 Evacuation Pause) (young) 5411M->2323M(6144M), 0.1317738 secs]
2021-06-26T17:39:34.034+0800: 119546.604: [GC pause (G1 Evacuation Pause) (young) 5367M->2310M(6144M), 0.1026163 secs]
2021-06-26T17:39:35.405+0800: 119547.974: [GC pause (G1 Evacuation Pause) (young) 5380M->2289M(6144M), 0.1050572 secs]
2021-06-26T17:39:36.775+0800: 119549.345: [GC pause (G1 Evacuation Pause) (young) 5405M->2294M(6144M), 0.0858320 secs]
2021-06-26T17:39:38.076+0800: 119550.646: [GC pause (G1 Evacuation Pause) (young) 5402M->2290M(6144M), 0.0804243 secs]
2021-06-26T17:39:39.453+0800: 119552.023: [GC pause (G1 Evacuation Pause) (young) 5408M->2295M(6144M), 0.0815400 secs]
2021-06-26T17:39:40.760+0800: 119553.330: [GC pause (G1 Evacuation Pause) (young) 5405M->2297M(6144M), 0.0805068 secs]
2021-06-26T17:39:42.130+0800: 119554.700: [GC pause (G1 Evacuation Pause) (young) 5406M->2298M(6144M), 0.0812500 secs]
2021-06-26T17:39:43.550+0800: 119556.120: [GC pause (G1 Evacuation Pause) (young) 5406M->2296M(6144M), 0.0781937 secs]
2021-06-26T17:39:45.026+0800: 119557.596: [GC pause (G1 Evacuation Pause) (young) 5416M->2304M(6144M), 0.0796784 secs]
2021-06-26T17:39:46.284+0800: 119558.854: [GC pause (G1 Evacuation Pause) (young) 5410M->2302M(6144M), 0.0780355 secs]
2021-06-26T17:39:47.653+0800: 119560.223: [GC pause (G1 Evacuation Pause) (young) 5420M->2312M(6144M), 0.0790404 secs]
2021-06-26T17:39:49.100+0800: 119561.670: [GC pause (G1 Evacuation Pause) (young) 5416M->2317M(6144M), 0.0987038 secs]
2021-06-26T17:39:50.423+0800: 119562.993: [GC pause (G1 Evacuation Pause) (young) 5415M->2312M(6144M), 0.0726647 secs]
2021-06-26T17:39:51.650+0800: 119564.220: [GC pause (G1 Evacuation Pause) (young) 5428M->2315M(6144M), 0.0700384 secs]
2021-06-26T17:39:53.095+0800: 119565.665: [GC pause (G1 Evacuation Pause) (young) 5445M->2316M(6144M), 0.0673285 secs]
2021-06-26T17:40:26.199+0800: 119598.769: [GC pause (G1 Evacuation Pause) (young) 5514M->2328M(6144M), 0.0623026 secs]
2021-06-26T17:40:53.542+0800: 119626.112: [GC pause (G1 Evacuation Pause) (young) 5502M->2331M(6144M), 0.0283406 secs]
2021-06-26T17:41:27.169+0800: 119659.739: [GC pause (G1 Evacuation Pause) (young) 5501M->2343M(6144M), 0.0351247 secs]
2021-06-26T17:41:51.372+0800: 119683.942: [GC pause (G1 Evacuation Pause) (young) 5499M->2390M(6144M), 0.0681675 secs]
2021-06-26T17:41:54.065+0800: 119686.635: [GC pause (G1 Evacuation Pause) (young) 5467M->2386M(6144M), 0.0641980 secs]
2021-06-26T17:41:55.674+0800: 119688.244: [GC pause (G1 Evacuation Pause) (young) 5452M->2423M(6144M), 0.0923996 secs]
2021-06-26T17:41:57.193+0800: 119689.763: [GC pause (G1 Evacuation Pause) (young) 5415M->2375M(6144M), 0.0491386 secs]
2021-06-26T17:41:58.522+0800: 119691.092: [GC pause (G1 Evacuation Pause) (young) 5463M->2378M(6144M), 0.0700722 secs]
2021-06-26T17:41:59.987+0800: 119692.557: [GC pause (G1 Evacuation Pause) (young) 5462M->2383M(6144M), 0.0548239 secs]
2021-06-26T17:42:01.398+0800: 119693.968: [GC pause (G1 Evacuation Pause) (young) 5457M->2377M(6144M), 0.0725317 secs]
2021-06-26T17:42:02.881+0800: 119695.451: [GC pause (G1 Evacuation Pause) (young) 5471M->2380M(6144M), 0.0524804 secs]
2021-06-26T17:42:04.060+0800: 119696.630: [GC pause (G1 Evacuation Pause) (young) 5458M->2376M(6144M), 0.0483633 secs]
2021-06-26T17:42:05.414+0800: 119697.984: [GC pause (G1 Evacuation Pause) (young) 5462M->2381M(6144M), 0.0593383 secs]
2021-06-26T17:42:06.706+0800: 119699.275: [GC pause (G1 Evacuation Pause) (young) 5459M->2379M(6144M), 0.0496386 secs]
2021-06-26T17:42:07.942+0800: 119700.512: [GC pause (G1 Evacuation Pause) (young) 5461M->2382M(6144M), 0.0518175 secs]
2021-06-26T17:42:09.213+0800: 119701.783: [GC pause (G1 Evacuation Pause) (young) 5460M->2378M(6144M), 0.0487468 secs]
2021-06-26T17:42:10.556+0800: 119703.126: [GC pause (G1 Evacuation Pause) (young) 5464M->2381M(6144M), 0.0507520 secs]
2021-06-26T17:42:11.872+0800: 119704.442: [GC pause (G1 Evacuation Pause) (young) 5465M->2382M(6144M), 0.0485499 secs]
2021-06-26T17:42:13.250+0800: 119705.819: [GC pause (G1 Evacuation Pause) (young) 5468M->2389M(6144M), 0.0462705 secs]
2021-06-26T17:42:14.528+0800: 119707.098: [GC pause (G1 Evacuation Pause) (young) 5483M->2392M(6144M), 0.0472929 secs]
2021-06-26T17:42:50.309+0800: 119742.878: [GC pause (G1 Evacuation Pause) (young) 5515M->2400M(6144M), 0.0429731 secs]
2021-06-26T17:43:26.462+0800: 119779.032: [GC pause (G1 Evacuation Pause) (young) 5526M->2408M(6144M), 0.0351494 secs]
2021-06-26T17:43:53.027+0800: 119805.596: [GC pause (G1 Evacuation Pause) (young) 5507M->2411M(6144M), 0.0333101 secs]
2021-06-26T17:44:25.714+0800: 119838.284: [GC pause (G1 Evacuation Pause) (young) 5516M->2413M(6144M), 0.0363746 secs]
2021-06-26T17:44:59.710+0800: 119872.280: [GC pause (G1 Evacuation Pause) (young) 5506M->2415M(6144M), 0.0353780 secs]
2021-06-26T17:45:33.600+0800: 119906.170: [GC pause (G1 Evacuation Pause) (young) 5549M->2422M(6144M), 0.0471733 secs]
2021-06-26T17:46:07.714+0800: 119940.284: [GC pause (G1 Evacuation Pause) (young) 5527M->2422M(6144M), 0.0437479 secs]
2021-06-26T17:46:30.854+0800: 119963.424: [GC pause (G1 Evacuation Pause) (young) 5492M->2429M(6144M), 0.0433446 secs]
2021-06-26T17:46:57.895+0800: 119990.465: [GC pause (G1 Evacuation Pause) (young) 5493M->2435M(6144M), 0.0482582 secs]
2021-06-26T17:47:27.103+0800: 120019.673: [GC pause (G1 Evacuation Pause) (young) 5481M->2439M(6144M), 0.0458688 secs]
2021-06-26T17:47:55.692+0800: 120048.262: [GC pause (G1 Evacuation Pause) (young) 5480M->2487M(6144M), 0.0876874 secs]
2021-06-26T17:48:21.249+0800: 120073.819: [GC pause (G1 Evacuation Pause) (young) 5453M->2436M(6144M), 0.0465338 secs]
2021-06-26T17:48:52.538+0800: 120105.108: [GC pause (G1 Evacuation Pause) (young) 5491M->2443M(6144M), 0.0479607 secs]
2021-06-26T17:49:18.191+0800: 120130.761: [GC pause (G1 Evacuation Pause) (young) 5474M->2437M(6144M), 0.0470063 secs]
2021-06-26T17:49:47.364+0800: 120159.934: [GC pause (G1 Evacuation Pause) (young) 5482M->2443M(6144M), 0.0478579 secs]
2021-06-26T17:50:30.872+0800: 120203.442: [GC pause (G1 Evacuation Pause) (young) 5475M->2437M(6144M), 0.0450165 secs]
2021-06-26T17:51:00.061+0800: 120232.631: [GC pause (G1 Evacuation Pause) (young) 5494M->2480M(6144M), 0.0715564 secs]
2021-06-26T17:51:19.259+0800: 120251.829: [GC pause (G1 Evacuation Pause) (young) 5615M->2448M(6144M), 0.0569854 secs]
2021-06-26T17:51:47.973+0800: 120280.542: [GC pause (G1 Evacuation Pause) (young) 5475M->2441M(6144M), 0.0451372 secs]
2021-06-26T17:52:21.391+0800: 120313.961: [GC pause (G1 Evacuation Pause) (young) 5513M->2448M(6144M), 0.0501968 secs]
2021-06-26T17:52:41.502+0800: 120334.072: [GC pause (G1 Evacuation Pause) (young) 5476M->2448M(6144M), 0.0431212 secs]
2021-06-26T17:53:10.682+0800: 120363.252: [GC pause (G1 Evacuation Pause) (young) 5482M->2453M(6144M), 0.0437429 secs]
2021-06-26T17:53:39.610+0800: 120392.180: [GC pause (G1 Evacuation Pause) (young) 5486M->2455M(6144M), 0.0447516 secs]
2021-06-26T17:54:17.734+0800: 120430.304: [GC pause (G1 Evacuation Pause) (young) 5505M->2458M(6144M), 0.0488848 secs]
2021-06-26T17:54:51.165+0800: 120463.735: [GC pause (G1 Evacuation Pause) (young) 5486M->2462M(6144M), 0.0460593 secs]
2021-06-26T17:55:26.103+0800: 120498.673: [GC pause (G1 Evacuation Pause) (young) 5496M->2530M(6144M), 0.0863483 secs]
2021-06-26T17:55:54.354+0800: 120526.924: [GC pause (G1 Evacuation Pause) (young) 5423M->2530M(6144M), 0.0783805 secs]
2021-06-26T17:56:06.808+0800: 120539.378: [GC pause (G1 Evacuation Pause) (young) 5436M->2606M(6144M), 0.1338091 secs]
2021-06-26T17:56:09.182+0800: 120541.752: [GC pause (G1 Evacuation Pause) (young) 5361M->2649M(6144M), 0.1547840 secs]
2021-06-26T17:56:10.461+0800: 120543.031: [GC pause (G1 Evacuation Pause) (young) 5301M->2640M(6144M), 0.1332060 secs]
2021-06-26T17:56:11.798+0800: 120544.367: [GC pause (G1 Evacuation Pause) (young) 5406M->2620M(6144M), 0.1090986 secs]
2021-06-26T17:56:13.060+0800: 120545.630: [GC pause (G1 Evacuation Pause) (young) 5426M->2619M(6144M), 0.0640990 secs]
2021-06-26T17:56:14.261+0800: 120546.831: [GC pause (G1 Evacuation Pause) (young) 5429M->2617M(6144M), 0.0637470 secs]
2021-06-26T17:56:15.472+0800: 120548.042: [GC pause (G1 Evacuation Pause) (young) 5431M->2618M(6144M), 0.0645472 secs]
2021-06-26T17:56:16.566+0800: 120549.136: [GC pause (G1 Evacuation Pause) (young) 5428M->2618M(6144M), 0.0640767 secs]
2021-06-26T17:56:17.793+0800: 120550.363: [GC pause (G1 Evacuation Pause) (young) 5428M->2622M(6144M), 0.0828886 secs]
2021-06-26T17:56:19.111+0800: 120551.681: [GC pause (G1 Evacuation Pause) (young) 5425M->2620M(6144M), 0.0650794 secs]
2021-06-26T17:56:20.317+0800: 120552.887: [GC pause (G1 Evacuation Pause) (young) 5426M->2619M(6144M), 0.0659292 secs]
2021-06-26T17:56:21.463+0800: 120554.033: [GC pause (G1 Evacuation Pause) (young) 5429M->2621M(6144M), 0.0653944 secs]
2021-06-26T17:56:22.667+0800: 120555.237: [GC pause (G1 Evacuation Pause) (young) 5427M->2619M(6144M), 0.0658610 secs]
2021-06-26T17:56:23.863+0800: 120556.433: [GC pause (G1 Evacuation Pause) (young) 5429M->2638M(6144M), 0.0736265 secs]
2021-06-26T17:56:25.112+0800: 120557.682: [GC pause (G1 Evacuation Pause) (young) 5419M->2665M(6144M), 0.0976293 secs]
2021-06-26T17:56:26.586+0800: 120559.156: [GC pause (G1 Evacuation Pause) (young) 5385M->2684M(6144M), 0.1087035 secs]
2021-06-26T17:56:27.977+0800: 120560.547: [GC pause (G1 Evacuation Pause) (young) 5446M->2643M(6144M), 0.0641971 secs]
2021-06-26T17:56:29.163+0800: 120561.733: [GC pause (G1 Evacuation Pause) (young) 5487M->2646M(6144M), 0.0290825 secs]
2021-06-26T17:56:44.789+0800: 120577.359: [GC pause (G1 Evacuation Pause) (young) 5494M->2653M(6144M), 0.0232259 secs]
2021-06-26T17:57:10.727+0800: 120603.297: [GC pause (G1 Evacuation Pause) (young) 5500M->2663M(6144M), 0.0274017 secs]
2021-06-26T17:57:33.740+0800: 120626.310: [GC pause (G1 Evacuation Pause) (young) 5500M->2674M(6144M), 0.0334556 secs]
2021-06-26T17:57:42.710+0800: 120635.280: [GC pause (G1 Humongous Allocation) (young) (initial-mark) 4125M->2752M(6144M), 0.0324643 secs]
2021-06-26T17:57:42.743+0800: 120635.313: [GC concurrent-root-region-scan-start]
2021-06-26T17:57:42.774+0800: 120635.344: [GC concurrent-root-region-scan-end, 0.0315176 secs]
2021-06-26T17:57:42.774+0800: 120635.344: [GC concurrent-mark-start]
2021-06-26T17:57:44.207+0800: 120636.776: [GC concurrent-mark-end, 1.4322105 secs]
2021-06-26T17:57:44.209+0800: 120636.778: [GC remark, 0.0915001 secs]
2021-06-26T17:57:44.302+0800: 120636.872: [GC cleanup 2958M->1787M(6144M), 0.0172245 secs]
2021-06-26T17:57:44.320+0800: 120636.890: [GC concurrent-cleanup-start]
2021-06-26T17:57:44.322+0800: 120636.891: [GC concurrent-cleanup-end, 0.0017736 secs]
2021-06-26T17:58:11.878+0800: 120664.447: [GC pause (G1 Evacuation Pause) (young) 4413M->1510M(6144M), 0.0484286 secs]
2021-06-26T17:58:19.211+0800: 120671.781: [GC pause (G1 Evacuation Pause) (mixed) 1780M->1023M(6144M), 0.1171827 secs]
2021-06-26T17:59:11.432+0800: 120724.002: [GC pause (G1 Evacuation Pause) (young) 4711M->1119M(6144M), 0.1127467 secs]
2021-06-26T17:59:48.985+0800: 120761.555: [GC pause (G1 Evacuation Pause) (young) 4708M->1118M(6144M), 0.0695282 secs]
2021-06-26T18:00:32.584+0800: 120805.154: [GC pause (G1 Evacuation Pause) (young) 4704M->1125M(6144M), 0.0718826 secs]
2021-06-26T18:01:22.358+0800: 120854.928: [GC pause (G1 Evacuation Pause) (young) 4718M->1126M(6144M), 0.0756592 secs]
2021-06-26T18:02:03.166+0800: 120895.736: [GC pause (G1 Evacuation Pause) (young) 4704M->1127M(6144M), 0.0746471 secs]
2021-06-26T18:02:37.252+0800: 120929.822: [GC pause (G1 Evacuation Pause) (young) 4722M->1133M(6144M), 0.0854354 secs]
2021-06-26T18:03:23.521+0800: 120976.091: [GC pause (G1 Evacuation Pause) (young) 4702M->1132M(6144M), 0.0934389 secs]
2021-06-26T18:04:01.600+0800: 121014.170: [GC pause (G1 Evacuation Pause) (young) 4745M->1135M(6144M), 0.0995344 secs]
2021-06-26T18:05:02.101+0800: 121074.670: [GC pause (G1 Evacuation Pause) (young) 4724M->1137M(6144M), 0.0854758 secs]
2021-06-26T18:05:48.895+0800: 121121.465: [GC pause (G1 Evacuation Pause) (young) 4704M->1138M(6144M), 0.0812336 secs]
2021-06-26T18:06:19.911+0800: 121152.481: [GC pause (G1 Evacuation Pause) (young) 4703M->1155M(6144M), 0.0906605 secs]
2021-06-26T18:07:07.735+0800: 121200.305: [GC pause (G1 Evacuation Pause) (young) 4706M->1141M(6144M), 0.0869163 secs]
2021-06-26T18:07:44.844+0800: 121237.414: [GC pause (G1 Evacuation Pause) (young) 4722M->1149M(6144M), 0.0917829 secs]
2021-06-26T18:08:23.993+0800: 121276.563: [GC pause (G1 Evacuation Pause) (young) 4713M->1147M(6144M), 0.0902026 secs]
2021-06-26T18:09:06.524+0800: 121319.094: [GC pause (G1 Evacuation Pause) (young) 4708M->1157M(6144M), 0.0933335 secs]
2021-06-26T18:09:46.956+0800: 121359.526: [GC pause (G1 Evacuation Pause) (young) 4724M->1150M(6144M), 0.0996557 secs]
2021-06-26T18:10:30.361+0800: 121402.931: [GC pause (G1 Evacuation Pause) (young) 4835M->1155M(6144M), 0.0637774 secs]
2021-06-26T18:11:27.353+0800: 121459.922: [GC pause (G1 Evacuation Pause) (young) 4805M->1157M(6144M), 0.0431631 secs]
2021-06-26T18:12:12.397+0800: 121504.966: [GC pause (G1 Evacuation Pause) (young) 4810M->1165M(6144M), 0.0445885 secs]
2021-06-26T18:13:02.380+0800: 121554.949: [GC pause (G1 Evacuation Pause) (young) 4819M->1165M(6144M), 0.0459790 secs]
2021-06-26T18:13:52.499+0800: 121605.069: [GC pause (G1 Evacuation Pause) (young) 4817M->1167M(6144M), 0.0433246 secs]
2021-06-26T18:14:38.945+0800: 121651.515: [GC pause (G1 Evacuation Pause) (young) 4820M->1169M(6144M), 0.0423290 secs]
2021-06-26T18:15:30.502+0800: 121703.071: [GC pause (G1 Evacuation Pause) (young) 4984M->1174M(6144M), 0.0534134 secs]
2021-06-26T18:16:21.811+0800: 121754.381: [GC pause (G1 Evacuation Pause) (young) 4814M->1170M(6144M), 0.0411418 secs]
2021-06-26T18:17:25.603+0800: 121818.173: [GC pause (G1 Evacuation Pause) (young) 4818M->1324M(6144M), 0.1322504 secs]
2021-06-26T18:18:20.514+0800: 121873.084: [GC pause (G1 Evacuation Pause) (young) 4829M->1327M(6144M), 0.1224555 secs]
2021-06-26T18:19:28.713+0800: 121941.283: [GC pause (G1 Evacuation Pause) (young) 4825M->1326M(6144M), 0.1237651 secs]
2021-06-26T18:20:09.416+0800: 121981.986: [GC pause (G1 Evacuation Pause) (young) 4824M->1332M(6144M), 0.1266097 secs]
2021-06-26T18:20:59.399+0800: 122031.969: [GC pause (G1 Evacuation Pause) (young) 4828M->1328M(6144M), 0.1248559 secs]
2021-06-26T18:21:43.178+0800: 122075.748: [GC pause (G1 Evacuation Pause) (young) 4831M->1338M(6144M), 0.1255152 secs]
2021-06-26T18:22:30.597+0800: 122123.167: [GC pause (G1 Evacuation Pause) (young) 4835M->1335M(6144M), 0.1228054 secs]
2021-06-26T18:23:33.811+0800: 122186.380: [GC pause (G1 Evacuation Pause) (young) 4836M->1340M(6144M), 0.1242271 secs]
2021-06-26T18:24:15.122+0800: 122227.692: [GC pause (G1 Evacuation Pause) (young) 4858M->1344M(6144M), 0.1292627 secs]
2021-06-26T18:24:52.719+0800: 122265.288: [GC pause (G1 Evacuation Pause) (young) 4875M->1354M(6144M), 0.1338734 secs]
2021-06-26T18:25:34.790+0800: 122307.360: [GC pause (G1 Evacuation Pause) (young) 4861M->1350M(6144M), 0.1253235 secs]
2021-06-26T18:26:17.553+0800: 122350.123: [GC pause (G1 Evacuation Pause) (young) 4853M->1358M(6144M), 0.1229571 secs]
2021-06-26T18:27:03.640+0800: 122396.210: [GC pause (G1 Evacuation Pause) (young) 4857M->1351M(6144M), 0.1214850 secs]
2021-06-26T18:27:48.173+0800: 122440.742: [GC pause (G1 Evacuation Pause) (young) 4853M->1356M(6144M), 0.1251799 secs]
2021-06-26T18:28:37.793+0800: 122490.363: [GC pause (G1 Evacuation Pause) (young) 4868M->1357M(6144M), 0.1229674 secs]
2021-06-26T18:29:23.853+0800: 122536.423: [GC pause (G1 Evacuation Pause) (young) 4857M->1391M(6144M), 0.1224287 secs]
2021-06-26T18:29:59.827+0800: 122572.397: [GC pause (G1 Evacuation Pause) (young) 5074M->1396M(6144M), 0.0750055 secs]
2021-06-26T18:30:34.415+0800: 122606.985: [GC pause (G1 Evacuation Pause) (young) 5047M->1406M(6144M), 0.0478150 secs]
2021-06-26T18:31:41.498+0800: 122674.068: [GC pause (G1 Evacuation Pause) (young) 5083M->1493M(6144M), 0.1108191 secs]
2021-06-26T18:32:26.137+0800: 122718.707: [GC pause (G1 Evacuation Pause) (young) 4849M->1493M(6144M), 0.0901529 secs]
2021-06-26T18:33:24.713+0800: 122777.283: [GC pause (G1 Evacuation Pause) (young) 5060M->1502M(6144M), 0.0944302 secs]
2021-06-26T18:34:40.217+0800: 122852.787: [GC pause (G1 Evacuation Pause) (young) 5068M->1499M(6144M), 0.0921593 secs]
2021-06-26T18:35:38.730+0800: 122911.300: [GC pause (G1 Evacuation Pause) (young) 5062M->1498M(6144M), 0.0880411 secs]
2021-06-26T18:36:42.056+0800: 122974.626: [GC pause (G1 Evacuation Pause) (young) 5067M->1508M(6144M), 0.0918489 secs]
2021-06-26T18:37:41.520+0800: 123034.090: [GC pause (G1 Evacuation Pause) (young) 5081M->1508M(6144M), 0.1009051 secs]
2021-06-26T18:38:28.811+0800: 123081.381: [GC pause (G1 Evacuation Pause) (young) 5097M->1505M(6144M), 0.0919029 secs]
2021-06-26T18:39:20.216+0800: 123132.786: [GC pause (G1 Evacuation Pause) (young) 5114M->1505M(6144M), 0.0963797 secs]
2021-06-26T18:39:50.376+0800: 123162.946: [GC pause (G1 Evacuation Pause) (young) 5103M->1510M(6144M), 0.0930061 secs]
2021-06-26T18:40:36.278+0800: 123208.848: [GC pause (G1 Evacuation Pause) (young) 5079M->1513M(6144M), 0.0873205 secs]
2021-06-26T18:41:42.046+0800: 123274.616: [GC pause (G1 Evacuation Pause) (young) 5093M->1511M(6144M), 0.0867035 secs]
2021-06-26T18:42:42.557+0800: 123335.127: [GC pause (G1 Evacuation Pause) (young) 5090M->1512M(6144M), 0.0854687 secs]
2021-06-26T18:43:45.474+0800: 123398.043: [GC pause (G1 Evacuation Pause) (young) 5083M->1513M(6144M), 0.0798897 secs]
2021-06-26T18:45:07.020+0800: 123479.590: [GC pause (G1 Evacuation Pause) (young) 5083M->1523M(6144M), 0.0849068 secs]
2021-06-26T18:46:10.194+0800: 123542.764: [GC pause (G1 Evacuation Pause) (young) 5090M->1527M(6144M), 0.0853035 secs]
2021-06-26T18:47:14.621+0800: 123607.190: [GC pause (G1 Evacuation Pause) (young) 5176M->1534M(6144M), 0.0734464 secs]
2021-06-26T18:48:24.129+0800: 123676.698: [GC pause (G1 Evacuation Pause) (young) 5352M->1533M(6144M), 0.0501404 secs]
2021-06-26T18:49:36.931+0800: 123749.501: [GC pause (G1 Evacuation Pause) (young) 5217M->1541M(6144M), 0.0448762 secs]
2021-06-26T18:50:35.613+0800: 123808.183: [GC pause (G1 Evacuation Pause) (young) 5189M->1546M(6144M), 0.0399000 secs]
2021-06-26T18:51:35.547+0800: 123868.117: [GC pause (G1 Evacuation Pause) (young) 5194M->1554M(6144M), 0.0429648 secs]
2021-06-26T18:52:35.492+0800: 123928.062: [GC pause (G1 Evacuation Pause) (young) 5201M->1550M(6144M), 0.0427973 secs]
2021-06-26T18:53:47.125+0800: 123999.695: [GC pause (G1 Evacuation Pause) (young) 5211M->1547M(6144M), 0.0425065 secs]
2021-06-26T18:54:41.445+0800: 124054.015: [GC pause (G1 Evacuation Pause) (young) 5211M->1714M(6144M), 0.1342822 secs]
2021-06-26T18:55:44.718+0800: 124117.288: [GC pause (G1 Evacuation Pause) (young) 5198M->1717M(6144M), 0.1219478 secs]
2021-06-26T18:56:45.534+0800: 124178.104: [GC pause (G1 Evacuation Pause) (young) 5209M->1722M(6144M), 0.1242301 secs]
2021-06-26T18:57:46.071+0800: 124238.641: [GC pause (G1 Evacuation Pause) (young) 5215M->1720M(6144M), 0.1216463 secs]
2021-06-26T18:59:00.834+0800: 124313.404: [GC pause (G1 Evacuation Pause) (young) 5208M->1729M(6144M), 0.1222749 secs]
2021-06-26T18:59:52.626+0800: 124365.196: [GC pause (G1 Evacuation Pause) (young) 5227M->1792M(6144M), 0.1587945 secs]
2021-06-26T19:00:47.232+0800: 124419.802: [GC pause (G1 Evacuation Pause) (young) 5222M->1734M(6144M), 0.1276198 secs]
2021-06-26T19:02:03.312+0800: 124495.881: [GC pause (G1 Evacuation Pause) (young) 5397M->1735M(6144M), 0.0618665 secs]
2021-06-26T19:03:08.089+0800: 124560.659: [GC pause (G1 Evacuation Pause) (young) 5434M->1738M(6144M), 0.0372020 secs]
2021-06-26T19:03:53.163+0800: 124605.733: [GC pause (G1 Evacuation Pause) (young) 5414M->1737M(6144M), 0.0323486 secs]
2021-06-26T19:04:51.136+0800: 124663.705: [GC pause (G1 Evacuation Pause) (young) 5433M->1737M(6144M), 0.0385403 secs]
2021-06-26T19:06:18.049+0800: 124750.619: [GC pause (G1 Evacuation Pause) (young) 5411M->1741M(6144M), 0.0345539 secs]
2021-06-26T19:07:18.169+0800: 124810.739: [GC pause (G1 Evacuation Pause) (young) 5414M->1746M(6144M), 0.0387386 secs]
2021-06-26T19:08:39.471+0800: 124892.041: [GC pause (G1 Evacuation Pause) (young) 5396M->1744M(6144M), 0.0345024 secs]
2021-06-26T19:09:36.691+0800: 124949.261: [GC pause (G1 Evacuation Pause) (young) 5405M->1746M(6144M), 0.0377538 secs]
2021-06-26T19:10:25.518+0800: 124998.088: [GC pause (G1 Evacuation Pause) (young) 5398M->1747M(6144M), 0.0363859 secs]
2021-06-26T19:12:01.926+0800: 125094.496: [GC pause (G1 Evacuation Pause) (young) 5398M->1748M(6144M), 0.0385411 secs]
2021-06-26T19:13:33.306+0800: 125185.876: [GC pause (G1 Evacuation Pause) (young) 5399M->1749M(6144M), 0.0387307 secs]
2021-06-26T19:15:11.348+0800: 125283.918: [GC pause (G1 Evacuation Pause) (young) 5399M->1750M(6144M), 0.0389032 secs]
2021-06-26T19:16:01.431+0800: 125334.001: [GC pause (G1 Evacuation Pause) (young) 5428M->1759M(6144M), 0.0478890 secs]
2021-06-26T19:17:19.361+0800: 125411.931: [GC pause (G1 Evacuation Pause) (young) 5404M->1760M(6144M), 0.0439638 secs]
2021-06-26T19:19:12.522+0800: 125525.092: [GC pause (G1 Evacuation Pause) (young) 5405M->1763M(6144M), 0.0444227 secs]
2021-06-26T19:20:37.699+0800: 125610.269: [GC pause (G1 Evacuation Pause) (young) 5409M->1769M(6144M), 0.0542481 secs]
2021-06-26T19:21:53.804+0800: 125686.374: [GC pause (G1 Evacuation Pause) (young) 5409M->1762M(6144M), 0.0481777 secs]
2021-06-26T19:23:49.578+0800: 125802.148: [GC pause (G1 Evacuation Pause) (young) 5425M->1769M(6144M), 0.0467710 secs]
2021-06-26T19:24:54.371+0800: 125866.941: [GC pause (G1 Evacuation Pause) (young) 5424M->1860M(6144M), 0.1297885 secs]
2021-06-26T19:24:57.422+0800: 125869.992: [GC pause (G1 Evacuation Pause) (young) 5413M->1868M(6144M), 0.1303752 secs]
2021-06-26T19:24:59.039+0800: 125871.609: [GC pause (G1 Evacuation Pause) (young) 5390M->1851M(6144M), 0.0873830 secs]
2021-06-26T19:25:00.614+0800: 125873.184: [GC pause (G1 Evacuation Pause) (young) 5407M->1851M(6144M), 0.0866029 secs]
2021-06-26T19:25:02.063+0800: 125874.633: [GC pause (G1 Evacuation Pause) (young) 5411M->1852M(6144M), 0.0858420 secs]
2021-06-26T19:25:03.547+0800: 125876.116: [GC pause (G1 Evacuation Pause) (young) 5412M->1854M(6144M), 0.0844586 secs]
2021-06-26T19:25:05.009+0800: 125877.579: [GC pause (G1 Evacuation Pause) (young) 5414M->1854M(6144M), 0.0985864 secs]
2021-06-26T19:25:06.481+0800: 125879.051: [GC pause (G1 Evacuation Pause) (young) 5414M->1856M(6144M), 0.0970221 secs]
2021-06-26T19:25:07.897+0800: 125880.467: [GC pause (G1 Evacuation Pause) (young) 5416M->1857M(6144M), 0.0961092 secs]
2021-06-26T19:25:09.327+0800: 125881.897: [GC pause (G1 Evacuation Pause) (young) 5417M->1860M(6144M), 0.0929701 secs]
2021-06-26T19:25:10.884+0800: 125883.454: [GC pause (G1 Evacuation Pause) (young) 5420M->1905M(6144M), 0.1394281 secs]
2021-06-26T19:25:13.000+0800: 125885.570: [GC pause (G1 Evacuation Pause) (young) 5381M->1957M(6144M), 0.1618681 secs]
2021-06-26T19:25:14.672+0800: 125887.241: [GC pause (G1 Evacuation Pause) (young) 5348M->1932M(6144M), 0.1273018 secs]
2021-06-26T19:25:16.374+0800: 125888.944: [GC pause (G1 Evacuation Pause) (young) 5360M->1920M(6144M), 0.1125906 secs]
2021-06-26T19:25:17.772+0800: 125890.342: [GC pause (G1 Evacuation Pause) (young) 5376M->1903M(6144M), 0.0962176 secs]
2021-06-26T19:25:19.118+0800: 125891.688: [GC pause (G1 Evacuation Pause) (young) 5397M->1905M(6144M), 0.1032257 secs]
2021-06-26T19:25:20.806+0800: 125893.376: [GC pause (G1 Evacuation Pause) (young) 5431M->1912M(6144M), 0.1080263 secs]
2021-06-26T19:25:22.328+0800: 125894.898: [GC pause (G1 Evacuation Pause) (young) 5476M->1912M(6144M), 0.0712292 secs]
2021-06-26T19:25:23.855+0800: 125896.425: [GC pause (G1 Evacuation Pause) (young) 5480M->1922M(6144M), 0.0414026 secs]
2021-06-26T19:25:25.249+0800: 125897.819: [GC pause (G1 Evacuation Pause) (young) 5476M->1923M(6144M), 0.0408069 secs]
2021-06-26T19:25:26.787+0800: 125899.357: [GC pause (G1 Evacuation Pause) (young) 5475M->1920M(6144M), 0.0374549 secs]
2021-06-26T19:25:28.171+0800: 125900.741: [GC pause (G1 Evacuation Pause) (young) 5480M->1920M(6144M), 0.0373714 secs]
2021-06-26T19:25:29.603+0800: 125902.173: [GC pause (G1 Evacuation Pause) (young) 5482M->1922M(6144M), 0.0393938 secs]
2021-06-26T19:25:31.041+0800: 125903.611: [GC pause (G1 Evacuation Pause) (young) 5480M->1923M(6144M), 0.0384368 secs]
2021-06-26T19:25:32.381+0800: 125904.951: [GC pause (G1 Evacuation Pause) (young) 5481M->1924M(6144M), 0.0392331 secs]
2021-06-26T19:25:33.732+0800: 125906.302: [GC pause (G1 Evacuation Pause) (young) 5478M->1922M(6144M), 0.0385020 secs]
2021-06-26T19:25:35.107+0800: 125907.676: [GC pause (G1 Evacuation Pause) (young) 5492M->1928M(6144M), 0.0397877 secs]
2021-06-26T19:25:36.591+0800: 125909.161: [GC pause (G1 Evacuation Pause) (young) 5496M->1927M(6144M), 0.0331424 secs]
2021-06-26T19:26:10.477+0800: 125943.047: [GC pause (G1 Evacuation Pause) (young) 5518M->1937M(6144M), 0.0311763 secs]
2021-06-26T19:27:28.975+0800: 126021.545: [GC pause (G1 Evacuation Pause) (young) 5512M->1941M(6144M), 0.0275729 secs]
2021-06-26T19:28:36.625+0800: 126089.195: [GC pause (G1 Evacuation Pause) (young) 5521M->1950M(6144M), 0.0330208 secs]
2021-06-26T19:29:23.890+0800: 126136.460: [GC pause (G1 Evacuation Pause) (young) 5505M->1964M(6144M), 0.0375833 secs]
2021-06-26T19:30:31.809+0800: 126204.379: [GC pause (G1 Evacuation Pause) (young) 5523M->1954M(6144M), 0.0391551 secs]
2021-06-26T19:31:26.653+0800: 126259.223: [GC pause (G1 Evacuation Pause) (young) 5531M->1963M(6144M), 0.0429179 secs]
2021-06-26T19:31:29.693+0800: 126262.262: [GC pause (G1 Evacuation Pause) (young) 2601M->1961M(6144M), 0.0304201 secs]
2021-06-26T19:31:38.321+0800: 126270.891: [GC pause (G1 Evacuation Pause) (young) 3835M->1961M(6144M), 0.0313252 secs]
2021-06-26T19:32:47.234+0800: 126339.804: [GC pause (G1 Evacuation Pause) (young) 5493M->1959M(6144M), 0.0331353 secs]
2021-06-26T19:34:09.714+0800: 126422.284: [GC pause (G1 Evacuation Pause) (young) 5525M->1959M(6144M), 0.0393324 secs]
2021-06-26T19:35:10.032+0800: 126482.602: [GC pause (G1 Evacuation Pause) (young) 5536M->1961M(6144M), 0.0415352 secs]
2021-06-26T19:36:29.501+0800: 126562.071: [GC pause (G1 Evacuation Pause) (young) 5543M->1962M(6144M), 0.0416420 secs]
2021-06-26T19:37:28.205+0800: 126620.774: [GC pause (G1 Evacuation Pause) (young) 5516M->1963M(6144M), 0.0391029 secs]
2021-06-26T19:38:38.139+0800: 126690.709: [GC pause (G1 Evacuation Pause) (young) 5525M->1960M(6144M), 0.0395014 secs]
2021-06-26T19:39:44.359+0800: 126756.929: [GC pause (G1 Evacuation Pause) (young) 5516M->1966M(6144M), 0.0414752 secs]
2021-06-26T19:41:03.609+0800: 126836.178: [GC pause (G1 Evacuation Pause) (young) 5510M->1961M(6144M), 0.0396237 secs]
2021-06-26T19:42:13.833+0800: 126906.402: [GC pause (G1 Evacuation Pause) (young) 5519M->2008M(6144M), 0.0700681 secs]
2021-06-26T19:43:15.594+0800: 126968.163: [GC pause (G1 Evacuation Pause) (young) 5476M->2012M(6144M), 0.0661187 secs]
2021-06-26T19:44:31.090+0800: 127043.660: [GC pause (G1 Evacuation Pause) (young) 5470M->2010M(6144M), 0.0616894 secs]
2021-06-26T19:45:52.191+0800: 127124.761: [GC pause (G1 Evacuation Pause) (young) 5483M->2018M(6144M), 0.0650685 secs]
2021-06-26T19:46:51.002+0800: 127183.572: [GC pause (G1 Evacuation Pause) (young) 5468M->2019M(6144M), 0.0622072 secs]
2021-06-26T19:47:36.625+0800: 127229.194: [GC pause (G1 Evacuation Pause) (young) 5455M->2015M(6144M), 0.0562110 secs]
2021-06-26T19:48:27.617+0800: 127280.187: [GC pause (G1 Evacuation Pause) (young) 5491M->2022M(6144M), 0.0650542 secs]
2021-06-26T19:49:37.737+0800: 127350.307: [GC pause (G1 Evacuation Pause) (young) 5452M->2017M(6144M), 0.0573720 secs]
2021-06-26T19:50:27.938+0800: 127400.508: [GC pause (G1 Evacuation Pause) (young) 5473M->2019M(6144M), 0.0600697 secs]
2021-06-26T19:51:20.974+0800: 127453.544: [GC pause (G1 Evacuation Pause) (young) 5456M->2051M(6144M), 0.0701476 secs]
2021-06-26T19:52:15.420+0800: 127507.990: [GC pause (G1 Evacuation Pause) (young) 5430M->2022M(6144M), 0.0566465 secs]
2021-06-26T19:53:24.085+0800: 127576.655: [GC pause (G1 Evacuation Pause) (young) 5456M->2035M(6144M), 0.0630984 secs]
2021-06-26T19:54:29.996+0800: 127642.566: [GC pause (G1 Evacuation Pause) (young) 5444M->2030M(6144M), 0.0579747 secs]
2021-06-26T19:55:45.484+0800: 127718.054: [GC pause (G1 Evacuation Pause) (young) 5464M->2029M(6144M), 0.0614817 secs]
2021-06-26T19:57:05.456+0800: 127798.026: [GC pause (G1 Evacuation Pause) (young) 5453M->2028M(6144M), 0.0577854 secs]
2021-06-26T19:58:19.589+0800: 127872.159: [GC pause (G1 Evacuation Pause) (young) 5469M->2033M(6144M), 0.0629325 secs]
2021-06-26T19:59:41.812+0800: 127954.382: [GC pause (G1 Evacuation Pause) (young) 5494M->2036M(6144M), 0.0503239 secs]
2021-06-26T20:00:42.581+0800: 128015.151: [GC pause (G1 Evacuation Pause) (young) 5498M->2044M(6144M), 0.0413357 secs]
2021-06-26T20:02:01.505+0800: 128094.075: [GC pause (G1 Evacuation Pause) (young) 5508M->2043M(6144M), 0.0408855 secs]
2021-06-26T20:02:40.985+0800: 128133.555: [GC pause (G1 Evacuation Pause) (young) 5510M->2050M(6144M), 0.0448181 secs]
2021-06-26T20:03:53.082+0800: 128205.652: [GC pause (G1 Evacuation Pause) (young) 5502M->2048M(6144M), 0.0425293 secs]
2021-06-26T20:05:19.263+0800: 128291.833: [GC pause (G1 Evacuation Pause) (young) 5494M->2050M(6144M), 0.0348170 secs]
2021-06-26T20:06:26.157+0800: 128358.727: [GC pause (G1 Evacuation Pause) (young) 5502M->2052M(6144M), 0.0375172 secs]
2021-06-26T20:07:45.536+0800: 128438.106: [GC pause (G1 Evacuation Pause) (young) 5492M->2050M(6144M), 0.0339570 secs]
2021-06-26T20:08:41.497+0800: 128494.067: [GC pause (G1 Evacuation Pause) (young) 5495M->2052M(6144M), 0.0340831 secs]
2021-06-26T20:10:00.082+0800: 128572.652: [GC pause (G1 Evacuation Pause) (young) 5496M->2055M(6144M), 0.0365837 secs]
2021-06-26T20:11:23.603+0800: 128656.173: [GC pause (G1 Evacuation Pause) (young) 5495M->2061M(6144M), 0.0392805 secs]
2021-06-26T20:12:13.973+0800: 128706.543: [GC pause (G1 Evacuation Pause) (young) 5488M->2058M(6144M), 0.0410234 secs]
2021-06-26T20:13:27.452+0800: 128780.022: [GC pause (G1 Evacuation Pause) (young) 5493M->2056M(6144M), 0.0375533 secs]
2021-06-26T20:14:51.966+0800: 128864.535: [GC pause (G1 Evacuation Pause) (young) 5503M->2055M(6144M), 0.0361040 secs]
2021-06-26T20:15:53.545+0800: 128926.114: [GC pause (G1 Evacuation Pause) (young) 5516M->2058M(6144M), 0.0405344 secs]
2021-06-26T20:17:20.355+0800: 129012.924: [GC pause (G1 Evacuation Pause) (young) 5501M->2057M(6144M), 0.0355791 secs]
2021-06-26T20:18:01.980+0800: 129054.550: [GC pause (G1 Evacuation Pause) (young) 5517M->2067M(6144M), 0.0395078 secs]
2021-06-26T20:19:09.822+0800: 129122.392: [GC pause (G1 Evacuation Pause) (young) 5497M->2067M(6144M), 0.0365405 secs]
2021-06-26T20:19:51.714+0800: 129164.284: [GC pause (G1 Evacuation Pause) (young) 5498M->2067M(6144M), 0.0358629 secs]
2021-06-26T20:20:53.437+0800: 129226.006: [GC pause (G1 Evacuation Pause) (young) 5671M->2100M(6144M), 0.0627559 secs]
2021-06-26T20:22:08.744+0800: 129301.313: [GC pause (G1 Evacuation Pause) (young) 5469M->2075M(6144M), 0.0387515 secs]
2021-06-26T20:23:30.270+0800: 129382.840: [GC pause (G1 Evacuation Pause) (young) 5497M->2069M(6144M), 0.0338927 secs]
2021-06-26T20:24:42.130+0800: 129454.700: [GC pause (G1 Evacuation Pause) (young) 5503M->2077M(6144M), 0.0346207 secs]
2021-06-26T20:26:12.847+0800: 129545.417: [GC pause (G1 Evacuation Pause) (young) 5498M->2075M(6144M), 0.0349574 secs]
2021-06-26T20:27:50.838+0800: 129643.408: [GC pause (G1 Evacuation Pause) (young) 5495M->2074M(6144M), 0.0323646 secs]
2021-06-26T20:29:15.439+0800: 129728.009: [GC pause (G1 Evacuation Pause) (young) 5498M->2083M(6144M), 0.0351612 secs]
2021-06-26T20:30:30.936+0800: 129803.505: [GC pause (G1 Evacuation Pause) (young) 5492M->2078M(6144M), 0.0332478 secs]
2021-06-26T20:32:01.474+0800: 129894.044: [GC pause (G1 Evacuation Pause) (young) 5492M->2077M(6144M), 0.0328583 secs]
2021-06-26T20:33:33.410+0800: 129985.980: [GC pause (G1 Evacuation Pause) (young) 5496M->2077M(6144M), 0.0340429 secs]
2021-06-26T20:34:31.738+0800: 130044.308: [GC pause (G1 Evacuation Pause) (young) 5509M->2079M(6144M), 0.0364969 secs]
2021-06-26T20:35:47.512+0800: 130120.082: [GC pause (G1 Evacuation Pause) (young) 5668M->2087M(6144M), 0.0454986 secs]
2021-06-26T20:37:22.726+0800: 130215.296: [GC pause (G1 Evacuation Pause) (young) 5489M->2083M(6144M), 0.0331168 secs]
2021-06-26T20:38:51.529+0800: 130304.098: [GC pause (G1 Evacuation Pause) (young) 5497M->2085M(6144M), 0.0335988 secs]
2021-06-26T20:40:10.962+0800: 130383.532: [GC pause (G1 Evacuation Pause) (young) 5499M->2084M(6144M), 0.0324613 secs]
2021-06-26T20:41:35.108+0800: 130467.678: [GC pause (G1 Evacuation Pause) (young) 5666M->2090M(6144M), 0.0436922 secs]
2021-06-26T20:42:34.173+0800: 130526.742: [GC pause (G1 Evacuation Pause) (young) 5494M->2097M(6144M), 0.0362097 secs]
2021-06-26T20:43:59.268+0800: 130611.838: [GC pause (G1 Evacuation Pause) (young) 5504M->2089M(6144M), 0.0351601 secs]
2021-06-26T20:45:18.946+0800: 130691.515: [GC pause (G1 Evacuation Pause) (young) 5499M->2094M(6144M), 0.0354858 secs]
2021-06-26T20:46:14.835+0800: 130747.405: [GC pause (G1 Evacuation Pause) (young) 5492M->2095M(6144M), 0.0349485 secs]
2021-06-26T20:47:46.869+0800: 130839.439: [GC pause (G1 Evacuation Pause) (young) 5491M->2097M(6144M), 0.0340604 secs]
2021-06-26T20:49:04.516+0800: 130917.086: [GC pause (G1 Evacuation Pause) (young) 5508M->2103M(6144M), 0.0388015 secs]
2021-06-26T20:50:22.540+0800: 130995.110: [GC pause (G1 Evacuation Pause) (young) 5490M->2104M(6144M), 0.0350864 secs]
2021-06-26T20:52:07.925+0800: 131100.495: [GC pause (G1 Evacuation Pause) (young) 5492M->2106M(6144M), 0.0337314 secs]
2021-06-26T20:53:39.386+0800: 131191.956: [GC pause (G1 Evacuation Pause) (young) 5492M->2105M(6144M), 0.0326091 secs]
2021-06-26T20:55:05.870+0800: 131278.439: [GC pause (G1 Evacuation Pause) (young) 5493M->2115M(6144M), 0.0385391 secs]
2021-06-26T20:56:09.705+0800: 131342.275: [GC pause (G1 Evacuation Pause) (young) 5494M->2109M(6144M), 0.0339559 secs]
2021-06-26T20:58:00.842+0800: 131453.412: [GC pause (G1 Evacuation Pause) (young) 5495M->2109M(6144M), 0.0323949 secs]
2021-06-26T20:59:32.898+0800: 131545.468: [GC pause (G1 Evacuation Pause) (young) 5493M->2111M(6144M), 0.0358806 secs]
2021-06-26T21:00:41.182+0800: 131613.752: [GC pause (G1 Evacuation Pause) (young) 5495M->2108M(6144M), 0.0359680 secs]
2021-06-26T21:02:18.085+0800: 131710.655: [GC pause (G1 Evacuation Pause) (young) 5522M->2111M(6144M), 0.0382839 secs]
2021-06-26T21:03:37.925+0800: 131790.495: [GC pause (G1 Evacuation Pause) (young) 5495M->2116M(6144M), 0.0374718 secs]
2021-06-26T21:05:05.047+0800: 131877.617: [GC pause (G1 Evacuation Pause) (young) 5494M->2115M(6144M), 0.0361553 secs]
2021-06-26T21:06:14.144+0800: 131946.714: [GC pause (G1 Evacuation Pause) (young) 5507M->2178M(6144M), 0.0803968 secs]
2021-06-26T21:07:27.832+0800: 132020.402: [GC pause (G1 Evacuation Pause) (young) 5434M->2180M(6144M), 0.0649675 secs]
2021-06-26T21:08:46.998+0800: 132099.568: [GC pause (G1 Evacuation Pause) (young) 5445M->2187M(6144M), 0.0676410 secs]
2021-06-26T21:09:53.514+0800: 132166.084: [GC pause (G1 Evacuation Pause) (young) 5432M->2185M(6144M), 0.0664571 secs]
2021-06-26T21:11:26.325+0800: 132258.895: [GC pause (G1 Evacuation Pause) (young) 5431M->2193M(6144M), 0.0680054 secs]
2021-06-26T21:12:40.289+0800: 132332.859: [GC pause (G1 Evacuation Pause) (young) 5436M->2191M(6144M), 0.0690648 secs]
2021-06-26T21:13:54.992+0800: 132407.562: [GC pause (G1 Evacuation Pause) (young) 5430M->2201M(6144M), 0.0705745 secs]
2021-06-26T21:15:12.650+0800: 132485.220: [GC pause (G1 Evacuation Pause) (young) 5423M->2195M(6144M), 0.0671199 secs]
2021-06-26T21:16:44.568+0800: 132577.138: [GC pause (G1 Evacuation Pause) (young) 5432M->2192M(6144M), 0.0666392 secs]
2021-06-26T21:18:05.196+0800: 132657.766: [GC pause (G1 Evacuation Pause) (young) 5562M->2325M(6144M), 0.0700381 secs]
2021-06-26T21:19:38.145+0800: 132750.715: [GC pause (G1 Evacuation Pause) (young) 5469M->2202M(6144M), 0.0809503 secs]
2021-06-26T21:20:40.239+0800: 132812.809: [GC pause (G1 Evacuation Pause) (young) 5426M->2197M(6144M), 0.0674918 secs]
2021-06-26T21:21:59.887+0800: 132892.457: [GC pause (G1 Evacuation Pause) (young) 5432M->2200M(6144M), 0.0687891 secs]
2021-06-26T21:23:32.780+0800: 132985.349: [GC pause (G1 Evacuation Pause) (young) 5438M->2207M(6144M), 0.0714453 secs]
2021-06-26T21:24:26.485+0800: 133039.055: [GC pause (G1 Evacuation Pause) (young) 5437M->2237M(6144M), 0.0945209 secs]
2021-06-26T21:25:39.110+0800: 133111.679: [GC pause (G1 Evacuation Pause) (young) 5397M->2206M(6144M), 0.0678453 secs]
2021-06-26T21:26:47.675+0800: 133180.245: [GC pause (G1 Evacuation Pause) (young) 5498M->2212M(6144M), 0.0584485 secs]
2021-06-26T21:28:13.839+0800: 133266.409: [GC pause (G1 Evacuation Pause) (young) 5497M->2220M(6144M), 0.0354228 secs]
2021-06-26T21:29:46.219+0800: 133358.789: [GC pause (G1 Evacuation Pause) (young) 5492M->2219M(6144M), 0.0337526 secs]
2021-06-26T21:31:02.564+0800: 133435.134: [GC pause (G1 Evacuation Pause) (young) 5497M->2222M(6144M), 0.0362062 secs]
2021-06-26T21:31:56.315+0800: 133488.885: [GC pause (G1 Evacuation Pause) (young) 5498M->2227M(6144M), 0.0350254 secs]
2021-06-26T21:33:06.021+0800: 133558.591: [GC pause (G1 Evacuation Pause) (young) 5504M->2228M(6144M), 0.0375856 secs]
2021-06-26T21:34:04.923+0800: 133617.493: [GC pause (G1 Evacuation Pause) (young) 5502M->2227M(6144M), 0.0348248 secs]
2021-06-26T21:35:04.196+0800: 133676.766: [GC pause (G1 Evacuation Pause) (young) 5495M->2226M(6144M), 0.0320154 secs]
2021-06-26T21:36:12.768+0800: 133745.338: [GC pause (G1 Evacuation Pause) (young) 5496M->2233M(6144M), 0.0340947 secs]
2021-06-26T21:37:11.484+0800: 133804.054: [GC pause (G1 Evacuation Pause) (young) 5491M->2230M(6144M), 0.0323558 secs]
2021-06-26T21:38:19.527+0800: 133872.097: [GC pause (G1 Evacuation Pause) (young) 5496M->2234M(6144M), 0.0328595 secs]
2021-06-26T21:39:24.769+0800: 133937.338: [GC pause (G1 Evacuation Pause) (young) 5494M->2238M(6144M), 0.0380611 secs]
2021-06-26T21:40:38.026+0800: 134010.596: [GC pause (G1 Evacuation Pause) (young) 5499M->2238M(6144M), 0.0357590 secs]
2021-06-26T21:41:42.225+0800: 134074.795: [GC pause (G1 Evacuation Pause) (young) 5495M->2234M(6144M), 0.0309625 secs]
2021-06-26T21:42:51.734+0800: 134144.304: [GC pause (G1 Evacuation Pause) (young) 5499M->2246M(6144M), 0.0370953 secs]
2021-06-26T21:44:18.314+0800: 134230.884: [GC pause (G1 Evacuation Pause) (young) 5488M->2234M(6144M), 0.0321100 secs]
2021-06-26T21:45:14.868+0800: 134287.438: [GC pause (G1 Evacuation Pause) (young) 5502M->2315M(6144M), 0.0753705 secs]
2021-06-26T21:46:13.901+0800: 134346.471: [GC pause (G1 Evacuation Pause) (young) 5436M->2307M(6144M), 0.0716958 secs]
2021-06-26T21:47:29.587+0800: 134422.157: [GC pause (G1 Evacuation Pause) (young) 5427M->2312M(6144M), 0.0688029 secs]
2021-06-26T21:48:25.513+0800: 134478.083: [GC pause (G1 Evacuation Pause) (young) 5425M->2306M(6144M), 0.0643598 secs]
2021-06-26T21:49:35.613+0800: 134548.183: [GC pause (G1 Evacuation Pause) (young) 5433M->2308M(6144M), 0.0644457 secs]
2021-06-26T21:50:35.074+0800: 134607.644: [GC pause (G1 Evacuation Pause) (young) 5432M->2315M(6144M), 0.0676695 secs]
2021-06-26T21:52:02.932+0800: 134695.502: [GC pause (G1 Evacuation Pause) (young) 5425M->2312M(6144M), 0.0647359 secs]
2021-06-26T21:53:19.878+0800: 134772.447: [GC pause (G1 Evacuation Pause) (young) 5455M->2312M(6144M), 0.0680067 secs]
2021-06-26T21:54:21.534+0800: 134834.104: [GC pause (G1 Evacuation Pause) (young) 5600M->2313M(6144M), 0.0734302 secs]
2021-06-26T21:55:20.112+0800: 134892.681: [GC pause (G1 Evacuation Pause) (young) 5443M->2348M(6144M), 0.0844545 secs]
2021-06-26T21:56:20.157+0800: 134952.727: [GC pause (G1 Evacuation Pause) (young) 5410M->2319M(6144M), 0.0684609 secs]
2021-06-26T21:57:28.563+0800: 135021.133: [GC pause (G1 Evacuation Pause) (young) 5436M->2317M(6144M), 0.0673055 secs]
2021-06-26T21:58:38.475+0800: 135091.045: [GC pause (G1 Evacuation Pause) (young) 5435M->2318M(6144M), 0.0661973 secs]
2021-06-26T21:59:47.697+0800: 135160.267: [GC pause (G1 Evacuation Pause) (young) 5432M->2320M(6144M), 0.0662386 secs]
2021-06-26T22:00:47.002+0800: 135219.572: [GC pause (G1 Evacuation Pause) (young) 5433M->2326M(6144M), 0.0661359 secs]
2021-06-26T22:02:08.162+0800: 135300.732: [GC pause (G1 Evacuation Pause) (young) 5431M->2330M(6144M), 0.0680128 secs]
2021-06-26T22:03:50.764+0800: 135403.334: [GC pause (G1 Evacuation Pause) (young) 5496M->2329M(6144M), 0.0554350 secs]
2021-06-26T22:05:12.838+0800: 135485.408: [GC pause (G1 Evacuation Pause) (young) 5501M->2339M(6144M), 0.0336342 secs]
2021-06-26T22:06:28.818+0800: 135561.388: [GC pause (G1 Evacuation Pause) (young) 5509M->2345M(6144M), 0.0348708 secs]
2021-06-26T22:07:59.445+0800: 135652.015: [GC pause (G1 Evacuation Pause) (young) 5496M->2342M(6144M), 0.0332944 secs]
2021-06-26T22:09:12.204+0800: 135724.774: [GC pause (G1 Evacuation Pause) (young) 5509M->2346M(6144M), 0.0343929 secs]
2021-06-26T22:10:26.145+0800: 135798.715: [GC pause (G1 Evacuation Pause) (young) 5495M->2341M(6144M), 0.0298607 secs]
2021-06-26T22:11:44.893+0800: 135877.462: [GC pause (G1 Evacuation Pause) (young) 5514M->2345M(6144M), 0.0347096 secs]
2021-06-26T22:13:14.077+0800: 135966.647: [GC pause (G1 Evacuation Pause) (young) 5508M->2343M(6144M), 0.0305290 secs]
2021-06-26T22:14:23.074+0800: 136035.644: [GC pause (G1 Evacuation Pause) (young) 5502M->2348M(6144M), 0.0318201 secs]
2021-06-26T22:15:50.887+0800: 136123.457: [GC pause (G1 Evacuation Pause) (young) 5504M->2353M(6144M), 0.0346076 secs]
2021-06-26T22:17:05.372+0800: 136197.942: [GC pause (G1 Evacuation Pause) (young) 5497M->2352M(6144M), 0.0317817 secs]
2021-06-26T22:18:05.495+0800: 136258.065: [GC pause (G1 Evacuation Pause) (young) 5496M->2352M(6144M), 0.0311532 secs]
2021-06-26T22:19:40.295+0800: 136352.865: [GC pause (G1 Evacuation Pause) (young) 5501M->2353M(6144M), 0.0316447 secs]
2021-06-26T22:20:31.149+0800: 136403.719: [GC pause (G1 Evacuation Pause) (young) 5668M->2351M(6144M), 0.0394641 secs]
2021-06-26T22:21:58.885+0800: 136491.455: [GC pause (G1 Evacuation Pause) (young) 5676M->2351M(6144M), 0.0403245 secs]
2021-06-26T22:23:33.285+0800: 136585.855: [GC pause (G1 Evacuation Pause) (young) 5503M->2358M(6144M), 0.0331636 secs]
2021-06-26T22:25:12.934+0800: 136685.504: [GC pause (G1 Evacuation Pause) (young) 5496M->2361M(6144M), 0.0341481 secs]
2021-06-26T22:26:36.094+0800: 136768.664: [GC pause (G1 Evacuation Pause) (young) 5503M->2358M(6144M), 0.0311350 secs]
2021-06-26T22:28:08.602+0800: 136861.172: [GC pause (G1 Evacuation Pause) (young) 5500M->2360M(6144M), 0.0307362 secs]
2021-06-26T22:29:45.946+0800: 136958.516: [GC pause (G1 Evacuation Pause) (young) 5500M->2360M(6144M), 0.0324506 secs]
2021-06-26T22:30:54.320+0800: 137026.890: [GC pause (G1 Evacuation Pause) (young) 5503M->2388M(6144M), 0.0435420 secs]
2021-06-26T22:32:03.388+0800: 137095.958: [GC pause (G1 Evacuation Pause) (young) 5488M->2365M(6144M), 0.0342435 secs]
2021-06-26T22:33:39.162+0800: 137191.732: [GC pause (G1 Evacuation Pause) (young) 5504M->2369M(6144M), 0.0325230 secs]
2021-06-26T22:35:08.439+0800: 137281.009: [GC pause (G1 Evacuation Pause) (young) 5496M->2369M(6144M), 0.0308688 secs]
2021-06-26T22:36:28.145+0800: 137360.715: [GC pause (G1 Evacuation Pause) (young) 5499M->2366M(6144M), 0.0306591 secs]
2021-06-26T22:37:57.703+0800: 137450.273: [GC pause (G1 Evacuation Pause) (young) 5503M->2374M(6144M), 0.0343503 secs]
2021-06-26T22:39:38.916+0800: 137551.486: [GC pause (G1 Evacuation Pause) (young) 5497M->2368M(6144M), 0.0301605 secs]
2021-06-26T22:41:02.917+0800: 137635.486: [GC pause (G1 Evacuation Pause) (young) 5500M->2378M(6144M), 0.0337986 secs]
2021-06-26T22:42:10.032+0800: 137702.602: [GC pause (G1 Evacuation Pause) (young) 5495M->2374M(6144M), 0.0316886 secs]
2021-06-26T22:43:35.581+0800: 137788.151: [GC pause (G1 Evacuation Pause) (young) 5502M->2373M(6144M), 0.0316869 secs]
2021-06-26T22:45:04.886+0800: 137877.456: [GC pause (G1 Evacuation Pause) (young) 5503M->2376M(6144M), 0.0310769 secs]
2021-06-26T22:46:22.280+0800: 137954.850: [GC pause (G1 Evacuation Pause) (young) 5501M->2380M(6144M), 0.0321335 secs]
2021-06-26T22:47:58.139+0800: 138050.709: [GC pause (G1 Evacuation Pause) (young) 5498M->2377M(6144M), 0.0298545 secs]
2021-06-26T22:49:08.384+0800: 138120.954: [GC pause (G1 Evacuation Pause) (young) 5514M->2374M(6144M), 0.0298964 secs]
2021-06-26T22:50:13.145+0800: 138185.715: [GC pause (G1 Evacuation Pause) (young) 5520M->2380M(6144M), 0.0350791 secs]
2021-06-26T22:51:34.130+0800: 138266.699: [GC pause (G1 Evacuation Pause) (young) 5516M->2378M(6144M), 0.0307751 secs]
2021-06-26T22:53:04.569+0800: 138357.139: [GC pause (G1 Evacuation Pause) (young) 5506M->2380M(6144M), 0.0266822 secs]
2021-06-26T22:54:12.861+0800: 138425.431: [GC pause (G1 Evacuation Pause) (young) 5523M->2386M(6144M), 0.0336580 secs]
2021-06-26T22:55:50.807+0800: 138523.377: [GC pause (G1 Evacuation Pause) (young) 5501M->2384M(6144M), 0.0280429 secs]
2021-06-26T22:57:10.369+0800: 138602.939: [GC pause (G1 Evacuation Pause) (young) 5524M->2386M(6144M), 0.0320652 secs]
2021-06-26T22:58:19.998+0800: 138672.568: [GC pause (G1 Evacuation Pause) (young) 5508M->2390M(6144M), 0.0319978 secs]
2021-06-26T22:59:49.563+0800: 138762.133: [GC pause (G1 Evacuation Pause) (young) 5498M->2389M(6144M), 0.0280292 secs]
2021-06-26T23:01:34.160+0800: 138866.730: [GC pause (G1 Evacuation Pause) (young) 5512M->2391M(6144M), 0.0312678 secs]
2021-06-26T23:02:48.884+0800: 138941.454: [GC pause (G1 Evacuation Pause) (young) 5534M->2394M(6144M), 0.0359825 secs]
2021-06-26T23:04:16.583+0800: 139029.153: [GC pause (G1 Evacuation Pause) (young) 5498M->2397M(6144M), 0.0311300 secs]
2021-06-26T23:05:52.128+0800: 139124.698: [GC pause (G1 Evacuation Pause) (young) 5505M->2394M(6144M), 0.0309749 secs]
2021-06-26T23:07:32.091+0800: 139224.661: [GC pause (G1 Evacuation Pause) (young) 5500M->2400M(6144M), 0.0308102 secs]
2021-06-26T23:08:38.029+0800: 139290.598: [GC pause (G1 Evacuation Pause) (young) 5495M->2396M(6144M), 0.0302179 secs]
2021-06-26T23:10:19.564+0800: 139392.134: [GC pause (G1 Evacuation Pause) (young) 5496M->2395M(6144M), 0.0295610 secs]
2021-06-26T23:11:55.855+0800: 139488.425: [GC pause (G1 Evacuation Pause) (young) 5504M->2397M(6144M), 0.0288327 secs]
2021-06-26T23:13:29.022+0800: 139581.592: [GC pause (G1 Evacuation Pause) (young) 5500M->2406M(6144M), 0.0321112 secs]
2021-06-26T23:15:06.172+0800: 139678.742: [GC pause (G1 Evacuation Pause) (young) 5492M->2401M(6144M), 0.0290767 secs]
2021-06-26T23:16:28.643+0800: 139761.213: [GC pause (G1 Evacuation Pause) (young) 5497M->2404M(6144M), 0.0314021 secs]
2021-06-26T23:17:56.790+0800: 139849.360: [GC pause (G1 Evacuation Pause) (young) 5499M->2404M(6144M), 0.0311343 secs]
2021-06-26T23:19:39.729+0800: 139952.299: [GC pause (G1 Evacuation Pause) (young) 5505M->2401M(6144M), 0.0281608 secs]
2021-06-26T23:21:08.375+0800: 140040.945: [GC pause (G1 Evacuation Pause) (young) 5508M->2405M(6144M), 0.0287893 secs]
2021-06-26T23:22:30.723+0800: 140123.293: [GC pause (G1 Evacuation Pause) (young) 5503M->2411M(6144M), 0.0298351 secs]
2021-06-26T23:24:01.127+0800: 140213.697: [GC pause (G1 Evacuation Pause) (young) 5514M->2414M(6144M), 0.0321011 secs]
2021-06-26T23:25:25.290+0800: 140297.860: [GC pause (G1 Evacuation Pause) (young) 5520M->2406M(6144M), 0.0293425 secs]
2021-06-26T23:27:06.599+0800: 140399.169: [GC pause (G1 Evacuation Pause) (young) 5518M->2411M(6144M), 0.0274848 secs]
2021-06-26T23:28:21.588+0800: 140474.158: [GC pause (G1 Evacuation Pause) (young) 5507M->2417M(6144M), 0.0279654 secs]
2021-06-26T23:29:50.578+0800: 140563.148: [GC pause (G1 Evacuation Pause) (young) 5501M->2415M(6144M), 0.0274026 secs]
2021-06-26T23:31:09.593+0800: 140642.163: [GC pause (G1 Evacuation Pause) (young) 5504M->2417M(6144M), 0.0273283 secs]
2021-06-26T23:32:15.852+0800: 140708.422: [GC pause (G1 Evacuation Pause) (young) 5505M->2420M(6144M), 0.0279936 secs]
2021-06-26T23:33:47.722+0800: 140800.292: [GC pause (G1 Evacuation Pause) (young) 5505M->2421M(6144M), 0.0290940 secs]
2021-06-26T23:35:14.911+0800: 140887.481: [GC pause (G1 Evacuation Pause) (young) 5499M->2417M(6144M), 0.0272936 secs]
2021-06-26T23:36:29.955+0800: 140962.525: [GC pause (G1 Evacuation Pause) (young) 5505M->2429M(6144M), 0.0320582 secs]
2021-06-26T23:38:02.975+0800: 141055.545: [GC pause (G1 Evacuation Pause) (young) 5495M->2430M(6144M), 0.0313656 secs]
2021-06-26T23:39:37.901+0800: 141150.471: [GC pause (G1 Evacuation Pause) (young) 5499M->2420M(6144M), 0.0291795 secs]
2021-06-26T23:41:13.156+0800: 141245.725: [GC pause (G1 Evacuation Pause) (young) 5505M->2428M(6144M), 0.0315005 secs]
2021-06-26T23:42:17.328+0800: 141309.898: [GC pause (G1 Evacuation Pause) (young) 5498M->2431M(6144M), 0.0322903 secs]
2021-06-26T23:43:58.863+0800: 141411.433: [GC pause (G1 Evacuation Pause) (young) 5499M->2427M(6144M), 0.0305410 secs]
2021-06-26T23:45:19.092+0800: 141491.662: [GC pause (G1 Evacuation Pause) (young) 5500M->2428M(6144M), 0.0293991 secs]
2021-06-26T23:46:42.477+0800: 141575.047: [GC pause (G1 Evacuation Pause) (young) 5500M->2427M(6144M), 0.0284816 secs]
2021-06-26T23:48:34.408+0800: 141686.978: [GC pause (G1 Evacuation Pause) (young) 5505M->2425M(6144M), 0.0268102 secs]
2021-06-26T23:50:14.536+0800: 141787.106: [GC pause (G1 Evacuation Pause) (young) 5518M->2435M(6144M), 0.0310073 secs]
2021-06-26T23:51:48.689+0800: 141881.259: [GC pause (G1 Evacuation Pause) (young) 5509M->2434M(6144M), 0.0306907 secs]
2021-06-26T23:53:24.590+0800: 141977.159: [GC pause (G1 Evacuation Pause) (young) 5500M->2445M(6144M), 0.0315539 secs]
2021-06-26T23:54:31.351+0800: 142043.921: [GC pause (G1 Evacuation Pause) (young) 5502M->2439M(6144M), 0.0318615 secs]
2021-06-26T23:56:05.629+0800: 142138.199: [GC pause (G1 Evacuation Pause) (young) 5504M->2445M(6144M), 0.0338526 secs]
2021-06-26T23:57:44.729+0800: 142237.299: [GC pause (G1 Evacuation Pause) (young) 5495M->2436M(6144M), 0.0280317 secs]
2021-06-26T23:59:17.696+0800: 142330.265: [GC pause (G1 Evacuation Pause) (young) 5506M->2439M(6144M), 0.0254490 secs]
2021-06-27T00:00:35.294+0800: 142407.864: [GC pause (G1 Evacuation Pause) (young) 5503M->2446M(6144M), 0.0294883 secs]
2021-06-27T00:01:36.702+0800: 142469.272: [GC pause (G1 Evacuation Pause) (young) 5498M->2444M(6144M), 0.0277732 secs]
2021-06-27T00:03:10.581+0800: 142563.151: [GC pause (G1 Evacuation Pause) (young) 5502M->2444M(6144M), 0.0264129 secs]
2021-06-27T00:04:27.554+0800: 142640.124: [GC pause (G1 Evacuation Pause) (young) 5512M->2441M(6144M), 0.0261415 secs]
2021-06-27T00:05:51.608+0800: 142724.178: [GC pause (G1 Evacuation Pause) (young) 5505M->2446M(6144M), 0.0278835 secs]
2021-06-27T00:07:21.216+0800: 142813.786: [GC pause (G1 Evacuation Pause) (young) 5504M->2449M(6144M), 0.0276121 secs]
2021-06-27T00:08:44.169+0800: 142896.739: [GC pause (G1 Evacuation Pause) (young) 5503M->2443M(6144M), 0.0248481 secs]
2021-06-27T00:10:38.361+0800: 143010.931: [GC pause (G1 Evacuation Pause) (young) 5508M->2445M(6144M), 0.0255196 secs]
2021-06-27T00:11:46.559+0800: 143079.129: [GC pause (G1 Evacuation Pause) (young) 5505M->2447M(6144M), 0.0251006 secs]
2021-06-27T00:13:15.913+0800: 143168.483: [GC pause (G1 Evacuation Pause) (young) 5505M->2452M(6144M), 0.0279040 secs]
2021-06-27T00:15:11.045+0800: 143283.614: [GC pause (G1 Evacuation Pause) (young) 5504M->2457M(6144M), 0.0287157 secs]
2021-06-27T00:16:31.370+0800: 143363.940: [GC pause (G1 Evacuation Pause) (young) 5503M->2456M(6144M), 0.0274693 secs]
2021-06-27T00:18:08.140+0800: 143460.710: [GC pause (G1 Evacuation Pause) (young) 5504M->2451M(6144M), 0.0233039 secs]
2021-06-27T00:19:46.239+0800: 143558.809: [GC pause (G1 Evacuation Pause) (young) 5509M->2460M(6144M), 0.0270197 secs]
2021-06-27T00:21:42.883+0800: 143675.452: [GC pause (G1 Evacuation Pause) (young) 5502M->2456M(6144M), 0.0226335 secs]
2021-06-27T00:23:14.102+0800: 143766.672: [GC pause (G1 Evacuation Pause) (young) 5508M->2453M(6144M), 0.0221591 secs]
2021-06-27T00:24:22.978+0800: 143835.548: [GC pause (G1 Evacuation Pause) (young) 5509M->2454M(6144M), 0.0234847 secs]
2021-06-27T00:25:58.913+0800: 143931.483: [GC pause (G1 Evacuation Pause) (young) 5510M->2453M(6144M), 0.0214566 secs]
2021-06-27T00:27:24.976+0800: 144017.546: [GC pause (G1 Evacuation Pause) (young) 5511M->2461M(6144M), 0.0253660 secs]
2021-06-27T00:28:48.635+0800: 144101.205: [GC pause (G1 Evacuation Pause) (young) 5506M->2459M(6144M), 0.0242934 secs]
2021-06-27T00:30:27.357+0800: 144199.927: [GC pause (G1 Evacuation Pause) (young) 5507M->2454M(6144M), 0.0223356 secs]
2021-06-27T00:32:11.330+0800: 144303.900: [GC pause (G1 Evacuation Pause) (young) 5512M->2457M(6144M), 0.0212609 secs]
2021-06-27T00:33:45.630+0800: 144398.200: [GC pause (G1 Evacuation Pause) (young) 5511M->2458M(6144M), 0.0216549 secs]
2021-06-27T00:35:08.721+0800: 144481.291: [GC pause (G1 Evacuation Pause) (young) 5512M->2464M(6144M), 0.0246346 secs]
2021-06-27T00:37:03.418+0800: 144595.988: [GC pause (G1 Evacuation Pause) (young) 5506M->2459M(6144M), 0.0215788 secs]
2021-06-27T00:38:21.899+0800: 144674.468: [GC pause (G1 Evacuation Pause) (young) 5511M->2468M(6144M), 0.0251505 secs]
2021-06-27T00:40:00.699+0800: 144773.269: [GC pause (G1 Evacuation Pause) (young) 5505M->2460M(6144M), 0.0224441 secs]
2021-06-27T00:41:43.664+0800: 144876.234: [GC pause (G1 Evacuation Pause) (young) 5512M->2461M(6144M), 0.0223038 secs]
2021-06-27T00:43:07.768+0800: 144960.337: [GC pause (G1 Evacuation Pause) (young) 5509M->2465M(6144M), 0.0246600 secs]
2021-06-27T00:44:31.860+0800: 145044.430: [GC pause (G1 Evacuation Pause) (young) 5509M->2462M(6144M), 0.0217496 secs]
2021-06-27T00:46:19.198+0800: 145151.768: [GC pause (G1 Evacuation Pause) (young) 5508M->2464M(6144M), 0.0224503 secs]
2021-06-27T00:47:46.440+0800: 145239.009: [GC pause (G1 Evacuation Pause) (young) 5506M->2464M(6144M), 0.0218904 secs]
2021-06-27T00:49:38.190+0800: 145350.760: [GC pause (G1 Evacuation Pause) (young) 5510M->2460M(6144M), 0.0215957 secs]
2021-06-27T00:51:04.460+0800: 145437.030: [GC pause (G1 Evacuation Pause) (young) 5514M->2464M(6144M), 0.0211406 secs]
2021-06-27T00:52:18.882+0800: 145511.452: [GC pause (G1 Evacuation Pause) (young) 5508M->2462M(6144M), 0.0203408 secs]
2021-06-27T00:54:21.441+0800: 145634.011: [GC pause (G1 Evacuation Pause) (young) 5514M->2465M(6144M), 0.0220127 secs]
2021-06-27T00:56:23.029+0800: 145755.598: [GC pause (G1 Evacuation Pause) (young) 5513M->2463M(6144M), 0.0201280 secs]
2021-06-27T00:57:59.890+0800: 145852.460: [GC pause (G1 Evacuation Pause) (young) 5513M->2464M(6144M), 0.0187345 secs]
2021-06-27T00:59:24.498+0800: 145937.067: [GC pause (G1 Evacuation Pause) (young) 5514M->2474M(6144M), 0.0233103 secs]
2021-06-27T01:00:43.450+0800: 146016.020: [GC pause (G1 Evacuation Pause) (young) 5504M->2464M(6144M), 0.0198893 secs]
2021-06-27T01:02:18.505+0800: 146111.075: [GC pause (G1 Evacuation Pause) (young) 5514M->2467M(6144M), 0.0222694 secs]
2021-06-27T01:04:05.468+0800: 146218.037: [GC pause (G1 Evacuation Pause) (young) 5513M->2468M(6144M), 0.0206101 secs]
2021-06-27T01:05:42.761+0800: 146315.331: [GC pause (G1 Evacuation Pause) (young) 5512M->2473M(6144M), 0.0220107 secs]
2021-06-27T01:07:37.345+0800: 146429.915: [GC pause (G1 Evacuation Pause) (young) 5507M->2473M(6144M), 0.0218399 secs]
2021-06-27T01:09:17.637+0800: 146530.207: [GC pause (G1 Evacuation Pause) (young) 5507M->2471M(6144M), 0.0200327 secs]
2021-06-27T01:10:36.482+0800: 146609.052: [GC pause (G1 Evacuation Pause) (young) 5509M->2468M(6144M), 0.0195743 secs]
2021-06-27T01:12:13.268+0800: 146705.838: [GC pause (G1 Evacuation Pause) (young) 5514M->2473M(6144M), 0.0214408 secs]
2021-06-27T01:14:05.033+0800: 146817.603: [GC pause (G1 Evacuation Pause) (young) 5511M->2472M(6144M), 0.0209925 secs]
2021-06-27T01:15:54.127+0800: 146926.697: [GC pause (G1 Evacuation Pause) (young) 5510M->2468M(6144M), 0.0181834 secs]
2021-06-27T01:17:31.311+0800: 147023.881: [GC pause (G1 Evacuation Pause) (young) 5512M->2472M(6144M), 0.0202275 secs]
2021-06-27T01:19:12.138+0800: 147124.708: [GC pause (G1 Evacuation Pause) (young) 5508M->2469M(6144M), 0.0180946 secs]
2021-06-27T01:20:34.873+0800: 147207.443: [GC pause (G1 Evacuation Pause) (young) 5513M->2473M(6144M), 0.0202355 secs]
2021-06-27T01:22:12.858+0800: 147305.427: [GC pause (G1 Evacuation Pause) (young) 5509M->2470M(6144M), 0.0185447 secs]
2021-06-27T01:24:01.002+0800: 147413.572: [GC pause (G1 Evacuation Pause) (young) 5514M->2469M(6144M), 0.0178470 secs]
2021-06-27T01:25:34.426+0800: 147506.996: [GC pause (G1 Evacuation Pause) (young) 5513M->2475M(6144M), 0.0202631 secs]
2021-06-27T01:27:35.166+0800: 147627.736: [GC pause (G1 Evacuation Pause) (young) 5511M->2471M(6144M), 0.0184653 secs]
2021-06-27T01:29:02.990+0800: 147715.560: [GC pause (G1 Evacuation Pause) (young) 5517M->2482M(6144M), 0.0227918 secs]
2021-06-27T01:30:37.372+0800: 147809.941: [GC pause (G1 Evacuation Pause) (young) 5506M->2475M(6144M), 0.0184976 secs]
2021-06-27T01:32:19.285+0800: 147911.855: [GC pause (G1 Evacuation Pause) (young) 5515M->2477M(6144M), 0.0195758 secs]
2021-06-27T01:34:01.549+0800: 148014.119: [GC pause (G1 Evacuation Pause) (young) 5513M->2477M(6144M), 0.0189652 secs]
2021-06-27T01:35:39.092+0800: 148111.662: [GC pause (G1 Evacuation Pause) (young) 5511M->2475M(6144M), 0.0182441 secs]
2021-06-27T01:37:13.822+0800: 148206.392: [GC pause (G1 Evacuation Pause) (young) 5513M->2475M(6144M), 0.0199194 secs]
2021-06-27T01:38:32.722+0800: 148285.292: [GC pause (G1 Evacuation Pause) (young) 5513M->2481M(6144M), 0.0213758 secs]
2021-06-27T01:40:16.940+0800: 148389.510: [GC pause (G1 Evacuation Pause) (young) 5507M->2479M(6144M), 0.0204802 secs]
2021-06-27T01:41:39.241+0800: 148471.811: [GC pause (G1 Evacuation Pause) (young) 5510M->2480M(6144M), 0.0228365 secs]
2021-06-27T01:43:33.822+0800: 148586.392: [GC pause (G1 Evacuation Pause) (young) 5510M->2476M(6144M), 0.0198313 secs]
2021-06-27T01:45:13.366+0800: 148685.936: [GC pause (G1 Evacuation Pause) (young) 5514M->2480M(6144M), 0.0212814 secs]
2021-06-27T01:47:13.107+0800: 148805.677: [GC pause (G1 Evacuation Pause) (young) 5510M->2484M(6144M), 0.0228937 secs]
2021-06-27T01:49:04.869+0800: 148917.439: [GC pause (G1 Evacuation Pause) (young) 5506M->2482M(6144M), 0.0239024 secs]
2021-06-27T01:50:44.620+0800: 149017.190: [GC pause (G1 Evacuation Pause) (young) 5508M->2480M(6144M), 0.0225538 secs]
2021-06-27T01:52:18.831+0800: 149111.401: [GC pause (G1 Evacuation Pause) (young) 5512M->2477M(6144M), 0.0195019 secs]
2021-06-27T01:53:55.362+0800: 149207.932: [GC pause (G1 Evacuation Pause) (young) 5513M->2478M(6144M), 0.0190394 secs]
2021-06-27T01:55:21.234+0800: 149293.804: [GC pause (G1 Evacuation Pause) (young) 5514M->2479M(6144M), 0.0194377 secs]
2021-06-27T01:57:12.594+0800: 149405.164: [GC pause (G1 Evacuation Pause) (young) 5513M->2484M(6144M), 0.0211251 secs]
2021-06-27T01:58:26.500+0800: 149479.070: [GC pause (G1 Evacuation Pause) (young) 5510M->2479M(6144M), 0.0191022 secs]
2021-06-27T02:00:12.932+0800: 149585.502: [GC pause (G1 Evacuation Pause) (young) 5513M->2479M(6144M), 0.0186338 secs]
2021-06-27T02:01:40.826+0800: 149673.395: [GC pause (G1 Evacuation Pause) (young) 5513M->2486M(6144M), 0.0223817 secs]
2021-06-27T02:03:18.614+0800: 149771.184: [GC pause (G1 Evacuation Pause) (young) 5506M->2485M(6144M), 0.0206558 secs]
2021-06-27T02:05:09.340+0800: 149881.909: [GC pause (G1 Evacuation Pause) (young) 5509M->2485M(6144M), 0.0200563 secs]
2021-06-27T02:07:07.281+0800: 149999.851: [GC pause (G1 Evacuation Pause) (young) 5509M->2486M(6144M), 0.0199835 secs]
2021-06-27T02:08:23.034+0800: 150075.603: [GC pause (G1 Evacuation Pause) (young) 5512M->2488M(6144M), 0.0214235 secs]
2021-06-27T02:09:58.817+0800: 150171.387: [GC pause (G1 Evacuation Pause) (young) 5508M->2485M(6144M), 0.0169988 secs]
2021-06-27T02:11:43.666+0800: 150276.236: [GC pause (G1 Evacuation Pause) (young) 5513M->2489M(6144M), 0.0192947 secs]
2021-06-27T02:13:25.491+0800: 150378.061: [GC pause (G1 Evacuation Pause) (young) 5509M->2485M(6144M), 0.0173072 secs]
2021-06-27T02:15:22.828+0800: 150495.398: [GC pause (G1 Evacuation Pause) (young) 5513M->2489M(6144M), 0.0195890 secs]
2021-06-27T02:17:30.148+0800: 150622.718: [GC pause (G1 Evacuation Pause) (young) 5509M->2482M(6144M), 0.0172818 secs]
2021-06-27T02:18:40.110+0800: 150692.680: [GC pause (G1 Evacuation Pause) (young) 5516M->2491M(6144M), 0.0208942 secs]
2021-06-27T02:20:33.497+0800: 150806.067: [GC pause (G1 Evacuation Pause) (young) 5507M->2486M(6144M), 0.0185988 secs]
2021-06-27T02:22:13.946+0800: 150906.516: [GC pause (G1 Evacuation Pause) (young) 5514M->2490M(6144M), 0.0211375 secs]
2021-06-27T02:23:21.541+0800: 150974.111: [GC pause (G1 Evacuation Pause) (young) 5510M->2486M(6144M), 0.0179526 secs]
2021-06-27T02:24:30.100+0800: 151042.670: [GC pause (G1 Evacuation Pause) (young) 5512M->2486M(6144M), 0.0186151 secs]
2021-06-27T02:26:11.279+0800: 151143.849: [GC pause (G1 Evacuation Pause) (young) 5512M->2487M(6144M), 0.0185085 secs]
2021-06-27T02:27:42.965+0800: 151235.535: [GC pause (G1 Evacuation Pause) (young) 5513M->2489M(6144M), 0.0192246 secs]
2021-06-27T02:29:32.306+0800: 151344.876: [GC pause (G1 Evacuation Pause) (young) 5511M->2491M(6144M), 0.0202612 secs]
2021-06-27T02:31:17.374+0800: 151449.944: [GC pause (G1 Evacuation Pause) (young) 5509M->2491M(6144M), 0.0194936 secs]
2021-06-27T02:32:36.789+0800: 151529.359: [GC pause (G1 Evacuation Pause) (young) 5513M->2488M(6144M), 0.0183800 secs]
2021-06-27T02:34:13.018+0800: 151625.587: [GC pause (G1 Evacuation Pause) (young) 5514M->2496M(6144M), 0.0218504 secs]
2021-06-27T02:35:49.610+0800: 151722.180: [GC pause (G1 Evacuation Pause) (young) 5504M->2488M(6144M), 0.0176241 secs]
2021-06-27T02:37:33.686+0800: 151826.256: [GC pause (G1 Evacuation Pause) (young) 5512M->2489M(6144M), 0.0187843 secs]
2021-06-27T02:39:23.905+0800: 151936.475: [GC pause (G1 Evacuation Pause) (young) 5513M->2497M(6144M), 0.0223802 secs]
2021-06-27T02:41:05.166+0800: 152037.736: [GC pause (G1 Evacuation Pause) (young) 5505M->2489M(6144M), 0.0183116 secs]
2021-06-27T02:42:16.706+0800: 152109.276: [GC pause (G1 Evacuation Pause) (young) 5513M->2497M(6144M), 0.0219439 secs]
2021-06-27T02:44:04.018+0800: 152216.588: [GC pause (G1 Evacuation Pause) (young) 5505M->2494M(6144M), 0.0209415 secs]
2021-06-27T02:45:58.198+0800: 152330.767: [GC pause (G1 Evacuation Pause) (young) 5510M->2491M(6144M), 0.0200620 secs]
2021-06-27T02:47:27.291+0800: 152419.861: [GC pause (G1 Evacuation Pause) (young) 5511M->2493M(6144M), 0.0207764 secs]
2021-06-27T02:49:04.927+0800: 152517.497: [GC pause (G1 Evacuation Pause) (young) 5509M->2490M(6144M), 0.0194178 secs]
2021-06-27T02:50:37.284+0800: 152609.854: [GC pause (G1 Evacuation Pause) (young) 5512M->2495M(6144M), 0.0209737 secs]
2021-06-27T02:52:03.360+0800: 152695.930: [GC pause (G1 Evacuation Pause) (young) 5509M->2497M(6144M), 0.0214908 secs]
2021-06-27T02:53:25.345+0800: 152777.915: [GC pause (G1 Evacuation Pause) (young) 5507M->2492M(6144M), 0.0189960 secs]
2021-06-27T02:55:09.331+0800: 152881.901: [GC pause (G1 Evacuation Pause) (young) 5512M->2497M(6144M), 0.0198150 secs]
2021-06-27T02:56:37.517+0800: 152970.087: [GC pause (G1 Evacuation Pause) (young) 5509M->2493M(6144M), 0.0172312 secs]
2021-06-27T02:58:33.725+0800: 153086.295: [GC pause (G1 Evacuation Pause) (young) 5513M->2501M(6144M), 0.0214286 secs]
2021-06-27T03:00:16.783+0800: 153189.353: [GC pause (G1 Evacuation Pause) (young) 5505M->2497M(6144M), 0.0204701 secs]
2021-06-27T03:00:49.210+0800: 153221.779: [GC pause (G1 Evacuation Pause) (young) 5517M->2497M(6144M), 0.0230054 secs]
2021-06-27T03:01:22.888+0800: 153255.458: [GC pause (G1 Evacuation Pause) (young) 5513M->2501M(6144M), 0.0226089 secs]
2021-06-27T03:01:48.789+0800: 153281.359: [GC pause (G1 Evacuation Pause) (young) 5510M->2508M(6144M), 0.0253063 secs]
2021-06-27T03:02:08.879+0800: 153301.449: [GC pause (G1 Evacuation Pause) (young) 5553M->2518M(6144M), 0.0373697 secs]
2021-06-27T03:02:31.012+0800: 153323.581: [GC pause (G1 Evacuation Pause) (young) 5511M->2511M(6144M), 0.0274733 secs]
2021-06-27T03:03:34.225+0800: 153386.794: [GC pause (G1 Evacuation Pause) (young) 5519M->2513M(6144M), 0.0278834 secs]
2021-06-27T03:05:16.470+0800: 153489.040: [GC pause (G1 Evacuation Pause) (young) 5497M->2519M(6144M), 0.0263802 secs]
2021-06-27T03:07:14.564+0800: 153607.134: [GC pause (G1 Evacuation Pause) (young) 5491M->2513M(6144M), 0.0240235 secs]
2021-06-27T03:09:02.425+0800: 153714.994: [GC pause (G1 Evacuation Pause) (young) 5497M->2514M(6144M), 0.0248278 secs]
2021-06-27T03:10:19.651+0800: 153792.220: [GC pause (G1 Evacuation Pause) (young) 5498M->2517M(6144M), 0.0263381 secs]
2021-06-27T03:11:46.631+0800: 153879.201: [GC pause (G1 Evacuation Pause) (young) 5493M->2515M(6144M), 0.0259563 secs]
2021-06-27T03:13:14.148+0800: 153966.718: [GC pause (G1 Evacuation Pause) (young) 5499M->2519M(6144M), 0.0287276 secs]
2021-06-27T03:15:16.604+0800: 154089.174: [GC pause (G1 Evacuation Pause) (young) 5495M->2515M(6144M), 0.0271491 secs]
2021-06-27T03:16:02.334+0800: 154134.904: [GC pause (G1 Evacuation Pause) (young) 5499M->2534M(6144M), 0.0414625 secs]
2021-06-27T03:16:46.289+0800: 154178.858: [GC pause (G1 Evacuation Pause) (young) 5503M->2526M(6144M), 0.0436864 secs]
2021-06-27T03:17:56.455+0800: 154249.025: [GC pause (G1 Evacuation Pause) (young) 5484M->2518M(6144M), 0.0342842 secs]
2021-06-27T03:19:51.327+0800: 154363.897: [GC pause (G1 Evacuation Pause) (young) 5498M->2515M(6144M), 0.0291197 secs]
2021-06-27T03:21:20.648+0800: 154453.218: [GC pause (G1 Evacuation Pause) (young) 5501M->2513M(6144M), 0.0275487 secs]
2021-06-27T03:23:06.189+0800: 154558.759: [GC pause (G1 Evacuation Pause) (young) 5505M->2515M(6144M), 0.0283797 secs]
2021-06-27T03:24:24.620+0800: 154637.190: [GC pause (G1 Evacuation Pause) (young) 5505M->2521M(6144M), 0.0293365 secs]
2021-06-27T03:26:03.831+0800: 154736.401: [GC pause (G1 Evacuation Pause) (young) 5501M->2524M(6144M), 0.0298950 secs]
2021-06-27T03:28:09.133+0800: 154861.703: [GC pause (G1 Evacuation Pause) (young) 5500M->2519M(6144M), 0.0282237 secs]
2021-06-27T03:29:55.874+0800: 154968.443: [GC pause (G1 Evacuation Pause) (young) 5506M->2518M(6144M), 0.0265608 secs]
2021-06-27T03:31:45.111+0800: 155077.681: [GC pause (G1 Evacuation Pause) (young) 5508M->2520M(6144M), 0.0274645 secs]
2021-06-27T03:33:21.114+0800: 155173.684: [GC pause (G1 Evacuation Pause) (young) 5506M->2519M(6144M), 0.0249384 secs]
2021-06-27T03:35:03.718+0800: 155276.287: [GC pause (G1 Evacuation Pause) (young) 5509M->2526M(6144M), 0.0287326 secs]
2021-06-27T03:36:21.135+0800: 155353.705: [GC pause (G1 Evacuation Pause) (young) 5500M->2519M(6144M), 0.0254609 secs]
2021-06-27T03:38:17.927+0800: 155470.497: [GC pause (G1 Evacuation Pause) (young) 5507M->2519M(6144M), 0.0257752 secs]
2021-06-27T03:39:47.239+0800: 155559.809: [GC pause (G1 Evacuation Pause) (young) 5507M->2523M(6144M), 0.0262394 secs]
2021-06-27T03:41:23.453+0800: 155656.022: [GC pause (G1 Evacuation Pause) (young) 5505M->2523M(6144M), 0.0262080 secs]
2021-06-27T03:42:35.612+0800: 155728.182: [GC pause (G1 Evacuation Pause) (young) 5509M->2524M(6144M), 0.0233466 secs]
2021-06-27T03:44:26.050+0800: 155838.620: [GC pause (G1 Evacuation Pause) (young) 5512M->2527M(6144M), 0.0221896 secs]
2021-06-27T03:46:09.230+0800: 155941.800: [GC pause (G1 Evacuation Pause) (young) 5509M->2529M(6144M), 0.0205104 secs]
2021-06-27T03:47:48.920+0800: 156041.490: [GC pause (G1 Evacuation Pause) (young) 5511M->2524M(6144M), 0.0185774 secs]
2021-06-27T03:49:33.470+0800: 156146.040: [GC pause (G1 Evacuation Pause) (young) 5514M->2526M(6144M), 0.0184869 secs]
2021-06-27T03:50:41.950+0800: 156214.520: [GC pause (G1 Evacuation Pause) (young) 5512M->2530M(6144M), 0.0226192 secs]
2021-06-27T03:51:57.463+0800: 156290.033: [GC pause (G1 Evacuation Pause) (young) 5508M->2534M(6144M), 0.0243785 secs]
2021-06-27T03:54:08.274+0800: 156420.844: [GC pause (G1 Evacuation Pause) (young) 5502M->2534M(6144M), 0.0229352 secs]
2021-06-27T03:55:48.765+0800: 156521.335: [GC pause (G1 Evacuation Pause) (young) 5504M->2536M(6144M), 0.0226509 secs]
2021-06-27T03:57:45.682+0800: 156638.252: [GC pause (G1 Evacuation Pause) (young) 5506M->2531M(6144M), 0.0188542 secs]
2021-06-27T03:59:26.745+0800: 156739.315: [GC pause (G1 Evacuation Pause) (young) 5513M->2536M(6144M), 0.0202984 secs]
2021-06-27T04:01:03.510+0800: 156836.080: [GC pause (G1 Evacuation Pause) (young) 5528M->2540M(6144M), 0.0295031 secs]
2021-06-27T04:02:10.603+0800: 156903.173: [GC pause (G1 Evacuation Pause) (young) 5500M->2540M(6144M), 0.0254013 secs]
2021-06-27T04:03:55.445+0800: 157008.015: [GC pause (G1 Evacuation Pause) (young) 5500M->2537M(6144M), 0.0226144 secs]
2021-06-27T04:05:47.282+0800: 157119.852: [GC pause (G1 Evacuation Pause) (young) 5505M->2538M(6144M), 0.0222942 secs]
2021-06-27T04:07:24.885+0800: 157217.455: [GC pause (G1 Evacuation Pause) (young) 5506M->2547M(6144M), 0.0275358 secs]
2021-06-27T04:08:36.335+0800: 157288.905: [GC pause (G1 Evacuation Pause) (young) 5495M->2541M(6144M), 0.0240327 secs]
2021-06-27T04:10:08.844+0800: 157381.414: [GC pause (G1 Evacuation Pause) (young) 5501M->2542M(6144M), 0.0254291 secs]
2021-06-27T04:11:47.753+0800: 157480.323: [GC pause (G1 Evacuation Pause) (young) 5502M->2538M(6144M), 0.0236210 secs]
2021-06-27T04:14:01.403+0800: 157613.973: [GC pause (G1 Evacuation Pause) (young) 5506M->2546M(6144M), 0.0274664 secs]
2021-06-27T04:15:34.576+0800: 157707.146: [GC pause (G1 Evacuation Pause) (young) 5498M->2543M(6144M), 0.0259010 secs]
2021-06-27T04:17:23.484+0800: 157816.054: [GC pause (G1 Evacuation Pause) (young) 5505M->2538M(6144M), 0.0235885 secs]
2021-06-27T04:18:33.065+0800: 157885.635: [GC pause (G1 Evacuation Pause) (young) 5512M->2542M(6144M), 0.0220966 secs]
2021-06-27T04:20:00.514+0800: 157973.083: [GC pause (G1 Evacuation Pause) (young) 5510M->2547M(6144M), 0.0225956 secs]
2021-06-27T04:21:20.514+0800: 158053.084: [GC pause (G1 Evacuation Pause) (young) 5505M->2547M(6144M), 0.0244063 secs]
2021-06-27T04:22:49.454+0800: 158142.024: [GC pause (G1 Evacuation Pause) (young) 5505M->2547M(6144M), 0.0229480 secs]
2021-06-27T04:24:19.866+0800: 158232.435: [GC pause (G1 Evacuation Pause) (young) 5505M->2545M(6144M), 0.0237428 secs]
2021-06-27T04:25:54.153+0800: 158326.722: [GC pause (G1 Evacuation Pause) (young) 5511M->2545M(6144M), 0.0242096 secs]
2021-06-27T04:27:26.863+0800: 158419.433: [GC pause (G1 Evacuation Pause) (young) 5526M->2605M(6144M), 0.0606214 secs]
2021-06-27T04:29:07.781+0800: 158520.350: [GC pause (G1 Evacuation Pause) (young) 5453M->2612M(6144M), 0.0536810 secs]
2021-06-27T04:30:12.474+0800: 158585.044: [GC pause (G1 Evacuation Pause) (young) 5448M->2607M(6144M), 0.0525317 secs]
2021-06-27T04:32:09.408+0800: 158701.978: [GC pause (G1 Evacuation Pause) (young) 5451M->2608M(6144M), 0.0523977 secs]
2021-06-27T04:33:40.678+0800: 158793.248: [GC pause (G1 Evacuation Pause) (young) 5452M->2607M(6144M), 0.0525680 secs]
2021-06-27T04:35:16.156+0800: 158888.726: [GC pause (G1 Evacuation Pause) (young) 5453M->2606M(6144M), 0.0505631 secs]
2021-06-27T04:37:03.534+0800: 158996.104: [GC pause (G1 Evacuation Pause) (young) 5456M->2609M(6144M), 0.0507925 secs]
2021-06-27T04:38:30.258+0800: 159082.828: [GC pause (G1 Evacuation Pause) (young) 5451M->2608M(6144M), 0.0514693 secs]
2021-06-27T04:39:56.433+0800: 159169.003: [GC pause (G1 Evacuation Pause) (young) 5454M->2613M(6144M), 0.0533638 secs]
2021-06-27T04:41:37.494+0800: 159270.064: [GC pause (G1 Evacuation Pause) (young) 5451M->2606M(6144M), 0.0497107 secs]
2021-06-27T04:43:19.457+0800: 159372.027: [GC pause (G1 Evacuation Pause) (young) 5454M->2611M(6144M), 0.0509249 secs]
2021-06-27T04:44:29.240+0800: 159441.810: [GC pause (G1 Evacuation Pause) (young) 5455M->2614M(6144M), 0.0504461 secs]
2021-06-27T04:46:18.892+0800: 159551.462: [GC pause (G1 Evacuation Pause) (young) 5452M->2616M(6144M), 0.0529109 secs]
2021-06-27T04:47:51.486+0800: 159644.055: [GC pause (G1 Evacuation Pause) (young) 5452M->2610M(6144M), 0.0470862 secs]
2021-06-27T04:49:21.076+0800: 159733.646: [GC pause (G1 Evacuation Pause) (young) 5458M->2615M(6144M), 0.0498095 secs]
2021-06-27T04:50:37.270+0800: 159809.840: [GC pause (G1 Evacuation Pause) (young) 5455M->2611M(6144M), 0.0497478 secs]
2021-06-27T04:52:10.305+0800: 159902.875: [GC pause (G1 Evacuation Pause) (young) 5515M->2622M(6144M), 0.0410370 secs]
2021-06-27T04:53:36.491+0800: 159989.061: [GC pause (G1 Evacuation Pause) (young) 5510M->2622M(6144M), 0.0179039 secs]
2021-06-27T04:55:34.554+0800: 160107.124: [GC pause (G1 Evacuation Pause) (young) 5514M->2626M(6144M), 0.0183067 secs]
2021-06-27T04:57:12.737+0800: 160205.307: [GC pause (G1 Evacuation Pause) (young) 5514M->2630M(6144M), 0.0197479 secs]
2021-06-27T04:59:01.165+0800: 160313.734: [GC pause (G1 Evacuation Pause) (young) 5508M->2628M(6144M), 0.0184278 secs]
2021-06-27T05:00:20.946+0800: 160393.516: [GC pause (G1 Evacuation Pause) (young) 5510M->2630M(6144M), 0.0181051 secs]
2021-06-27T05:02:00.948+0800: 160493.518: [GC pause (G1 Evacuation Pause) (young) 5512M->2626M(6144M), 0.0166444 secs]
2021-06-27T05:03:25.784+0800: 160578.354: [GC pause (G1 Evacuation Pause) (young) 5526M->2632M(6144M), 0.0231915 secs]
2021-06-27T05:04:38.312+0800: 160650.882: [GC pause (G1 Evacuation Pause) (young) 5510M->2628M(6144M), 0.0202445 secs]
2021-06-27T05:05:57.485+0800: 160730.055: [GC pause (G1 Evacuation Pause) (young) 5514M->2630M(6144M), 0.0202827 secs]
2021-06-27T05:07:39.262+0800: 160831.832: [GC pause (G1 Evacuation Pause) (young) 5512M->2630M(6144M), 0.0200993 secs]
2021-06-27T05:09:25.694+0800: 160938.264: [GC pause (G1 Evacuation Pause) (young) 5512M->2640M(6144M), 0.0261118 secs]
2021-06-27T05:10:26.017+0800: 160998.587: [GC pause (G1 Evacuation Pause) (young) 5530M->2688M(6144M), 0.0599696 secs]
2021-06-27T05:12:01.127+0800: 161093.697: [GC pause (G1 Evacuation Pause) (young) 5454M->2689M(6144M), 0.0500477 secs]
2021-06-27T05:13:55.552+0800: 161208.122: [GC pause (G1 Evacuation Pause) (young) 5455M->2690M(6144M), 0.0518558 secs]
2021-06-27T05:15:11.950+0800: 161284.520: [GC pause (G1 Evacuation Pause) (young) 5452M->2693M(6144M), 0.0519213 secs]
2021-06-27T05:16:16.478+0800: 161349.048: [GC pause (G1 Evacuation Pause) (young) 5451M->2695M(6144M), 0.0536453 secs]
2021-06-27T05:18:01.345+0800: 161453.915: [GC pause (G1 Evacuation Pause) (young) 5447M->2689M(6144M), 0.0508362 secs]
2021-06-27T05:19:45.809+0800: 161558.379: [GC pause (G1 Evacuation Pause) (young) 5453M->2690M(6144M), 0.0512835 secs]
2021-06-27T05:21:14.859+0800: 161647.429: [GC pause (G1 Evacuation Pause) (young) 5454M->2696M(6144M), 0.0523243 secs]
2021-06-27T05:22:25.118+0800: 161717.688: [GC pause (G1 Evacuation Pause) (young) 5448M->2699M(6144M), 0.0553651 secs]
2021-06-27T05:23:54.161+0800: 161806.731: [GC pause (G1 Evacuation Pause) (young) 5446M->2695M(6144M), 0.0539522 secs]
2021-06-27T05:25:35.416+0800: 161907.986: [GC pause (G1 Evacuation Pause) (young) 5450M->2695M(6144M), 0.0544705 secs]
2021-06-27T05:27:03.177+0800: 161995.747: [GC pause (G1 Evacuation Pause) (young) 5451M->2694M(6144M), 0.0518183 secs]
2021-06-27T05:28:18.670+0800: 162071.240: [GC pause (G1 Evacuation Pause) (young) 5454M->2697M(6144M), 0.0529138 secs]
2021-06-27T05:29:25.747+0800: 162138.317: [GC pause (G1 Evacuation Pause) (young) 5451M->2703M(6144M), 0.0567932 secs]
2021-06-27T05:30:25.129+0800: 162197.699: [GC pause (G1 Evacuation Pause) (young) 5446M->2709M(6144M), 0.0607453 secs]
2021-06-27T05:31:40.583+0800: 162273.153: [GC pause (G1 Evacuation Pause) (young) 5439M->2704M(6144M), 0.0571990 secs]
2021-06-27T05:33:09.690+0800: 162362.260: [GC pause (G1 Evacuation Pause) (young) 5506M->2712M(6144M), 0.0481399 secs]
2021-06-27T05:34:07.567+0800: 162420.137: [GC pause (G1 Evacuation Pause) (young) 5502M->2712M(6144M), 0.0251221 secs]
2021-06-27T05:35:29.592+0800: 162502.162: [GC pause (G1 Evacuation Pause) (young) 5506M->2777M(6144M), 0.0596079 secs]
2021-06-27T05:36:27.993+0800: 162560.563: [GC pause (G1 Evacuation Pause) (young) 5460M->2775M(6144M), 0.0582981 secs]
2021-06-27T05:37:59.434+0800: 162652.004: [GC pause (G1 Evacuation Pause) (young) 5449M->2777M(6144M), 0.0577771 secs]
2021-06-27T05:39:37.250+0800: 162749.820: [GC pause (G1 Evacuation Pause) (young) 5447M->2776M(6144M), 0.0570311 secs]
2021-06-27T05:41:08.092+0800: 162840.662: [GC pause (G1 Evacuation Pause) (young) 5446M->2783M(6144M), 0.0579755 secs]
2021-06-27T05:42:01.974+0800: 162894.544: [GC pause (G1 Evacuation Pause) (young) 5453M->2782M(6144M), 0.0611572 secs]
2021-06-27T05:43:18.934+0800: 162971.504: [GC pause (G1 Evacuation Pause) (young) 5445M->2777M(6144M), 0.0556997 secs]
2021-06-27T05:44:23.229+0800: 163035.799: [GC pause (G1 Evacuation Pause) (young) 5448M->2779M(6144M), 0.0548653 secs]
2021-06-27T05:45:57.260+0800: 163129.830: [GC pause (G1 Evacuation Pause) (young) 5449M->2786M(6144M), 0.0571282 secs]
2021-06-27T05:47:20.089+0800: 163212.659: [GC pause (G1 Evacuation Pause) (young) 5444M->2785M(6144M), 0.0553820 secs]
2021-06-27T05:48:26.871+0800: 163279.440: [GC pause (G1 Evacuation Pause) (young) 5445M->2782M(6144M), 0.0525358 secs]
2021-06-27T05:49:57.807+0800: 163370.377: [GC pause (G1 Evacuation Pause) (young) 5452M->2788M(6144M), 0.0511860 secs]
2021-06-27T05:51:19.395+0800: 163451.965: [GC pause (G1 Evacuation Pause) (young) 5448M->2791M(6144M), 0.0523756 secs]
2021-06-27T05:52:39.963+0800: 163532.532: [GC pause (G1 Evacuation Pause) (young) 5445M->2787M(6144M), 0.0489686 secs]
2021-06-27T05:54:04.849+0800: 163617.419: [GC pause (G1 Evacuation Pause) (young) 5453M->2784M(6144M), 0.0468256 secs]
2021-06-27T05:55:37.703+0800: 163710.273: [GC pause (G1 Evacuation Pause) (young) 5454M->2789M(6144M), 0.0504642 secs]
2021-06-27T05:57:05.666+0800: 163798.236: [GC pause (G1 Evacuation Pause) (young) (initial-mark) 5511M->2795M(6144M), 0.0470549 secs]
2021-06-27T05:57:05.713+0800: 163798.283: [GC concurrent-root-region-scan-start]
2021-06-27T05:57:05.733+0800: 163798.303: [GC concurrent-root-region-scan-end, 0.0198190 secs]
2021-06-27T05:57:05.733+0800: 163798.303: [GC concurrent-mark-start]
2021-06-27T05:57:07.037+0800: 163799.606: [GC concurrent-mark-end, 1.3036927 secs]
2021-06-27T05:57:07.039+0800: 163799.608: [GC remark, 0.1780628 secs]
2021-06-27T05:57:07.219+0800: 163799.789: [GC cleanup 2828M->1928M(6144M), 0.0199138 secs]
2021-06-27T05:57:07.239+0800: 163799.809: [GC concurrent-cleanup-start]
2021-06-27T05:57:07.240+0800: 163799.810: [GC concurrent-cleanup-end, 0.0012137 secs]
2021-06-27T05:58:16.622+0800: 163869.192: [GC pause (G1 Evacuation Pause) (young) 4609M->1898M(6144M), 0.0206093 secs]
2021-06-27T05:58:31.168+0800: 163883.738: [GC pause (G1 Evacuation Pause) (mixed) 2190M->1331M(6144M), 0.0560327 secs]
2021-06-27T05:58:34.681+0800: 163887.251: [GC pause (G1 Evacuation Pause) (mixed) 1619M->1048M(6144M), 0.1238383 secs]
2021-06-27T06:00:25.474+0800: 163998.044: [GC pause (G1 Evacuation Pause) (young) 4716M->1050M(6144M), 0.0632947 secs]
2021-06-27T06:02:17.186+0800: 164109.756: [GC pause (G1 Evacuation Pause) (young) 4718M->1057M(6144M), 0.0234279 secs]
2021-06-27T06:03:49.146+0800: 164201.716: [GC pause (G1 Evacuation Pause) (young) 4723M->1057M(6144M), 0.0214962 secs]
2021-06-27T06:05:55.655+0800: 164328.225: [GC pause (G1 Evacuation Pause) (young) 4727M->1055M(6144M), 0.0199195 secs]
2021-06-27T06:07:34.382+0800: 164426.952: [GC pause (G1 Evacuation Pause) (young) 4729M->1060M(6144M), 0.0224137 secs]
2021-06-27T06:09:41.640+0800: 164554.210: [GC pause (G1 Evacuation Pause) (young) 4728M->1055M(6144M), 0.0202978 secs]
2021-06-27T06:11:23.469+0800: 164656.039: [GC pause (G1 Evacuation Pause) (young) 4729M->1062M(6144M), 0.0229845 secs]
2021-06-27T06:13:04.733+0800: 164757.303: [GC pause (G1 Evacuation Pause) (young) 4732M->1062M(6144M), 0.0234270 secs]
2021-06-27T06:14:20.435+0800: 164833.005: [GC pause (G1 Evacuation Pause) (young) 4730M->1058M(6144M), 0.0220845 secs]
2021-06-27T06:16:20.588+0800: 164953.158: [GC pause (G1 Evacuation Pause) (young) 4730M->1058M(6144M), 0.0223004 secs]
2021-06-27T06:17:58.808+0800: 165051.377: [GC pause (G1 Evacuation Pause) (young) 4730M->1061M(6144M), 0.0227417 secs]
2021-06-27T06:19:41.060+0800: 165153.629: [GC pause (G1 Evacuation Pause) (young) 4740M->1063M(6144M), 0.0248969 secs]
2021-06-27T06:21:29.767+0800: 165262.337: [GC pause (G1 Evacuation Pause) (young) 4731M->1064M(6144M), 0.0240534 secs]
2021-06-27T06:23:40.568+0800: 165393.138: [GC pause (G1 Evacuation Pause) (young) 4732M->1064M(6144M), 0.0232503 secs]
2021-06-27T06:25:06.807+0800: 165479.376: [GC pause (G1 Evacuation Pause) (young) 4732M->1076M(6144M), 0.0303112 secs]
2021-06-27T06:26:26.267+0800: 165558.837: [GC pause (G1 Evacuation Pause) (young) 4732M->1064M(6144M), 0.0251710 secs]
2021-06-27T06:28:04.488+0800: 165657.058: [GC pause (G1 Evacuation Pause) (young) 4734M->1093M(6144M), 0.0902389 secs]
2021-06-27T06:30:07.002+0800: 165779.572: [GC pause (G1 Evacuation Pause) (young) 4735M->1071M(6144M), 0.0273321 secs]
2021-06-27T06:31:41.365+0800: 165873.935: [GC pause (G1 Evacuation Pause) (young) 4735M->1067M(6144M), 0.0258282 secs]
2021-06-27T06:33:28.691+0800: 165981.261: [GC pause (G1 Evacuation Pause) (young) 4735M->1069M(6144M), 0.0274940 secs]
2021-06-27T06:35:45.938+0800: 166118.508: [GC pause (G1 Evacuation Pause) (young) 4735M->1074M(6144M), 0.0290469 secs]
2021-06-27T06:36:45.724+0800: 166178.294: [GC pause (G1 Evacuation Pause) (young) 4736M->1122M(6144M), 0.0655364 secs]
2021-06-27T06:38:19.040+0800: 166271.610: [GC pause (G1 Evacuation Pause) (young) 4738M->1075M(6144M), 0.0279441 secs]
2021-06-27T06:40:05.197+0800: 166377.767: [GC pause (G1 Evacuation Pause) (young) 4739M->1071M(6144M), 0.0254561 secs]
2021-06-27T06:41:23.403+0800: 166455.973: [GC pause (G1 Evacuation Pause) (young) 4739M->1095M(6144M), 0.0354612 secs]
2021-06-27T06:42:30.970+0800: 166523.540: [GC pause (G1 Evacuation Pause) (young) 4740M->1074M(6144M), 0.0266483 secs]
2021-06-27T06:43:59.504+0800: 166612.074: [GC pause (G1 Evacuation Pause) (young) 4740M->1076M(6144M), 0.0267668 secs]
2021-06-27T06:45:12.902+0800: 166685.472: [GC pause (G1 Evacuation Pause) (young) 4754M->1154M(6144M), 0.0744885 secs]
2021-06-27T06:46:16.565+0800: 166749.135: [GC pause (G1 Evacuation Pause) (young) 4768M->1140M(6144M), 0.0647984 secs]
2021-06-27T06:47:44.824+0800: 166837.394: [GC pause (G1 Evacuation Pause) (young) 4744M->1134M(6144M), 0.0563894 secs]
2021-06-27T06:49:02.457+0800: 166915.027: [GC pause (G1 Evacuation Pause) (young) 4744M->1139M(6144M), 0.0577094 secs]
2021-06-27T06:50:30.390+0800: 167002.960: [GC pause (G1 Evacuation Pause) (young) 4746M->1138M(6144M), 0.0582255 secs]
2021-06-27T06:51:54.228+0800: 167086.798: [GC pause (G1 Evacuation Pause) (young) 4746M->1140M(6144M), 0.0571026 secs]
2021-06-27T06:53:08.091+0800: 167160.661: [GC pause (G1 Evacuation Pause) (young) 4757M->1145M(6144M), 0.0595782 secs]
2021-06-27T06:54:32.258+0800: 167244.828: [GC pause (G1 Evacuation Pause) (young) 4758M->1140M(6144M), 0.0560262 secs]
2021-06-27T06:55:58.498+0800: 167331.068: [GC pause (G1 Evacuation Pause) (young) 4762M->1140M(6144M), 0.0560368 secs]
2021-06-27T06:57:35.697+0800: 167428.267: [GC pause (G1 Evacuation Pause) (young) 4750M->1144M(6144M), 0.0555710 secs]
2021-06-27T06:58:33.238+0800: 167485.808: [GC pause (G1 Evacuation Pause) (young) 4750M->1147M(6144M), 0.0557721 secs]
2021-06-27T07:00:21.567+0800: 167594.137: [GC pause (G1 Evacuation Pause) (young) 4763M->1145M(6144M), 0.0577155 secs]
2021-06-27T07:01:34.171+0800: 167666.741: [GC pause (G1 Evacuation Pause) (young) 4751M->1145M(6144M), 0.0539379 secs]
2021-06-27T07:02:41.815+0800: 167734.384: [GC pause (G1 Evacuation Pause) (young) 4752M->1143M(6144M), 0.0533212 secs]
2021-06-27T07:04:17.197+0800: 167829.767: [GC pause (G1 Evacuation Pause) (young) 4754M->1151M(6144M), 0.0561693 secs]
2021-06-27T07:05:39.324+0800: 167911.893: [GC pause (G1 Evacuation Pause) (young) 4778M->1148M(6144M), 0.0604817 secs]
2021-06-27T07:06:49.257+0800: 167981.827: [GC pause (G1 Evacuation Pause) (young) 4824M->1157M(6144M), 0.0479400 secs]
2021-06-27T07:07:57.320+0800: 168049.890: [GC pause (G1 Evacuation Pause) (young) 4828M->1162M(6144M), 0.0305561 secs]
2021-06-27T07:08:46.162+0800: 168098.732: [GC pause (G1 Evacuation Pause) (young) 4833M->1180M(6144M), 0.0366547 secs]
2021-06-27T07:09:58.895+0800: 168171.465: [GC pause (G1 Evacuation Pause) (young) 4828M->1165M(6144M), 0.0276810 secs]
2021-06-27T07:11:17.565+0800: 168250.135: [GC pause (G1 Evacuation Pause) (young) 4844M->1165M(6144M), 0.0311898 secs]
2021-06-27T07:12:26.123+0800: 168318.693: [GC pause (G1 Evacuation Pause) (young) 4828M->1175M(6144M), 0.0321118 secs]
2021-06-27T07:13:39.552+0800: 168392.122: [GC pause (G1 Evacuation Pause) (young) 4841M->1164M(6144M), 0.0297290 secs]
2021-06-27T07:15:18.071+0800: 168490.641: [GC pause (G1 Evacuation Pause) (young) 4831M->1167M(6144M), 0.0292406 secs]
2021-06-27T07:16:28.581+0800: 168561.151: [GC pause (G1 Evacuation Pause) (young) 4829M->1171M(6144M), 0.0305325 secs]
2021-06-27T07:17:59.744+0800: 168652.314: [GC pause (G1 Evacuation Pause) (young) 4830M->1171M(6144M), 0.0299071 secs]
2021-06-27T07:19:29.603+0800: 168742.173: [GC pause (G1 Evacuation Pause) (young) 4838M->1175M(6144M), 0.0350341 secs]
2021-06-27T07:20:31.078+0800: 168803.648: [GC pause (G1 Evacuation Pause) (young) 4831M->1175M(6144M), 0.0320070 secs]
2021-06-27T07:21:54.483+0800: 168887.053: [GC pause (G1 Evacuation Pause) (young) 4832M->1170M(6144M), 0.0296247 secs]
2021-06-27T07:23:07.086+0800: 168959.656: [GC pause (G1 Evacuation Pause) (young) 4840M->1172M(6144M), 0.0308675 secs]
2021-06-27T07:24:25.820+0800: 169038.390: [GC pause (G1 Evacuation Pause) (young) 4837M->1176M(6144M), 0.0324045 secs]
2021-06-27T07:25:39.122+0800: 169111.692: [GC pause (G1 Evacuation Pause) (young) 4837M->1180M(6144M), 0.0320970 secs]
2021-06-27T07:27:05.315+0800: 169197.885: [GC pause (G1 Evacuation Pause) (young) 4839M->1175M(6144M), 0.0306999 secs]
2021-06-27T07:28:18.983+0800: 169271.553: [GC pause (G1 Evacuation Pause) (young) 4854M->1176M(6144M), 0.0322531 secs]
2021-06-27T07:29:41.650+0800: 169354.220: [GC pause (G1 Evacuation Pause) (young) 4842M->1180M(6144M), 0.0305664 secs]
2021-06-27T07:30:40.447+0800: 169413.016: [GC pause (G1 Evacuation Pause) (young) 4845M->1183M(6144M), 0.0326223 secs]
2021-06-27T07:31:38.070+0800: 169470.640: [GC pause (G1 Evacuation Pause) (young) 4848M->1184M(6144M), 0.0319245 secs]
2021-06-27T07:32:35.796+0800: 169528.366: [GC pause (G1 Evacuation Pause) (young) 4846M->1187M(6144M), 0.0331787 secs]
2021-06-27T07:33:34.115+0800: 169586.685: [GC pause (G1 Evacuation Pause) (young) 4872M->1186M(6144M), 0.0362220 secs]
2021-06-27T07:34:25.563+0800: 169638.133: [GC pause (G1 Evacuation Pause) (young) 4858M->1193M(6144M), 0.0365214 secs]
2021-06-27T07:35:36.653+0800: 169709.222: [GC pause (G1 Evacuation Pause) (young) 4847M->1189M(6144M), 0.0329353 secs]
2021-06-27T07:36:54.569+0800: 169787.139: [GC pause (G1 Evacuation Pause) (young) 4849M->1190M(6144M), 0.0328065 secs]
2021-06-27T07:37:43.139+0800: 169835.708: [GC pause (G1 Evacuation Pause) (young) 4866M->1188M(6144M), 0.0347218 secs]
2021-06-27T07:38:52.557+0800: 169905.127: [GC pause (G1 Evacuation Pause) (young) 4865M->1194M(6144M), 0.0351796 secs]
2021-06-27T07:40:12.669+0800: 169985.239: [GC pause (G1 Evacuation Pause) (young) 4854M->1196M(6144M), 0.0378815 secs]
2021-06-27T07:41:35.218+0800: 170067.788: [GC pause (G1 Evacuation Pause) (young) 4857M->1204M(6144M), 0.0399941 secs]
2021-06-27T07:42:35.087+0800: 170127.657: [GC pause (G1 Evacuation Pause) (young) 4860M->1200M(6144M), 0.0381030 secs]
2021-06-27T07:43:47.941+0800: 170200.510: [GC pause (G1 Evacuation Pause) (young) 4860M->1202M(6144M), 0.0365479 secs]
2021-06-27T07:45:02.662+0800: 170275.232: [GC pause (G1 Evacuation Pause) (young) 5026M->1200M(6144M), 0.0395422 secs]
2021-06-27T07:46:04.044+0800: 170336.614: [GC pause (G1 Evacuation Pause) (young) 4872M->1207M(6144M), 0.0366305 secs]
2021-06-27T07:47:09.190+0800: 170401.759: [GC pause (G1 Evacuation Pause) (young) 4865M->1203M(6144M), 0.0320736 secs]
2021-06-27T07:47:45.079+0800: 170437.649: [GC pause (G1 Evacuation Pause) (young) 4886M->1205M(6144M), 0.0365619 secs]
2021-06-27T07:48:43.762+0800: 170496.332: [GC pause (G1 Evacuation Pause) (young) 4865M->1206M(6144M), 0.0324326 secs]
2021-06-27T07:49:55.118+0800: 170567.688: [GC pause (G1 Evacuation Pause) (young) 4867M->1208M(6144M), 0.0322208 secs]
2021-06-27T07:50:39.566+0800: 170612.136: [GC pause (G1 Evacuation Pause) (young) 4879M->1376M(6144M), 0.1294102 secs]
2021-06-27T07:51:43.026+0800: 170675.596: [GC pause (G1 Evacuation Pause) (young) 4883M->1376M(6144M), 0.1164768 secs]
2021-06-27T07:52:57.453+0800: 170750.023: [GC pause (G1 Evacuation Pause) (young) 4867M->1378M(6144M), 0.1147728 secs]
2021-06-27T07:54:10.529+0800: 170823.099: [GC pause (G1 Evacuation Pause) (young) 4869M->1379M(6144M), 0.1167464 secs]
2021-06-27T07:55:11.925+0800: 170884.495: [GC pause (G1 Evacuation Pause) (young) 4887M->1386M(6144M), 0.1219359 secs]
2021-06-27T07:56:33.927+0800: 170966.497: [GC pause (G1 Evacuation Pause) (young) 4872M->1383M(6144M), 0.1159334 secs]
2021-06-27T07:57:35.501+0800: 171028.071: [GC pause (G1 Evacuation Pause) (young) 4901M->1385M(6144M), 0.1201648 secs]
2021-06-27T07:58:09.620+0800: 171062.190: [GC pause (G1 Evacuation Pause) (young) 4886M->1388M(6144M), 0.1166941 secs]
2021-06-27T07:59:01.572+0800: 171114.142: [GC pause (G1 Evacuation Pause) (young) 4879M->1387M(6144M), 0.1141786 secs]
2021-06-27T07:59:59.270+0800: 171171.840: [GC pause (G1 Evacuation Pause) (young) 4883M->1395M(6144M), 0.1190006 secs]
2021-06-27T08:00:34.037+0800: 171206.607: [GC pause (G1 Evacuation Pause) (young) 4881M->1392M(6144M), 0.1173211 secs]
2021-06-27T08:01:31.489+0800: 171264.059: [GC pause (G1 Evacuation Pause) (young) 4880M->1392M(6144M), 0.1193260 secs]
2021-06-27T08:02:27.223+0800: 171319.792: [GC pause (G1 Evacuation Pause) (young) 4895M->1391M(6144M), 0.1188490 secs]
2021-06-27T08:03:21.648+0800: 171374.217: [GC pause (G1 Evacuation Pause) (young) 4886M->1394M(6144M), 0.1189337 secs]
2021-06-27T08:04:16.914+0800: 171429.484: [GC pause (G1 Evacuation Pause) (young) 4894M->1395M(6144M), 0.1202650 secs]
2021-06-27T08:04:56.495+0800: 171469.065: [GC pause (G1 Evacuation Pause) (young) 4908M->1426M(6144M), 0.1268772 secs]
2021-06-27T08:05:37.543+0800: 171510.113: [GC pause (G1 Evacuation Pause) (young) 5079M->1433M(6144M), 0.0694438 secs]
2021-06-27T08:06:28.330+0800: 171560.900: [GC pause (G1 Evacuation Pause) (young) 5085M->1470M(6144M), 0.0608137 secs]
2021-06-27T08:07:02.198+0800: 171594.767: [GC pause (G1 Evacuation Pause) (young) 5088M->1440M(6144M), 0.0406762 secs]
2021-06-27T08:07:50.903+0800: 171643.473: [GC pause (G1 Evacuation Pause) (young) 5096M->1441M(6144M), 0.0411469 secs]
2021-06-27T08:08:38.090+0800: 171690.659: [GC pause (G1 Evacuation Pause) (young) 5096M->1446M(6144M), 0.0422212 secs]
2021-06-27T08:09:31.761+0800: 171744.331: [GC pause (G1 Evacuation Pause) (young) 5110M->1448M(6144M), 0.0401128 secs]
2021-06-27T08:09:59.793+0800: 171772.363: [GC pause (G1 Evacuation Pause) (young) 5099M->1449M(6144M), 0.0387238 secs]
2021-06-27T08:10:52.514+0800: 171825.084: [GC pause (G1 Evacuation Pause) (young) 5107M->1450M(6144M), 0.0392548 secs]
2021-06-27T08:11:53.854+0800: 171886.424: [GC pause (G1 Evacuation Pause) (young) 5100M->1470M(6144M), 0.0477895 secs]
2021-06-27T08:12:37.889+0800: 171930.459: [GC pause (G1 Evacuation Pause) (young) 5289M->1449M(6144M), 0.0491327 secs]
2021-06-27T08:13:20.239+0800: 171972.809: [GC pause (G1 Evacuation Pause) (young) 5101M->1455M(6144M), 0.0395411 secs]
2021-06-27T08:14:21.655+0800: 172034.224: [GC pause (G1 Evacuation Pause) (young) 5105M->1462M(6144M), 0.0432324 secs]
2021-06-27T08:15:04.823+0800: 172077.393: [GC pause (G1 Evacuation Pause) (young) 5105M->1452M(6144M), 0.0358217 secs]
2021-06-27T08:15:44.958+0800: 172117.528: [GC pause (G1 Evacuation Pause) (young) 5289M->1458M(6144M), 0.0501187 secs]
2021-06-27T08:16:28.239+0800: 172160.809: [GC pause (G1 Evacuation Pause) (young) 5279M->1462M(6144M), 0.0493001 secs]
2021-06-27T08:17:22.234+0800: 172214.804: [GC pause (G1 Evacuation Pause) (young) 5283M->1465M(6144M), 0.0482740 secs]
2021-06-27T08:18:10.054+0800: 172262.624: [GC pause (G1 Evacuation Pause) (young) 5122M->1462M(6144M), 0.0406622 secs]
2021-06-27T08:18:48.656+0800: 172301.226: [GC pause (G1 Evacuation Pause) (young) 5118M->1464M(6144M), 0.0401138 secs]
2021-06-27T08:19:07.457+0800: 172320.027: [GC pause (G1 Evacuation Pause) (young) 5133M->1484M(6144M), 0.0592747 secs]
2021-06-27T08:19:57.987+0800: 172370.557: [GC pause (G1 Evacuation Pause) (young) 5129M->1491M(6144M), 0.0478416 secs]
2021-06-27T08:20:40.381+0800: 172412.951: [GC pause (G1 Evacuation Pause) (young) 5134M->1490M(6144M), 0.0465355 secs]
2021-06-27T08:21:42.331+0800: 172474.901: [GC pause (G1 Evacuation Pause) (young) 5133M->1492M(6144M), 0.0502460 secs]
2021-06-27T08:22:47.020+0800: 172539.590: [GC pause (G1 Evacuation Pause) (young) 5137M->1488M(6144M), 0.0466011 secs]
2021-06-27T08:23:30.864+0800: 172583.434: [GC pause (G1 Evacuation Pause) (young) 5304M->1523M(6144M), 0.0731273 secs]
2021-06-27T08:24:07.804+0800: 172620.374: [GC pause (G1 Evacuation Pause) (young) 5130M->1494M(6144M), 0.0457505 secs]
2021-06-27T08:24:58.695+0800: 172671.265: [GC pause (G1 Evacuation Pause) (young) 5134M->1498M(6144M), 0.0494757 secs]
2021-06-27T08:25:42.222+0800: 172714.791: [GC pause (G1 Evacuation Pause) (young) 5301M->1525M(6144M), 0.0706905 secs]
2021-06-27T08:26:21.662+0800: 172754.231: [GC pause (G1 Evacuation Pause) (young) 5135M->1501M(6144M), 0.0505142 secs]
2021-06-27T08:26:56.188+0800: 172788.757: [GC pause (G1 Evacuation Pause) (young) 5156M->1501M(6144M), 0.0547708 secs]
2021-06-27T08:27:26.372+0800: 172818.942: [GC pause (G1 Evacuation Pause) (young) 5141M->1509M(6144M), 0.0521375 secs]
2021-06-27T08:28:07.008+0800: 172859.578: [GC pause (G1 Evacuation Pause) (young) 5159M->1513M(6144M), 0.0514028 secs]
2021-06-27T08:28:48.521+0800: 172901.091: [GC pause (G1 Evacuation Pause) (young) 5156M->1511M(6144M), 0.0545756 secs]
2021-06-27T08:29:43.697+0800: 172956.267: [GC pause (G1 Evacuation Pause) (young) 5151M->1513M(6144M), 0.0516957 secs]
2021-06-27T08:30:24.454+0800: 172997.024: [GC pause (G1 Evacuation Pause) (young) 5154M->1515M(6144M), 0.0511971 secs]
2021-06-27T08:31:09.670+0800: 173042.240: [GC pause (G1 Evacuation Pause) (young) 5171M->1517M(6144M), 0.0503807 secs]
2021-06-27T08:31:50.444+0800: 173083.014: [GC pause (G1 Evacuation Pause) (young) 5193M->1519M(6144M), 0.0474217 secs]
2021-06-27T08:32:34.131+0800: 173126.701: [GC pause (G1 Evacuation Pause) (young) 5196M->1533M(6144M), 0.0526055 secs]
2021-06-27T08:33:18.824+0800: 173171.394: [GC pause (G1 Evacuation Pause) (young) 5188M->1524M(6144M), 0.0435125 secs]
2021-06-27T08:34:02.182+0800: 173214.752: [GC pause (G1 Evacuation Pause) (young) 5213M->1530M(6144M), 0.0500412 secs]
2021-06-27T08:34:28.044+0800: 173240.614: [GC pause (G1 Evacuation Pause) (young) 3474M->1526M(6144M), 0.0399988 secs]
2021-06-27T08:35:08.981+0800: 173281.551: [GC pause (G1 Evacuation Pause) (young) 5178M->1555M(6144M), 0.0549638 secs]
2021-06-27T08:36:07.110+0800: 173339.680: [GC pause (G1 Evacuation Pause) (young) 5193M->1535M(6144M), 0.0443546 secs]
2021-06-27T08:37:03.225+0800: 173395.795: [GC pause (G1 Evacuation Pause) (young) 5204M->1619M(6144M), 0.0954105 secs]
2021-06-27T08:37:30.871+0800: 173423.441: [GC pause (G1 Evacuation Pause) (young) 4185M->1652M(6144M), 0.1068899 secs]
2021-06-27T08:37:45.852+0800: 173438.422: [GC pause (G1 Evacuation Pause) (young) 3049M->1631M(6144M), 0.0877024 secs]
2021-06-27T08:38:33.643+0800: 173486.213: [GC pause (G1 Evacuation Pause) (young) 5314M->1649M(6144M), 0.0653283 secs]
2021-06-27T08:39:18.256+0800: 173530.826: [GC pause (G1 Evacuation Pause) (young) 5298M->1648M(6144M), 0.0392714 secs]
2021-06-27T08:40:08.978+0800: 173581.548: [GC pause (G1 Evacuation Pause) (young) 5314M->1654M(6144M), 0.0469389 secs]
2021-06-27T08:40:49.716+0800: 173622.286: [GC pause (G1 Evacuation Pause) (young) 5299M->1660M(6144M), 0.0421097 secs]
2021-06-27T08:41:32.224+0800: 173664.794: [GC pause (G1 Evacuation Pause) (young) 5301M->1687M(6144M), 0.0579817 secs]
2021-06-27T08:42:27.816+0800: 173720.386: [GC pause (G1 Evacuation Pause) (young) 5315M->1655M(6144M), 0.0425404 secs]
2021-06-27T08:43:21.665+0800: 173774.235: [GC pause (G1 Evacuation Pause) (young) 5302M->1660M(6144M), 0.0470106 secs]
2021-06-27T08:44:06.876+0800: 173819.446: [GC pause (G1 Evacuation Pause) (young) 5301M->1663M(6144M), 0.0461491 secs]
2021-06-27T08:45:10.983+0800: 173883.552: [GC pause (G1 Evacuation Pause) (young) 5309M->1672M(6144M), 0.0545198 secs]
2021-06-27T08:45:48.907+0800: 173921.477: [GC pause (G1 Evacuation Pause) (young) 5298M->1666M(6144M), 0.0495952 secs]
2021-06-27T08:46:33.298+0800: 173965.868: [GC pause (G1 Evacuation Pause) (young) 5300M->1672M(6144M), 0.0522892 secs]
2021-06-27T08:47:18.751+0800: 174011.321: [GC pause (G1 Evacuation Pause) (young) 5314M->1680M(6144M), 0.0601925 secs]
2021-06-27T08:48:05.345+0800: 174057.915: [GC pause (G1 Evacuation Pause) (young) 5305M->1675M(6144M), 0.0566112 secs]
2021-06-27T08:48:45.127+0800: 174097.696: [GC pause (G1 Evacuation Pause) (young) 5342M->1682M(6144M), 0.0721533 secs]
2021-06-27T08:49:14.188+0800: 174126.758: [GC pause (G1 Evacuation Pause) (young) 5319M->1689M(6144M), 0.0709697 secs]
2021-06-27T08:49:44.783+0800: 174157.353: [GC pause (G1 Evacuation Pause) (young) 5314M->1691M(6144M), 0.0644313 secs]
2021-06-27T08:50:30.054+0800: 174202.624: [GC pause (G1 Evacuation Pause) (young) 5339M->1696M(6144M), 0.0663817 secs]
2021-06-27T08:51:09.586+0800: 174242.156: [GC pause (G1 Evacuation Pause) (young) 5357M->1705M(6144M), 0.0731965 secs]
2021-06-27T08:51:40.447+0800: 174273.017: [GC pause (G1 Evacuation Pause) (young) 5348M->1704M(6144M), 0.0675555 secs]
2021-06-27T08:52:43.539+0800: 174336.109: [GC pause (G1 Evacuation Pause) (young) 5346M->1740M(6144M), 0.0899861 secs]
2021-06-27T08:53:29.905+0800: 174382.475: [GC pause (G1 Evacuation Pause) (young) 5506M->1701M(6144M), 0.0565899 secs]
2021-06-27T08:54:20.001+0800: 174432.571: [GC pause (G1 Evacuation Pause) (young) 5357M->1704M(6144M), 0.0554490 secs]
2021-06-27T08:55:04.425+0800: 174476.995: [GC pause (G1 Evacuation Pause) (young) 5513M->1714M(6144M), 0.0664667 secs]
2021-06-27T08:55:48.088+0800: 174520.657: [GC pause (G1 Evacuation Pause) (young) 5349M->1713M(6144M), 0.0506357 secs]
2021-06-27T08:56:52.585+0800: 174585.155: [GC pause (G1 Evacuation Pause) (young) 5352M->1712M(6144M), 0.0506074 secs]
2021-06-27T08:57:40.472+0800: 174633.042: [GC pause (G1 Evacuation Pause) (young) 5351M->1712M(6144M), 0.0505841 secs]
2021-06-27T08:58:52.002+0800: 174704.572: [GC pause (G1 Evacuation Pause) (young) 5354M->1712M(6144M), 0.0483560 secs]
2021-06-27T09:00:13.475+0800: 174786.045: [GC pause (G1 Evacuation Pause) (young) 5358M->1717M(6144M), 0.0518402 secs]
2021-06-27T09:01:14.677+0800: 174847.247: [GC pause (G1 Evacuation Pause) (young) 5357M->1714M(6144M), 0.0498479 secs]
2021-06-27T09:02:07.580+0800: 174900.150: [GC pause (G1 Evacuation Pause) (young) 5377M->1721M(6144M), 0.0514243 secs]
2021-06-27T09:03:13.285+0800: 174965.855: [GC pause (G1 Evacuation Pause) (young) 5374M->1812M(6144M), 0.1005595 secs]
2021-06-27T09:04:06.094+0800: 175018.664: [GC pause (G1 Evacuation Pause) (young) 5378M->1814M(6144M), 0.0941844 secs]
2021-06-27T09:04:57.654+0800: 175070.224: [GC pause (G1 Evacuation Pause) (young) 5391M->1824M(6144M), 0.0999137 secs]
2021-06-27T09:06:08.417+0800: 175140.987: [GC pause (G1 Evacuation Pause) (young) 5382M->1858M(6144M), 0.1103328 secs]
2021-06-27T09:07:06.198+0800: 175198.768: [GC pause (G1 Evacuation Pause) (young) 5377M->1832M(6144M), 0.0971908 secs]
2021-06-27T09:07:58.227+0800: 175250.797: [GC pause (G1 Evacuation Pause) (young) 5388M->1830M(6144M), 0.0947634 secs]
2021-06-27T09:09:08.007+0800: 175320.577: [GC pause (G1 Evacuation Pause) (young) 5402M->1833M(6144M), 0.0974599 secs]
2021-06-27T09:10:16.454+0800: 175389.024: [GC pause (G1 Evacuation Pause) (young) 5389M->1832M(6144M), 0.1039089 secs]
2021-06-27T09:11:07.949+0800: 175440.519: [GC pause (G1 Evacuation Pause) (young) 5392M->1836M(6144M), 0.0951089 secs]
2021-06-27T09:11:58.946+0800: 175491.516: [GC pause (G1 Evacuation Pause) (young) 5387M->1856M(6144M), 0.1078052 secs]
2021-06-27T09:12:56.928+0800: 175549.498: [GC pause (G1 Evacuation Pause) (young) 5378M->1840M(6144M), 0.1017701 secs]
2021-06-27T09:14:04.975+0800: 175617.545: [GC pause (G1 Evacuation Pause) (young) 5560M->1844M(6144M), 0.1078161 secs]
2021-06-27T09:15:00.452+0800: 175673.022: [GC pause (G1 Evacuation Pause) (young) 5383M->1843M(6144M), 0.0957527 secs]
2021-06-27T09:15:50.021+0800: 175722.591: [GC pause (G1 Evacuation Pause) (young) 5389M->1846M(6144M), 0.0985684 secs]
2021-06-27T09:17:02.355+0800: 175794.925: [GC pause (G1 Evacuation Pause) (young) 5389M->1848M(6144M), 0.0954254 secs]
2021-06-27T09:18:08.959+0800: 175861.529: [GC pause (G1 Evacuation Pause) (young) 5731M->1865M(6144M), 0.1063699 secs]
2021-06-27T09:18:56.064+0800: 175908.634: [GC pause (G1 Evacuation Pause) (young) 5478M->1864M(6144M), 0.0726060 secs]
2021-06-27T09:20:02.740+0800: 175975.310: [GC pause (G1 Evacuation Pause) (young) 5652M->1866M(6144M), 0.0557623 secs]
2021-06-27T09:20:53.538+0800: 176026.107: [GC pause (G1 Evacuation Pause) (young) 5495M->1875M(6144M), 0.0509305 secs]
2021-06-27T09:21:39.431+0800: 176072.001: [GC pause (G1 Evacuation Pause) (young) 5643M->1880M(6144M), 0.0597497 secs]
2021-06-27T09:22:33.266+0800: 176125.836: [GC pause (G1 Evacuation Pause) (young) 5475M->1879M(6144M), 0.0497843 secs]
2021-06-27T09:23:16.375+0800: 176168.945: [GC pause (G1 Evacuation Pause) (young) 5483M->1890M(6144M), 0.0551202 secs]
2021-06-27T09:23:52.793+0800: 176205.363: [GC pause (G1 Evacuation Pause) (young) 5471M->1881M(6144M), 0.0499335 secs]
2021-06-27T09:24:39.803+0800: 176252.373: [GC pause (G1 Evacuation Pause) (young) 5478M->1887M(6144M), 0.0511191 secs]
2021-06-27T09:25:25.397+0800: 176297.967: [GC pause (G1 Evacuation Pause) (young) 5471M->1887M(6144M), 0.0496731 secs]
2021-06-27T09:26:15.839+0800: 176348.409: [GC pause (G1 Evacuation Pause) (young) 5485M->1894M(6144M), 0.0543929 secs]
2021-06-27T09:26:55.284+0800: 176387.854: [GC pause (G1 Evacuation Pause) (young) 5472M->1894M(6144M), 0.0502174 secs]
2021-06-27T09:27:51.444+0800: 176444.014: [GC pause (G1 Evacuation Pause) (young) 5474M->1897M(6144M), 0.0563046 secs]
2021-06-27T09:28:29.479+0800: 176482.049: [GC pause (G1 Evacuation Pause) (young) 5480M->1898M(6144M), 0.0528747 secs]
2021-06-27T09:29:19.911+0800: 176532.481: [GC pause (G1 Evacuation Pause) (young) 5475M->1905M(6144M), 0.0565580 secs]
2021-06-27T09:30:10.196+0800: 176582.766: [GC pause (G1 Evacuation Pause) (young) 5475M->1900M(6144M), 0.0516471 secs]
2021-06-27T09:30:57.858+0800: 176630.428: [GC pause (G1 Evacuation Pause) (young) 5478M->1908M(6144M), 0.0546998 secs]
2021-06-27T09:31:55.697+0800: 176688.267: [GC pause (G1 Evacuation Pause) (young) 5471M->1905M(6144M), 0.0499057 secs]
2021-06-27T09:32:50.786+0800: 176743.356: [GC pause (G1 Evacuation Pause) (young) 5476M->1908M(6144M), 0.0504837 secs]
2021-06-27T09:33:42.254+0800: 176794.824: [GC pause (G1 Evacuation Pause) (young) 5479M->1910M(6144M), 0.0520301 secs]
2021-06-27T09:34:22.398+0800: 176834.968: [GC pause (G1 Evacuation Pause) (young) 5494M->1911M(6144M), 0.0543818 secs]
2021-06-27T09:34:53.795+0800: 176866.365: [GC pause (G1 Evacuation Pause) (young) 5504M->1920M(6144M), 0.0550520 secs]
2021-06-27T09:35:40.843+0800: 176913.413: [GC pause (G1 Evacuation Pause) (young) 5474M->1930M(6144M), 0.0635412 secs]
2021-06-27T09:36:23.420+0800: 176955.990: [GC pause (G1 Evacuation Pause) (young) 5484M->1923M(6144M), 0.0549334 secs]
2021-06-27T09:37:03.418+0800: 176995.988: [GC pause (G1 Evacuation Pause) (young) 5487M->1925M(6144M), 0.0538533 secs]
2021-06-27T09:38:06.055+0800: 177058.625: [GC pause (G1 Evacuation Pause) (young) 5492M->1929M(6144M), 0.0571138 secs]
2021-06-27T09:38:55.745+0800: 177108.315: [GC pause (G1 Evacuation Pause) (young) 5477M->1927M(6144M), 0.0510449 secs]
2021-06-27T09:39:30.291+0800: 177142.861: [GC pause (G1 Evacuation Pause) (young) 5501M->2101M(6144M), 0.1603299 secs]
2021-06-27T09:40:08.338+0800: 177180.907: [GC pause (G1 Evacuation Pause) (young) 5319M->2101M(6144M), 0.1317336 secs]
2021-06-27T09:40:53.680+0800: 177226.250: [GC pause (G1 Evacuation Pause) (young) 5317M->2097M(6144M), 0.1281669 secs]
2021-06-27T09:41:34.627+0800: 177267.197: [GC pause (G1 Evacuation Pause) (young) 5325M->2105M(6144M), 0.1304392 secs]
2021-06-27T09:42:32.200+0800: 177324.770: [GC pause (G1 Evacuation Pause) (young) 5310M->2104M(6144M), 0.1251203 secs]
2021-06-27T09:43:08.548+0800: 177361.118: [GC pause (G1 Evacuation Pause) (young) 5317M->2113M(6144M), 0.1320907 secs]
2021-06-27T09:44:02.187+0800: 177414.757: [GC pause (G1 Evacuation Pause) (young) 5328M->2132M(6144M), 0.1425490 secs]
2021-06-27T09:44:47.374+0800: 177459.944: [GC pause (G1 Evacuation Pause) (young) 5296M->2127M(6144M), 0.1282891 secs]
2021-06-27T09:45:32.130+0800: 177504.699: [GC pause (G1 Evacuation Pause) (young) 5496M->2136M(6144M), 0.0773107 secs]
2021-06-27T09:46:30.466+0800: 177563.036: [GC pause (G1 Evacuation Pause) (young) 5487M->2135M(6144M), 0.0396406 secs]
2021-06-27T09:47:16.569+0800: 177609.139: [GC pause (G1 Evacuation Pause) (young) 5485M->2139M(6144M), 0.0416825 secs]
2021-06-27T09:48:20.531+0800: 177673.101: [GC pause (G1 Evacuation Pause) (young) 5483M->2134M(6144M), 0.0371384 secs]
2021-06-27T09:49:04.810+0800: 177717.380: [GC pause (G1 Evacuation Pause) (young) 5501M->2138M(6144M), 0.0398880 secs]
2021-06-27T09:49:57.491+0800: 177770.061: [GC pause (G1 Evacuation Pause) (young) 5510M->2139M(6144M), 0.0445126 secs]
2021-06-27T09:50:51.925+0800: 177824.495: [GC pause (G1 Evacuation Pause) (young) 5483M->2139M(6144M), 0.0391244 secs]
2021-06-27T09:51:32.414+0800: 177864.984: [GC pause (G1 Evacuation Pause) (young) 5494M->2139M(6144M), 0.0415876 secs]
2021-06-27T09:52:38.126+0800: 177930.696: [GC pause (G1 Evacuation Pause) (young) 5493M->2138M(6144M), 0.0438844 secs]
2021-06-27T09:53:34.380+0800: 177986.950: [GC pause (G1 Evacuation Pause) (young) 5482M->2142M(6144M), 0.0502068 secs]
2021-06-27T09:54:33.524+0800: 178046.094: [GC pause (G1 Evacuation Pause) (young) 5487M->2148M(6144M), 0.0519129 secs]
2021-06-27T09:55:28.055+0800: 178100.625: [GC pause (G1 Evacuation Pause) (young) 5479M->2209M(6144M), 0.1023300 secs]
2021-06-27T09:56:26.901+0800: 178159.471: [GC pause (G1 Evacuation Pause) (young) 5426M->2146M(6144M), 0.0437976 secs]
2021-06-27T09:57:04.266+0800: 178196.835: [GC pause (G1 Evacuation Pause) (young) 5492M->2152M(6144M), 0.0451676 secs]
2021-06-27T09:57:52.864+0800: 178245.433: [GC pause (G1 Evacuation Pause) (young) 5483M->2152M(6144M), 0.0453047 secs]
2021-06-27T09:58:47.899+0800: 178300.469: [GC pause (G1 Evacuation Pause) (young) 5481M->2154M(6144M), 0.0447521 secs]
2021-06-27T09:59:33.415+0800: 178345.984: [GC pause (G1 Evacuation Pause) (young) 5481M->2156M(6144M), 0.0444911 secs]
2021-06-27T10:00:35.950+0800: 178408.520: [GC pause (G1 Evacuation Pause) (young) 5834M->2160M(6144M), 0.0638948 secs]
2021-06-27T10:01:28.968+0800: 178461.538: [GC pause (G1 Evacuation Pause) (young) 5490M->2232M(6144M), 0.1081426 secs]
2021-06-27T10:02:33.909+0800: 178526.479: [GC pause (G1 Evacuation Pause) (young) 5411M->2171M(6144M), 0.0472770 secs]
2021-06-27T10:03:35.887+0800: 178588.457: [GC pause (G1 Evacuation Pause) (young) 5473M->2170M(6144M), 0.0456015 secs]
2021-06-27T10:04:36.887+0800: 178649.457: [GC pause (G1 Evacuation Pause) (young) 5474M->2167M(6144M), 0.0447258 secs]
2021-06-27T10:05:24.342+0800: 178696.912: [GC pause (G1 Evacuation Pause) (young) 5485M->2170M(6144M), 0.0463445 secs]
2021-06-27T10:06:06.298+0800: 178738.867: [GC pause (G1 Evacuation Pause) (young) 5490M->2172M(6144M), 0.0464678 secs]
2021-06-27T10:06:57.313+0800: 178789.883: [GC pause (G1 Evacuation Pause) (young) 5481M->2176M(6144M), 0.0467219 secs]
2021-06-27T10:07:40.280+0800: 178832.850: [GC pause (G1 Evacuation Pause) (young) 5477M->2182M(6144M), 0.0462659 secs]
2021-06-27T10:08:42.341+0800: 178894.911: [GC pause (G1 Evacuation Pause) (young) 5493M->2181M(6144M), 0.0485576 secs]
2021-06-27T10:09:16.313+0800: 178928.882: [GC pause (G1 Evacuation Pause) (young) 5493M->2331M(6144M), 0.1315025 secs]
2021-06-27T10:10:23.292+0800: 178995.862: [GC pause (G1 Evacuation Pause) (young) 5335M->2328M(6144M), 0.1189476 secs]
2021-06-27T10:11:14.397+0800: 179046.967: [GC pause (G1 Evacuation Pause) (young) 5335M->2329M(6144M), 0.1174380 secs]
2021-06-27T10:12:24.232+0800: 179116.802: [GC pause (G1 Evacuation Pause) (young) 5332M->2335M(6144M), 0.1228899 secs]
2021-06-27T10:13:15.386+0800: 179167.956: [GC pause (G1 Evacuation Pause) (young) 5339M->2334M(6144M), 0.1242172 secs]
2021-06-27T10:14:16.265+0800: 179228.835: [GC pause (G1 Evacuation Pause) (young) 5335M->2339M(6144M), 0.1217147 secs]
2021-06-27T10:15:04.879+0800: 179277.449: [GC pause (G1 Evacuation Pause) (young) 5330M->2347M(6144M), 0.1243634 secs]
2021-06-27T10:16:10.618+0800: 179343.188: [GC pause (G1 Evacuation Pause) (young) 5344M->2348M(6144M), 0.1258135 secs]
2021-06-27T10:16:55.972+0800: 179388.542: [GC pause (G1 Evacuation Pause) (young) 5341M->2352M(6144M), 0.1232288 secs]
2021-06-27T10:17:38.737+0800: 179431.307: [GC pause (G1 Evacuation Pause) (young) 5331M->2349M(6144M), 0.1193811 secs]
2021-06-27T10:18:28.650+0800: 179481.220: [GC pause (G1 Evacuation Pause) (young) 5337M->2356M(6144M), 0.1247065 secs]
2021-06-27T10:19:14.899+0800: 179527.469: [GC pause (G1 Evacuation Pause) (young) 5344M->2353M(6144M), 0.1252443 secs]
2021-06-27T10:19:49.222+0800: 179561.792: [GC pause (G1 Evacuation Pause) (young) 5349M->2355M(6144M), 0.1222620 secs]
2021-06-27T10:20:44.890+0800: 179617.460: [GC pause (G1 Evacuation Pause) (young) 5344M->2360M(6144M), 0.1250781 secs]
2021-06-27T10:21:47.135+0800: 179679.705: [GC pause (G1 Evacuation Pause) (young) 5330M->2358M(6144M), 0.1174516 secs]
2021-06-27T10:22:39.779+0800: 179732.349: [GC pause (G1 Evacuation Pause) (young) 5518M->2411M(6144M), 0.1346342 secs]
2021-06-27T10:23:24.899+0800: 179777.469: [GC pause (G1 Evacuation Pause) (young) 5654M->2420M(6144M), 0.0678339 secs]
2021-06-27T10:24:14.053+0800: 179826.622: [GC pause (G1 Evacuation Pause) (young) 5478M->2422M(6144M), 0.0479535 secs]
2021-06-27T10:25:09.147+0800: 179881.717: [GC pause (G1 Evacuation Pause) (young) 5480M->2423M(6144M), 0.0483730 secs]
2021-06-27T10:25:46.767+0800: 179919.337: [GC pause (G1 Evacuation Pause) (young) 5575M->2454M(6144M), 0.0630827 secs]
2021-06-27T10:26:37.352+0800: 179969.922: [GC pause (G1 Evacuation Pause) (young) 5490M->2429M(6144M), 0.0513477 secs]
2021-06-27T10:27:34.563+0800: 180027.132: [GC pause (G1 Evacuation Pause) (young) 5493M->2433M(6144M), 0.0481168 secs]
2021-06-27T10:28:26.808+0800: 180079.378: [GC pause (G1 Evacuation Pause) (young) 5494M->2439M(6144M), 0.0483491 secs]
2021-06-27T10:29:21.381+0800: 180133.951: [GC pause (G1 Evacuation Pause) (young) 5474M->2439M(6144M), 0.0487249 secs]
2021-06-27T10:30:07.221+0800: 180179.790: [GC pause (G1 Evacuation Pause) (young) 5489M->2443M(6144M), 0.0502006 secs]
2021-06-27T10:30:55.623+0800: 180228.193: [GC pause (G1 Evacuation Pause) (young) 5480M->2476M(6144M), 0.0738912 secs]
2021-06-27T10:31:31.429+0800: 180263.999: [GC pause (G1 Evacuation Pause) (young) 5464M->2516M(6144M), 0.0926321 secs]
2021-06-27T10:32:26.882+0800: 180319.452: [GC pause (G1 Evacuation Pause) (young) 5408M->2509M(6144M), 0.0811137 secs]
2021-06-27T10:33:09.732+0800: 180362.302: [GC pause (G1 Evacuation Pause) (young) 5421M->2513M(6144M), 0.0856883 secs]
2021-06-27T10:33:53.315+0800: 180405.885: [GC pause (G1 Evacuation Pause) (young) 5436M->2510M(6144M), 0.0855156 secs]
2021-06-27T10:34:45.851+0800: 180458.421: [GC pause (G1 Evacuation Pause) (young) 5419M->2511M(6144M), 0.0784640 secs]
2021-06-27T10:35:21.002+0800: 180493.572: [GC pause (G1 Evacuation Pause) (young) 5428M->2514M(6144M), 0.0828512 secs]
2021-06-27T10:36:15.048+0800: 180547.618: [GC pause (G1 Evacuation Pause) (young) 5590M->2520M(6144M), 0.0918341 secs]
2021-06-27T10:37:01.068+0800: 180593.637: [GC pause (G1 Evacuation Pause) (young) 5413M->2519M(6144M), 0.0812003 secs]
2021-06-27T10:37:49.626+0800: 180642.196: [GC pause (G1 Evacuation Pause) (young) 5593M->2520M(6144M), 0.0868159 secs]
2021-06-27T10:38:35.038+0800: 180687.608: [GC pause (G1 Evacuation Pause) (young) 5593M->2522M(6144M), 0.0875869 secs]
2021-06-27T10:39:29.245+0800: 180741.815: [GC pause (G1 Evacuation Pause) (young) 5594M->2524M(6144M), 0.0854786 secs]
2021-06-27T10:40:23.359+0800: 180795.929: [GC pause (G1 Evacuation Pause) (young) 5427M->2527M(6144M), 0.0790503 secs]
2021-06-27T10:41:01.259+0800: 180833.829: [GC pause (G1 Evacuation Pause) (young) 5418M->2539M(6144M), 0.0814315 secs]
2021-06-27T10:41:45.662+0800: 180878.232: [GC pause (G1 Evacuation Pause) (young) 5416M->2533M(6144M), 0.0787523 secs]
2021-06-27T10:42:51.344+0800: 180943.914: [GC pause (G1 Evacuation Pause) (young) 5426M->2531M(6144M), 0.0689143 secs]
2021-06-27T10:43:50.746+0800: 181003.316: [GC pause (G1 Evacuation Pause) (young) 5510M->2632M(6144M), 0.0715645 secs]
2021-06-27T10:44:36.605+0800: 181049.174: [GC pause (G1 Evacuation Pause) (young) 5579M->2560M(6144M), 0.0477442 secs]
2021-06-27T10:44:57.797+0800: 181070.367: [GC pause (G1 Evacuation Pause) (young) 5493M->2558M(6144M), 0.0415913 secs]
2021-06-27T10:46:10.185+0800: 181142.754: [GC pause (G1 Evacuation Pause) (young) 5483M->2558M(6144M), 0.0380136 secs]
2021-06-27T10:47:17.126+0800: 181209.696: [GC pause (G1 Evacuation Pause) (young) 5486M->2584M(6144M), 0.0482517 secs]
2021-06-27T10:48:15.283+0800: 181267.853: [GC pause (G1 Evacuation Pause) (young) 5461M->2568M(6144M), 0.0397882 secs]
2021-06-27T10:49:13.447+0800: 181326.017: [GC pause (G1 Evacuation Pause) (young) 5487M->2570M(6144M), 0.0425392 secs]
2021-06-27T10:50:11.367+0800: 181383.937: [GC pause (G1 Evacuation Pause) (young) 5482M->2571M(6144M), 0.0418423 secs]
2021-06-27T10:51:01.444+0800: 181434.014: [GC pause (G1 Evacuation Pause) (young) 5481M->2570M(6144M), 0.0432639 secs]
2021-06-27T10:51:28.999+0800: 181461.569: [GC pause (G1 Evacuation Pause) (young) 5504M->2574M(6144M), 0.0482380 secs]
2021-06-27T10:52:08.768+0800: 181501.338: [GC pause (G1 Evacuation Pause) (young) 5491M->2578M(6144M), 0.0475206 secs]
2021-06-27T10:52:57.183+0800: 181549.753: [GC pause (G1 Evacuation Pause) (young) 5478M->2579M(6144M), 0.0451982 secs]
2021-06-27T10:53:19.232+0800: 181571.802: [GC pause (G1 Evacuation Pause) (young)-- 5479M->3667M(6144M), 2.2073823 secs]
2021-06-27T10:53:21.750+0800: 181574.320: [GC pause (G1 Evacuation Pause) (young) (initial-mark) 3805M->3712M(6144M), 0.4758707 secs]
2021-06-27T10:53:22.226+0800: 181574.796: [GC concurrent-root-region-scan-start]
2021-06-27T10:53:22.351+0800: 181574.921: [GC concurrent-root-region-scan-end, 0.1255071 secs]
2021-06-27T10:53:22.351+0800: 181574.921: [GC concurrent-mark-start]
2021-06-27T10:53:22.770+0800: 181575.340: [GC pause (G1 Evacuation Pause) (young) 3972M->3792M(6144M), 0.1113145 secs]
2021-06-27T10:53:24.828+0800: 181577.398: [GC pause (G1 Evacuation Pause) (young) 4393M->3908M(6144M), 0.1247586 secs]
2021-06-27T10:53:26.103+0800: 181578.672: [GC concurrent-mark-end, 3.7511266 secs]
2021-06-27T10:53:26.105+0800: 181578.675: [GC remark, 0.0995586 secs]
2021-06-27T10:53:26.206+0800: 181578.776: [GC cleanup 3954M->3061M(6144M), 0.0196120 secs]
2021-06-27T10:53:26.226+0800: 181578.796: [GC concurrent-cleanup-start]
2021-06-27T10:53:26.227+0800: 181578.797: [GC concurrent-cleanup-end, 0.0011925 secs]
2021-06-27T10:53:32.759+0800: 181585.328: [GC pause (G1 Evacuation Pause) (young) 3549M->3022M(6144M), 0.0827005 secs]
2021-06-27T10:53:41.924+0800: 181594.494: [GC pause (G1 Evacuation Pause) (mixed) 3322M->2474M(6144M), 0.0960983 secs]
2021-06-27T10:53:52.145+0800: 181604.715: [GC pause (G1 Evacuation Pause) (mixed) 2773M->2206M(6144M), 0.1592875 secs]
2021-06-27T10:53:59.403+0800: 181611.973: [GC pause (G1 Evacuation Pause) (mixed) 2502M->2012M(6144M), 0.1973330 secs]
2021-06-27T10:54:10.409+0800: 181622.979: [GC pause (G1 Evacuation Pause) (young) 2592M->2016M(6144M), 0.0433096 secs]
2021-06-27T10:54:26.259+0800: 181638.829: [GC pause (G1 Evacuation Pause) (young) 3070M->2013M(6144M), 0.0167689 secs]
2021-06-27T10:55:21.931+0800: 181694.501: [GC pause (G1 Evacuation Pause) (young) 5389M->2041M(6144M), 0.0394460 secs]
2021-06-27T10:56:13.672+0800: 181746.242: [GC pause (G1 Evacuation Pause) (young) 5401M->2041M(6144M), 0.0354478 secs]
2021-06-27T10:57:05.985+0800: 181798.555: [GC pause (G1 Evacuation Pause) (young) 5437M->2041M(6144M), 0.0398519 secs]
2021-06-27T10:58:06.370+0800: 181858.940: [GC pause (G1 Evacuation Pause) (young) 5445M->2044M(6144M), 0.0402469 secs]
2021-06-27T10:58:53.172+0800: 181905.742: [GC pause (G1 Evacuation Pause) (young) 5478M->2045M(6144M), 0.0443497 secs]
2021-06-27T10:59:37.937+0800: 181950.507: [GC pause (G1 Evacuation Pause) (young) 5468M->2053M(6144M), 0.0459448 secs]
2021-06-27T11:00:52.908+0800: 182025.478: [GC pause (G1 Evacuation Pause) (young) 5489M->2053M(6144M), 0.0486256 secs]
2021-06-27T11:01:57.347+0800: 182089.917: [GC pause (G1 Evacuation Pause) (young) 5484M->2053M(6144M), 0.0486144 secs]
2021-06-27T11:03:04.432+0800: 182157.002: [GC pause (G1 Evacuation Pause) (young) 5491M->2056M(6144M), 0.0516873 secs]
2021-06-27T11:03:57.074+0800: 182209.644: [GC pause (G1 Evacuation Pause) (young) 5492M->2055M(6144M), 0.0514247 secs]
2021-06-27T11:04:49.310+0800: 182261.879: [GC pause (G1 Evacuation Pause) (young) 5474M->2064M(6144M), 0.0539028 secs]
2021-06-27T11:05:41.003+0800: 182313.573: [GC pause (G1 Evacuation Pause) (young) 5476M->2068M(6144M), 0.0560424 secs]
2021-06-27T11:06:36.857+0800: 182369.427: [GC pause (G1 Evacuation Pause) (young) 5462M->2065M(6144M), 0.0536281 secs]
2021-06-27T11:07:26.734+0800: 182419.304: [GC pause (G1 Evacuation Pause) (young) 5473M->2072M(6144M), 0.0597748 secs]
2021-06-27T11:08:28.816+0800: 182481.386: [GC pause (G1 Evacuation Pause) (young) 5481M->2065M(6144M), 0.0559442 secs]
2021-06-27T11:09:24.365+0800: 182536.935: [GC pause (G1 Evacuation Pause) (young) 5496M->2071M(6144M), 0.0607186 secs]
2021-06-27T11:10:39.203+0800: 182611.773: [GC pause (G1 Evacuation Pause) (young) 5497M->2078M(6144M), 0.0568201 secs]
2021-06-27T11:11:38.509+0800: 182671.079: [GC pause (G1 Evacuation Pause) (young) 5487M->2086M(6144M), 0.0495431 secs]
2021-06-27T11:12:31.212+0800: 182723.782: [GC pause (G1 Evacuation Pause) (young) 5496M->2091M(6144M), 0.0512844 secs]
2021-06-27T11:13:30.079+0800: 182782.649: [GC pause (G1 Evacuation Pause) (young) 5499M->2084M(6144M), 0.0496219 secs]
2021-06-27T11:14:29.299+0800: 182841.869: [GC pause (G1 Evacuation Pause) (young) 5491M->2087M(6144M), 0.0486104 secs]
2021-06-27T11:15:26.233+0800: 182898.803: [GC pause (G1 Evacuation Pause) (young) 5486M->2091M(6144M), 0.0472655 secs]
2021-06-27T11:16:18.156+0800: 182950.726: [GC pause (G1 Evacuation Pause) (young) 5480M->2095M(6144M), 0.0450098 secs]
2021-06-27T11:17:12.187+0800: 183004.757: [GC pause (G1 Evacuation Pause) (young) 5480M->2111M(6144M), 0.0582049 secs]
2021-06-27T11:17:57.908+0800: 183050.478: [GC pause (G1 Evacuation Pause) (young) 5475M->2112M(6144M), 0.0564338 secs]
2021-06-27T11:18:45.165+0800: 183097.735: [GC pause (G1 Evacuation Pause) (young) 5474M->2126M(6144M), 0.0629178 secs]
2021-06-27T11:19:34.045+0800: 183146.615: [GC pause (G1 Evacuation Pause) (young) 5459M->2124M(6144M), 0.0583710 secs]
2021-06-27T11:20:22.273+0800: 183194.843: [GC pause (G1 Evacuation Pause) (young) 5460M->2131M(6144M), 0.0668630 secs]
2021-06-27T11:21:05.641+0800: 183238.211: [GC pause (G1 Evacuation Pause) (young) 5457M->2125M(6144M), 0.0645454 secs]
2021-06-27T11:22:14.206+0800: 183306.776: [GC pause (G1 Evacuation Pause) (young) 5463M->2125M(6144M), 0.0639734 secs]
2021-06-27T11:22:46.883+0800: 183339.453: [GC pause (G1 Evacuation Pause) (young) 5488M->2133M(6144M), 0.0703985 secs]
2021-06-27T11:23:39.418+0800: 183391.988: [GC pause (G1 Evacuation Pause) (young) 5466M->2136M(6144M), 0.0647526 secs]
2021-06-27T11:24:53.565+0800: 183466.135: [GC pause (G1 Evacuation Pause) (young) 5465M->2133M(6144M), 0.0651646 secs]
2021-06-27T11:26:06.229+0800: 183538.799: [GC pause (G1 Evacuation Pause) (young) 5476M->2135M(6144M), 0.0657960 secs]
2021-06-27T11:27:02.177+0800: 183594.747: [GC pause (G1 Evacuation Pause) (young) 5479M->2153M(6144M), 0.0754019 secs]
2021-06-27T11:27:59.711+0800: 183652.281: [GC pause (G1 Evacuation Pause) (young) 5456M->2142M(6144M), 0.0696508 secs]
2021-06-27T11:28:49.705+0800: 183702.275: [GC pause (G1 Evacuation Pause) (young) 5475M->2146M(6144M), 0.0677252 secs]
2021-06-27T11:29:29.470+0800: 183742.040: [GC pause (G1 Evacuation Pause) (young) 5471M->2156M(6144M), 0.0705785 secs]
2021-06-27T11:30:40.713+0800: 183813.283: [GC pause (G1 Evacuation Pause) (young) 5471M->2149M(6144M), 0.0668523 secs]
2021-06-27T11:31:38.593+0800: 183871.163: [GC pause (G1 Evacuation Pause) (young) 5482M->2157M(6144M), 0.0618154 secs]
2021-06-27T11:32:58.707+0800: 183951.277: [GC pause (G1 Evacuation Pause) (young) 5501M->2162M(6144M), 0.0555736 secs]
2021-06-27T11:33:45.672+0800: 183998.242: [GC pause (G1 Evacuation Pause) (young) 5483M->2163M(6144M), 0.0528494 secs]
2021-06-27T11:34:54.659+0800: 184067.229: [GC pause (G1 Evacuation Pause) (young) 5485M->2166M(6144M), 0.0535261 secs]
2021-06-27T11:35:42.877+0800: 184115.447: [GC pause (G1 Evacuation Pause) (young) 5484M->2178M(6144M), 0.0516463 secs]
2021-06-27T11:36:28.075+0800: 184160.645: [GC pause (G1 Evacuation Pause) (young) 5656M->2376M(6144M), 0.1785716 secs]
2021-06-27T11:37:05.115+0800: 184197.685: [GC pause (G1 Evacuation Pause) (young) 4940M->2369M(6144M), 0.1456896 secs]
2021-06-27T11:37:50.937+0800: 184243.507: [GC pause (G1 Evacuation Pause) (young) 5595M->2372M(6144M), 0.0388699 secs]
2021-06-27T11:38:37.557+0800: 184290.127: [GC pause (G1 Evacuation Pause) (young) 5633M->2376M(6144M), 0.0386151 secs]
2021-06-27T11:39:34.094+0800: 184346.664: [GC pause (G1 Evacuation Pause) (young) 5820M->2373M(6144M), 0.0376539 secs]
2021-06-27T11:40:42.132+0800: 184414.702: [GC pause (G1 Evacuation Pause) (young) 5479M->2375M(6144M), 0.0282752 secs]
2021-06-27T11:41:27.957+0800: 184460.527: [GC pause (G1 Evacuation Pause) (young) 5476M->2381M(6144M), 0.0281488 secs]
2021-06-27T11:42:41.183+0800: 184533.753: [GC pause (G1 Evacuation Pause) (young) 5502M->2383M(6144M), 0.0330342 secs]
2021-06-27T11:43:47.781+0800: 184600.350: [GC pause (G1 Evacuation Pause) (young) 5495M->2396M(6144M), 0.0371474 secs]
2021-06-27T11:44:25.738+0800: 184638.308: [GC pause (G1 Evacuation Pause) (young) 5509M->2404M(6144M), 0.0480864 secs]
2021-06-27T11:45:15.993+0800: 184688.563: [GC pause (G1 Evacuation Pause) (young) 5645M->2435M(6144M), 0.0752073 secs]
2021-06-27T11:46:21.916+0800: 184754.486: [GC pause (G1 Evacuation Pause) (young) 5615M->2409M(6144M), 0.0563101 secs]
2021-06-27T11:47:10.913+0800: 184803.483: [GC pause (G1 Evacuation Pause) (young) 5487M->2408M(6144M), 0.0489389 secs]
2021-06-27T11:48:12.405+0800: 184864.975: [GC pause (G1 Evacuation Pause) (young) 5481M->2410M(6144M), 0.0497610 secs]
2021-06-27T11:49:20.772+0800: 184933.342: [GC pause (G1 Evacuation Pause) (young) 5470M->2414M(6144M), 0.0519517 secs]
2021-06-27T11:50:20.797+0800: 184993.367: [GC pause (G1 Evacuation Pause) (young) 5470M->2412M(6144M), 0.0518814 secs]
2021-06-27T11:51:11.171+0800: 185043.741: [GC pause (G1 Evacuation Pause) (young) 5477M->2410M(6144M), 0.0528545 secs]
2021-06-27T11:52:21.451+0800: 185114.021: [GC pause (G1 Evacuation Pause) (young) 5469M->2420M(6144M), 0.0606513 secs]
2021-06-27T11:53:13.014+0800: 185165.584: [GC pause (G1 Evacuation Pause) (young) 5471M->2416M(6144M), 0.0534684 secs]
2021-06-27T11:53:59.908+0800: 185212.478: [GC pause (G1 Evacuation Pause) (young) 5493M->2424M(6144M), 0.0565612 secs]
2021-06-27T11:54:52.367+0800: 185264.937: [GC pause (G1 Evacuation Pause) (young) 5648M->2421M(6144M), 0.0633808 secs]
2021-06-27T11:55:37.867+0800: 185310.437: [GC pause (G1 Evacuation Pause) (young) 5466M->2428M(6144M), 0.0553352 secs]
2021-06-27T11:56:47.889+0800: 185380.459: [GC pause (G1 Evacuation Pause) (young) 5465M->2427M(6144M), 0.0532727 secs]
2021-06-27T11:57:37.083+0800: 185429.653: [GC pause (G1 Evacuation Pause) (young) 5477M->2429M(6144M), 0.0559657 secs]
2021-06-27T11:58:44.778+0800: 185497.348: [GC pause (G1 Evacuation Pause) (young) 5489M->2429M(6144M), 0.0572819 secs]
2021-06-27T11:59:43.539+0800: 185556.109: [GC pause (G1 Evacuation Pause) (young) 5496M->2440M(6144M), 0.0535852 secs]
2021-06-27T12:00:50.296+0800: 185622.866: [GC pause (G1 Evacuation Pause) (young) 5482M->2446M(6144M), 0.0451439 secs]
2021-06-27T12:02:06.937+0800: 185699.506: [GC pause (G1 Evacuation Pause) (young) 5481M->2444M(6144M), 0.0428337 secs]
2021-06-27T12:02:53.126+0800: 185745.696: [GC pause (G1 Evacuation Pause) (young) 5659M->2443M(6144M), 0.0510416 secs]
2021-06-27T12:04:10.200+0800: 185822.770: [GC pause (G1 Evacuation Pause) (young) 5500M->2445M(6144M), 0.0430836 secs]
2021-06-27T12:05:26.687+0800: 185899.257: [GC pause (G1 Evacuation Pause) (young) 5485M->2447M(6144M), 0.0409250 secs]
2021-06-27T12:06:24.339+0800: 185956.908: [GC pause (G1 Evacuation Pause) (young) 5507M->2507M(6144M), 0.0768879 secs]
2021-06-27T12:07:18.519+0800: 186011.089: [GC pause (G1 Evacuation Pause) (young) 5439M->2511M(6144M), 0.0748453 secs]
2021-06-27T12:08:33.039+0800: 186085.608: [GC pause (G1 Evacuation Pause) (young) 5436M->2515M(6144M), 0.0764174 secs]
2021-06-27T12:09:27.358+0800: 186139.928: [GC pause (G1 Evacuation Pause) (young) 5455M->2511M(6144M), 0.0759313 secs]
2021-06-27T12:10:57.828+0800: 186230.397: [GC pause (G1 Evacuation Pause) (young) 5442M->2515M(6144M), 0.0706874 secs]
2021-06-27T12:12:43.234+0800: 186335.804: [GC pause (G1 Evacuation Pause) (young) 5423M->2521M(6144M), 0.0729657 secs]
2021-06-27T12:14:13.813+0800: 186426.383: [GC pause (G1 Evacuation Pause) (young) 5430M->2518M(6144M), 0.0734597 secs]
2021-06-27T12:15:31.291+0800: 186503.861: [GC pause (G1 Evacuation Pause) (young) 5443M->2521M(6144M), 0.0744602 secs]
2021-06-27T12:16:34.350+0800: 186566.920: [GC pause (G1 Evacuation Pause) (young) 5447M->2522M(6144M), 0.0770459 secs]
2021-06-27T12:18:04.035+0800: 186656.605: [GC pause (G1 Evacuation Pause) (young) 5429M->2523M(6144M), 0.0738521 secs]
2021-06-27T12:19:08.392+0800: 186720.961: [GC pause (G1 Evacuation Pause) (young) 5432M->2529M(6144M), 0.0710839 secs]
2021-06-27T12:20:24.364+0800: 186796.934: [GC pause (G1 Evacuation Pause) (young) 5428M->2528M(6144M), 0.0727486 secs]
2021-06-27T12:21:40.402+0800: 186872.971: [GC pause (G1 Evacuation Pause) (young) 5430M->2534M(6144M), 0.0727800 secs]
2021-06-27T12:23:04.417+0800: 186956.987: [GC pause (G1 Evacuation Pause) (young) 5426M->2534M(6144M), 0.0729272 secs]
2021-06-27T12:24:16.575+0800: 187029.145: [GC pause (G1 Evacuation Pause) (young) 5434M->2541M(6144M), 0.0790583 secs]
2021-06-27T12:25:32.089+0800: 187104.658: [GC pause (G1 Evacuation Pause) (young) 5422M->2543M(6144M), 0.0752948 secs]
2021-06-27T12:27:12.615+0800: 187205.185: [GC pause (G1 Evacuation Pause) (young) 5495M->2549M(6144M), 0.0710683 secs]
2021-06-27T12:28:39.666+0800: 187292.236: [GC pause (G1 Evacuation Pause) (young) 5485M->2554M(6144M), 0.0447809 secs]
2021-06-27T12:29:33.631+0800: 187346.201: [GC pause (G1 Evacuation Pause) (young) 5495M->2557M(6144M), 0.0488805 secs]
2021-06-27T12:30:48.023+0800: 187420.593: [GC pause (G1 Evacuation Pause) (young) 5495M->2560M(6144M), 0.0478555 secs]
2021-06-27T12:32:24.354+0800: 187516.924: [GC pause (G1 Evacuation Pause) (young) 5481M->2557M(6144M), 0.0429042 secs]
2021-06-27T12:33:40.968+0800: 187593.538: [GC pause (G1 Evacuation Pause) (young) 5509M->2560M(6144M), 0.0502575 secs]
2021-06-27T12:35:59.433+0800: 187732.003: [GC pause (G1 Evacuation Pause) (young) 5485M->2562M(6144M), 0.0449267 secs]
2021-06-27T12:37:27.554+0800: 187820.124: [GC pause (G1 Evacuation Pause) (young) 5488M->2565M(6144M), 0.0452544 secs]
2021-06-27T12:38:34.270+0800: 187886.839: [GC pause (G1 Evacuation Pause) (young) 5484M->2566M(6144M), 0.0422019 secs]
2021-06-27T12:40:14.390+0800: 187986.960: [GC pause (G1 Evacuation Pause) (young) 5483M->2569M(6144M), 0.0434001 secs]
2021-06-27T12:41:22.465+0800: 188055.035: [GC pause (G1 Evacuation Pause) (young) 5485M->2571M(6144M), 0.0429421 secs]
2021-06-27T12:42:38.672+0800: 188131.242: [GC pause (G1 Evacuation Pause) (young) 5493M->2572M(6144M), 0.0432178 secs]
2021-06-27T12:44:07.856+0800: 188220.426: [GC pause (G1 Evacuation Pause) (young) 5485M->2570M(6144M), 0.0416930 secs]
2021-06-27T12:45:36.063+0800: 188308.633: [GC pause (G1 Evacuation Pause) (young) 5490M->2571M(6144M), 0.0392589 secs]
2021-06-27T12:47:02.044+0800: 188394.614: [GC pause (G1 Evacuation Pause) (young) 5491M->2649M(6144M), 0.0773599 secs]
2021-06-27T12:48:28.916+0800: 188481.486: [GC pause (G1 Evacuation Pause) (young) 5442M->2642M(6144M), 0.0769417 secs]
2021-06-27T12:49:35.531+0800: 188548.100: [GC pause (G1 Evacuation Pause) (young) 5457M->2646M(6144M), 0.0779671 secs]
2021-06-27T12:51:07.578+0800: 188640.148: [GC pause (G1 Evacuation Pause) (young) 5438M->2647M(6144M), 0.0729782 secs]
2021-06-27T12:52:18.865+0800: 188711.435: [GC pause (G1 Evacuation Pause) (young) 5447M->2651M(6144M), 0.0740684 secs]
2021-06-27T12:53:21.813+0800: 188774.382: [GC pause (G1 Evacuation Pause) (young) 5432M->2657M(6144M), 0.0727084 secs]
2021-06-27T12:54:29.590+0800: 188842.160: [GC pause (G1 Evacuation Pause) (young) 5416M->2650M(6144M), 0.0658496 secs]
2021-06-27T12:56:08.355+0800: 188940.924: [GC pause (G1 Evacuation Pause) (young) 5423M->2652M(6144M), 0.0665065 secs]
2021-06-27T12:57:16.351+0800: 189008.921: [GC pause (G1 Evacuation Pause) (young) 5423M->2663M(6144M), 0.0711432 secs]
2021-06-27T12:58:17.263+0800: 189069.833: [GC pause (G1 Evacuation Pause) (young) 5424M->2661M(6144M), 0.0699715 secs]
2021-06-27T12:59:08.624+0800: 189121.194: [GC pause (G1 Evacuation Pause) (young) 5428M->2663M(6144M), 0.0712021 secs]
2021-06-27T13:00:32.740+0800: 189205.310: [GC pause (G1 Evacuation Pause) (young) 5415M->2657M(6144M), 0.0640462 secs]
2021-06-27T13:01:45.854+0800: 189278.424: [GC pause (G1 Evacuation Pause) (young) 5432M->2659M(6144M), 0.0674053 secs]
2021-06-27T13:02:53.126+0800: 189345.696: [GC pause (G1 Evacuation Pause) (young) 5422M->2663M(6144M), 0.0672790 secs]
2021-06-27T13:04:09.637+0800: 189422.206: [GC pause (G1 Evacuation Pause) (young) 5417M->2659M(6144M), 0.0659554 secs]
2021-06-27T13:05:08.559+0800: 189481.129: [GC pause (G1 Evacuation Pause) (young) 5425M->2677M(6144M), 0.0665261 secs]
2021-06-27T13:06:42.738+0800: 189575.308: [GC pause (G1 Evacuation Pause) (young) 5493M->2680M(6144M), 0.0556611 secs]
2021-06-27T13:07:27.293+0800: 189619.863: [GC pause (G1 Humongous Allocation) (young) (initial-mark) 5373M->2774M(6144M), 0.0404263 secs]
2021-06-27T13:07:27.334+0800: 189619.904: [GC concurrent-root-region-scan-start]
2021-06-27T13:07:27.373+0800: 189619.943: [GC concurrent-root-region-scan-end, 0.0391562 secs]
2021-06-27T13:07:27.373+0800: 189619.943: [GC concurrent-mark-start]
2021-06-27T13:07:28.763+0800: 189621.333: [GC concurrent-mark-end, 1.3901071 secs]
2021-06-27T13:07:28.765+0800: 189621.335: [GC remark, 0.0920647 secs]
2021-06-27T13:07:28.859+0800: 189621.429: [GC cleanup 2886M->1613M(6144M), 0.0153492 secs]
2021-06-27T13:07:28.875+0800: 189621.445: [GC concurrent-cleanup-start]
2021-06-27T13:07:28.877+0800: 189621.447: [GC concurrent-cleanup-end, 0.0018911 secs]
2021-06-27T13:08:40.404+0800: 189692.974: [GC pause (G1 Evacuation Pause) (young) 4305M->1414M(6144M), 0.0399328 secs]
2021-06-27T13:08:46.315+0800: 189698.885: [GC pause (G1 Evacuation Pause) (mixed) 1694M->1001M(6144M), 0.0812170 secs]
2021-06-27T13:10:07.862+0800: 189780.432: [GC pause (G1 Evacuation Pause) (young) 4663M->1004M(6144M), 0.0797279 secs]
2021-06-27T13:11:31.351+0800: 189863.921: [GC pause (G1 Evacuation Pause) (young) 4663M->1003M(6144M), 0.0289034 secs]
2021-06-27T13:13:00.285+0800: 189952.855: [GC pause (G1 Evacuation Pause) (young) 4662M->1007M(6144M), 0.0307635 secs]
2021-06-27T13:14:29.131+0800: 190041.701: [GC pause (G1 Evacuation Pause) (young) 4662M->1017M(6144M), 0.0394464 secs]
2021-06-27T13:15:55.510+0800: 190128.080: [GC pause (G1 Evacuation Pause) (young) 4677M->1077M(6144M), 0.0764833 secs]
2021-06-27T13:16:51.682+0800: 190184.252: [GC pause (G1 Evacuation Pause) (young) 4677M->1090M(6144M), 0.0798929 secs]
2021-06-27T13:18:11.325+0800: 190263.894: [GC pause (G1 Evacuation Pause) (young) 4663M->1105M(6144M), 0.0855388 secs]
2021-06-27T13:19:29.690+0800: 190342.260: [GC pause (G1 Evacuation Pause) (young) 4663M->1098M(6144M), 0.0792197 secs]
2021-06-27T13:21:09.698+0800: 190442.267: [GC pause (G1 Evacuation Pause) (young) 4680M->1099M(6144M), 0.0831728 secs]
2021-06-27T13:22:27.110+0800: 190519.680: [GC pause (G1 Evacuation Pause) (young) 4679M->1088M(6144M), 0.0770174 secs]
2021-06-27T13:23:25.885+0800: 190578.455: [GC pause (G1 Evacuation Pause) (young) 4684M->1098M(6144M), 0.0823555 secs]
2021-06-27T13:25:01.422+0800: 190673.992: [GC pause (G1 Evacuation Pause) (young) 4692M->1100M(6144M), 0.0853172 secs]
2021-06-27T13:26:09.087+0800: 190741.657: [GC pause (G1 Evacuation Pause) (young) 4695M->1108M(6144M), 0.0870846 secs]
2021-06-27T13:27:37.240+0800: 190829.810: [GC pause (G1 Evacuation Pause) (young) 4675M->1093M(6144M), 0.0748555 secs]
2021-06-27T13:29:30.279+0800: 190942.849: [GC pause (G1 Evacuation Pause) (young) 4680M->1107M(6144M), 0.0842341 secs]
2021-06-27T13:30:40.518+0800: 191013.088: [GC pause (G1 Evacuation Pause) (young) 4677M->1114M(6144M), 0.0869774 secs]
2021-06-27T13:32:09.840+0800: 191102.410: [GC pause (G1 Evacuation Pause) (young) 4682M->1111M(6144M), 0.0855933 secs]
2021-06-27T13:33:16.921+0800: 191169.490: [GC pause (G1 Evacuation Pause) (young) 4682M->1117M(6144M), 0.0886987 secs]
2021-06-27T13:34:50.168+0800: 191262.738: [GC pause (G1 Evacuation Pause) (young) 4692M->1125M(6144M), 0.0899746 secs]
2021-06-27T13:36:13.626+0800: 191346.195: [GC pause (G1 Evacuation Pause) (young) 4705M->1137M(6144M), 0.0984721 secs]
2021-06-27T13:37:15.462+0800: 191408.032: [GC pause (G1 Evacuation Pause) (young) 4786M->1136M(6144M), 0.0846039 secs]
2021-06-27T13:38:26.651+0800: 191479.221: [GC pause (G1 Evacuation Pause) (young) 4804M->1140M(6144M), 0.0623729 secs]
2021-06-27T13:39:31.567+0800: 191544.137: [GC pause (G1 Evacuation Pause) (young) 4776M->1143M(6144M), 0.0568487 secs]
2021-06-27T13:41:02.435+0800: 191635.005: [GC pause (G1 Evacuation Pause) (young) 4776M->1141M(6144M), 0.0548732 secs]
2021-06-27T13:42:46.234+0800: 191738.804: [GC pause (G1 Evacuation Pause) (young) 4780M->1147M(6144M), 0.0553873 secs]
2021-06-27T13:44:39.145+0800: 191851.715: [GC pause (G1 Evacuation Pause) (young) 4776M->1148M(6144M), 0.0552942 secs]
2021-06-27T13:46:07.687+0800: 191940.257: [GC pause (G1 Evacuation Pause) (young) 4778M->1147M(6144M), 0.0551517 secs]
2021-06-27T13:47:31.401+0800: 192023.971: [GC pause (G1 Evacuation Pause) (young) 4780M->1146M(6144M), 0.0523261 secs]
2021-06-27T13:49:09.727+0800: 192122.297: [GC pause (G1 Evacuation Pause) (young) 4784M->1183M(6144M), 0.0675795 secs]
2021-06-27T13:50:03.800+0800: 192176.370: [GC pause (G1 Evacuation Pause) (young) 4798M->1159M(6144M), 0.0546410 secs]
2021-06-27T13:51:20.047+0800: 192252.617: [GC pause (G1 Evacuation Pause) (young) 4808M->1159M(6144M), 0.0530508 secs]
2021-06-27T13:52:55.682+0800: 192348.252: [GC pause (G1 Evacuation Pause) (young) 4808M->1165M(6144M), 0.0455402 secs]
2021-06-27T13:54:24.142+0800: 192436.712: [GC pause (G1 Evacuation Pause) (young) 4979M->1181M(6144M), 0.0588292 secs]
2021-06-27T13:56:05.126+0800: 192537.696: [GC pause (G1 Evacuation Pause) (young) 4811M->1171M(6144M), 0.0431935 secs]
2021-06-27T13:57:11.143+0800: 192603.713: [GC pause (G1 Evacuation Pause) (young) 4817M->1172M(6144M), 0.0392138 secs]
2021-06-27T13:58:52.927+0800: 192705.497: [GC pause (G1 Evacuation Pause) (young) 4823M->1180M(6144M), 0.0414112 secs]
2021-06-27T14:00:06.842+0800: 192779.412: [GC pause (G1 Evacuation Pause) (young) 4996M->1181M(6144M), 0.0521098 secs]
2021-06-27T14:01:38.666+0800: 192871.236: [GC pause (G1 Evacuation Pause) (young) 4824M->1184M(6144M), 0.0453713 secs]
2021-06-27T14:02:57.827+0800: 192950.397: [GC pause (G1 Evacuation Pause) (young) 4827M->1208M(6144M), 0.0560678 secs]
2021-06-27T14:03:06.000+0800: 192958.569: [GC pause (G1 Evacuation Pause) (young) 4853M->1276M(6144M), 0.1888046 secs]
2021-06-27T14:03:08.384+0800: 192960.954: [GC pause (G1 Evacuation Pause) (young) 4828M->1283M(6144M), 0.1164503 secs]
2021-06-27T14:03:10.217+0800: 192962.787: [GC pause (G1 Evacuation Pause) (young) 4829M->1266M(6144M), 0.0881037 secs]
2021-06-27T14:03:11.814+0800: 192964.384: [GC pause (G1 Evacuation Pause) (young) 4832M->1264M(6144M), 0.0829042 secs]
2021-06-27T14:03:13.292+0800: 192965.862: [GC pause (G1 Evacuation Pause) (young) 4832M->1265M(6144M), 0.0819846 secs]
2021-06-27T14:03:14.795+0800: 192967.365: [GC pause (G1 Evacuation Pause) (young) 4837M->1272M(6144M), 0.0828350 secs]
2021-06-27T14:03:16.358+0800: 192968.927: [GC pause (G1 Evacuation Pause) (young) 4842M->1271M(6144M), 0.0804931 secs]
2021-06-27T14:03:17.777+0800: 192970.347: [GC pause (G1 Evacuation Pause) (young) 4843M->1272M(6144M), 0.0786985 secs]
2021-06-27T14:03:19.384+0800: 192971.954: [GC pause (G1 Evacuation Pause) (young) 4846M->1271M(6144M), 0.0788453 secs]
2021-06-27T14:03:20.745+0800: 192973.314: [GC pause (G1 Evacuation Pause) (young) 4847M->1273M(6144M), 0.0764631 secs]
2021-06-27T14:03:22.251+0800: 192974.821: [GC pause (G1 Evacuation Pause) (young) 4851M->1276M(6144M), 0.0778445 secs]
2021-06-27T14:03:23.793+0800: 192976.363: [GC pause (G1 Evacuation Pause) (young) 4854M->1277M(6144M), 0.0750969 secs]
2021-06-27T14:03:25.223+0800: 192977.792: [GC pause (G1 Evacuation Pause) (young) 4861M->1277M(6144M), 0.0736940 secs]
2021-06-27T14:03:26.669+0800: 192979.239: [GC pause (G1 Evacuation Pause) (young) 4867M->1277M(6144M), 0.0697291 secs]
2021-06-27T14:04:41.997+0800: 193054.567: [GC pause (G1 Evacuation Pause) (young) 4878M->1259M(6144M), 0.0586794 secs]
2021-06-27T14:05:42.930+0800: 193115.499: [GC pause (G1 Evacuation Pause) (young) 4883M->1264M(6144M), 0.0580024 secs]
2021-06-27T14:07:12.982+0800: 193205.551: [GC pause (G1 Evacuation Pause) (young) 4934M->1273M(6144M), 0.0544228 secs]
2021-06-27T14:08:29.917+0800: 193282.486: [GC pause (G1 Evacuation Pause) (young) 4958M->1281M(6144M), 0.0352246 secs]
2021-06-27T14:09:32.786+0800: 193345.356: [GC pause (G1 Evacuation Pause) (young) 4955M->1286M(6144M), 0.0348559 secs]
2021-06-27T14:11:05.516+0800: 193438.086: [GC pause (G1 Evacuation Pause) (young) 4948M->1298M(6144M), 0.0403093 secs]
2021-06-27T14:12:22.374+0800: 193514.944: [GC pause (G1 Evacuation Pause) (young) 4948M->1288M(6144M), 0.0348163 secs]
2021-06-27T14:13:34.721+0800: 193587.291: [GC pause (G1 Evacuation Pause) (young) 4962M->1297M(6144M), 0.0434210 secs]
2021-06-27T14:15:07.669+0800: 193680.239: [GC pause (G1 Evacuation Pause) (young) 4949M->1303M(6144M), 0.0418875 secs]
2021-06-27T14:16:17.332+0800: 193749.902: [GC pause (G1 Evacuation Pause) (young) 4949M->1421M(6144M), 0.1120457 secs]
2021-06-27T14:17:15.062+0800: 193807.632: [GC pause (G1 Evacuation Pause) (young) 4949M->1421M(6144M), 0.1039617 secs]
2021-06-27T14:17:48.920+0800: 193841.490: [GC pause (G1 Evacuation Pause) (young) 4960M->1432M(6144M), 0.1130092 secs]
2021-06-27T14:19:01.606+0800: 193914.176: [GC pause (G1 Evacuation Pause) (young) 4944M->1426M(6144M), 0.1075222 secs]
2021-06-27T14:20:02.845+0800: 193975.415: [GC pause (G1 Evacuation Pause) (young) 4958M->1431M(6144M), 0.1115695 secs]
2021-06-27T14:20:42.217+0800: 194014.787: [GC pause (G1 Evacuation Pause) (young) 4953M->1433M(6144M), 0.1107370 secs]
2021-06-27T14:21:38.783+0800: 194071.353: [GC pause (G1 Evacuation Pause) (young) 4961M->1429M(6144M), 0.1117211 secs]
2021-06-27T14:23:00.335+0800: 194152.905: [GC pause (G1 Evacuation Pause) (young) 4964M->1435M(6144M), 0.1168685 secs]
2021-06-27T14:24:19.344+0800: 194231.914: [GC pause (G1 Evacuation Pause) (young) 4987M->1435M(6144M), 0.1191876 secs]
2021-06-27T14:25:19.315+0800: 194291.885: [GC pause (G1 Evacuation Pause) (young) 5122M->1444M(6144M), 0.1255624 secs]
2021-06-27T14:25:22.461+0800: 194295.031: [GC pause (G1 Evacuation Pause) (young) 1574M->1465M(6144M), 0.1098001 secs]
2021-06-27T14:25:54.457+0800: 194327.027: [GC pause (G1 Evacuation Pause) (young) 3150M->1471M(6144M), 0.0574961 secs]
2021-06-27T14:26:30.598+0800: 194363.168: [GC pause (G1 Evacuation Pause) (young) 3347M->1470M(6144M), 0.0284278 secs]
2021-06-27T14:27:28.775+0800: 194421.345: [GC pause (G1 Evacuation Pause) (young) 5144M->1473M(6144M), 0.0336629 secs]
2021-06-27T14:29:13.410+0800: 194525.980: [GC pause (G1 Evacuation Pause) (young) 5132M->1478M(6144M), 0.0346809 secs]
2021-06-27T14:30:25.024+0800: 194597.594: [GC pause (G1 Evacuation Pause) (young) 5137M->1477M(6144M), 0.0373958 secs]
2021-06-27T14:31:29.879+0800: 194662.449: [GC pause (G1 Evacuation Pause) (young) 5168M->1500M(6144M), 0.0565561 secs]
2021-06-27T14:32:52.348+0800: 194744.918: [GC pause (G1 Evacuation Pause) (young) 5135M->1501M(6144M), 0.0500088 secs]
2021-06-27T14:33:44.819+0800: 194797.389: [GC pause (G1 Evacuation Pause) (young) 5159M->1501M(6144M), 0.0566878 secs]
2021-06-27T14:35:05.064+0800: 194877.634: [GC pause (G1 Evacuation Pause) (young) 5138M->1502M(6144M), 0.0539924 secs]
2021-06-27T14:36:07.021+0800: 194939.590: [GC pause (G1 Evacuation Pause) (young) 5142M->1507M(6144M), 0.0569160 secs]
2021-06-27T14:36:58.790+0800: 194991.359: [GC pause (G1 Evacuation Pause) (young) 5149M->1512M(6144M), 0.0593537 secs]
2021-06-27T14:37:57.420+0800: 195049.990: [GC pause (G1 Evacuation Pause) (young) 5145M->1561M(6144M), 0.0843174 secs]
2021-06-27T14:38:52.778+0800: 195105.347: [GC pause (G1 Evacuation Pause) (young) 5161M->1513M(6144M), 0.0643520 secs]
2021-06-27T14:40:01.297+0800: 195173.866: [GC pause (G1 Evacuation Pause) (young) 5136M->1514M(6144M), 0.0616683 secs]
2021-06-27T14:41:05.598+0800: 195238.168: [GC pause (G1 Evacuation Pause) (young) 5142M->1517M(6144M), 0.0645452 secs]
2021-06-27T14:42:21.306+0800: 195313.876: [GC pause (G1 Evacuation Pause) (young) 5146M->1518M(6144M), 0.0555833 secs]
2021-06-27T14:43:31.325+0800: 195383.895: [GC pause (G1 Evacuation Pause) (young) 5149M->1529M(6144M), 0.0583007 secs]
2021-06-27T14:44:46.085+0800: 195458.655: [GC pause (G1 Evacuation Pause) (young) 5176M->1525M(6144M), 0.0618972 secs]
2021-06-27T14:46:06.026+0800: 195538.596: [GC pause (G1 Evacuation Pause) (young) 5161M->1527M(6144M), 0.0588060 secs]
2021-06-27T14:47:18.884+0800: 195611.454: [GC pause (G1 Evacuation Pause) (young) 5161M->1524M(6144M), 0.0547393 secs]
2021-06-27T14:48:52.392+0800: 195704.962: [GC pause (G1 Evacuation Pause) (young) 5155M->1528M(6144M), 0.0540775 secs]
2021-06-27T14:50:07.131+0800: 195779.701: [GC pause (G1 Evacuation Pause) (young) 5182M->1537M(6144M), 0.0511882 secs]
2021-06-27T14:51:12.171+0800: 195844.741: [GC pause (G1 Evacuation Pause) (young) 5189M->1540M(6144M), 0.0425682 secs]
2021-06-27T14:51:59.613+0800: 195892.183: [GC pause (G1 Evacuation Pause) (young) 5200M->1544M(6144M), 0.0443920 secs]
2021-06-27T14:52:49.745+0800: 195942.315: [GC pause (G1 Evacuation Pause) (young) 5203M->1545M(6144M), 0.0432894 secs]
2021-06-27T14:53:47.185+0800: 195999.755: [GC pause (G1 Evacuation Pause) (young) 5206M->1574M(6144M), 0.0835241 secs]
2021-06-27T14:54:51.586+0800: 196064.156: [GC pause (G1 Evacuation Pause) (young) 5211M->1545M(6144M), 0.0440503 secs]
2021-06-27T14:56:12.220+0800: 196144.790: [GC pause (G1 Evacuation Pause) (young) 5196M->1548M(6144M), 0.0399294 secs]
2021-06-27T14:57:22.167+0800: 196214.737: [GC pause (G1 Evacuation Pause) (young) 5195M->1553M(6144M), 0.0424136 secs]
2021-06-27T14:58:38.240+0800: 196290.810: [GC pause (G1 Evacuation Pause) (young) 5208M->1550M(6144M), 0.0426336 secs]
2021-06-27T14:59:25.425+0800: 196337.994: [GC pause (G1 Evacuation Pause) (young) 5211M->1552M(6144M), 0.0421117 secs]
2021-06-27T15:00:44.435+0800: 196417.005: [GC pause (G1 Evacuation Pause) (young) 5203M->1553M(6144M), 0.0407746 secs]
2021-06-27T15:01:45.501+0800: 196478.070: [GC pause (G1 Evacuation Pause) (young) 5205M->1560M(6144M), 0.0432294 secs]
2021-06-27T15:02:54.557+0800: 196547.126: [GC pause (G1 Evacuation Pause) (young) 5391M->1562M(6144M), 0.0563900 secs]
2021-06-27T15:04:08.630+0800: 196621.199: [GC pause (G1 Evacuation Pause) (young) 5219M->1555M(6144M), 0.0431597 secs]
2021-06-27T15:05:15.884+0800: 196688.453: [GC pause (G1 Evacuation Pause) (young) 5207M->1558M(6144M), 0.0385430 secs]
2021-06-27T15:06:21.035+0800: 196753.604: [GC pause (G1 Evacuation Pause) (young) 5214M->1561M(6144M), 0.0410123 secs]
2021-06-27T15:07:30.064+0800: 196822.634: [GC pause (G1 Evacuation Pause) (young) 5227M->1566M(6144M), 0.0455412 secs]
2021-06-27T15:08:33.608+0800: 196886.178: [GC pause (G1 Evacuation Pause) (young) 5222M->1567M(6144M), 0.0439659 secs]
2021-06-27T15:09:36.733+0800: 196949.303: [GC pause (G1 Evacuation Pause) (young) 5226M->1573M(6144M), 0.0461341 secs]
2021-06-27T15:11:00.663+0800: 197033.233: [GC pause (G1 Evacuation Pause) (young) 5220M->1566M(6144M), 0.0394962 secs]
2021-06-27T15:11:50.999+0800: 197083.569: [GC pause (G1 Evacuation Pause) (young) 5221M->1578M(6144M), 0.0447374 secs]
2021-06-27T15:13:05.181+0800: 197157.751: [GC pause (G1 Evacuation Pause) (young) 5221M->1572M(6144M), 0.0427273 secs]
2021-06-27T15:14:21.073+0800: 197233.643: [GC pause (G1 Evacuation Pause) (young) 5225M->1581M(6144M), 0.0450834 secs]
2021-06-27T15:15:52.599+0800: 197325.169: [GC pause (G1 Evacuation Pause) (young) 5223M->1578M(6144M), 0.0456957 secs]
2021-06-27T15:16:58.475+0800: 197391.045: [GC pause (G1 Evacuation Pause) (young) 5225M->1582M(6144M), 0.0459361 secs]
2021-06-27T15:18:09.363+0800: 197461.933: [GC pause (G1 Evacuation Pause) (young) 5244M->1583M(6144M), 0.0520296 secs]
2021-06-27T15:19:16.623+0800: 197529.193: [GC pause (G1 Evacuation Pause) (young) 5225M->1586M(6144M), 0.0467038 secs]
2021-06-27T15:20:26.275+0800: 197598.845: [GC pause (G1 Evacuation Pause) (young) 5231M->1605M(6144M), 0.0550100 secs]
2021-06-27T15:21:27.302+0800: 197659.872: [GC pause (G1 Evacuation Pause) (young) 5232M->1591M(6144M), 0.0476887 secs]
2021-06-27T15:22:37.829+0800: 197730.399: [GC pause (G1 Evacuation Pause) (young) 5254M->1592M(6144M), 0.0508189 secs]
2021-06-27T15:23:37.018+0800: 197789.588: [GC pause (G1 Evacuation Pause) (young) 5238M->1598M(6144M), 0.0496382 secs]
2021-06-27T15:24:50.360+0800: 197862.930: [GC pause (G1 Evacuation Pause) (young) 5258M->1601M(6144M), 0.0532789 secs]
2021-06-27T15:26:04.147+0800: 197936.716: [GC pause (G1 Evacuation Pause) (young) 5246M->1602M(6144M), 0.0494816 secs]
2021-06-27T15:27:11.462+0800: 198004.032: [GC pause (G1 Evacuation Pause) (young) 5250M->1598M(6144M), 0.0490678 secs]
2021-06-27T15:28:12.563+0800: 198065.133: [GC pause (G1 Evacuation Pause) (young) 5265M->1600M(6144M), 0.0496817 secs]
2021-06-27T15:28:59.563+0800: 198112.133: [GC pause (G1 Evacuation Pause) (young) 5272M->1605M(6144M), 0.0498408 secs]
2021-06-27T15:30:00.763+0800: 198173.333: [GC pause (G1 Evacuation Pause) (young) 5603M->1623M(6144M), 0.0637301 secs]
2021-06-27T15:31:11.930+0800: 198244.500: [GC pause (G1 Evacuation Pause) (young) 5258M->1612M(6144M), 0.0461813 secs]
2021-06-27T15:32:29.158+0800: 198321.727: [GC pause (G1 Evacuation Pause) (young) 5265M->1651M(6144M), 0.0767494 secs]
2021-06-27T15:34:01.892+0800: 198414.461: [GC pause (G1 Evacuation Pause) (young) 5273M->1672M(6144M), 0.0862441 secs]
2021-06-27T15:35:24.447+0800: 198497.017: [GC pause (G1 Evacuation Pause) (young) 5268M->1673M(6144M), 0.0778476 secs]
2021-06-27T15:36:26.416+0800: 198558.986: [GC pause (G1 Evacuation Pause) (young) 5444M->1676M(6144M), 0.0887570 secs]
2021-06-27T15:37:31.412+0800: 198623.982: [GC pause (G1 Evacuation Pause) (young) 5261M->1681M(6144M), 0.0776922 secs]
2021-06-27T15:39:00.202+0800: 198712.772: [GC pause (G1 Evacuation Pause) (young) 5263M->1675M(6144M), 0.0725088 secs]
2021-06-27T15:40:15.054+0800: 198787.624: [GC pause (G1 Evacuation Pause) (young) 5288M->1681M(6144M), 0.0844793 secs]
2021-06-27T15:41:26.371+0800: 198858.941: [GC pause (G1 Evacuation Pause) (young) 5272M->1681M(6144M), 0.0793896 secs]
2021-06-27T15:42:38.839+0800: 198931.409: [GC pause (G1 Evacuation Pause) (young) 5276M->1686M(6144M), 0.0792246 secs]
2021-06-27T15:44:01.963+0800: 199014.533: [GC pause (G1 Evacuation Pause) (young) 5313M->1682M(6144M), 0.0782754 secs]
2021-06-27T15:45:03.819+0800: 199076.389: [GC pause (G1 Evacuation Pause) (young) 5280M->1686M(6144M), 0.0717546 secs]
2021-06-27T15:46:13.889+0800: 199146.459: [GC pause (G1 Evacuation Pause) (young) 5290M->1690M(6144M), 0.0731667 secs]
2021-06-27T15:47:10.738+0800: 199203.308: [GC pause (G1 Evacuation Pause) (young) 5284M->1691M(6144M), 0.0713784 secs]
2021-06-27T15:48:03.863+0800: 199256.432: [GC pause (G1 Evacuation Pause) (young) 5286M->1695M(6144M), 0.0693308 secs]
2021-06-27T15:49:21.012+0800: 199333.582: [GC pause (G1 Evacuation Pause) (young) 5286M->1707M(6144M), 0.0771504 secs]
2021-06-27T15:50:34.984+0800: 199407.554: [GC pause (G1 Evacuation Pause) (young) 5461M->1702M(6144M), 0.0815423 secs]
2021-06-27T15:51:17.191+0800: 199449.761: [GC pause (G1 Evacuation Pause) (young) 5294M->1704M(6144M), 0.0718342 secs]
2021-06-27T15:52:19.260+0800: 199511.830: [GC pause (G1 Evacuation Pause) (young) 5381M->1704M(6144M), 0.0676646 secs]
2021-06-27T15:53:10.355+0800: 199562.925: [GC pause (G1 Evacuation Pause) (young) 5376M->1712M(6144M), 0.0460361 secs]
2021-06-27T15:53:55.462+0800: 199608.032: [GC pause (G1 Evacuation Pause) (young) 5383M->1727M(6144M), 0.0640650 secs]
2021-06-27T15:55:07.844+0800: 199680.414: [GC pause (G1 Evacuation Pause) (young) 5380M->1728M(6144M), 0.0524389 secs]
2021-06-27T15:56:05.925+0800: 199738.495: [GC pause (G1 Evacuation Pause) (young) 5363M->1758M(6144M), 0.0608873 secs]
2021-06-27T15:57:15.772+0800: 199808.342: [GC pause (G1 Evacuation Pause) (young) 5364M->1739M(6144M), 0.0506052 secs]
2021-06-27T15:58:21.470+0800: 199874.039: [GC pause (G1 Evacuation Pause) (young) 5375M->1736M(6144M), 0.0502452 secs]
2021-06-27T15:59:17.806+0800: 199930.376: [GC pause (G1 Evacuation Pause) (young) 5370M->1733M(6144M), 0.0455529 secs]
2021-06-27T16:00:53.130+0800: 200025.700: [GC pause (G1 Evacuation Pause) (young) 5371M->1739M(6144M), 0.0485328 secs]
2021-06-27T16:01:49.467+0800: 200082.037: [GC pause (G1 Evacuation Pause) (young) 5393M->1735M(6144M), 0.0528450 secs]
2021-06-27T16:02:36.158+0800: 200128.728: [GC pause (G1 Evacuation Pause) (young) 5394M->1742M(6144M), 0.0497951 secs]
2021-06-27T16:03:21.953+0800: 200174.522: [GC pause (G1 Evacuation Pause) (young) 5400M->1754M(6144M), 0.0654417 secs]
2021-06-27T16:04:17.503+0800: 200230.072: [GC pause (G1 Evacuation Pause) (young) 5374M->1742M(6144M), 0.0483186 secs]
2021-06-27T16:05:00.933+0800: 200273.503: [GC pause (G1 Evacuation Pause) (young) 5400M->1742M(6144M), 0.0514516 secs]
2021-06-27T16:05:57.735+0800: 200330.305: [GC pause (G1 Evacuation Pause) (young) 5386M->1745M(6144M), 0.0511181 secs]
2021-06-27T16:06:51.540+0800: 200384.109: [GC pause (G1 Evacuation Pause) (young) 5405M->1751M(6144M), 0.0550907 secs]
2021-06-27T16:08:00.934+0800: 200453.503: [GC pause (G1 Evacuation Pause) (young) 5412M->1747M(6144M), 0.0539322 secs]
2021-06-27T16:09:12.396+0800: 200524.966: [GC pause (G1 Evacuation Pause) (young) 5387M->1748M(6144M), 0.0515427 secs]
2021-06-27T16:10:21.552+0800: 200594.122: [GC pause (G1 Evacuation Pause) (young) 5408M->1755M(6144M), 0.0522638 secs]
2021-06-27T16:11:24.020+0800: 200656.590: [GC pause (G1 Evacuation Pause) (young) 5403M->1757M(6144M), 0.0450943 secs]
2021-06-27T16:12:14.639+0800: 200707.209: [GC pause (G1 Evacuation Pause) (young) 5607M->1763M(6144M), 0.0592031 secs]
2021-06-27T16:13:21.564+0800: 200774.134: [GC pause (G1 Evacuation Pause) (young) 5409M->1761M(6144M), 0.0443552 secs]
2021-06-27T16:14:34.440+0800: 200847.010: [GC pause (G1 Evacuation Pause) (young) 5412M->1763M(6144M), 0.0434632 secs]
2021-06-27T16:15:29.887+0800: 200902.457: [GC pause (G1 Evacuation Pause) (young) 5415M->1782M(6144M), 0.0525055 secs]
2021-06-27T16:16:17.624+0800: 200950.194: [GC pause (G1 Evacuation Pause) (young) 5428M->1767M(6144M), 0.0450609 secs]
2021-06-27T16:17:09.932+0800: 201002.502: [GC pause (G1 Evacuation Pause) (young) 5428M->1770M(6144M), 0.0458818 secs]
2021-06-27T16:18:18.399+0800: 201070.969: [GC pause (G1 Evacuation Pause) (young) 5424M->1774M(6144M), 0.0468075 secs]
2021-06-27T16:19:30.007+0800: 201142.577: [GC pause (G1 Evacuation Pause) (young) 5418M->1774M(6144M), 0.0490771 secs]
2021-06-27T16:20:30.389+0800: 201202.959: [GC pause (G1 Evacuation Pause) (young) 5429M->1775M(6144M), 0.0513390 secs]
2021-06-27T16:21:21.813+0800: 201254.383: [GC pause (G1 Evacuation Pause) (young) 5425M->1781M(6144M), 0.0518265 secs]
2021-06-27T16:22:30.942+0800: 201323.512: [GC pause (G1 Evacuation Pause) (young) 5424M->1781M(6144M), 0.0443619 secs]
2021-06-27T16:23:25.246+0800: 201377.816: [GC pause (G1 Evacuation Pause) (young) 5427M->1788M(6144M), 0.0461590 secs]
2021-06-27T16:24:35.486+0800: 201448.056: [GC pause (G1 Evacuation Pause) (young) 5597M->1787M(6144M), 0.0574633 secs]
2021-06-27T16:25:41.630+0800: 201514.200: [GC pause (G1 Evacuation Pause) (young) 5429M->1797M(6144M), 0.0525368 secs]
2021-06-27T16:27:07.030+0800: 201599.599: [GC pause (G1 Evacuation Pause) (young) 5454M->1788M(6144M), 0.0531907 secs]
2021-06-27T16:28:04.854+0800: 201657.424: [GC pause (G1 Evacuation Pause) (young) 5440M->1789M(6144M), 0.0474341 secs]
2021-06-27T16:29:06.469+0800: 201719.039: [GC pause (G1 Evacuation Pause) (young) 5443M->1789M(6144M), 0.0478816 secs]
2021-06-27T16:29:59.633+0800: 201772.203: [GC pause (G1 Evacuation Pause) (young) 5447M->1791M(6144M), 0.0499374 secs]
2021-06-27T16:31:06.583+0800: 201839.153: [GC pause (G1 Evacuation Pause) (young) 5451M->1795M(6144M), 0.0506247 secs]
2021-06-27T16:31:57.569+0800: 201890.139: [GC pause (G1 Evacuation Pause) (young) 5440M->1804M(6144M), 0.0519127 secs]
2021-06-27T16:32:46.761+0800: 201939.331: [GC pause (G1 Evacuation Pause) (young) 5441M->1799M(6144M), 0.0514814 secs]
2021-06-27T16:33:41.299+0800: 201993.869: [GC pause (G1 Evacuation Pause) (young) 5618M->1801M(6144M), 0.0562000 secs]
2021-06-27T16:34:22.596+0800: 202035.166: [GC pause (G1 Evacuation Pause) (young) 5453M->1873M(6144M), 0.1029830 secs]
2021-06-27T16:35:22.535+0800: 202095.104: [GC pause (G1 Evacuation Pause) (young) 5421M->1805M(6144M), 0.0474324 secs]
2021-06-27T16:36:21.654+0800: 202154.223: [GC pause (G1 Evacuation Pause) (young) 5451M->1861M(6144M), 0.0817756 secs]
2021-06-27T16:37:28.392+0800: 202220.962: [GC pause (G1 Evacuation Pause) (young) 5433M->1903M(6144M), 0.0991925 secs]
2021-06-27T16:38:23.377+0800: 202275.947: [GC pause (G1 Evacuation Pause) (young) 5390M->1874M(6144M), 0.0790192 secs]
2021-06-27T16:39:19.967+0800: 202332.537: [GC pause (G1 Evacuation Pause) (young) 5425M->1874M(6144M), 0.0786699 secs]
2021-06-27T16:39:59.078+0800: 202371.648: [GC pause (G1 Evacuation Pause) (young) 5438M->1879M(6144M), 0.0798765 secs]
2021-06-27T16:41:01.551+0800: 202434.121: [GC pause (G1 Evacuation Pause) (young) 5443M->1876M(6144M), 0.0786091 secs]
2021-06-27T16:42:07.901+0800: 202500.471: [GC pause (G1 Evacuation Pause) (young) 5433M->1881M(6144M), 0.0798573 secs]
2021-06-27T16:43:09.616+0800: 202562.186: [GC pause (G1 Evacuation Pause) (young) 5602M->1880M(6144M), 0.0854017 secs]
2021-06-27T16:43:55.587+0800: 202608.157: [GC pause (G1 Evacuation Pause) (young) 5428M->1884M(6144M), 0.0781569 secs]
2021-06-27T16:44:42.606+0800: 202655.176: [GC pause (G1 Evacuation Pause) (young) 5596M->1884M(6144M), 0.0819744 secs]
2021-06-27T16:45:44.919+0800: 202717.489: [GC pause (G1 Evacuation Pause) (young) 5431M->1886M(6144M), 0.0735428 secs]
2021-06-27T16:46:32.303+0800: 202764.873: [GC pause (G1 Evacuation Pause) (young) 5428M->1900M(6144M), 0.0832771 secs]
2021-06-27T16:47:23.898+0800: 202816.468: [GC pause (G1 Evacuation Pause) (young) 5584M->1894M(6144M), 0.0844228 secs]
2021-06-27T16:48:26.617+0800: 202879.187: [GC pause (G1 Evacuation Pause) (young) 5590M->1892M(6144M), 0.0832708 secs]
2021-06-27T16:49:31.960+0800: 202944.529: [GC pause (G1 Evacuation Pause) (young) 5433M->1893M(6144M), 0.0732189 secs]
2021-06-27T16:50:18.731+0800: 202991.301: [GC pause (G1 Evacuation Pause) (young) 5447M->1919M(6144M), 0.0930774 secs]
2021-06-27T16:51:29.274+0800: 203061.844: [GC pause (G1 Evacuation Pause) (young) 5466M->1938M(6144M), 0.0829305 secs]
2021-06-27T16:52:20.795+0800: 203113.365: [GC pause (G1 Evacuation Pause) (young) 5451M->1909M(6144M), 0.0457949 secs]
2021-06-27T16:53:23.725+0800: 203176.295: [GC pause (G1 Evacuation Pause) (young) 5493M->1914M(6144M), 0.0488736 secs]
2021-06-27T16:54:19.340+0800: 203231.910: [GC pause (G1 Evacuation Pause) (young) 5482M->1918M(6144M), 0.0501798 secs]
2021-06-27T16:55:20.920+0800: 203293.489: [GC pause (G1 Evacuation Pause) (young) 5476M->1914M(6144M), 0.0439037 secs]
2021-06-27T16:56:35.906+0800: 203368.476: [GC pause (G1 Evacuation Pause) (young) 5482M->1913M(6144M), 0.0450652 secs]
2021-06-27T16:57:33.947+0800: 203426.517: [GC pause (G1 Evacuation Pause) (young) 5487M->1923M(6144M), 0.0434313 secs]
2021-06-27T16:58:25.799+0800: 203478.369: [GC pause (G1 Evacuation Pause) (young) 5482M->1919M(6144M), 0.0411025 secs]
2021-06-27T16:59:45.227+0800: 203557.796: [GC pause (G1 Evacuation Pause) (young) 5488M->1927M(6144M), 0.0432297 secs]
2021-06-27T17:00:35.526+0800: 203608.096: [GC pause (G1 Evacuation Pause) (young) 5483M->1927M(6144M), 0.0451986 secs]
2021-06-27T17:01:38.637+0800: 203671.207: [GC pause (G1 Evacuation Pause) (young) 5492M->1923M(6144M), 0.0432055 secs]
2021-06-27T17:02:30.810+0800: 203723.380: [GC pause (G1 Evacuation Pause) (young) 5489M->1923M(6144M), 0.0404784 secs]
2021-06-27T17:03:26.756+0800: 203779.326: [GC pause (G1 Evacuation Pause) (young) 5505M->1939M(6144M), 0.0517256 secs]
2021-06-27T17:04:25.925+0800: 203838.495: [GC pause (G1 Evacuation Pause) (young) 5485M->1927M(6144M), 0.0424746 secs]
2021-06-27T17:05:18.826+0800: 203891.396: [GC pause (G1 Evacuation Pause) (young) 5504M->1938M(6144M), 0.0482749 secs]
2021-06-27T17:06:10.423+0800: 203942.993: [GC pause (G1 Evacuation Pause) (young) 5478M->1945M(6144M), 0.0536998 secs]
2021-06-27T17:07:23.810+0800: 204016.380: [GC pause (G1 Evacuation Pause) (young) 5481M->1939M(6144M), 0.0494488 secs]
2021-06-27T17:08:53.890+0800: 204106.460: [GC pause (G1 Evacuation Pause) (young) 5486M->1941M(6144M), 0.0484211 secs]
2021-06-27T17:09:57.125+0800: 204169.695: [GC pause (G1 Evacuation Pause) (young) 5500M->1942M(6144M), 0.0513067 secs]
2021-06-27T17:10:43.013+0800: 204215.583: [GC pause (G1 Evacuation Pause) (young) 5487M->1945M(6144M), 0.0498449 secs]
2021-06-27T17:11:41.863+0800: 204274.433: [GC pause (G1 Evacuation Pause) (young) 5486M->1947M(6144M), 0.0438092 secs]
2021-06-27T17:12:32.087+0800: 204324.657: [GC pause (G1 Evacuation Pause) (young) 5508M->1947M(6144M), 0.0532556 secs]
2021-06-27T17:13:38.071+0800: 204390.641: [GC pause (G1 Evacuation Pause) (young) 5489M->1947M(6144M), 0.0490697 secs]
2021-06-27T17:14:29.059+0800: 204441.629: [GC pause (G1 Evacuation Pause) (young) 5488M->1947M(6144M), 0.0473154 secs]
2021-06-27T17:15:33.836+0800: 204506.406: [GC pause (G1 Evacuation Pause) (young) 5515M->1947M(6144M), 0.0523720 secs]
2021-06-27T17:16:20.879+0800: 204553.448: [GC pause (G1 Evacuation Pause) (young) 4959M->1954M(6144M), 0.0424838 secs]
2021-06-27T17:17:26.792+0800: 204619.362: [GC pause (G1 Evacuation Pause) (young) 5485M->1953M(6144M), 0.0431936 secs]
2021-06-27T17:18:20.181+0800: 204672.751: [GC pause (G1 Evacuation Pause) (young) 5502M->1955M(6144M), 0.0453506 secs]
2021-06-27T17:19:18.276+0800: 204730.845: [GC pause (G1 Evacuation Pause) (young) 5486M->1954M(6144M), 0.0416441 secs]
2021-06-27T17:20:31.439+0800: 204804.009: [GC pause (G1 Evacuation Pause) (young) 5489M->1965M(6144M), 0.0459789 secs]
2021-06-27T17:21:46.300+0800: 204878.870: [GC pause (G1 Evacuation Pause) (young) 5484M->1967M(6144M), 0.0459380 secs]
2021-06-27T17:23:05.748+0800: 204958.318: [GC pause (G1 Evacuation Pause) (young) 5491M->1960M(6144M), 0.0447273 secs]
2021-06-27T17:24:07.052+0800: 205019.621: [GC pause (G1 Evacuation Pause) (young) 5500M->1968M(6144M), 0.0471066 secs]
2021-06-27T17:25:11.695+0800: 205084.265: [GC pause (G1 Evacuation Pause) (young) 5486M->1969M(6144M), 0.0475269 secs]
2021-06-27T17:26:15.241+0800: 205147.811: [GC pause (G1 Evacuation Pause) (young) 5479M->1968M(6144M), 0.0425965 secs]
2021-06-27T17:27:44.343+0800: 205236.913: [GC pause (G1 Evacuation Pause) (young) 5500M->1973M(6144M), 0.0479901 secs]
2021-06-27T17:29:01.274+0800: 205313.844: [GC pause (G1 Evacuation Pause) (young) 5498M->1975M(6144M), 0.0481357 secs]
2021-06-27T17:30:10.615+0800: 205383.185: [GC pause (G1 Evacuation Pause) (young) 5483M->1976M(6144M), 0.0466997 secs]
2021-06-27T17:31:35.763+0800: 205468.333: [GC pause (G1 Evacuation Pause) (young) 5484M->1975M(6144M), 0.0454098 secs]
2021-06-27T17:32:27.985+0800: 205520.554: [GC pause (G1 Evacuation Pause) (young) 5497M->1982M(6144M), 0.0498910 secs]
2021-06-27T17:33:48.207+0800: 205600.777: [GC pause (G1 Evacuation Pause) (young) 5475M->1985M(6144M), 0.0503584 secs]
2021-06-27T17:35:10.128+0800: 205682.698: [GC pause (G1 Evacuation Pause) (young) 5479M->1981M(6144M), 0.0525222 secs]
2021-06-27T17:36:13.082+0800: 205745.652: [GC pause (G1 Evacuation Pause) (young) 5493M->1982M(6144M), 0.0468245 secs]
2021-06-27T17:37:26.285+0800: 205818.855: [GC pause (G1 Evacuation Pause) (young) 5485M->1983M(6144M), 0.0466897 secs]
2021-06-27T17:38:23.888+0800: 205876.458: [GC pause (G1 Evacuation Pause) (young) 5486M->1983M(6144M), 0.0445345 secs]
2021-06-27T17:40:05.417+0800: 205977.987: [GC pause (G1 Evacuation Pause) (young) 5487M->1989M(6144M), 0.0470453 secs]
2021-06-27T17:41:12.248+0800: 206044.818: [GC pause (G1 Evacuation Pause) (young) 5502M->1990M(6144M), 0.0471366 secs]
2021-06-27T17:42:10.407+0800: 206102.976: [GC pause (G1 Evacuation Pause) (young) 5490M->1996M(6144M), 0.0476323 secs]
2021-06-27T17:43:02.583+0800: 206155.152: [GC pause (G1 Evacuation Pause) (young) 5483M->1994M(6144M), 0.0434010 secs]
2021-06-27T17:44:06.247+0800: 206218.817: [GC pause (G1 Evacuation Pause) (young) 5492M->1994M(6144M), 0.0460776 secs]
2021-06-27T17:45:24.995+0800: 206297.565: [GC pause (G1 Evacuation Pause) (young) 5487M->1998M(6144M), 0.0456233 secs]
2021-06-27T17:46:19.201+0800: 206351.771: [GC pause (G1 Evacuation Pause) (young) 5480M->2002M(6144M), 0.0456544 secs]
2021-06-27T17:47:46.584+0800: 206439.154: [GC pause (G1 Evacuation Pause) (young) 5489M->2000M(6144M), 0.0460976 secs]
2021-06-27T17:49:10.598+0800: 206523.168: [GC pause (G1 Evacuation Pause) (young) 5486M->2004M(6144M), 0.0441148 secs]
2021-06-27T17:50:21.387+0800: 206593.957: [GC pause (G1 Evacuation Pause) (young) 5484M->2005M(6144M), 0.0407325 secs]
2021-06-27T17:51:38.350+0800: 206670.920: [GC pause (G1 Evacuation Pause) (young) 5488M->2003M(6144M), 0.0399032 secs]
2021-06-27T17:53:10.205+0800: 206762.775: [GC pause (G1 Evacuation Pause) (young) 5492M->2006M(6144M), 0.0403533 secs]
2021-06-27T17:54:19.823+0800: 206832.393: [GC pause (G1 Evacuation Pause) (young) 5490M->2006M(6144M), 0.0392995 secs]
2021-06-27T17:55:47.472+0800: 206920.042: [GC pause (G1 Evacuation Pause) (young) 5497M->2006M(6144M), 0.0411719 secs]
2021-06-27T17:57:03.549+0800: 206996.119: [GC pause (G1 Evacuation Pause) (young) 5517M->2011M(6144M), 0.0445449 secs]
2021-06-27T17:58:24.447+0800: 207077.017: [GC pause (G1 Evacuation Pause) (young) 5502M->2010M(6144M), 0.0401041 secs]
2021-06-27T17:59:28.537+0800: 207141.107: [GC pause (G1 Evacuation Pause) (young) 5489M->2012M(6144M), 0.0385938 secs]
2021-06-27T18:00:47.811+0800: 207220.381: [GC pause (G1 Evacuation Pause) (young) 5489M->2012M(6144M), 0.0406151 secs]
2021-06-27T18:01:51.913+0800: 207284.482: [GC pause (G1 Evacuation Pause) (young) 5486M->2013M(6144M), 0.0406196 secs]
2021-06-27T18:03:03.563+0800: 207356.133: [GC pause (G1 Evacuation Pause) (young) 5491M->2024M(6144M), 0.0434820 secs]
2021-06-27T18:03:57.017+0800: 207409.587: [GC pause (G1 Evacuation Pause) (young) 5507M->2030M(6144M), 0.0533691 secs]
2021-06-27T18:05:17.287+0800: 207489.857: [GC pause (G1 Evacuation Pause) (young) 5475M->2022M(6144M), 0.0403722 secs]
2021-06-27T18:06:23.785+0800: 207556.355: [GC pause (G1 Evacuation Pause) (young) 5486M->2083M(6144M), 0.0918744 secs]
2021-06-27T18:07:39.708+0800: 207632.277: [GC pause (G1 Evacuation Pause) (young) 5423M->2028M(6144M), 0.0432323 secs]
2021-06-27T18:09:24.501+0800: 207737.071: [GC pause (G1 Evacuation Pause) (young) 5481M->2032M(6144M), 0.0438004 secs]
2021-06-27T18:11:05.799+0800: 207838.369: [GC pause (G1 Evacuation Pause) (young) 5478M->2039M(6144M), 0.0451686 secs]
2021-06-27T18:11:55.032+0800: 207887.602: [GC pause (G1 Evacuation Pause) (young) 5539M->2249M(6144M), 0.1418527 secs]
2021-06-27T18:13:27.086+0800: 207979.655: [GC pause (G1 Evacuation Pause) (young) 5450M->2208M(6144M), 0.1378689 secs]
2021-06-27T18:13:29.521+0800: 207982.091: [GC pause (G1 Evacuation Pause) (young) 2306M->2210M(6144M), 0.1223716 secs]
2021-06-27T18:14:36.155+0800: 208048.725: [GC pause (G1 Evacuation Pause) (young) 5271M->2215M(6144M), 0.0593805 secs]
2021-06-27T18:14:51.084+0800: 208063.654: [GC pause (G1 Evacuation Pause) (young) 2503M->2215M(6144M), 0.0197326 secs]
2021-06-27T18:15:03.456+0800: 208076.026: [GC pause (G1 Evacuation Pause) (young) 2518M->2213M(6144M), 0.0193891 secs]
2021-06-27T18:15:13.912+0800: 208086.482: [GC pause (G1 Evacuation Pause) (young) 2503M->2213M(6144M), 0.0183438 secs]
2021-06-27T18:15:17.819+0800: 208090.389: [GC pause (G1 Evacuation Pause) (young) 2503M->2220M(6144M), 0.0214111 secs]
2021-06-27T18:15:27.653+0800: 208100.223: [GC pause (G1 Evacuation Pause) (young) 2506M->2223M(6144M), 0.0243366 secs]
2021-06-27T18:15:32.907+0800: 208105.476: [GC pause (G1 Evacuation Pause) (young) 2504M->2214M(6144M), 0.0200357 secs]
2021-06-27T18:15:42.165+0800: 208114.735: [GC pause (G1 Evacuation Pause) (young) 2508M->2215M(6144M), 0.0202379 secs]
2021-06-27T18:15:50.824+0800: 208123.394: [GC pause (G1 Evacuation Pause) (young) 2509M->2217M(6144M), 0.0175717 secs]
2021-06-27T18:15:54.564+0800: 208127.134: [GC pause (G1 Evacuation Pause) (young) 2509M->2219M(6144M), 0.0195192 secs]
2021-06-27T18:16:01.868+0800: 208134.437: [GC pause (G1 Evacuation Pause) (young) 2509M->2215M(6144M), 0.0171747 secs]
2021-06-27T18:16:46.574+0800: 208179.144: [GC pause (G1 Evacuation Pause) (young) 4249M->2446M(6144M), 0.1450155 secs]
2021-06-27T18:16:46.810+0800: 208179.380: [GC pause (G1 Evacuation Pause) (young) 2508M->2475M(6144M), 0.1890044 secs]
2021-06-27T18:16:47.381+0800: 208179.951: [GC pause (G1 Evacuation Pause) (young) 2749M->2513M(6144M), 0.0740601 secs]
2021-06-27T18:16:55.992+0800: 208188.562: [GC pause (G1 Evacuation Pause) (young) 2792M->2520M(6144M), 0.0410035 secs]
2021-06-27T18:17:09.371+0800: 208201.941: [GC pause (G1 Evacuation Pause) (young) 2818M->2520M(6144M), 0.0259204 secs]
2021-06-27T18:17:18.905+0800: 208211.475: [GC pause (G1 Evacuation Pause) (young) 2818M->2525M(6144M), 0.0151840 secs]
2021-06-27T18:17:31.365+0800: 208223.935: [GC pause (G1 Evacuation Pause) (young) 2893M->2532M(6144M), 0.0185843 secs]
2021-06-27T18:17:33.497+0800: 208226.067: [GC pause (G1 Evacuation Pause) (young) 3066M->2687M(6144M), 0.1280513 secs]
2021-06-27T18:17:33.996+0800: 208226.566: [GC pause (G1 Evacuation Pause) (young) 2923M->2705M(6144M), 0.1895149 secs]
2021-06-27T18:17:38.973+0800: 208231.543: [GC pause (G1 Evacuation Pause) (young) 2995M->2703M(6144M), 0.0685737 secs]
2021-06-27T18:17:43.728+0800: 208236.297: [GC pause (G1 Evacuation Pause) (young) 3219M->2702M(6144M), 0.0353215 secs]
2021-06-27T18:18:10.484+0800: 208263.054: [GC pause (G1 Evacuation Pause) (young) 3456M->2706M(6144M), 0.0205003 secs]
2021-06-27T18:18:37.073+0800: 208289.643: [GC pause (G1 Evacuation Pause) (young) 3804M->2717M(6144M), 0.0282201 secs]
2021-06-27T18:19:19.125+0800: 208331.695: [GC pause (G1 Evacuation Pause) (young) 4248M->2717M(6144M), 0.0290646 secs]
2021-06-27T18:19:28.378+0800: 208340.948: [GC pause (G1 Evacuation Pause) (young) 3055M->2714M(6144M), 0.0257507 secs]
2021-06-27T18:19:43.122+0800: 208355.691: [GC pause (G1 Evacuation Pause) (young) 3360M->2711M(6144M), 0.0244436 secs]
2021-06-27T18:20:04.525+0800: 208377.094: [GC pause (G1 Evacuation Pause) (young) 3792M->2725M(6144M), 0.0318161 secs]
2021-06-27T18:20:47.515+0800: 208420.084: [GC pause (G1 Evacuation Pause) (young) 4225M->2712M(6144M), 0.0268794 secs]
2021-06-27T18:21:46.664+0800: 208479.234: [GC pause (G1 Evacuation Pause) (young) 5191M->2716M(6144M), 0.0306095 secs]
2021-06-27T18:23:22.518+0800: 208575.088: [GC pause (G1 Evacuation Pause) (young) 5459M->2717M(6144M), 0.0344127 secs]
2021-06-27T18:24:17.388+0800: 208629.958: [GC pause (G1 Evacuation Pause) (young) 5479M->2721M(6144M), 0.0368862 secs]
2021-06-27T18:26:01.507+0800: 208734.077: [GC pause (G1 Evacuation Pause) (young) 5476M->2721M(6144M), 0.0362489 secs]
2021-06-27T18:27:12.562+0800: 208805.132: [GC pause (G1 Evacuation Pause) (young) 5481M->2727M(6144M), 0.0393400 secs]
2021-06-27T18:28:17.594+0800: 208870.164: [GC pause (G1 Evacuation Pause) (young) 5484M->2726M(6144M), 0.0393888 secs]
2021-06-27T18:29:48.889+0800: 208961.459: [GC pause (G1 Evacuation Pause) (young) 5498M->2730M(6144M), 0.0442800 secs]
2021-06-27T18:30:38.356+0800: 209010.926: [GC pause (G1 Evacuation Pause) (young) 5499M->2808M(6144M), 0.0865372 secs]
2021-06-27T18:31:54.105+0800: 209086.675: [GC pause (G1 Evacuation Pause) (young) 5421M->2852M(6144M), 0.1009214 secs]
2021-06-27T18:32:57.933+0800: 209150.503: [GC pause (G1 Evacuation Pause) (young) 5372M->2901M(6144M), 0.1367457 secs]
2021-06-27T18:33:57.548+0800: 209210.118: [GC pause (G1 Evacuation Pause) (young) 5324M->2856M(6144M), 0.1006100 secs]
2021-06-27T18:34:30.995+0800: 209243.565: [GC pause (G1 Humongous Allocation) (young) (initial-mark) 4187M->2868M(6144M), 0.0903186 secs]
2021-06-27T18:34:31.086+0800: 209243.656: [GC concurrent-root-region-scan-start]
2021-06-27T18:34:31.177+0800: 209243.747: [GC concurrent-root-region-scan-end, 0.0907902 secs]
2021-06-27T18:34:31.177+0800: 209243.747: [GC concurrent-mark-start]
2021-06-27T18:34:32.713+0800: 209245.283: [GC concurrent-mark-end, 1.5363512 secs]
2021-06-27T18:34:32.715+0800: 209245.285: [GC remark, 0.1110556 secs]
2021-06-27T18:34:32.828+0800: 209245.398: [GC cleanup 3002M->2049M(6144M), 0.0183758 secs]
2021-06-27T18:34:32.847+0800: 209245.417: [GC concurrent-cleanup-start]
2021-06-27T18:34:32.848+0800: 209245.418: [GC concurrent-cleanup-end, 0.0013270 secs]
2021-06-27T18:35:58.033+0800: 209330.603: [GC pause (G1 Evacuation Pause) (young) 4515M->1911M(6144M), 0.0471449 secs]
2021-06-27T18:36:02.271+0800: 209334.841: [GC pause (G1 Evacuation Pause) (mixed) 2153M->1341M(6144M), 0.0995868 secs]
2021-06-27T18:36:11.858+0800: 209344.428: [GC pause (G1 Evacuation Pause) (mixed) 1631M->1094M(6144M), 0.1452525 secs]
2021-06-27T18:38:00.080+0800: 209452.650: [GC pause (G1 Evacuation Pause) (young) 4764M->1095M(6144M), 0.0597311 secs]
2021-06-27T18:39:31.955+0800: 209544.525: [GC pause (G1 Evacuation Pause) (young) 4361M->1100M(6144M), 0.0279086 secs]
2021-06-27T18:40:40.125+0800: 209612.695: [GC pause (G1 Evacuation Pause) (young) 4791M->1615M(6144M), 0.3188348 secs]
2021-06-27T18:41:07.918+0800: 209640.488: [GC pause (G1 Evacuation Pause) (young) 2197M->1630M(6144M), 0.3458645 secs]
2021-06-27T18:41:28.351+0800: 209660.921: [GC pause (G1 Evacuation Pause) (young) 2650M->1621M(6144M), 0.0344522 secs]
2021-06-27T18:42:21.056+0800: 209713.626: [GC pause (G1 Evacuation Pause) (young) 4720M->1633M(6144M), 0.0239304 secs]
2021-06-27T18:43:01.090+0800: 209753.660: [GC pause (G1 Evacuation Pause) (young) 2780M->1625M(6144M), 0.0157032 secs]
2021-06-27T18:44:25.814+0800: 209838.384: [GC pause (G1 Evacuation Pause) (young) 5313M->1633M(6144M), 0.0248608 secs]
2021-06-27T18:46:24.190+0800: 209956.760: [GC pause (G1 Evacuation Pause) (young) 5326M->1636M(6144M), 0.0304739 secs]
2021-06-27T18:48:00.765+0800: 210053.334: [GC pause (G1 Evacuation Pause) (young) 5323M->1652M(6144M), 0.0396694 secs]
2021-06-27T18:49:48.792+0800: 210161.362: [GC pause (G1 Evacuation Pause) (young) 5326M->1656M(6144M), 0.0417429 secs]
2021-06-27T18:51:04.816+0800: 210237.386: [GC pause (G1 Evacuation Pause) (young) 5312M->1660M(6144M), 0.0422433 secs]
2021-06-27T18:52:24.714+0800: 210317.284: [GC pause (G1 Evacuation Pause) (young) 5344M->1662M(6144M), 0.0478270 secs]
2021-06-27T18:52:34.200+0800: 210326.770: [GC pause (G1 Evacuation Pause) (young) 2415M->1663M(6144M), 0.0407352 secs]
2021-06-27T18:53:08.007+0800: 210360.577: [GC pause (G1 Evacuation Pause) (young) 2932M->1667M(6144M), 0.0463539 secs]
2021-06-27T18:54:18.533+0800: 210431.103: [GC pause (G1 Evacuation Pause) (young) 4584M->1663M(6144M), 0.0437093 secs]
2021-06-27T18:55:45.859+0800: 210518.429: [GC pause (G1 Evacuation Pause) (young) 5315M->1664M(6144M), 0.0468952 secs]
2021-06-27T18:57:37.737+0800: 210630.307: [GC pause (G1 Evacuation Pause) (young) 5303M->1665M(6144M), 0.0454769 secs]
2021-06-27T18:59:07.547+0800: 210720.117: [GC pause (G1 Evacuation Pause) (young) 5325M->1665M(6144M), 0.0505740 secs]
2021-06-27T19:01:05.371+0800: 210837.941: [GC pause (G1 Evacuation Pause) (young) 5305M->1672M(6144M), 0.0493912 secs]
2021-06-27T19:02:30.254+0800: 210922.824: [GC pause (G1 Evacuation Pause) (young) 5305M->1671M(6144M), 0.0478503 secs]
2021-06-27T19:04:26.265+0800: 211038.835: [GC pause (G1 Evacuation Pause) (young) 5327M->1679M(6144M), 0.0555999 secs]
2021-06-27T19:06:24.994+0800: 211157.564: [GC pause (G1 Evacuation Pause) (young) 5305M->1675M(6144M), 0.0497100 secs]
2021-06-27T19:08:30.787+0800: 211283.357: [GC pause (G1 Evacuation Pause) (young) 5307M->1676M(6144M), 0.0469695 secs]
2021-06-27T19:10:26.487+0800: 211399.057: [GC pause (G1 Evacuation Pause) (young) 5313M->1679M(6144M), 0.0484987 secs]
2021-06-27T19:12:29.049+0800: 211521.619: [GC pause (G1 Evacuation Pause) (young) 5346M->1684M(6144M), 0.0457457 secs]
2021-06-27T19:14:30.530+0800: 211643.100: [GC pause (G1 Evacuation Pause) (young) 5350M->1688M(6144M), 0.0383160 secs]
2021-06-27T19:16:22.653+0800: 211755.223: [GC pause (G1 Evacuation Pause) (young) 5347M->1689M(6144M), 0.0359796 secs]
2021-06-27T19:17:47.258+0800: 211839.828: [GC pause (G1 Evacuation Pause) (young) 5349M->2001M(6144M), 0.2083445 secs]
2021-06-27T19:19:43.540+0800: 211956.110: [GC pause (G1 Evacuation Pause) (young) 5195M->2004M(6144M), 0.1986369 secs]
2021-06-27T19:21:41.744+0800: 212074.314: [GC pause (G1 Evacuation Pause) (young) 5398M->2011M(6144M), 0.0604567 secs]
2021-06-27T19:23:15.536+0800: 212168.106: [GC pause (G1 Evacuation Pause) (young) 5453M->2009M(6144M), 0.0308931 secs]
2021-06-27T19:24:18.314+0800: 212230.884: [GC pause (G1 Evacuation Pause) (young) 5442M->2014M(6144M), 0.0273306 secs]
2021-06-27T19:26:01.600+0800: 212334.170: [GC pause (G1 Evacuation Pause) (young) 5453M->2015M(6144M), 0.0275049 secs]
2021-06-27T19:27:56.939+0800: 212449.509: [GC pause (G1 Evacuation Pause) (young) 5478M->2019M(6144M), 0.0307349 secs]
2021-06-27T19:29:58.585+0800: 212571.155: [GC pause (G1 Evacuation Pause) (young) 5486M->2018M(6144M), 0.0349622 secs]
2021-06-27T19:31:11.466+0800: 212644.036: [GC pause (G1 Evacuation Pause) (young) 5480M->2102M(6144M), 0.1097856 secs]
2021-06-27T19:31:14.486+0800: 212647.056: [GC pause (G1 Evacuation Pause) (young) 5431M->2143M(6144M), 0.1270352 secs]
2021-06-27T19:31:16.002+0800: 212648.572: [GC pause (G1 Evacuation Pause) (young) 5371M->2120M(6144M), 0.1079513 secs]
2021-06-27T19:31:17.397+0800: 212649.967: [GC pause (G1 Evacuation Pause) (young) 5396M->2098M(6144M), 0.0871713 secs]
2021-06-27T19:31:18.791+0800: 212651.361: [GC pause (G1 Evacuation Pause) (young) 5418M->2099M(6144M), 0.0785566 secs]
2021-06-27T19:31:20.206+0800: 212652.776: [GC pause (G1 Evacuation Pause) (young) 5415M->2108M(6144M), 0.0893486 secs]
2021-06-27T19:31:21.506+0800: 212654.076: [GC pause (G1 Evacuation Pause) (young) 5408M->2099M(6144M), 0.0770427 secs]
2021-06-27T19:31:22.802+0800: 212655.372: [GC pause (G1 Evacuation Pause) (young) 5415M->2104M(6144M), 0.0804179 secs]
2021-06-27T19:31:24.174+0800: 212656.744: [GC pause (G1 Evacuation Pause) (young) 5412M->2099M(6144M), 0.0779677 secs]
2021-06-27T19:31:25.483+0800: 212658.053: [GC pause (G1 Evacuation Pause) (young) 5417M->2099M(6144M), 0.0761299 secs]
2021-06-27T19:31:26.839+0800: 212659.409: [GC pause (G1 Evacuation Pause) (young) 5419M->2104M(6144M), 0.0822805 secs]
2021-06-27T19:31:28.110+0800: 212660.680: [GC pause (G1 Evacuation Pause) (young) 5420M->2103M(6144M), 0.0754281 secs]
2021-06-27T19:31:29.511+0800: 212662.081: [GC pause (G1 Evacuation Pause) (young) 5425M->2103M(6144M), 0.0727702 secs]
2021-06-27T19:31:30.774+0800: 212663.344: [GC pause (G1 Evacuation Pause) (young) 5425M->2105M(6144M), 0.0715586 secs]
2021-06-27T19:31:32.068+0800: 212664.638: [GC pause (G1 Evacuation Pause) (young) 5431M->2108M(6144M), 0.0701629 secs]
2021-06-27T19:32:18.675+0800: 212711.245: [GC pause (G1 Evacuation Pause) (young) 5434M->2081M(6144M), 0.0517114 secs]
2021-06-27T19:34:14.454+0800: 212827.024: [GC pause (G1 Evacuation Pause) (young) 5495M->2086M(6144M), 0.0532558 secs]
2021-06-27T19:34:54.059+0800: 212866.628: [GC pause (G1 Evacuation Pause) (young) 5542M->2138M(6144M), 0.0774962 secs]
2021-06-27T19:34:55.602+0800: 212868.172: [GC pause (G1 Evacuation Pause) (young) 5462M->2147M(6144M), 0.0525458 secs]
2021-06-27T19:34:56.974+0800: 212869.544: [GC pause (G1 Evacuation Pause) (young) 5455M->2129M(6144M), 0.0401047 secs]
2021-06-27T19:34:58.320+0800: 212870.890: [GC pause (G1 Evacuation Pause) (young) 5475M->2131M(6144M), 0.0388746 secs]
2021-06-27T19:34:59.657+0800: 212872.227: [GC pause (G1 Evacuation Pause) (young) 5473M->2131M(6144M), 0.0401497 secs]
2021-06-27T19:35:00.929+0800: 212873.499: [GC pause (G1 Evacuation Pause) (young) 5473M->2133M(6144M), 0.0471695 secs]
2021-06-27T19:35:02.196+0800: 212874.766: [GC pause (G1 Evacuation Pause) (young) 5471M->2131M(6144M), 0.0407511 secs]
2021-06-27T19:35:03.508+0800: 212876.078: [GC pause (G1 Evacuation Pause) (young) 5473M->2132M(6144M), 0.0426974 secs]
2021-06-27T19:35:04.817+0800: 212877.387: [GC pause (G1 Evacuation Pause) (young) 5474M->2133M(6144M), 0.0400808 secs]
2021-06-27T19:35:06.099+0800: 212878.669: [GC pause (G1 Evacuation Pause) (young) 5471M->2134M(6144M), 0.0396494 secs]
2021-06-27T19:35:07.427+0800: 212879.997: [GC pause (G1 Evacuation Pause) (young) 5472M->2132M(6144M), 0.0392364 secs]
2021-06-27T19:35:08.698+0800: 212881.267: [GC pause (G1 Evacuation Pause) (young) 5474M->2133M(6144M), 0.0401080 secs]
2021-06-27T19:35:09.987+0800: 212882.557: [GC pause (G1 Evacuation Pause) (young) 5471M->2136M(6144M), 0.0430108 secs]
2021-06-27T19:35:11.263+0800: 212883.833: [GC pause (G1 Evacuation Pause) (young) 5470M->2133M(6144M), 0.0397351 secs]
2021-06-27T19:35:19.989+0800: 212892.558: [GC pause (G1 Evacuation Pause) (young) 5473M->2101M(6144M), 0.0208729 secs]
2021-06-27T19:36:51.783+0800: 212984.353: [GC pause (G1 Evacuation Pause) (young) 5520M->2105M(6144M), 0.0248002 secs]
2021-06-27T19:39:03.657+0800: 213116.227: [GC pause (G1 Evacuation Pause) (young) 5519M->2119M(6144M), 0.0261591 secs]
2021-06-27T19:41:19.293+0800: 213251.863: [GC pause (G1 Evacuation Pause) (young) 5514M->2142M(6144M), 0.0335740 secs]
2021-06-27T19:42:23.188+0800: 213315.758: [GC pause (G1 Evacuation Pause) (young) 5495M->2122M(6144M), 0.0254222 secs]
2021-06-27T19:44:28.500+0800: 213441.070: [GC pause (G1 Evacuation Pause) (young) 5508M->2125M(6144M), 0.0270673 secs]
2021-06-27T19:44:59.352+0800: 213471.921: [GC pause (G1 Evacuation Pause) (young) 5516M->2193M(6144M), 0.0855792 secs]
2021-06-27T19:45:00.712+0800: 213473.282: [GC pause (G1 Evacuation Pause) (young) 5431M->2154M(6144M), 0.0584024 secs]
2021-06-27T19:45:02.285+0800: 213474.855: [GC pause (G1 Evacuation Pause) (young) 5472M->2153M(6144M), 0.0444917 secs]
2021-06-27T19:45:03.625+0800: 213476.195: [GC pause (G1 Evacuation Pause) (young) 5471M->2157M(6144M), 0.0464351 secs]
2021-06-27T19:45:04.881+0800: 213477.451: [GC pause (G1 Evacuation Pause) (young) 5467M->2156M(6144M), 0.0447180 secs]
2021-06-27T19:45:06.188+0800: 213478.758: [GC pause (G1 Evacuation Pause) (young) 5470M->2159M(6144M), 0.0447928 secs]
2021-06-27T19:45:07.484+0800: 213480.054: [GC pause (G1 Evacuation Pause) (young) 5465M->2155M(6144M), 0.0445872 secs]
2021-06-27T19:45:08.770+0800: 213481.340: [GC pause (G1 Evacuation Pause) (young) 5469M->2155M(6144M), 0.0440174 secs]
2021-06-27T19:45:10.096+0800: 213482.666: [GC pause (G1 Evacuation Pause) (young) 5469M->2155M(6144M), 0.0440244 secs]
2021-06-27T19:45:11.341+0800: 213483.911: [GC pause (G1 Evacuation Pause) (young) 5469M->2156M(6144M), 0.0440718 secs]
2021-06-27T19:45:12.628+0800: 213485.198: [GC pause (G1 Evacuation Pause) (young) 5470M->2156M(6144M), 0.0436419 secs]
2021-06-27T19:45:14.002+0800: 213486.572: [GC pause (G1 Evacuation Pause) (young) 5472M->2156M(6144M), 0.0441318 secs]
2021-06-27T19:45:15.326+0800: 213487.896: [GC pause (G1 Evacuation Pause) (young) 5474M->2158M(6144M), 0.0440056 secs]
2021-06-27T19:45:16.632+0800: 213489.202: [GC pause (G1 Evacuation Pause) (young) 5478M->2169M(6144M), 0.0573798 secs]
2021-06-27T19:45:25.754+0800: 213498.324: [GC pause (G1 Evacuation Pause) (young) 5471M->2137M(6144M), 0.0271561 secs]
2021-06-27T19:47:34.771+0800: 213627.341: [GC pause (G1 Evacuation Pause) (young) 5514M->2137M(6144M), 0.0261659 secs]
2021-06-27T19:48:10.358+0800: 213662.928: [GC pause (G1 Evacuation Pause) (young) 5514M->2229M(6144M), 0.1014690 secs]
2021-06-27T19:48:13.131+0800: 213665.701: [GC pause (G1 Evacuation Pause) (young) 5436M->2195M(6144M), 0.0670635 secs]
2021-06-27T19:48:14.584+0800: 213667.154: [GC pause (G1 Evacuation Pause) (young) 5453M->2174M(6144M), 0.0389398 secs]
2021-06-27T19:48:16.012+0800: 213668.582: [GC pause (G1 Evacuation Pause) (young) 5476M->2174M(6144M), 0.0388588 secs]
2021-06-27T19:48:17.289+0800: 213669.859: [GC pause (G1 Evacuation Pause) (young) 5477M->2174M(6144M), 0.0388811 secs]
2021-06-27T19:48:18.613+0800: 213671.183: [GC pause (G1 Evacuation Pause) (young) 5476M->2176M(6144M), 0.0396418 secs]
2021-06-27T19:48:19.895+0800: 213672.465: [GC pause (G1 Evacuation Pause) (young) 5474M->2173M(6144M), 0.0381344 secs]
2021-06-27T19:48:21.124+0800: 213673.693: [GC pause (G1 Evacuation Pause) (young) 5479M->2174M(6144M), 0.0386574 secs]
2021-06-27T19:48:22.418+0800: 213674.988: [GC pause (G1 Evacuation Pause) (young) 5476M->2174M(6144M), 0.0384778 secs]
2021-06-27T19:48:23.657+0800: 213676.227: [GC pause (G1 Evacuation Pause) (young) 5476M->2176M(6144M), 0.0390599 secs]
2021-06-27T19:48:24.891+0800: 213677.461: [GC pause (G1 Evacuation Pause) (young) 5474M->2174M(6144M), 0.0384665 secs]
2021-06-27T19:48:26.146+0800: 213678.716: [GC pause (G1 Evacuation Pause) (young) 5476M->2174M(6144M), 0.0388539 secs]
2021-06-27T19:48:27.398+0800: 213679.968: [GC pause (G1 Evacuation Pause) (young) 5476M->2179M(6144M), 0.0412794 secs]
2021-06-27T19:48:28.708+0800: 213681.278: [GC pause (G1 Evacuation Pause) (young) 5473M->2175M(6144M), 0.0391016 secs]
2021-06-27T19:48:30.098+0800: 213682.668: [GC pause (G1 Evacuation Pause) (young) 5477M->2180M(6144M), 0.0408164 secs]
2021-06-27T19:49:53.687+0800: 213766.256: [GC pause (G1 Evacuation Pause) (young) 5472M->2152M(6144M), 0.0248419 secs]
2021-06-27T19:51:27.730+0800: 213860.300: [GC pause (G1 Evacuation Pause) (young) 5531M->2196M(6144M), 0.0520664 secs]
2021-06-27T19:53:30.352+0800: 213982.922: [GC pause (G1 Evacuation Pause) (young) 5468M->2210M(6144M), 0.0508236 secs]
2021-06-27T19:55:26.320+0800: 214098.890: [GC pause (G1 Evacuation Pause) (young) 5455M->2199M(6144M), 0.0464717 secs]
2021-06-27T19:57:19.884+0800: 214212.454: [GC pause (G1 Evacuation Pause) (young) 5474M->2206M(6144M), 0.0513230 secs]
2021-06-27T19:59:17.291+0800: 214329.860: [GC pause (G1 Evacuation Pause) (young) 5471M->2207M(6144M), 0.0529623 secs]
2021-06-27T20:01:05.024+0800: 214437.594: [GC pause (G1 Evacuation Pause) (young) 5458M->2208M(6144M), 0.0523315 secs]
2021-06-27T20:03:04.216+0800: 214556.786: [GC pause (G1 Evacuation Pause) (young) 5456M->2208M(6144M), 0.0529747 secs]
2021-06-27T20:05:10.843+0800: 214683.413: [GC pause (G1 Evacuation Pause) (young) 5457M->2207M(6144M), 0.0520309 secs]
2021-06-27T20:06:25.250+0800: 214757.820: [GC pause (G1 Evacuation Pause) (young) 5458M->2218M(6144M), 0.0613582 secs]
2021-06-27T20:08:07.741+0800: 214860.311: [GC pause (G1 Evacuation Pause) (young) 5458M->2215M(6144M), 0.0645233 secs]
2021-06-27T20:09:37.274+0800: 214949.844: [GC pause (G1 Evacuation Pause) (young) 5447M->2584M(6144M), 0.2662506 secs]
2021-06-27T20:10:35.222+0800: 215007.792: [GC pause (G1 Evacuation Pause) (young) 5111M->2270M(6144M), 0.0929610 secs]
2021-06-27T20:12:20.571+0800: 215113.141: [GC pause (G1 Evacuation Pause) (young) 5395M->2268M(6144M), 0.0382798 secs]
2021-06-27T20:14:57.881+0800: 215270.451: [GC pause (G1 Evacuation Pause) (young) 5398M->2271M(6144M), 0.0287489 secs]
2021-06-27T20:16:37.780+0800: 215370.349: [GC pause (G1 Evacuation Pause) (young) 5434M->2278M(6144M), 0.0331114 secs]
2021-06-27T20:18:36.990+0800: 215489.560: [GC pause (G1 Evacuation Pause) (young) 5450M->2278M(6144M), 0.0333308 secs]
2021-06-27T20:20:13.444+0800: 215586.014: [GC pause (G1 Evacuation Pause) (young) 5460M->2310M(6144M), 0.0488031 secs]
2021-06-27T20:22:44.698+0800: 215737.268: [GC pause (G1 Evacuation Pause) (young) 5458M->2282M(6144M), 0.0379154 secs]
2021-06-27T20:25:28.020+0800: 215900.590: [GC pause (G1 Evacuation Pause) (young) 5470M->2288M(6144M), 0.0396380 secs]
2021-06-27T20:27:32.196+0800: 216024.766: [GC pause (G1 Evacuation Pause) (young) 5478M->2288M(6144M), 0.0430922 secs]
2021-06-27T20:29:47.329+0800: 216159.899: [GC pause (G1 Evacuation Pause) (young) 5485M->2293M(6144M), 0.0441428 secs]
2021-06-27T20:32:06.512+0800: 216299.082: [GC pause (G1 Evacuation Pause) (young) 5477M->2292M(6144M), 0.0437594 secs]
2021-06-27T20:34:30.915+0800: 216443.485: [GC pause (G1 Evacuation Pause) (young) 5480M->2301M(6144M), 0.0487827 secs]
2021-06-27T20:36:37.381+0800: 216569.951: [GC pause (G1 Evacuation Pause) (young) 5467M->2300M(6144M), 0.0466271 secs]
2021-06-27T20:38:21.702+0800: 216674.272: [GC pause (G1 Evacuation Pause) (young) 5471M->2292M(6144M), 0.0440249 secs]
2021-06-27T20:40:42.533+0800: 216815.103: [GC pause (G1 Evacuation Pause) (young) 5478M->2301M(6144M), 0.0500598 secs]
2021-06-27T20:43:28.893+0800: 216981.463: [GC pause (G1 Evacuation Pause) (young) 5467M->2306M(6144M), 0.0535649 secs]
2021-06-27T20:45:23.709+0800: 217096.279: [GC pause (G1 Evacuation Pause) (young) 5474M->2305M(6144M), 0.0495876 secs]
2021-06-27T20:47:23.323+0800: 217215.893: [GC pause (G1 Evacuation Pause) (young) 5481M->2311M(6144M), 0.0440323 secs]
2021-06-27T20:49:39.978+0800: 217352.548: [GC pause (G1 Evacuation Pause) (young) 5479M->2311M(6144M), 0.0412108 secs]
2021-06-27T20:51:46.990+0800: 217479.560: [GC pause (G1 Evacuation Pause) (young) 5483M->2306M(6144M), 0.0379193 secs]
2021-06-27T20:53:41.689+0800: 217594.258: [GC pause (G1 Evacuation Pause) (young) 5519M->2311M(6144M), 0.0430834 secs]
2021-06-27T20:55:23.853+0800: 217696.423: [GC pause (G1 Evacuation Pause) (young) 5488M->2311M(6144M), 0.0377248 secs]
2021-06-27T20:57:23.162+0800: 217815.732: [GC pause (G1 Evacuation Pause) (young) 5498M->2313M(6144M), 0.0400182 secs]
2021-06-27T20:58:28.783+0800: 217881.353: [GC pause (G1 Evacuation Pause) (young) 5510M->2316M(6144M), 0.0418250 secs]
2021-06-27T21:00:15.382+0800: 217987.952: [GC pause (G1 Evacuation Pause) (young) 5498M->2318M(6144M), 0.0383259 secs]
2021-06-27T21:02:20.895+0800: 218113.465: [GC pause (G1 Evacuation Pause) (young) 5488M->2317M(6144M), 0.0344074 secs]
2021-06-27T21:03:44.991+0800: 218197.561: [GC pause (G1 Evacuation Pause) (young) 5494M->2319M(6144M), 0.0329838 secs]
2021-06-27T21:05:31.266+0800: 218303.836: [GC pause (G1 Evacuation Pause) (young) 5493M->2330M(6144M), 0.0361878 secs]
2021-06-27T21:07:19.003+0800: 218411.572: [GC pause (G1 Evacuation Pause) (young) 5487M->2324M(6144M), 0.0335919 secs]
2021-06-27T21:08:41.453+0800: 218494.023: [GC pause (G1 Evacuation Pause) (young) 5492M->2321M(6144M), 0.0321812 secs]
2021-06-27T21:10:58.984+0800: 218631.554: [GC pause (G1 Evacuation Pause) (young) 5494M->2324M(6144M), 0.0333687 secs]
2021-06-27T21:13:38.935+0800: 218791.505: [GC pause (G1 Evacuation Pause) (young) 5492M->2332M(6144M), 0.0342641 secs]
2021-06-27T21:16:18.251+0800: 218950.821: [GC pause (G1 Evacuation Pause) (young) 5488M->2327M(6144M), 0.0315544 secs]
2021-06-27T21:19:15.105+0800: 219127.675: [GC pause (G1 Evacuation Pause) (young) 5489M->2329M(6144M), 0.0329487 secs]
2021-06-27T21:20:38.839+0800: 219211.409: [GC pause (G1 Evacuation Pause) (young) 5491M->2336M(6144M), 0.0354284 secs]
2021-06-27T21:23:20.132+0800: 219372.702: [GC pause (G1 Evacuation Pause) (young) 5496M->2330M(6144M), 0.0336973 secs]
2021-06-27T21:25:32.003+0800: 219504.573: [GC pause (G1 Evacuation Pause) (young) 5493M->2341M(6144M), 0.0358552 secs]
2021-06-27T21:27:47.419+0800: 219639.989: [GC pause (G1 Evacuation Pause) (young) 5484M->2338M(6144M), 0.0340214 secs]
2021-06-27T21:29:47.541+0800: 219760.111: [GC pause (G1 Evacuation Pause) (young) 5487M->2342M(6144M), 0.0363329 secs]
2021-06-27T21:31:34.395+0800: 219866.965: [GC pause (G1 Evacuation Pause) (young) 5517M->2338M(6144M), 0.0405147 secs]
2021-06-27T21:31:38.787+0800: 219871.357: [GC pause (G1 Evacuation Pause) (young) 2612M->2339M(6144M), 0.0294237 secs]
2021-06-27T21:31:48.015+0800: 219880.584: [GC pause (G1 Evacuation Pause) (young) 2621M->2343M(6144M), 0.0292304 secs]
2021-06-27T21:32:03.119+0800: 219895.689: [GC pause (G1 Evacuation Pause) (young) 2625M->2341M(6144M), 0.0225207 secs]
2021-06-27T21:32:25.460+0800: 219918.029: [GC pause (G1 Evacuation Pause) (young) 3569M->2351M(6144M), 0.0276707 secs]
2021-06-27T21:33:47.106+0800: 219999.675: [GC pause (G1 Evacuation Pause) (young) 4148M->2345M(6144M), 0.0257229 secs]
2021-06-27T21:35:58.012+0800: 220130.582: [GC pause (G1 Evacuation Pause) (young) 5504M->2341M(6144M), 0.0269648 secs]
2021-06-27T21:37:47.585+0800: 220240.155: [GC pause (G1 Evacuation Pause) (young) 5499M->2345M(6144M), 0.0312764 secs]
2021-06-27T21:39:35.282+0800: 220347.852: [GC pause (G1 Evacuation Pause) (young) 5499M->2360M(6144M), 0.0351113 secs]
2021-06-27T21:41:26.359+0800: 220458.929: [GC pause (G1 Evacuation Pause) (young) 5485M->2346M(6144M), 0.0307693 secs]
2021-06-27T21:42:36.528+0800: 220529.098: [GC pause (G1 Evacuation Pause) (young) 5496M->2350M(6144M), 0.0337913 secs]
2021-06-27T21:45:03.705+0800: 220676.275: [GC pause (G1 Evacuation Pause) (young) 5492M->2349M(6144M), 0.0341924 secs]
2021-06-27T21:47:19.652+0800: 220812.222: [GC pause (G1 Evacuation Pause) (young) 5659M->2354M(6144M), 0.0458340 secs]
2021-06-27T21:49:25.392+0800: 220937.962: [GC pause (G1 Evacuation Pause) (young) 5500M->2421M(6144M), 0.0987170 secs]
2021-06-27T21:51:37.922+0800: 221070.492: [GC pause (G1 Evacuation Pause) (young) 5438M->2355M(6144M), 0.0376159 secs]
2021-06-27T21:53:57.346+0800: 221209.916: [GC pause (G1 Evacuation Pause) (young) 5486M->2360M(6144M), 0.0357182 secs]
2021-06-27T21:56:30.595+0800: 221363.165: [GC pause (G1 Evacuation Pause) (young) 5660M->2360M(6144M), 0.0419478 secs]
2021-06-27T21:59:07.628+0800: 221520.198: [GC pause (G1 Evacuation Pause) (young) 5494M->2363M(6144M), 0.0316625 secs]
2021-06-27T22:01:23.038+0800: 221655.608: [GC pause (G1 Evacuation Pause) (young) 5495M->2365M(6144M), 0.0344045 secs]
2021-06-27T22:04:11.730+0800: 221824.300: [GC pause (G1 Evacuation Pause) (young) 5493M->2365M(6144M), 0.0333415 secs]
2021-06-27T22:07:02.861+0800: 221995.431: [GC pause (G1 Evacuation Pause) (young) 5501M->2371M(6144M), 0.0390110 secs]
2021-06-27T22:09:33.498+0800: 222146.068: [GC pause (G1 Evacuation Pause) (young) 5490M->2369M(6144M), 0.0383985 secs]
2021-06-27T22:11:46.061+0800: 222278.631: [GC pause (G1 Evacuation Pause) (young) 5491M->2375M(6144M), 0.0399661 secs]
2021-06-27T22:13:42.509+0800: 222395.079: [GC pause (G1 Evacuation Pause) (young) 5507M->2378M(6144M), 0.0434648 secs]
2021-06-27T22:16:08.430+0800: 222541.000: [GC pause (G1 Evacuation Pause) (young) 5495M->2380M(6144M), 0.0386051 secs]
2021-06-27T22:18:09.275+0800: 222661.845: [GC pause (G1 Evacuation Pause) (young) 5484M->2379M(6144M), 0.0341448 secs]
2021-06-27T22:20:49.174+0800: 222821.744: [GC pause (G1 Evacuation Pause) (young) 5490M->2379M(6144M), 0.0339437 secs]
2021-06-27T22:22:49.651+0800: 222942.221: [GC pause (G1 Evacuation Pause) (young) 5489M->2379M(6144M), 0.0338101 secs]
2021-06-27T22:24:57.378+0800: 223069.948: [GC pause (G1 Evacuation Pause) (young) 5507M->2383M(6144M), 0.0367533 secs]
2021-06-27T22:27:04.063+0800: 223196.633: [GC pause (G1 Evacuation Pause) (young) 5489M->2383M(6144M), 0.0338667 secs]
2021-06-27T22:29:30.129+0800: 223342.699: [GC pause (G1 Evacuation Pause) (young) 5493M->2383M(6144M), 0.0324378 secs]
2021-06-27T22:31:53.630+0800: 223486.200: [GC pause (G1 Evacuation Pause) (young) 5491M->2389M(6144M), 0.0349266 secs]
2021-06-27T22:33:59.325+0800: 223611.895: [GC pause (G1 Evacuation Pause) (young) 5488M->2388M(6144M), 0.0342575 secs]
2021-06-27T22:36:35.448+0800: 223768.018: [GC pause (G1 Evacuation Pause) (young) 5492M->2385M(6144M), 0.0325696 secs]
2021-06-27T22:39:16.630+0800: 223929.200: [GC pause (G1 Evacuation Pause) (young) 5495M->2386M(6144M), 0.0313073 secs]
2021-06-27T22:41:14.171+0800: 224046.741: [GC pause (G1 Evacuation Pause) (young) 5498M->2393M(6144M), 0.0344295 secs]
2021-06-27T22:43:09.321+0800: 224161.891: [GC pause (G1 Evacuation Pause) (young) 5491M->2395M(6144M), 0.0336670 secs]
2021-06-27T22:45:25.447+0800: 224298.017: [GC pause (G1 Evacuation Pause) (young) 5494M->2400M(6144M), 0.0356054 secs]
2021-06-27T22:47:20.991+0800: 224413.561: [GC pause (G1 Evacuation Pause) (young) 5503M->2394M(6144M), 0.0341102 secs]
2021-06-27T22:49:20.229+0800: 224532.799: [GC pause (G1 Evacuation Pause) (young) 5498M->2400M(6144M), 0.0318503 secs]
2021-06-27T22:51:13.680+0800: 224646.250: [GC pause (G1 Evacuation Pause) (young) 5490M->2397M(6144M), 0.0316387 secs]
2021-06-27T22:53:20.068+0800: 224772.638: [GC pause (G1 Evacuation Pause) (young) 5495M->2401M(6144M), 0.0325360 secs]
2021-06-27T22:55:22.506+0800: 224895.076: [GC pause (G1 Evacuation Pause) (young) 5493M->2404M(6144M), 0.0347469 secs]
2021-06-27T22:57:32.124+0800: 225024.694: [GC pause (G1 Evacuation Pause) (young) 5493M->2400M(6144M), 0.0314478 secs]
2021-06-27T22:59:29.885+0800: 225142.455: [GC pause (G1 Evacuation Pause) (young) 5495M->2403M(6144M), 0.0322518 secs]
2021-06-27T23:01:32.458+0800: 225265.027: [GC pause (G1 Evacuation Pause) (young) 5494M->2404M(6144M), 0.0316018 secs]
2021-06-27T23:03:32.661+0800: 225385.231: [GC pause (G1 Evacuation Pause) (young) 5493M->2403M(6144M), 0.0312631 secs]
2021-06-27T23:05:21.829+0800: 225494.399: [GC pause (G1 Evacuation Pause) (young) 5497M->2409M(6144M), 0.0321674 secs]
2021-06-27T23:07:47.544+0800: 225640.114: [GC pause (G1 Evacuation Pause) (young) 5491M->2404M(6144M), 0.0307480 secs]
2021-06-27T23:09:58.743+0800: 225771.313: [GC pause (G1 Evacuation Pause) (young) 5500M->2411M(6144M), 0.0327124 secs]
2021-06-27T23:11:51.614+0800: 225884.184: [GC pause (G1 Evacuation Pause) (young) 5489M->2410M(6144M), 0.0315764 secs]
2021-06-27T23:13:46.432+0800: 225999.002: [GC pause (G1 Evacuation Pause) (young) 5492M->2408M(6144M), 0.0308533 secs]
2021-06-27T23:15:17.502+0800: 226090.072: [GC pause (G1 Evacuation Pause) (young) 5496M->2414M(6144M), 0.0308579 secs]
2021-06-27T23:16:55.061+0800: 226187.631: [GC pause (G1 Evacuation Pause) (young) 5494M->2419M(6144M), 0.0321743 secs]
2021-06-27T23:18:27.981+0800: 226280.551: [GC pause (G1 Evacuation Pause) (young) 5494M->2414M(6144M), 0.0280747 secs]
2021-06-27T23:20:00.306+0800: 226372.876: [GC pause (G1 Evacuation Pause) (young) 5498M->2421M(6144M), 0.0313508 secs]
2021-06-27T23:21:50.423+0800: 226482.993: [GC pause (G1 Evacuation Pause) (young) 5676M->2418M(6144M), 0.0402100 secs]
2021-06-27T23:23:44.871+0800: 226597.441: [GC pause (G1 Evacuation Pause) (young) 5546M->2419M(6144M), 0.0383505 secs]
2021-06-27T23:26:29.213+0800: 226761.783: [GC pause (G1 Evacuation Pause) (young) 5497M->2423M(6144M), 0.0306932 secs]
2021-06-27T23:29:12.550+0800: 226925.120: [GC pause (G1 Evacuation Pause) (young) 5495M->2425M(6144M), 0.0292811 secs]
2021-06-27T23:31:28.240+0800: 227060.810: [GC pause (G1 Evacuation Pause) (young) 5491M->2426M(6144M), 0.0307777 secs]
2021-06-27T23:33:38.869+0800: 227191.439: [GC pause (G1 Evacuation Pause) (young) 5492M->2424M(6144M), 0.0286864 secs]
2021-06-27T23:36:12.125+0800: 227344.695: [GC pause (G1 Evacuation Pause) (young) 5498M->2425M(6144M), 0.0289723 secs]
2021-06-27T23:38:28.081+0800: 227480.651: [GC pause (G1 Evacuation Pause) (young) 5497M->2428M(6144M), 0.0297503 secs]
2021-06-27T23:41:13.133+0800: 227645.702: [GC pause (G1 Evacuation Pause) (young) 5494M->2426M(6144M), 0.0302610 secs]
2021-06-27T23:43:30.589+0800: 227783.159: [GC pause (G1 Evacuation Pause) (young) 5496M->2425M(6144M), 0.0290378 secs]
2021-06-27T23:45:56.886+0800: 227929.456: [GC pause (G1 Evacuation Pause) (young) 5499M->2427M(6144M), 0.0282114 secs]
2021-06-27T23:49:11.264+0800: 228123.834: [GC pause (G1 Evacuation Pause) (young) 5499M->2434M(6144M), 0.0304808 secs]
2021-06-27T23:51:53.882+0800: 228286.452: [GC pause (G1 Evacuation Pause) (young) 5490M->2431M(6144M), 0.0288291 secs]
2021-06-27T23:54:02.114+0800: 228414.683: [GC pause (G1 Evacuation Pause) (young) 5498M->2436M(6144M), 0.0309940 secs]
2021-06-27T23:56:33.490+0800: 228566.060: [GC pause (G1 Evacuation Pause) (young) 5494M->2429M(6144M), 0.0282661 secs]
2021-06-27T23:59:11.064+0800: 228723.634: [GC pause (G1 Evacuation Pause) (young) 5502M->2434M(6144M), 0.0297200 secs]
2021-06-28T00:01:13.823+0800: 228846.393: [GC pause (G1 Evacuation Pause) (young) 5496M->2439M(6144M), 0.0310718 secs]
2021-06-28T00:03:21.824+0800: 228974.394: [GC pause (G1 Evacuation Pause) (young) 5495M->2439M(6144M), 0.0288313 secs]
2021-06-28T00:05:57.216+0800: 229129.786: [GC pause (G1 Evacuation Pause) (young) 5497M->2439M(6144M), 0.0276558 secs]
2021-06-28T00:08:31.972+0800: 229284.542: [GC pause (G1 Evacuation Pause) (young) 5499M->2442M(6144M), 0.0288485 secs]
2021-06-28T00:11:20.074+0800: 229452.644: [GC pause (G1 Evacuation Pause) (young) 5498M->2440M(6144M), 0.0251281 secs]
2021-06-28T00:13:41.292+0800: 229593.862: [GC pause (G1 Evacuation Pause) (young) 5508M->2440M(6144M), 0.0230649 secs]
2021-06-28T00:16:04.404+0800: 229736.974: [GC pause (G1 Evacuation Pause) (young) 5510M->2443M(6144M), 0.0226238 secs]
2021-06-28T00:19:03.280+0800: 229915.850: [GC pause (G1 Evacuation Pause) (young) 5503M->2442M(6144M), 0.0223599 secs]
2021-06-28T00:21:23.097+0800: 230055.667: [GC pause (G1 Evacuation Pause) (young) 5506M->2444M(6144M), 0.0224999 secs]
2021-06-28T00:23:24.557+0800: 230177.127: [GC pause (G1 Evacuation Pause) (young) 5509M->2444M(6144M), 0.0217838 secs]
2021-06-28T00:26:13.161+0800: 230345.731: [GC pause (G1 Evacuation Pause) (young) 5507M->2444M(6144M), 0.0212894 secs]
2021-06-28T00:28:35.486+0800: 230488.055: [GC pause (G1 Evacuation Pause) (young) 5506M->2445M(6144M), 0.0217826 secs]
2021-06-28T00:31:23.348+0800: 230655.918: [GC pause (G1 Evacuation Pause) (young) 5509M->2446M(6144M), 0.0235214 secs]
2021-06-28T00:34:04.325+0800: 230816.894: [GC pause (G1 Evacuation Pause) (young) 5507M->2451M(6144M), 0.0237510 secs]
2021-06-28T00:36:08.799+0800: 230941.369: [GC pause (G1 Evacuation Pause) (young) 5506M->2447M(6144M), 0.0233901 secs]
2021-06-28T00:38:33.854+0800: 231086.424: [GC pause (G1 Evacuation Pause) (young) 5507M->2455M(6144M), 0.0274455 secs]
2021-06-28T00:41:26.687+0800: 231259.256: [GC pause (G1 Evacuation Pause) (young) 5501M->2455M(6144M), 0.0243689 secs]
2021-06-28T00:44:15.076+0800: 231427.646: [GC pause (G1 Evacuation Pause) (young) 5503M->2450M(6144M), 0.0217974 secs]
2021-06-28T00:46:36.920+0800: 231569.490: [GC pause (G1 Evacuation Pause) (young) 5506M->2451M(6144M), 0.0220618 secs]
2021-06-28T00:49:05.216+0800: 231717.786: [GC pause (G1 Evacuation Pause) (young) 5507M->2456M(6144M), 0.0260386 secs]
2021-06-28T00:51:32.000+0800: 231864.569: [GC pause (G1 Evacuation Pause) (young) 5502M->2457M(6144M), 0.0244769 secs]
2021-06-28T00:55:04.286+0800: 232076.856: [GC pause (G1 Evacuation Pause) (young) 5503M->2454M(6144M), 0.0218470 secs]
2021-06-28T00:57:14.508+0800: 232207.078: [GC pause (G1 Evacuation Pause) (young) 5508M->2457M(6144M), 0.0233775 secs]
2021-06-28T00:59:39.445+0800: 232352.015: [GC pause (G1 Evacuation Pause) (young) 5505M->2456M(6144M), 0.0225723 secs]
2021-06-28T01:01:41.476+0800: 232474.046: [GC pause (G1 Evacuation Pause) (young) 5504M->2456M(6144M), 0.0232685 secs]
2021-06-28T01:04:09.606+0800: 232622.176: [GC pause (G1 Evacuation Pause) (young) 5510M->2457M(6144M), 0.0231494 secs]
2021-06-28T01:06:38.294+0800: 232770.864: [GC pause (G1 Evacuation Pause) (young) 5505M->2459M(6144M), 0.0230055 secs]
2021-06-28T01:10:00.299+0800: 232972.869: [GC pause (G1 Evacuation Pause) (young) 5505M->2463M(6144M), 0.0252569 secs]
2021-06-28T01:12:20.211+0800: 233112.781: [GC pause (G1 Evacuation Pause) (young) 5501M->2462M(6144M), 0.0242016 secs]
2021-06-28T01:15:20.323+0800: 233292.893: [GC pause (G1 Evacuation Pause) (young) 5502M->2467M(6144M), 0.0245606 secs]
2021-06-28T01:18:01.276+0800: 233453.846: [GC pause (G1 Evacuation Pause) (young) 5501M->2463M(6144M), 0.0227560 secs]
2021-06-28T01:20:40.501+0800: 233613.071: [GC pause (G1 Evacuation Pause) (young) 5507M->2460M(6144M), 0.0207247 secs]
2021-06-28T01:22:33.674+0800: 233726.244: [GC pause (G1 Evacuation Pause) (young) 5508M->2465M(6144M), 0.0214915 secs]
2021-06-28T01:25:25.451+0800: 233898.020: [GC pause (G1 Evacuation Pause) (young) 5505M->2462M(6144M), 0.0196036 secs]
2021-06-28T01:27:51.853+0800: 234044.423: [GC pause (G1 Evacuation Pause) (young) 5508M->2467M(6144M), 0.0213210 secs]
2021-06-28T01:30:05.159+0800: 234177.728: [GC pause (G1 Evacuation Pause) (young) 5505M->2465M(6144M), 0.0199059 secs]
2021-06-28T01:32:17.591+0800: 234310.161: [GC pause (G1 Evacuation Pause) (young) 5507M->2465M(6144M), 0.0210305 secs]
2021-06-28T01:35:16.029+0800: 234488.599: [GC pause (G1 Evacuation Pause) (young) 5507M->2470M(6144M), 0.0228373 secs]
2021-06-28T01:37:56.787+0800: 234649.357: [GC pause (G1 Evacuation Pause) (young) 5504M->2463M(6144M), 0.0204568 secs]
2021-06-28T01:40:31.519+0800: 234804.089: [GC pause (G1 Evacuation Pause) (young) 5509M->2466M(6144M), 0.0213643 secs]
2021-06-28T01:43:25.774+0800: 234978.344: [GC pause (G1 Evacuation Pause) (young) 5506M->2465M(6144M), 0.0200155 secs]
2021-06-28T01:46:14.822+0800: 235147.391: [GC pause (G1 Evacuation Pause) (young) 5509M->2469M(6144M), 0.0212045 secs]
2021-06-28T01:49:26.518+0800: 235339.088: [GC pause (G1 Evacuation Pause) (young) 5507M->2468M(6144M), 0.0215484 secs]
2021-06-28T01:51:57.926+0800: 235490.496: [GC pause (G1 Evacuation Pause) (young) 5510M->2471M(6144M), 0.0217758 secs]
2021-06-28T01:55:30.445+0800: 235703.015: [GC pause (G1 Evacuation Pause) (young) 5507M->2470M(6144M), 0.0218625 secs]
2021-06-28T01:57:56.364+0800: 235848.934: [GC pause (G1 Evacuation Pause) (young) 5506M->2471M(6144M), 0.0208583 secs]
2021-06-28T02:00:22.505+0800: 235995.075: [GC pause (G1 Evacuation Pause) (young) 5507M->2475M(6144M), 0.0225626 secs]
2021-06-28T02:03:18.519+0800: 236171.089: [GC pause (G1 Evacuation Pause) (young) 5503M->2476M(6144M), 0.0225567 secs]
2021-06-28T02:05:55.754+0800: 236328.323: [GC pause (G1 Evacuation Pause) (young) 5502M->2474M(6144M), 0.0213620 secs]
2021-06-28T02:08:09.373+0800: 236461.943: [GC pause (G1 Evacuation Pause) (young) 5508M->2476M(6144M), 0.0246100 secs]
2021-06-28T02:11:14.905+0800: 236647.475: [GC pause (G1 Evacuation Pause) (young) 5506M->2469M(6144M), 0.0207270 secs]
2021-06-28T02:13:42.730+0800: 236795.300: [GC pause (G1 Evacuation Pause) (young) 5511M->2469M(6144M), 0.0193375 secs]
2021-06-28T02:15:44.993+0800: 236917.562: [GC pause (G1 Evacuation Pause) (young) 5513M->2476M(6144M), 0.0226425 secs]
2021-06-28T02:17:33.955+0800: 237026.524: [GC pause (G1 Evacuation Pause) (young) 5504M->2471M(6144M), 0.0188809 secs]
2021-06-28T02:20:00.209+0800: 237172.779: [GC pause (G1 Evacuation Pause) (young) 5509M->2471M(6144M), 0.0189072 secs]
2021-06-28T02:22:25.624+0800: 237318.194: [GC pause (G1 Evacuation Pause) (young) 5513M->2472M(6144M), 0.0173919 secs]
2021-06-28T02:25:08.922+0800: 237481.492: [GC pause (G1 Evacuation Pause) (young) 5510M->2481M(6144M), 0.0197900 secs]
2021-06-28T02:27:53.177+0800: 237645.747: [GC pause (G1 Evacuation Pause) (young) 5503M->2474M(6144M), 0.0170576 secs]
2021-06-28T02:30:04.240+0800: 237776.810: [GC pause (G1 Evacuation Pause) (young) 5510M->2479M(6144M), 0.0190838 secs]
2021-06-28T02:32:36.505+0800: 237929.075: [GC pause (G1 Evacuation Pause) (young) 5507M->2479M(6144M), 0.0184968 secs]
2021-06-28T02:35:31.665+0800: 238104.235: [GC pause (G1 Evacuation Pause) (young) 5507M->2475M(6144M), 0.0184937 secs]
2021-06-28T02:37:40.721+0800: 238233.291: [GC pause (G1 Evacuation Pause) (young) 5511M->2479M(6144M), 0.0191707 secs]
2021-06-28T02:39:43.316+0800: 238355.885: [GC pause (G1 Evacuation Pause) (young) 5507M->2481M(6144M), 0.0208210 secs]
2021-06-28T02:43:04.424+0800: 238556.994: [GC pause (G1 Evacuation Pause) (young) 5505M->2477M(6144M), 0.0183488 secs]
2021-06-28T02:45:42.550+0800: 238715.120: [GC pause (G1 Evacuation Pause) (young) 5509M->2474M(6144M), 0.0172714 secs]
2021-06-28T02:47:50.659+0800: 238843.229: [GC pause (G1 Evacuation Pause) (young) 5512M->2483M(6144M), 0.0207851 secs]
2021-06-28T02:50:37.809+0800: 239010.379: [GC pause (G1 Evacuation Pause) (young) 5505M->2476M(6144M), 0.0174873 secs]
2021-06-28T02:53:53.881+0800: 239206.451: [GC pause (G1 Evacuation Pause) (young) 5510M->2480M(6144M), 0.0199043 secs]
2021-06-28T02:56:13.229+0800: 239345.799: [GC pause (G1 Evacuation Pause) (young) 5506M->2480M(6144M), 0.0197174 secs]
2021-06-28T02:59:07.461+0800: 239520.031: [GC pause (G1 Evacuation Pause) (young) 5506M->2476M(6144M), 0.0184518 secs]
2021-06-28T03:00:37.760+0800: 239610.330: [GC pause (G1 Evacuation Pause) (young) 5510M->2480M(6144M), 0.0208261 secs]
2021-06-28T03:01:37.161+0800: 239669.731: [GC pause (G1 Evacuation Pause) (young) 5506M->2482M(6144M), 0.0221612 secs]
2021-06-28T03:02:17.136+0800: 239709.706: [GC pause (G1 Evacuation Pause) (young) 5519M->2486M(6144M), 0.0255653 secs]
2021-06-28T03:03:51.841+0800: 239804.411: [GC pause (G1 Evacuation Pause) (young) 5503M->2494M(6144M), 0.0265263 secs]
2021-06-28T03:07:04.400+0800: 239996.969: [GC pause (G1 Evacuation Pause) (young) 5496M->2492M(6144M), 0.0257032 secs]
2021-06-28T03:09:33.738+0800: 240146.308: [GC pause (G1 Evacuation Pause) (young) 5498M->2493M(6144M), 0.0242838 secs]
2021-06-28T03:11:53.313+0800: 240285.883: [GC pause (G1 Evacuation Pause) (young) 5497M->2498M(6144M), 0.0266061 secs]
2021-06-28T03:14:07.307+0800: 240419.877: [GC pause (G1 Evacuation Pause) (young) 5496M->2499M(6144M), 0.0247919 secs]
2021-06-28T03:15:53.512+0800: 240526.082: [GC pause (G1 Evacuation Pause) (young) 5496M->2510M(6144M), 0.0356362 secs]
2021-06-28T03:17:34.229+0800: 240626.799: [GC pause (G1 Evacuation Pause) (young) 5484M->2504M(6144M), 0.0319484 secs]
2021-06-28T03:20:04.195+0800: 240776.764: [GC pause (G1 Evacuation Pause) (young) 5488M->2500M(6144M), 0.0274003 secs]
2021-06-28T03:22:10.229+0800: 240902.799: [GC pause (G1 Evacuation Pause) (young) 5492M->2495M(6144M), 0.0249299 secs]
2021-06-28T03:25:25.957+0800: 241098.527: [GC pause (G1 Evacuation Pause) (young) 5499M->2496M(6144M), 0.0268191 secs]
2021-06-28T03:27:31.746+0800: 241224.316: [GC pause (G1 Evacuation Pause) (young) 5496M->2495M(6144M), 0.0270953 secs]
2021-06-28T03:29:43.949+0800: 241356.519: [GC pause (G1 Evacuation Pause) (young) 5499M->2495M(6144M), 0.0256083 secs]
2021-06-28T03:32:17.840+0800: 241510.410: [GC pause (G1 Evacuation Pause) (young) 5499M->2496M(6144M), 0.0270848 secs]
2021-06-28T03:35:05.864+0800: 241678.434: [GC pause (G1 Evacuation Pause) (young) 5498M->2501M(6144M), 0.0274797 secs]
2021-06-28T03:38:00.564+0800: 241853.134: [GC pause (G1 Evacuation Pause) (young) 5497M->2507M(6144M), 0.0300315 secs]
2021-06-28T03:41:33.586+0800: 242066.155: [GC pause (G1 Evacuation Pause) (young) 5495M->2505M(6144M), 0.0270349 secs]
2021-06-28T03:44:18.227+0800: 242230.797: [GC pause (G1 Evacuation Pause) (young) 5499M->2499M(6144M), 0.0230037 secs]
2021-06-28T03:47:28.310+0800: 242420.880: [GC pause (G1 Evacuation Pause) (young) 5507M->2510M(6144M), 0.0267805 secs]
2021-06-28T03:50:17.376+0800: 242589.945: [GC pause (G1 Evacuation Pause) (young) 5500M->2503M(6144M), 0.0226292 secs]
2021-06-28T03:52:24.750+0800: 242717.319: [GC pause (G1 Evacuation Pause) (young) 5503M->2506M(6144M), 0.0242609 secs]
2021-06-28T03:55:25.475+0800: 242898.045: [GC pause (G1 Evacuation Pause) (young) 5502M->2509M(6144M), 0.0261746 secs]
2021-06-28T03:57:57.998+0800: 243050.568: [GC pause (G1 Evacuation Pause) (young) 5501M->2508M(6144M), 0.0241422 secs]
2021-06-28T04:01:06.578+0800: 243239.148: [GC pause (G1 Evacuation Pause) (young) 5528M->2507M(6144M), 0.0281634 secs]
2021-06-28T04:03:24.581+0800: 243377.151: [GC pause (G1 Evacuation Pause) (young) 5514M->2518M(6144M), 0.0277479 secs]
2021-06-28T04:06:21.747+0800: 243554.317: [GC pause (G1 Evacuation Pause) (young) 5494M->2511M(6144M), 0.0227042 secs]
2021-06-28T04:09:26.989+0800: 243739.559: [GC pause (G1 Evacuation Pause) (young) 5501M->2512M(6144M), 0.0222144 secs]
2021-06-28T04:11:41.614+0800: 243874.184: [GC pause (G1 Evacuation Pause) (young) 5502M->2511M(6144M), 0.0209348 secs]
2021-06-28T04:14:09.949+0800: 244022.518: [GC pause (G1 Evacuation Pause) (young) 5505M->2511M(6144M), 0.0214537 secs]
2021-06-28T04:16:38.278+0800: 244170.848: [GC pause (G1 Evacuation Pause) (young) 5507M->2517M(6144M), 0.0232366 secs]
2021-06-28T04:19:18.397+0800: 244330.967: [GC pause (G1 Evacuation Pause) (young) 5501M->2511M(6144M), 0.0205886 secs]
2021-06-28T04:21:39.377+0800: 244471.947: [GC pause (G1 Evacuation Pause) (young) 5505M->2512M(6144M), 0.0207075 secs]
2021-06-28T04:23:37.587+0800: 244590.157: [GC pause (G1 Evacuation Pause) (young) 5506M->2514M(6144M), 0.0217136 secs]
2021-06-28T04:25:59.922+0800: 244732.492: [GC pause (G1 Evacuation Pause) (young) 5504M->2517M(6144M), 0.0238649 secs]
2021-06-28T04:28:27.027+0800: 244879.596: [GC pause (G1 Evacuation Pause) (young) 5503M->2515M(6144M), 0.0233107 secs]
2021-06-28T04:31:06.751+0800: 245039.321: [GC pause (G1 Evacuation Pause) (young) 5505M->2517M(6144M), 0.0241288 secs]
2021-06-28T04:33:23.244+0800: 245175.814: [GC pause (G1 Evacuation Pause) (young) 5505M->2517M(6144M), 0.0233676 secs]
2021-06-28T04:35:32.911+0800: 245305.481: [GC pause (G1 Evacuation Pause) (young) 5507M->2523M(6144M), 0.0232838 secs]
2021-06-28T04:37:36.826+0800: 245429.396: [GC pause (G1 Evacuation Pause) (young) 5503M->2520M(6144M), 0.0219205 secs]
2021-06-28T04:40:00.013+0800: 245572.583: [GC pause (G1 Evacuation Pause) (young) 5504M->2520M(6144M), 0.0229872 secs]
2021-06-28T04:42:16.785+0800: 245709.355: [GC pause (G1 Evacuation Pause) (young) 5506M->2522M(6144M), 0.0230680 secs]
2021-06-28T04:45:23.903+0800: 245896.472: [GC pause (G1 Evacuation Pause) (young) 5504M->2521M(6144M), 0.0213274 secs]
2021-06-28T04:48:16.987+0800: 246069.557: [GC pause (G1 Evacuation Pause) (young) 5507M->2524M(6144M), 0.0230311 secs]
2021-06-28T04:51:11.984+0800: 246244.554: [GC pause (G1 Evacuation Pause) (young) 5502M->2525M(6144M), 0.0233802 secs]
2021-06-28T04:54:05.952+0800: 246418.522: [GC pause (G1 Evacuation Pause) (young) 5503M->2519M(6144M), 0.0213429 secs]
2021-06-28T04:56:26.344+0800: 246558.914: [GC pause (G1 Evacuation Pause) (young) 5511M->2523M(6144M), 0.0221557 secs]
2021-06-28T04:59:28.461+0800: 246741.030: [GC pause (G1 Evacuation Pause) (young) 5505M->2520M(6144M), 0.0198444 secs]
2021-06-28T05:01:55.417+0800: 246887.987: [GC pause (G1 Evacuation Pause) (young) 5510M->2522M(6144M), 0.0192208 secs]
2021-06-28T05:04:33.952+0800: 247046.522: [GC pause (G1 Evacuation Pause) (young) 5510M->2532M(6144M), 0.0225596 secs]
2021-06-28T05:07:29.626+0800: 247222.196: [GC pause (G1 Evacuation Pause) (young) 5502M->2524M(6144M), 0.0178087 secs]
2021-06-28T05:10:09.476+0800: 247382.046: [GC pause (G1 Evacuation Pause) (young) 5510M->2529M(6144M), 0.0205100 secs]
2021-06-28T05:12:16.791+0800: 247509.361: [GC pause (G1 Evacuation Pause) (young) 5507M->2523M(6144M), 0.0169260 secs]
2021-06-28T05:15:13.041+0800: 247685.611: [GC pause (G1 Evacuation Pause) (young) 5513M->2526M(6144M), 0.0172300 secs]
2021-06-28T05:17:34.711+0800: 247827.281: [GC pause (G1 Evacuation Pause) (young) 5510M->2527M(6144M), 0.0176283 secs]
2021-06-28T05:19:32.115+0800: 247944.685: [GC pause (G1 Evacuation Pause) (young) 5511M->2526M(6144M), 0.0172576 secs]
2021-06-28T05:22:02.198+0800: 248094.768: [GC pause (G1 Evacuation Pause) (young) 5510M->2528M(6144M), 0.0192781 secs]
2021-06-28T05:23:57.974+0800: 248210.544: [GC pause (G1 Evacuation Pause) (young) 5508M->2535M(6144M), 0.0252803 secs]
2021-06-28T05:26:06.956+0800: 248339.526: [GC pause (G1 Evacuation Pause) (young) 5503M->2538M(6144M), 0.0248652 secs]
2021-06-28T05:28:24.854+0800: 248477.423: [GC pause (G1 Evacuation Pause) (young) 5498M->2537M(6144M), 0.0263095 secs]
2021-06-28T05:30:37.054+0800: 248609.624: [GC pause (G1 Evacuation Pause) (young) 5501M->2539M(6144M), 0.0269251 secs]
2021-06-28T05:33:05.317+0800: 248757.887: [GC pause (G1 Evacuation Pause) (young) 5499M->2545M(6144M), 0.0341799 secs]
2021-06-28T05:34:26.250+0800: 248838.820: [GC pause (G1 Evacuation Pause) (young) 5495M->2548M(6144M), 0.0363257 secs]
2021-06-28T05:36:27.420+0800: 248959.990: [GC pause (G1 Evacuation Pause) (young) 5492M->2559M(6144M), 0.0414951 secs]
2021-06-28T05:38:17.919+0800: 249070.489: [GC pause (G1 Evacuation Pause) (young) 5491M->2612M(6144M), 0.0740870 secs]
2021-06-28T05:40:32.754+0800: 249205.324: [GC pause (G1 Evacuation Pause) (young) 5427M->2615M(6144M), 0.0703075 secs]
2021-06-28T05:42:20.190+0800: 249312.760: [GC pause (G1 Evacuation Pause) (young) 5423M->2621M(6144M), 0.0742980 secs]
2021-06-28T05:44:01.968+0800: 249414.537: [GC pause (G1 Evacuation Pause) (young) 5431M->2625M(6144M), 0.0777136 secs]
2021-06-28T05:45:59.646+0800: 249532.216: [GC pause (G1 Evacuation Pause) (young) 5415M->2624M(6144M), 0.0743772 secs]
2021-06-28T05:47:25.379+0800: 249617.948: [GC pause (G1 Evacuation Pause) (young) 5414M->2652M(6144M), 0.0898193 secs]
2021-06-28T05:49:24.160+0800: 249736.730: [GC pause (G1 Evacuation Pause) (young) 5391M->2630M(6144M), 0.0783992 secs]
2021-06-28T05:51:46.473+0800: 249879.043: [GC pause (G1 Evacuation Pause) (young) 5412M->2633M(6144M), 0.0780645 secs]
2021-06-28T05:54:00.102+0800: 250012.672: [GC pause (G1 Evacuation Pause) (young) 5413M->2643M(6144M), 0.0832923 secs]
2021-06-28T05:56:00.595+0800: 250133.164: [GC pause (G1 Evacuation Pause) (young) 5403M->2636M(6144M), 0.0797765 secs]
2021-06-28T05:58:10.932+0800: 250263.502: [GC pause (G1 Evacuation Pause) (young) 5412M->2634M(6144M), 0.0765515 secs]
2021-06-28T06:00:00.047+0800: 250372.617: [GC pause (G1 Evacuation Pause) (young) 5418M->2645M(6144M), 0.0764110 secs]
2021-06-28T06:01:52.549+0800: 250485.119: [GC pause (G1 Evacuation Pause) (young) 5411M->2641M(6144M), 0.0738891 secs]
2021-06-28T06:04:09.362+0800: 250621.931: [GC pause (G1 Evacuation Pause) (young) 5421M->2650M(6144M), 0.0748148 secs]
2021-06-28T06:06:26.837+0800: 250759.407: [GC pause (G1 Evacuation Pause) (young) 5420M->2647M(6144M), 0.0665895 secs]
2021-06-28T06:08:44.956+0800: 250897.526: [GC pause (G1 Evacuation Pause) (young) 5425M->2653M(6144M), 0.0670159 secs]
2021-06-28T06:11:14.612+0800: 251047.182: [GC pause (G1 Evacuation Pause) (young) 5487M->2657M(6144M), 0.0583871 secs]
2021-06-28T06:13:46.230+0800: 251198.800: [GC pause (G1 Evacuation Pause) (young) 5489M->2658M(6144M), 0.0331801 secs]
2021-06-28T06:15:42.463+0800: 251315.033: [GC pause (G1 Evacuation Pause) (young) 5492M->2664M(6144M), 0.0340291 secs]
2021-06-28T06:17:44.104+0800: 251436.674: [GC pause (G1 Evacuation Pause) (young) 5494M->2667M(6144M), 0.0331756 secs]
2021-06-28T06:19:26.510+0800: 251539.079: [GC pause (G1 Evacuation Pause) (young) 5493M->2667M(6144M), 0.0318336 secs]
2021-06-28T06:21:16.118+0800: 251648.688: [GC pause (G1 Evacuation Pause) (young) 5506M->2680M(6144M), 0.0356370 secs]
2021-06-28T06:23:15.811+0800: 251768.381: [GC pause (G1 Evacuation Pause) (young) 5492M->2680M(6144M), 0.0314322 secs]
2021-06-28T06:25:21.734+0800: 251894.304: [GC pause (G1 Evacuation Pause) (young) 5496M->2708M(6144M), 0.0439905 secs]
2021-06-28T06:27:33.382+0800: 252025.952: [GC pause (G1 Evacuation Pause) (young) 5483M->2738M(6144M), 0.0614705 secs]
2021-06-28T06:29:03.866+0800: 252116.435: [GC pause (G1 Evacuation Pause) (young) 5440M->2745M(6144M), 0.0616075 secs]
2021-06-28T06:30:26.950+0800: 252199.520: [GC pause (G1 Evacuation Pause) (young) 5435M->2746M(6144M), 0.0616468 secs]
2021-06-28T06:32:02.407+0800: 252294.977: [GC pause (G1 Evacuation Pause) (young) 5433M->2748M(6144M), 0.0624155 secs]
2021-06-28T06:33:59.222+0800: 252411.792: [GC pause (G1 Evacuation Pause) (young) 5434M->2746M(6144M), 0.0602284 secs]
2021-06-28T06:36:19.670+0800: 252552.240: [GC pause (G1 Evacuation Pause) (young) 5434M->2748M(6144M), 0.0598697 secs]
2021-06-28T06:39:04.958+0800: 252717.528: [GC pause (G1 Evacuation Pause) (young) 5434M->2750M(6144M), 0.0601429 secs]
2021-06-28T06:40:39.020+0800: 252811.590: [GC pause (G1 Evacuation Pause) (young) 5432M->2751M(6144M), 0.0587179 secs]
2021-06-28T06:43:04.436+0800: 252957.006: [GC pause (G1 Evacuation Pause) (young) 5433M->2745M(6144M), 0.0586970 secs]
2021-06-28T06:45:07.330+0800: 253079.900: [GC pause (G1 Evacuation Pause) (young) 5441M->2746M(6144M), 0.0591106 secs]
2021-06-28T06:46:25.110+0800: 253157.680: [GC pause (G1 Evacuation Pause) (young) 5444M->2747M(6144M), 0.0565573 secs]
2021-06-28T06:48:04.143+0800: 253256.713: [GC pause (G1 Evacuation Pause) (young) 5443M->2748M(6144M), 0.0581086 secs]
2021-06-28T06:49:37.916+0800: 253350.486: [GC pause (G1 Evacuation Pause) (young) 5442M->2749M(6144M), 0.0562773 secs]
2021-06-28T06:50:59.439+0800: 253432.009: [GC pause (G1 Evacuation Pause) (young) 5445M->2750M(6144M), 0.0578342 secs]
2021-06-28T06:52:21.301+0800: 253513.871: [GC pause (G1 Evacuation Pause) (young) 5444M->2761M(6144M), 0.0593533 secs]
2021-06-28T06:53:57.377+0800: 253609.947: [GC pause (G1 Evacuation Pause) (young) 5463M->2758M(6144M), 0.0524894 secs]
2021-06-28T06:55:50.256+0800: 253722.826: [GC pause (G1 Evacuation Pause) (young) 5502M->2760M(6144M), 0.0371579 secs]
2021-06-28T06:57:32.223+0800: 253824.793: [GC pause (G1 Evacuation Pause) (young) 5504M->2766M(6144M), 0.0248871 secs]
2021-06-28T06:59:44.533+0800: 253957.103: [GC pause (G1 Evacuation Pause) (young) 5502M->2765M(6144M), 0.0218301 secs]
2021-06-28T07:01:29.962+0800: 254062.532: [GC pause (G1 Evacuation Pause) (young) 5507M->2774M(6144M), 0.0264823 secs]
2021-06-28T07:01:30.238+0800: 254062.808: [GC pause (G1 Humongous Allocation) (young) (initial-mark) 2878M->2773M(6144M), 0.0240362 secs]
2021-06-28T07:01:30.263+0800: 254062.832: [GC concurrent-root-region-scan-start]
2021-06-28T07:01:30.284+0800: 254062.854: [GC concurrent-root-region-scan-end, 0.0219553 secs]
2021-06-28T07:01:30.284+0800: 254062.854: [GC concurrent-mark-start]
2021-06-28T07:01:31.453+0800: 254064.023: [GC concurrent-mark-end, 1.1685453 secs]
2021-06-28T07:01:31.455+0800: 254064.025: [GC remark, 0.1204964 secs]
2021-06-28T07:01:31.578+0800: 254064.148: [GC cleanup 2908M->1729M(6144M), 0.0157131 secs]
2021-06-28T07:01:31.594+0800: 254064.164: [GC concurrent-cleanup-start]
2021-06-28T07:01:31.595+0800: 254064.165: [GC concurrent-cleanup-end, 0.0015619 secs]
2021-06-28T07:03:36.229+0800: 254188.798: [GC pause (G1 Evacuation Pause) (young) 4334M->1591M(6144M), 0.0250548 secs]
2021-06-28T07:03:41.150+0800: 254193.720: [GC pause (G1 Evacuation Pause) (mixed) 1879M->1012M(6144M), 0.0554094 secs]
2021-06-28T07:03:53.906+0800: 254206.476: [GC pause (G1 Evacuation Pause) (mixed) 1298M->926M(6144M), 0.0842788 secs]
2021-06-28T07:06:07.923+0800: 254340.493: [GC pause (G1 Evacuation Pause) (young) 4597M->935M(6144M), 0.0671940 secs]
2021-06-28T07:08:27.570+0800: 254480.140: [GC pause (G1 Evacuation Pause) (young) 4599M->943M(6144M), 0.0260555 secs]
2021-06-28T07:11:07.905+0800: 254640.475: [GC pause (G1 Evacuation Pause) (young) 4606M->939M(6144M), 0.0233375 secs]
2021-06-28T07:13:35.537+0800: 254788.107: [GC pause (G1 Evacuation Pause) (young) 4608M->940M(6144M), 0.0235722 secs]
2021-06-28T07:15:24.288+0800: 254896.858: [GC pause (G1 Evacuation Pause) (young) 4611M->940M(6144M), 0.0237066 secs]
2021-06-28T07:17:23.147+0800: 255015.717: [GC pause (G1 Evacuation Pause) (young) 4619M->948M(6144M), 0.0283282 secs]
2021-06-28T07:19:33.454+0800: 255146.024: [GC pause (G1 Evacuation Pause) (young) 4610M->943M(6144M), 0.0253339 secs]
2021-06-28T07:21:28.130+0800: 255260.700: [GC pause (G1 Evacuation Pause) (young) 4616M->944M(6144M), 0.0256288 secs]
2021-06-28T07:23:34.411+0800: 255386.981: [GC pause (G1 Evacuation Pause) (young) 4612M->949M(6144M), 0.0269458 secs]
2021-06-28T07:25:42.386+0800: 255514.956: [GC pause (G1 Evacuation Pause) (young) 4614M->948M(6144M), 0.0261292 secs]
2021-06-28T07:27:51.245+0800: 255643.815: [GC pause (G1 Evacuation Pause) (young) 4622M->951M(6144M), 0.0299324 secs]
2021-06-28T07:29:50.455+0800: 255763.025: [GC pause (G1 Evacuation Pause) (young) 4635M->957M(6144M), 0.0349007 secs]
2021-06-28T07:32:10.995+0800: 255903.565: [GC pause (G1 Evacuation Pause) (young) 4617M->958M(6144M), 0.0313394 secs]
2021-06-28T07:34:15.404+0800: 256027.974: [GC pause (G1 Evacuation Pause) (young) 4617M->958M(6144M), 0.0307311 secs]
2021-06-28T07:36:07.213+0800: 256139.783: [GC pause (G1 Evacuation Pause) (young) 4625M->959M(6144M), 0.0322443 secs]
2021-06-28T07:38:04.526+0800: 256257.096: [GC pause (G1 Evacuation Pause) (young) 4619M->960M(6144M), 0.0319408 secs]
2021-06-28T07:40:09.401+0800: 256381.971: [GC pause (G1 Evacuation Pause) (young) 4626M->962M(6144M), 0.0339041 secs]
2021-06-28T07:42:11.116+0800: 256503.685: [GC pause (G1 Evacuation Pause) (young) 4621M->964M(6144M), 0.0349528 secs]
2021-06-28T07:43:30.174+0800: 256582.744: [GC pause (G1 Evacuation Pause) (young) 4653M->969M(6144M), 0.0454125 secs]
2021-06-28T07:43:35.668+0800: 256588.238: [GC pause (G1 Evacuation Pause) (young) 1241M->973M(6144M), 0.0338741 secs]
2021-06-28T07:43:42.538+0800: 256595.108: [GC pause (G1 Evacuation Pause) (young) 1253M->978M(6144M), 0.0340785 secs]
2021-06-28T07:43:54.160+0800: 256606.730: [GC pause (G1 Evacuation Pause) (young) 1258M->979M(6144M), 0.0280975 secs]
2021-06-28T07:44:03.183+0800: 256615.753: [GC pause (G1 Evacuation Pause) (young) 1265M->979M(6144M), 0.0233819 secs]
2021-06-28T07:44:18.185+0800: 256630.755: [GC pause (G1 Evacuation Pause) (young) 1948M->980M(6144M), 0.0237160 secs]
2021-06-28T07:45:41.854+0800: 256714.423: [GC pause (G1 Evacuation Pause) (young) 4645M->978M(6144M), 0.0261251 secs]
2021-06-28T07:47:22.685+0800: 256815.255: [GC pause (G1 Evacuation Pause) (young) 4644M->980M(6144M), 0.0276933 secs]
2021-06-28T07:48:28.685+0800: 256881.255: [GC pause (G1 Evacuation Pause) (young) 4645M->982M(6144M), 0.0298013 secs]
2021-06-28T07:50:08.401+0800: 256980.971: [GC pause (G1 Evacuation Pause) (young) 4648M->994M(6144M), 0.0356562 secs]
2021-06-28T07:51:27.916+0800: 257060.486: [GC pause (G1 Evacuation Pause) (young) 4644M->988M(6144M), 0.0329927 secs]
2021-06-28T07:52:56.633+0800: 257149.203: [GC pause (G1 Evacuation Pause) (young) 4646M->989M(6144M), 0.0350782 secs]
2021-06-28T07:54:08.967+0800: 257221.537: [GC pause (G1 Evacuation Pause) (young) 4645M->990M(6144M), 0.0354950 secs]
2021-06-28T07:55:06.326+0800: 257278.896: [GC pause (G1 Evacuation Pause) (young) 4658M->1360M(6144M), 0.2363397 secs]
2021-06-28T07:55:25.549+0800: 257298.119: [GC pause (G1 Evacuation Pause) (young) 2417M->1369M(6144M), 0.2986053 secs]
2021-06-28T07:55:58.584+0800: 257331.153: [GC pause (G1 Evacuation Pause) (young) 2794M->1364M(6144M), 0.0615614 secs]
2021-06-28T07:57:06.929+0800: 257399.498: [GC pause (G1 Evacuation Pause) (young) 5040M->1368M(6144M), 0.0255102 secs]
2021-06-28T07:58:27.852+0800: 257480.422: [GC pause (G1 Evacuation Pause) (young) 5055M->1373M(6144M), 0.0304251 secs]
2021-06-28T07:59:10.512+0800: 257523.081: [GC pause (G1 Evacuation Pause) (young) 3201M->1377M(6144M), 0.0275894 secs]
2021-06-28T08:00:14.276+0800: 257586.846: [GC pause (G1 Evacuation Pause) (young) 5057M->1386M(6144M), 0.0397591 secs]
2021-06-28T08:01:09.665+0800: 257642.235: [GC pause (G1 Evacuation Pause) (young) 5042M->1381M(6144M), 0.0349550 secs]
2021-06-28T08:02:35.760+0800: 257728.330: [GC pause (G1 Evacuation Pause) (young) 5043M->1386M(6144M), 0.0379849 secs]
2021-06-28T08:03:41.771+0800: 257794.341: [GC pause (G1 Evacuation Pause) (young) 5043M->1386M(6144M), 0.0391222 secs]
2021-06-28T08:04:45.867+0800: 257858.437: [GC pause (G1 Evacuation Pause) (young) 5054M->1385M(6144M), 0.0418056 secs]
2021-06-28T08:05:45.331+0800: 257917.901: [GC pause (G1 Evacuation Pause) (young) 5063M->1470M(6144M), 0.0844099 secs]
2021-06-28T08:06:53.073+0800: 257985.642: [GC pause (G1 Evacuation Pause) (young) 5071M->1470M(6144M), 0.0814353 secs]
2021-06-28T08:07:59.439+0800: 258052.008: [GC pause (G1 Evacuation Pause) (young) 5061M->1470M(6144M), 0.0791555 secs]
2021-06-28T08:08:46.670+0800: 258099.240: [GC pause (G1 Evacuation Pause) (young) 5230M->1473M(6144M), 0.0910162 secs]
2021-06-28T08:09:53.343+0800: 258165.913: [GC pause (G1 Evacuation Pause) (young) 5216M->1482M(6144M), 0.0926751 secs]
2021-06-28T08:10:41.101+0800: 258213.671: [GC pause (G1 Evacuation Pause) (young) 5042M->1512M(6144M), 0.1199310 secs]
2021-06-28T08:11:51.255+0800: 258283.825: [GC pause (G1 Evacuation Pause) (young) 5046M->1483M(6144M), 0.0852724 secs]
2021-06-28T08:12:47.734+0800: 258340.304: [GC pause (G1 Evacuation Pause) (young) 5045M->1478M(6144M), 0.0811875 secs]
2021-06-28T08:13:48.889+0800: 258401.459: [GC pause (G1 Evacuation Pause) (young) 5061M->1485M(6144M), 0.0872303 secs]
2021-06-28T08:14:50.108+0800: 258462.678: [GC pause (G1 Evacuation Pause) (young) 5064M->1491M(6144M), 0.0891964 secs]
2021-06-28T08:15:46.911+0800: 258519.481: [GC pause (G1 Evacuation Pause) (young) 5079M->1490M(6144M), 0.0911887 secs]
2021-06-28T08:16:56.043+0800: 258588.613: [GC pause (G1 Evacuation Pause) (young) 5053M->1534M(6144M), 0.1140864 secs]
2021-06-28T08:17:50.726+0800: 258643.295: [GC pause (G1 Evacuation Pause) (young) 5056M->1498M(6144M), 0.0876948 secs]
2021-06-28T08:19:05.176+0800: 258717.746: [GC pause (G1 Evacuation Pause) (young) 5062M->1500M(6144M), 0.0878117 secs]
2021-06-28T08:19:55.497+0800: 258768.067: [GC pause (G1 Evacuation Pause) (young) 5062M->1503M(6144M), 0.0871603 secs]
2021-06-28T08:20:39.295+0800: 258811.865: [GC pause (G1 Evacuation Pause) (young) 5074M->1514M(6144M), 0.0895918 secs]
2021-06-28T08:21:32.772+0800: 258865.341: [GC pause (G1 Evacuation Pause) (young) 5199M->1527M(6144M), 0.0647147 secs]
2021-06-28T08:22:23.977+0800: 258916.547: [GC pause (G1 Evacuation Pause) (young) 5173M->1549M(6144M), 0.0595998 secs]
2021-06-28T08:23:22.588+0800: 258975.157: [GC pause (G1 Evacuation Pause) (young) 5197M->1526M(6144M), 0.0489677 secs]
2021-06-28T08:23:54.319+0800: 259006.889: [GC pause (G1 Evacuation Pause) (young) 5171M->1529M(6144M), 0.0423350 secs]
2021-06-28T08:24:32.428+0800: 259044.998: [GC pause (G1 Evacuation Pause) (young) 5173M->1533M(6144M), 0.0451117 secs]
2021-06-28T08:25:20.505+0800: 259093.074: [GC pause (G1 Evacuation Pause) (young) 5199M->1536M(6144M), 0.0485035 secs]
2021-06-28T08:26:08.163+0800: 259140.732: [GC pause (G1 Evacuation Pause) (young) 5179M->1546M(6144M), 0.0487384 secs]
2021-06-28T08:27:15.269+0800: 259207.839: [GC pause (G1 Evacuation Pause) (young) 5184M->1546M(6144M), 0.0501031 secs]
2021-06-28T08:28:14.605+0800: 259267.175: [GC pause (G1 Evacuation Pause) (young) 5216M->1544M(6144M), 0.0554180 secs]
2021-06-28T08:29:13.040+0800: 259325.610: [GC pause (G1 Evacuation Pause) (young) 5193M->1545M(6144M), 0.0504300 secs]
2021-06-28T08:30:01.190+0800: 259373.760: [GC pause (G1 Evacuation Pause) (young) 5214M->1555M(6144M), 0.0561775 secs]
2021-06-28T08:31:07.565+0800: 259440.135: [GC pause (G1 Evacuation Pause) (young) 5226M->1551M(6144M), 0.0634775 secs]
2021-06-28T08:32:02.816+0800: 259495.386: [GC pause (G1 Evacuation Pause) (young) 5205M->1556M(6144M), 0.0601378 secs]
2021-06-28T08:33:05.488+0800: 259558.058: [GC pause (G1 Evacuation Pause) (young) 5200M->1555M(6144M), 0.0570173 secs]
2021-06-28T08:34:00.437+0800: 259613.007: [GC pause (G1 Evacuation Pause) (young) 5220M->1560M(6144M), 0.0617949 secs]
2021-06-28T08:34:36.919+0800: 259649.489: [GC pause (G1 Evacuation Pause) (young) 5199M->1565M(6144M), 0.0512147 secs]
2021-06-28T08:35:26.819+0800: 259699.389: [GC pause (G1 Evacuation Pause) (young) 5213M->1565M(6144M), 0.0527900 secs]
2021-06-28T08:36:15.425+0800: 259747.995: [GC pause (G1 Evacuation Pause) (young) 5206M->1565M(6144M), 0.0533899 secs]
2021-06-28T08:36:58.344+0800: 259790.913: [GC pause (G1 Evacuation Pause) (young) 5230M->1574M(6144M), 0.0563572 secs]
2021-06-28T08:37:39.294+0800: 259831.864: [GC pause (G1 Evacuation Pause) (young) 5217M->1620M(6144M), 0.0781510 secs]
2021-06-28T08:38:29.752+0800: 259882.322: [GC pause (G1 Evacuation Pause) (young) 5214M->1579M(6144M), 0.0537619 secs]
2021-06-28T08:39:26.374+0800: 259938.943: [GC pause (G1 Evacuation Pause) (young) 5217M->1579M(6144M), 0.0525744 secs]
2021-06-28T08:40:17.006+0800: 259989.576: [GC pause (G1 Evacuation Pause) (young) 5223M->1579M(6144M), 0.0528853 secs]
2021-06-28T08:41:02.766+0800: 260035.336: [GC pause (G1 Evacuation Pause) (young) 5230M->1583M(6144M), 0.0553803 secs]
2021-06-28T08:41:46.360+0800: 260078.930: [GC pause (G1 Evacuation Pause) (young) 5232M->1973M(6144M), 0.2657848 secs]
2021-06-28T08:41:47.963+0800: 260080.533: [GC pause (G1 Evacuation Pause) (young) 2860M->2440M(6144M), 0.4556915 secs]
2021-06-28T08:41:49.873+0800: 260082.443: [GC pause (G1 Evacuation Pause) (young) 2891M->2463M(6144M), 0.1398132 secs]
2021-06-28T08:41:59.228+0800: 260091.797: [GC pause (G1 Evacuation Pause) (young) 3243M->2470M(6144M), 0.0560933 secs]
2021-06-28T08:42:09.019+0800: 260101.589: [GC pause (G1 Evacuation Pause) (young) 3599M->2465M(6144M), 0.0225566 secs]
2021-06-28T08:42:29.057+0800: 260121.626: [GC pause (G1 Evacuation Pause) (young) 3868M->2471M(6144M), 0.0286130 secs]
2021-06-28T08:42:45.134+0800: 260137.704: [GC pause (G1 Evacuation Pause) (young) 4576M->2469M(6144M), 0.0267149 secs]
2021-06-28T08:43:19.107+0800: 260171.677: [GC pause (G1 Evacuation Pause) (young) 5309M->2484M(6144M), 0.0385043 secs]
2021-06-28T08:43:41.178+0800: 260193.748: [GC pause (G1 Evacuation Pause) (young) 5356M->2496M(6144M), 0.0444235 secs]
2021-06-28T08:44:07.648+0800: 260220.218: [GC pause (G1 Evacuation Pause) (young) 5393M->2481M(6144M), 0.0391066 secs]
2021-06-28T08:44:32.062+0800: 260244.632: [GC pause (G1 Evacuation Pause) (young) 5289M->2485M(6144M), 0.0367610 secs]
2021-06-28T08:45:12.637+0800: 260285.207: [GC pause (G1 Evacuation Pause) (young) 5421M->2488M(6144M), 0.0404581 secs]
2021-06-28T08:45:42.061+0800: 260314.631: [GC pause (G1 Evacuation Pause) (young) 5445M->2491M(6144M), 0.0427694 secs]
2021-06-28T08:46:14.503+0800: 260347.073: [GC pause (G1 Evacuation Pause) (young) 5477M->2490M(6144M), 0.0453161 secs]
2021-06-28T08:46:57.056+0800: 260389.626: [GC pause (G1 Evacuation Pause) (young) 5473M->2495M(6144M), 0.0514050 secs]
2021-06-28T08:47:29.169+0800: 260421.739: [GC pause (G1 Evacuation Pause) (young) 5468M->2493M(6144M), 0.0451717 secs]
2021-06-28T08:48:16.360+0800: 260468.930: [GC pause (G1 Evacuation Pause) (young) 5471M->2494M(6144M), 0.0464812 secs]
2021-06-28T08:48:57.600+0800: 260510.170: [GC pause (G1 Evacuation Pause) (young) 5472M->2820M(6144M), 0.2283788 secs]
2021-06-28T08:48:58.994+0800: 260511.564: [GC pause (G1 Evacuation Pause) (young) 3498M->3119M(6144M), 0.3748207 secs]
2021-06-28T08:48:59.789+0800: 260512.359: [GC pause (G1 Humongous Allocation) (young) (initial-mark) 3372M->3225M(6144M), 0.1689165 secs]
2021-06-28T08:48:59.958+0800: 260512.528: [GC concurrent-root-region-scan-start]
2021-06-28T08:49:00.048+0800: 260512.618: [GC concurrent-root-region-scan-end, 0.0900501 secs]
2021-06-28T08:49:00.048+0800: 260512.618: [GC concurrent-mark-start]
2021-06-28T08:49:00.777+0800: 260513.347: [GC pause (G1 Evacuation Pause) (young) 3708M->3438M(6144M), 0.1976316 secs]
2021-06-28T08:49:01.548+0800: 260514.118: [GC concurrent-mark-end, 1.4996896 secs]
2021-06-28T08:49:01.550+0800: 260514.120: [GC remark, 0.4722362 secs]
2021-06-28T08:49:02.025+0800: 260514.594: [GC cleanup 3770M->2476M(6144M), 0.0147432 secs]
2021-06-28T08:49:02.040+0800: 260514.609: [GC concurrent-cleanup-start]
2021-06-28T08:49:02.041+0800: 260514.611: [GC concurrent-cleanup-end, 0.0018737 secs]
2021-06-28T08:49:02.242+0800: 260514.812: [GC pause (G1 Evacuation Pause) (young) 2638M->2317M(6144M), 0.1741300 secs]
2021-06-28T08:49:02.689+0800: 260515.259: [GC pause (G1 Evacuation Pause) (mixed) 2551M->2182M(6144M), 0.1597954 secs]
2021-06-28T08:49:03.465+0800: 260516.035: [GC pause (G1 Evacuation Pause) (mixed) 2464M->2157M(6144M), 0.1225035 secs]
2021-06-28T08:49:07.254+0800: 260519.824: [GC pause (G1 Evacuation Pause) (young) 2571M->2159M(6144M), 0.0489486 secs]
2021-06-28T08:49:17.008+0800: 260529.578: [GC pause (G1 Evacuation Pause) (young) 2899M->2155M(6144M), 0.0281698 secs]
2021-06-28T08:49:38.634+0800: 260551.203: [GC pause (G1 Evacuation Pause) (young) 3680M->2159M(6144M), 0.0261616 secs]
2021-06-28T08:49:52.058+0800: 260564.628: [GC pause (G1 Evacuation Pause) (young) 4529M->2180M(6144M), 0.0424071 secs]
2021-06-28T08:50:21.826+0800: 260594.396: [GC pause (G1 Evacuation Pause) (young) 5315M->2174M(6144M), 0.0396787 secs]
2021-06-28T08:50:30.242+0800: 260602.812: [GC pause (G1 Evacuation Pause) (young) 3278M->2212M(6144M), 0.0571060 secs]
2021-06-28T08:50:44.281+0800: 260616.850: [GC pause (G1 Evacuation Pause) (young) 3635M->2172M(6144M), 0.0325436 secs]
2021-06-28T08:51:16.595+0800: 260649.165: [GC pause (G1 Evacuation Pause) (young) 5156M->2177M(6144M), 0.0374869 secs]
2021-06-28T08:51:52.060+0800: 260684.630: [GC pause (G1 Evacuation Pause) (young) 5418M->2177M(6144M), 0.0382965 secs]
2021-06-28T08:52:27.794+0800: 260720.363: [GC pause (G1 Evacuation Pause) (young) 5460M->2182M(6144M), 0.0461251 secs]
2021-06-28T08:53:10.238+0800: 260762.808: [GC pause (G1 Evacuation Pause) (young) 5453M->2179M(6144M), 0.0407236 secs]
2021-06-28T08:53:49.716+0800: 260802.286: [GC pause (G1 Evacuation Pause) (young) 5457M->2186M(6144M), 0.0431184 secs]
2021-06-28T08:54:30.074+0800: 260842.644: [GC pause (G1 Evacuation Pause) (young) 5484M->2209M(6144M), 0.0585690 secs]
2021-06-28T08:55:08.953+0800: 260881.523: [GC pause (G1 Evacuation Pause) (young) 5490M->2194M(6144M), 0.0545813 secs]
2021-06-28T08:55:44.880+0800: 260917.450: [GC pause (G1 Evacuation Pause) (young) 5478M->2196M(6144M), 0.0515900 secs]
2021-06-28T08:56:17.397+0800: 260949.967: [GC pause (G1 Evacuation Pause) (young) 5497M->2366M(6144M), 0.1505763 secs]
2021-06-28T08:56:49.555+0800: 260982.125: [GC pause (G1 Evacuation Pause) (young) 5319M->2366M(6144M), 0.1384447 secs]
2021-06-28T08:57:17.426+0800: 261009.996: [GC pause (G1 Evacuation Pause) (young) 4767M->2411M(6144M), 0.1539365 secs]
2021-06-28T08:57:42.375+0800: 261034.945: [GC pause (G1 Evacuation Pause) (young) 5451M->2391M(6144M), 0.0534775 secs]
2021-06-28T08:58:11.135+0800: 261063.705: [GC pause (G1 Evacuation Pause) (young) 5437M->2376M(6144M), 0.0274924 secs]
2021-06-28T08:58:42.856+0800: 261095.426: [GC pause (G1 Evacuation Pause) (young) 5455M->2386M(6144M), 0.0331593 secs]
2021-06-28T08:59:38.135+0800: 261150.705: [GC pause (G1 Evacuation Pause) (young) 5461M->2388M(6144M), 0.0351993 secs]
2021-06-28T09:00:20.582+0800: 261193.152: [GC pause (G1 Evacuation Pause) (young) 5672M->2389M(6144M), 0.0522682 secs]
2021-06-28T09:00:46.943+0800: 261219.513: [GC pause (G1 Evacuation Pause) (young) 5474M->2390M(6144M), 0.0403321 secs]
2021-06-28T09:01:19.754+0800: 261252.324: [GC pause (G1 Evacuation Pause) (young) 5651M->2397M(6144M), 0.0514183 secs]
2021-06-28T09:01:55.128+0800: 261287.698: [GC pause (G1 Evacuation Pause) (young) 5487M->2424M(6144M), 0.0561170 secs]
2021-06-28T09:02:09.197+0800: 261301.767: [GC pause (G1 Evacuation Pause) (young) 5474M->2403M(6144M), 0.0486098 secs]
2021-06-28T09:02:47.383+0800: 261339.953: [GC pause (G1 Evacuation Pause) (young) 5812M->2408M(6144M), 0.0611267 secs]
2021-06-28T09:03:17.070+0800: 261369.640: [GC pause (G1 Evacuation Pause) (young) 5477M->2403M(6144M), 0.0480002 secs]
2021-06-28T09:03:56.572+0800: 261409.142: [GC pause (G1 Evacuation Pause) (young) 5487M->2405M(6144M), 0.0484765 secs]
2021-06-28T09:04:19.987+0800: 261432.557: [GC pause (G1 Evacuation Pause) (young) 5651M->2473M(6144M), 0.0961767 secs]
2021-06-28T09:05:07.880+0800: 261480.449: [GC pause (G1 Evacuation Pause) (young) 5417M->2473M(6144M), 0.0866235 secs]
2021-06-28T09:05:38.087+0800: 261510.657: [GC pause (G1 Evacuation Pause) (young) 5435M->2477M(6144M), 0.0917867 secs]
2021-06-28T09:06:14.989+0800: 261547.559: [GC pause (G1 Evacuation Pause) (young) 5412M->2482M(6144M), 0.0891236 secs]
2021-06-28T09:06:38.033+0800: 261570.603: [GC pause (G1 Evacuation Pause) (young) 5415M->2479M(6144M), 0.0873512 secs]
2021-06-28T09:07:19.057+0800: 261611.626: [GC pause (G1 Evacuation Pause) (young) 5420M->2483M(6144M), 0.0895174 secs]
2021-06-28T09:07:56.779+0800: 261649.349: [GC pause (G1 Evacuation Pause) (young) 5406M->2489M(6144M), 0.0886270 secs]
2021-06-28T09:08:33.697+0800: 261686.267: [GC pause (G1 Evacuation Pause) (young) 5403M->2496M(6144M), 0.0904320 secs]
2021-06-28T09:09:03.403+0800: 261715.972: [GC pause (G1 Evacuation Pause) (young) 5582M->2490M(6144M), 0.0949773 secs]
2021-06-28T09:09:32.103+0800: 261744.672: [GC pause (G1 Evacuation Pause) (young) 5412M->2491M(6144M), 0.0870971 secs]
2021-06-28T09:10:03.656+0800: 261776.226: [GC pause (G1 Evacuation Pause) (young) 5413M->2501M(6144M), 0.0902952 secs]
2021-06-28T09:10:25.765+0800: 261798.335: [GC pause (G1 Evacuation Pause) (young) 5441M->2506M(6144M), 0.0981980 secs]
2021-06-28T09:10:46.236+0800: 261818.806: [GC pause (G1 Evacuation Pause) (young) 5440M->2606M(6144M), 0.1453298 secs]
2021-06-28T09:11:05.797+0800: 261838.367: [GC pause (G1 Evacuation Pause) (young) 5311M->2522M(6144M), 0.0808481 secs]
2021-06-28T09:11:33.735+0800: 261866.305: [GC pause (G1 Evacuation Pause) (young) 5475M->2523M(6144M), 0.0744613 secs]
2021-06-28T09:11:55.293+0800: 261887.863: [GC pause (G1 Evacuation Pause) (young) 5475M->2525M(6144M), 0.0448238 secs]
2021-06-28T09:12:26.247+0800: 261918.817: [GC pause (G1 Evacuation Pause) (young) 5469M->2523M(6144M), 0.0425489 secs]
2021-06-28T09:12:54.860+0800: 261947.430: [GC pause (G1 Evacuation Pause) (young) 5493M->2527M(6144M), 0.0477700 secs]
2021-06-28T09:13:27.393+0800: 261979.963: [GC pause (G1 Evacuation Pause) (young) 5478M->2534M(6144M), 0.0467418 secs]
2021-06-28T09:13:58.233+0800: 262010.803: [GC pause (G1 Evacuation Pause) (young) 5471M->2537M(6144M), 0.0473399 secs]
2021-06-28T09:14:40.891+0800: 262053.461: [GC pause (G1 Evacuation Pause) (young) 5473M->2530M(6144M), 0.0443800 secs]
2021-06-28T09:15:19.856+0800: 262092.426: [GC pause (G1 Evacuation Pause) (young) 5493M->2576M(6144M), 0.0775696 secs]
2021-06-28T09:15:46.140+0800: 262118.710: [GC pause (G1 Evacuation Pause) (young) 5444M->2536M(6144M), 0.0449571 secs]
2021-06-28T09:16:16.468+0800: 262149.037: [GC pause (G1 Evacuation Pause) (young) 5498M->2537M(6144M), 0.0467319 secs]
2021-06-28T09:16:36.342+0800: 262168.912: [GC pause (G1 Evacuation Pause) (young) 5495M->2968M(6144M), 0.2723767 secs]
2021-06-28T09:16:44.497+0800: 262177.067: [GC pause (G1 Evacuation Pause) (young) 4373M->2979M(6144M), 0.2562683 secs]
2021-06-28T09:16:44.994+0800: 262177.564: [GC pause (G1 Humongous Allocation) (young) (initial-mark) 3063M->2980M(6144M), 0.0495713 secs]
2021-06-28T09:16:45.044+0800: 262177.614: [GC concurrent-root-region-scan-start]
2021-06-28T09:16:45.064+0800: 262177.634: [GC concurrent-root-region-scan-end, 0.0206092 secs]
2021-06-28T09:16:45.064+0800: 262177.634: [GC concurrent-mark-start]
2021-06-28T09:16:46.352+0800: 262178.922: [GC concurrent-mark-end, 1.2871940 secs]
2021-06-28T09:16:46.354+0800: 262178.924: [GC remark, 0.0828163 secs]
2021-06-28T09:16:46.439+0800: 262179.009: [GC cleanup 3019M->1202M(6144M), 0.0135412 secs]
2021-06-28T09:16:46.453+0800: 262179.022: [GC concurrent-cleanup-start]
2021-06-28T09:16:46.456+0800: 262179.025: [GC concurrent-cleanup-end, 0.0028902 secs]
2021-06-28T09:17:16.327+0800: 262208.897: [GC pause (G1 Evacuation Pause) (young) 3581M->1161M(6144M), 0.0261446 secs]
2021-06-28T09:17:18.941+0800: 262211.510: [GC pause (G1 Evacuation Pause) (mixed) 1451M->977M(6144M), 0.0835828 secs]
2021-06-28T09:17:59.047+0800: 262251.617: [GC pause (G1 Evacuation Pause) (young) 4659M->1023M(6144M), 0.0726291 secs]
2021-06-28T09:18:23.868+0800: 262276.438: [GC pause (G1 Evacuation Pause) (young) 4644M->1091M(6144M), 0.1116746 secs]
2021-06-28T09:18:49.129+0800: 262301.699: [GC pause (G1 Evacuation Pause) (young) 4641M->1213M(6144M), 0.1562615 secs]
2021-06-28T09:18:56.578+0800: 262309.148: [GC pause (G1 Evacuation Pause) (young) 2397M->1037M(6144M), 0.0607714 secs]
2021-06-28T09:19:29.173+0800: 262341.743: [GC pause (G1 Evacuation Pause) (young) 4724M->1044M(6144M), 0.0658650 secs]
2021-06-28T09:19:52.193+0800: 262364.763: [GC pause (G1 Evacuation Pause) (young) 4738M->1116M(6144M), 0.0927577 secs]
2021-06-28T09:20:03.688+0800: 262376.258: [GC pause (G1 Evacuation Pause) (young) 3192M->1052M(6144M), 0.0268359 secs]
2021-06-28T09:20:35.909+0800: 262408.479: [GC pause (G1 Evacuation Pause) (young) 4747M->1057M(6144M), 0.0387241 secs]
2021-06-28T09:21:06.512+0800: 262439.082: [GC pause (G1 Evacuation Pause) (young) 4743M->1058M(6144M), 0.0381365 secs]
2021-06-28T09:21:11.162+0800: 262443.732: [GC pause (G1 Evacuation Pause) (young) 1334M->1053M(6144M), 0.0259243 secs]
2021-06-28T09:21:13.623+0800: 262446.193: [GC pause (G1 Evacuation Pause) (young) 1342M->1061M(6144M), 0.0291745 secs]
2021-06-28T09:21:15.665+0800: 262448.235: [GC pause (G1 Evacuation Pause) (young) 1485M->1055M(6144M), 0.0219288 secs]
2021-06-28T09:21:35.534+0800: 262468.104: [GC pause (G1 Evacuation Pause) (young) 3396M->1059M(6144M), 0.0264746 secs]
2021-06-28T09:22:13.034+0800: 262505.603: [GC pause (G1 Evacuation Pause) (young) 4914M->1113M(6144M), 0.0699405 secs]
2021-06-28T09:22:52.554+0800: 262545.124: [GC pause (G1 Evacuation Pause) (young) 4766M->1065M(6144M), 0.0409554 secs]
2021-06-28T09:23:22.251+0800: 262574.821: [GC pause (G1 Evacuation Pause) (young) 4777M->1068M(6144M), 0.0465398 secs]
2021-06-28T09:23:53.318+0800: 262605.888: [GC pause (G1 Evacuation Pause) (young) 4735M->1072M(6144M), 0.0414890 secs]
2021-06-28T09:24:17.523+0800: 262630.093: [GC pause (G1 Evacuation Pause) (young) 4741M->1081M(6144M), 0.0459192 secs]
2021-06-28T09:24:42.922+0800: 262655.492: [GC pause (G1 Evacuation Pause) (young) 4745M->1077M(6144M), 0.0459848 secs]
2021-06-28T09:25:12.917+0800: 262685.487: [GC pause (G1 Evacuation Pause) (young) 4746M->1082M(6144M), 0.0483048 secs]
2021-06-28T09:25:40.060+0800: 262712.630: [GC pause (G1 Evacuation Pause) (young) 4755M->1080M(6144M), 0.0502712 secs]
2021-06-28T09:26:06.679+0800: 262739.249: [GC pause (G1 Evacuation Pause) (young) 4726M->1566M(6144M), 0.3298844 secs]
2021-06-28T09:26:07.567+0800: 262740.137: [GC pause (G1 Evacuation Pause) (young) 1902M->1710M(6144M), 0.3637013 secs]
2021-06-28T09:26:08.322+0800: 262740.891: [GC pause (G1 Evacuation Pause) (young) 1916M->1802M(6144M), 0.1468847 secs]
2021-06-28T09:26:09.007+0800: 262741.577: [GC pause (G1 Evacuation Pause) (young) 2133M->1948M(6144M), 0.1436574 secs]
2021-06-28T09:26:09.543+0800: 262742.113: [GC pause (G1 Evacuation Pause) (young) 2246M->2057M(6144M), 0.1260341 secs]
2021-06-28T09:26:10.313+0800: 262742.883: [GC pause (G1 Evacuation Pause) (young) 2437M->2196M(6144M), 0.1377356 secs]
2021-06-28T09:26:12.215+0800: 262744.785: [GC pause (G1 Evacuation Pause) (young) 2585M->2212M(6144M), 0.0744417 secs]
2021-06-28T09:26:16.629+0800: 262749.199: [GC pause (G1 Evacuation Pause) (young) 2982M->2255M(6144M), 0.0541480 secs]
2021-06-28T09:26:18.171+0800: 262750.740: [GC pause (G1 Evacuation Pause) (young) 2506M->2218M(6144M), 0.0183422 secs]
2021-06-28T09:26:23.700+0800: 262756.270: [GC pause (G1 Evacuation Pause) (young) 2943M->2222M(6144M), 0.0230310 secs]
2021-06-28T09:26:31.532+0800: 262764.102: [GC pause (G1 Evacuation Pause) (young) 3425M->2247M(6144M), 0.0359070 secs]
2021-06-28T09:26:47.533+0800: 262780.103: [GC pause (G1 Evacuation Pause) (young) 4154M->2227M(6144M), 0.0230388 secs]
2021-06-28T09:27:03.821+0800: 262796.391: [GC pause (G1 Evacuation Pause) (young) 4273M->2235M(6144M), 0.0275774 secs]
2021-06-28T09:27:26.259+0800: 262818.829: [GC pause (G1 Evacuation Pause) (young) 5393M->2247M(6144M), 0.0455778 secs]
2021-06-28T09:27:56.422+0800: 262848.992: [GC pause (G1 Evacuation Pause) (young) 5401M->2300M(6144M), 0.0680049 secs]
2021-06-28T09:28:21.571+0800: 262874.141: [GC pause (G1 Evacuation Pause) (young) 5423M->2306M(6144M), 0.0717459 secs]
2021-06-28T09:28:45.294+0800: 262897.864: [GC pause (G1 Evacuation Pause) (young) 5427M->2305M(6144M), 0.0692871 secs]
2021-06-28T09:29:12.348+0800: 262924.918: [GC pause (G1 Evacuation Pause) (young) 5516M->2357M(6144M), 0.0784167 secs]
2021-06-28T09:29:36.354+0800: 262948.924: [GC pause (G1 Evacuation Pause) (young) 5584M->2311M(6144M), 0.0767831 secs]
2021-06-28T09:29:58.884+0800: 262971.454: [GC pause (G1 Evacuation Pause) (young) 5427M->2317M(6144M), 0.0723022 secs]
2021-06-28T09:30:20.637+0800: 262993.207: [GC pause (G1 Evacuation Pause) (young) 5460M->2336M(6144M), 0.0912338 secs]
2021-06-28T09:30:48.615+0800: 263021.185: [GC pause (G1 Evacuation Pause) (young) 5494M->2322M(6144M), 0.0861044 secs]
2021-06-28T09:30:50.151+0800: 263022.720: [GC pause (G1 Evacuation Pause) (young) 2518M->2320M(6144M), 0.0883972 secs]
2021-06-28T09:31:17.114+0800: 263049.683: [GC pause (G1 Evacuation Pause) (young) 5534M->2387M(6144M), 0.1092753 secs]
2021-06-28T09:31:18.863+0800: 263051.433: [GC pause (G1 Evacuation Pause) (young) 2617M->2392M(6144M), 0.0556994 secs]
2021-06-28T09:31:47.334+0800: 263079.904: [GC pause (G1 Evacuation Pause) (young) 4794M->2392M(6144M), 0.0504422 secs]
2021-06-28T09:32:14.875+0800: 263107.445: [GC pause (G1 Evacuation Pause) (young) 5475M->2400M(6144M), 0.0286890 secs]
2021-06-28T09:32:34.946+0800: 263127.516: [GC pause (G1 Evacuation Pause) (young) 5514M->2440M(6144M), 0.0585937 secs]
2021-06-28T09:33:10.784+0800: 263163.354: [GC pause (G1 Evacuation Pause) (young) 5636M->2448M(6144M), 0.0653184 secs]
2021-06-28T09:33:37.101+0800: 263189.671: [GC pause (G1 Evacuation Pause) (young) 5457M->2451M(6144M), 0.0598964 secs]
2021-06-28T09:34:04.031+0800: 263216.601: [GC pause (G1 Evacuation Pause) (young) 5472M->2445M(6144M), 0.0564629 secs]
2021-06-28T09:34:30.852+0800: 263243.422: [GC pause (G1 Evacuation Pause) (young) 5481M->2449M(6144M), 0.0651110 secs]
2021-06-28T09:35:05.794+0800: 263278.364: [GC pause (G1 Evacuation Pause) (young) 5471M->2453M(6144M), 0.0607073 secs]
2021-06-28T09:35:26.576+0800: 263299.145: [GC pause (G1 Evacuation Pause) (young) 5641M->2453M(6144M), 0.0714366 secs]
2021-06-28T09:35:50.561+0800: 263323.131: [GC pause (G1 Evacuation Pause) (young) 5449M->2457M(6144M), 0.0604544 secs]
2021-06-28T09:36:17.322+0800: 263349.892: [GC pause (G1 Evacuation Pause) (young) 5469M->2460M(6144M), 0.0678869 secs]
2021-06-28T09:36:51.454+0800: 263384.024: [GC pause (G1 Evacuation Pause) (young) 5460M->2463M(6144M), 0.0725107 secs]
2021-06-28T09:37:23.976+0800: 263416.546: [GC pause (G1 Evacuation Pause) (young) 5463M->2464M(6144M), 0.0712206 secs]
2021-06-28T09:37:52.059+0800: 263444.629: [GC pause (G1 Evacuation Pause) (young) 5438M->2475M(6144M), 0.0754416 secs]
2021-06-28T09:38:15.502+0800: 263468.072: [GC pause (G1 Evacuation Pause) (young) 5448M->2470M(6144M), 0.0742293 secs]
2021-06-28T09:38:40.743+0800: 263493.313: [GC pause (G1 Evacuation Pause) (young) 5433M->2492M(6144M), 0.0861803 secs]
2021-06-28T09:39:12.401+0800: 263524.971: [GC pause (G1 Evacuation Pause) (young) 5418M->2476M(6144M), 0.0766507 secs]
2021-06-28T09:39:39.790+0800: 263552.360: [GC pause (G1 Evacuation Pause) (young) 5444M->2497M(6144M), 0.0747374 secs]
2021-06-28T09:40:05.155+0800: 263577.725: [GC pause (G1 Evacuation Pause) (young) 5473M->2507M(6144M), 0.0702210 secs]
2021-06-28T09:40:32.612+0800: 263605.181: [GC pause (G1 Evacuation Pause) (young) 5482M->2505M(6144M), 0.0544807 secs]
2021-06-28T09:41:10.590+0800: 263643.160: [GC pause (G1 Evacuation Pause) (young) 5478M->2512M(6144M), 0.0563246 secs]
2021-06-28T09:41:46.258+0800: 263678.828: [GC pause (G1 Evacuation Pause) (young) 5477M->2510M(6144M), 0.0518809 secs]
2021-06-28T09:42:16.947+0800: 263709.516: [GC pause (G1 Evacuation Pause) (young) 5485M->2517M(6144M), 0.0529618 secs]
2021-06-28T09:42:45.052+0800: 263737.622: [GC pause (G1 Evacuation Pause) (young) 5491M->2513M(6144M), 0.0523169 secs]
2021-06-28T09:43:19.935+0800: 263772.505: [GC pause (G1 Evacuation Pause) (young) 5476M->2516M(6144M), 0.0502421 secs]
2021-06-28T09:43:53.549+0800: 263806.118: [GC pause (G1 Evacuation Pause) (young) 5486M->2515M(6144M), 0.0509269 secs]
2021-06-28T09:44:31.181+0800: 263843.751: [GC pause (G1 Evacuation Pause) (young) 5479M->2524M(6144M), 0.0508797 secs]
2021-06-28T09:44:54.872+0800: 263867.442: [GC pause (G1 Evacuation Pause) (young) 5480M->2525M(6144M), 0.0502363 secs]
2021-06-28T09:45:19.148+0800: 263891.718: [GC pause (G1 Evacuation Pause) (young) 5495M->2528M(6144M), 0.0534467 secs]
2021-06-28T09:45:47.207+0800: 263919.777: [GC pause (G1 Evacuation Pause) (young) 5513M->2537M(6144M), 0.0552029 secs]
2021-06-28T09:46:12.650+0800: 263945.220: [GC pause (G1 Evacuation Pause) (young) 5485M->2533M(6144M), 0.0480065 secs]
2021-06-28T09:46:43.598+0800: 263976.168: [GC pause (G1 Evacuation Pause) (young) 5501M->2541M(6144M), 0.0527633 secs]
2021-06-28T09:47:13.781+0800: 264006.351: [GC pause (G1 Evacuation Pause) (young) 5475M->2558M(6144M), 0.0662749 secs]
2021-06-28T09:47:44.430+0800: 264037.000: [GC pause (G1 Evacuation Pause) (young) 5470M->2551M(6144M), 0.0602048 secs]
2021-06-28T09:48:21.505+0800: 264074.075: [GC pause (G1 Evacuation Pause) (young) 5475M->2552M(6144M), 0.0574172 secs]
2021-06-28T09:49:00.070+0800: 264112.640: [GC pause (G1 Evacuation Pause) (young) 5474M->2554M(6144M), 0.0521896 secs]
2021-06-28T09:49:19.973+0800: 264132.543: [GC pause (G1 Evacuation Pause) (young) 5476M->2555M(6144M), 0.0511327 secs]
2021-06-28T09:49:51.577+0800: 264164.147: [GC pause (G1 Evacuation Pause) (young) 5478M->2562M(6144M), 0.0548411 secs]
2021-06-28T09:50:16.321+0800: 264188.891: [GC pause (G1 Evacuation Pause) (young) 5482M->2563M(6144M), 0.0572583 secs]
2021-06-28T09:50:43.014+0800: 264215.584: [GC pause (G1 Evacuation Pause) (young) 5472M->2565M(6144M), 0.0548535 secs]
2021-06-28T09:51:08.975+0800: 264241.545: [GC pause (G1 Evacuation Pause) (young) 5481M->2567M(6144M), 0.0554122 secs]
2021-06-28T09:51:39.852+0800: 264272.422: [GC pause (G1 Evacuation Pause) (young) 5486M->2567M(6144M), 0.0563519 secs]
2021-06-28T09:52:04.789+0800: 264297.359: [GC pause (G1 Evacuation Pause) (young) 5479M->2572M(6144M), 0.0544274 secs]
2021-06-28T09:52:28.987+0800: 264321.557: [GC pause (G1 Evacuation Pause) (young) 5500M->2586M(6144M), 0.0609128 secs]
2021-06-28T09:52:50.668+0800: 264343.238: [GC pause (G1 Evacuation Pause) (young) 5464M->2577M(6144M), 0.0520894 secs]
2021-06-28T09:53:14.658+0800: 264367.228: [GC pause (G1 Evacuation Pause) (young) 5489M->2581M(6144M), 0.0555524 secs]
2021-06-28T09:53:48.315+0800: 264400.885: [GC pause (G1 Evacuation Pause) (young) 5480M->2585M(6144M), 0.0587829 secs]
2021-06-28T09:54:19.959+0800: 264432.528: [GC pause (G1 Evacuation Pause) (young) 5470M->2588M(6144M), 0.0636818 secs]
2021-06-28T09:54:42.210+0800: 264454.780: [GC pause (G1 Evacuation Pause) (young) 5496M->2626M(6144M), 0.0767639 secs]
2021-06-28T09:55:12.578+0800: 264485.148: [GC pause (G1 Evacuation Pause) (young) 5456M->2608M(6144M), 0.0655240 secs]
2021-06-28T09:55:40.486+0800: 264513.056: [GC pause (G1 Evacuation Pause) (young) 5461M->2603M(6144M), 0.0562449 secs]
2021-06-28T09:56:06.132+0800: 264538.702: [GC pause (G1 Evacuation Pause) (young) 5492M->2607M(6144M), 0.0607337 secs]
2021-06-28T09:56:35.782+0800: 264568.352: [GC pause (G1 Evacuation Pause) (young) 5484M->2609M(6144M), 0.0676310 secs]
2021-06-28T09:57:03.467+0800: 264596.037: [GC pause (G1 Evacuation Pause) (young) 5490M->2609M(6144M), 0.0562693 secs]
2021-06-28T09:57:34.852+0800: 264627.422: [GC pause (G1 Evacuation Pause) (young) 5471M->2616M(6144M), 0.0642614 secs]
2021-06-28T09:58:01.455+0800: 264654.025: [GC pause (G1 Evacuation Pause) (young) 5475M->2624M(6144M), 0.0669736 secs]
2021-06-28T09:58:34.265+0800: 264686.835: [GC pause (G1 Evacuation Pause) (young) 5462M->2616M(6144M), 0.0512876 secs]
2021-06-28T09:59:01.554+0800: 264714.123: [GC pause (G1 Evacuation Pause) (young) 5488M->2669M(6144M), 0.0849472 secs]
2021-06-28T09:59:22.194+0800: 264734.764: [GC pause (G1 Evacuation Pause) (young) 5423M->2634M(6144M), 0.0588706 secs]
2021-06-28T09:59:44.970+0800: 264757.539: [GC pause (G1 Evacuation Pause) (young) 5491M->2631M(6144M), 0.0617759 secs]
2021-06-28T10:00:01.779+0800: 264774.349: [GC pause (G1 Evacuation Pause) (young) 5467M->2631M(6144M), 0.0566466 secs]
2021-06-28T10:00:27.494+0800: 264800.063: [GC pause (G1 Evacuation Pause) (young) 5494M->2633M(6144M), 0.0612235 secs]
2021-06-28T10:00:50.632+0800: 264823.202: [GC pause (G1 Evacuation Pause) (young) 5490M->2636M(6144M), 0.0578532 secs]
2021-06-28T10:01:22.737+0800: 264855.306: [GC pause (G1 Evacuation Pause) (young) 5489M->2640M(6144M), 0.0548893 secs]
2021-06-28T10:01:40.185+0800: 264872.755: [GC pause (G1 Humongous Allocation) (young) (initial-mark) 4613M->2802M(6144M), 0.0599568 secs]
2021-06-28T10:01:40.245+0800: 264872.815: [GC concurrent-root-region-scan-start]
2021-06-28T10:01:40.301+0800: 264872.871: [GC concurrent-root-region-scan-end, 0.0559052 secs]
2021-06-28T10:01:40.301+0800: 264872.871: [GC concurrent-mark-start]
2021-06-28T10:01:41.671+0800: 264874.241: [GC concurrent-mark-end, 1.3702081 secs]
2021-06-28T10:01:41.673+0800: 264874.243: [GC remark, 0.0970580 secs]
2021-06-28T10:01:41.773+0800: 264874.343: [GC cleanup 3016M->1711M(6144M), 0.0173505 secs]
2021-06-28T10:01:41.791+0800: 264874.360: [GC concurrent-cleanup-start]
2021-06-28T10:01:41.793+0800: 264874.363: [GC concurrent-cleanup-end, 0.0021924 secs]
2021-06-28T10:02:03.330+0800: 264895.900: [GC pause (G1 Evacuation Pause) (young) 4190M->1334M(6144M), 0.0559685 secs]
2021-06-28T10:02:04.470+0800: 264897.040: [GC pause (G1 Evacuation Pause) (mixed) 1596M->994M(6144M), 0.1329967 secs]
2021-06-28T10:02:39.137+0800: 264931.707: [GC pause (G1 Evacuation Pause) (young) 4665M->998M(6144M), 0.0588944 secs]
2021-06-28T10:03:17.763+0800: 264970.332: [GC pause (G1 Evacuation Pause) (young) 4675M->1002M(6144M), 0.0361134 secs]
2021-06-28T10:03:49.695+0800: 265002.265: [GC pause (G1 Evacuation Pause) (young) 4671M->1012M(6144M), 0.0398327 secs]
2021-06-28T10:04:20.806+0800: 265033.376: [GC pause (G1 Evacuation Pause) (young) 4670M->1035M(6144M), 0.0545529 secs]
2021-06-28T10:04:50.044+0800: 265062.614: [GC pause (G1 Evacuation Pause) (young) 4663M->1042M(6144M), 0.0546025 secs]
2021-06-28T10:05:24.279+0800: 265096.848: [GC pause (G1 Evacuation Pause) (young) 4678M->1040M(6144M), 0.0581674 secs]
2021-06-28T10:05:58.402+0800: 265130.972: [GC pause (G1 Evacuation Pause) (young) 4675M->1042M(6144M), 0.0586391 secs]
2021-06-28T10:06:36.039+0800: 265168.609: [GC pause (G1 Evacuation Pause) (young) 4662M->1047M(6144M), 0.0589651 secs]
2021-06-28T10:07:08.491+0800: 265201.061: [GC pause (G1 Evacuation Pause) (young) 4670M->1052M(6144M), 0.0659560 secs]
2021-06-28T10:07:38.547+0800: 265231.117: [GC pause (G1 Evacuation Pause) (young) 4661M->1059M(6144M), 0.0691966 secs]
2021-06-28T10:08:09.871+0800: 265262.441: [GC pause (G1 Evacuation Pause) (young) 4677M->1061M(6144M), 0.0732423 secs]
2021-06-28T10:08:42.096+0800: 265294.666: [GC pause (G1 Evacuation Pause) (young) 4832M->1059M(6144M), 0.0898133 secs]
2021-06-28T10:09:24.754+0800: 265337.324: [GC pause (G1 Evacuation Pause) (young) 4677M->1060M(6144M), 0.0838538 secs]
2021-06-28T10:09:57.444+0800: 265370.014: [GC pause (G1 Evacuation Pause) (young) 4675M->1061M(6144M), 0.0771895 secs]
2021-06-28T10:10:37.430+0800: 265410.000: [GC pause (G1 Evacuation Pause) (young) 4668M->1074M(6144M), 0.0804312 secs]
2021-06-28T10:11:20.263+0800: 265452.833: [GC pause (G1 Evacuation Pause) (young) 4672M->1076M(6144M), 0.0769026 secs]
2021-06-28T10:11:52.794+0800: 265485.363: [GC pause (G1 Evacuation Pause) (young) 4683M->1074M(6144M), 0.0754276 secs]
2021-06-28T10:12:31.776+0800: 265524.346: [GC pause (G1 Evacuation Pause) (young) 4685M->1080M(6144M), 0.0804084 secs]
2021-06-28T10:13:07.254+0800: 265559.824: [GC pause (G1 Evacuation Pause) (young) 4715M->1090M(6144M), 0.0784968 secs]
2021-06-28T10:13:35.249+0800: 265587.819: [GC pause (G1 Evacuation Pause) (young) 4736M->1207M(6144M), 0.1444476 secs]
2021-06-28T10:14:03.230+0800: 265615.800: [GC pause (G1 Evacuation Pause) (young) 4730M->1099M(6144M), 0.0661679 secs]
2021-06-28T10:14:37.997+0800: 265650.567: [GC pause (G1 Evacuation Pause) (young) 4740M->1102M(6144M), 0.0606600 secs]
2021-06-28T10:15:07.210+0800: 265679.780: [GC pause (G1 Evacuation Pause) (young) 4761M->1101M(6144M), 0.0634705 secs]
2021-06-28T10:15:40.907+0800: 265713.477: [GC pause (G1 Evacuation Pause) (young) 4790M->1109M(6144M), 0.0625593 secs]
2021-06-28T10:15:43.539+0800: 265716.109: [GC pause (G1 Evacuation Pause) (young) 1363M->1108M(6144M), 0.0529042 secs]
2021-06-28T10:15:48.542+0800: 265721.112: [GC pause (G1 Evacuation Pause) (young) 1618M->1112M(6144M), 0.0518111 secs]
2021-06-28T10:15:49.394+0800: 265721.964: [GC pause (G1 Evacuation Pause) (young) 1396M->1121M(6144M), 0.0302568 secs]
2021-06-28T10:15:52.586+0800: 265725.156: [GC pause (G1 Evacuation Pause) (young) 1415M->1114M(6144M), 0.0262274 secs]
2021-06-28T10:15:55.157+0800: 265727.727: [GC pause (G1 Evacuation Pause) (young) 1679M->1122M(6144M), 0.0324858 secs]
2021-06-28T10:16:01.353+0800: 265733.923: [GC pause (G1 Evacuation Pause) (young) 1917M->1123M(6144M), 0.0299254 secs]
2021-06-28T10:16:31.947+0800: 265764.517: [GC pause (G1 Evacuation Pause) (young) 4809M->1171M(6144M), 0.0579558 secs]
2021-06-28T10:16:43.715+0800: 265776.285: [GC pause (G1 Evacuation Pause) (young) 2337M->1168M(6144M), 0.0530666 secs]
2021-06-28T10:16:54.472+0800: 265787.042: [GC pause (G1 Evacuation Pause) (young) 2332M->1168M(6144M), 0.0518335 secs]
2021-06-28T10:17:12.523+0800: 265805.093: [GC pause (G1 Evacuation Pause) (young) 2653M->1168M(6144M), 0.0543380 secs]
2021-06-28T10:17:40.111+0800: 265832.681: [GC pause (G1 Evacuation Pause) (young) 4800M->1177M(6144M), 0.0649460 secs]
2021-06-28T10:18:06.325+0800: 265858.894: [GC pause (G1 Evacuation Pause) (young) 4806M->1178M(6144M), 0.0662901 secs]
2021-06-28T10:18:40.633+0800: 265893.203: [GC pause (G1 Evacuation Pause) (young) 4800M->1186M(6144M), 0.0673573 secs]
2021-06-28T10:19:13.481+0800: 265926.051: [GC pause (G1 Evacuation Pause) (young) 4797M->1189M(6144M), 0.0646837 secs]
2021-06-28T10:19:51.021+0800: 265963.591: [GC pause (G1 Evacuation Pause) (young) 4798M->1189M(6144M), 0.0755567 secs]
2021-06-28T10:20:32.514+0800: 266005.084: [GC pause (G1 Evacuation Pause) (young) 4798M->1189M(6144M), 0.0675283 secs]
2021-06-28T10:21:07.073+0800: 266039.643: [GC pause (G1 Evacuation Pause) (young) 4796M->1194M(6144M), 0.0687539 secs]
2021-06-28T10:21:47.157+0800: 266079.727: [GC pause (G1 Evacuation Pause) (young) 4800M->1200M(6144M), 0.0730540 secs]
2021-06-28T10:22:11.822+0800: 266104.392: [GC pause (G1 Evacuation Pause) (young) 4807M->1196M(6144M), 0.0713804 secs]
2021-06-28T10:22:44.397+0800: 266136.966: [GC pause (G1 Evacuation Pause) (young) 4869M->1212M(6144M), 0.0810697 secs]
2021-06-28T10:23:32.977+0800: 266185.547: [GC pause (G1 Evacuation Pause) (young) 4813M->1200M(6144M), 0.0732480 secs]
2021-06-28T10:24:05.672+0800: 266218.241: [GC pause (G1 Evacuation Pause) (young) 4809M->1210M(6144M), 0.0814551 secs]
2021-06-28T10:24:40.616+0800: 266253.185: [GC pause (G1 Evacuation Pause) (young) 4846M->1216M(6144M), 0.0738141 secs]
2021-06-28T10:25:15.561+0800: 266288.130: [GC pause (G1 Evacuation Pause) (young) 4878M->1216M(6144M), 0.0610107 secs]
2021-06-28T10:25:55.519+0800: 266328.089: [GC pause (G1 Evacuation Pause) (young) 4867M->1221M(6144M), 0.0682749 secs]
2021-06-28T10:26:32.461+0800: 266365.031: [GC pause (G1 Evacuation Pause) (young) 4849M->1231M(6144M), 0.0712530 secs]
2021-06-28T10:27:03.376+0800: 266395.946: [GC pause (G1 Evacuation Pause) (young) 4872M->1238M(6144M), 0.0694130 secs]
2021-06-28T10:27:41.812+0800: 266434.382: [GC pause (G1 Evacuation Pause) (young) 4871M->1235M(6144M), 0.0641630 secs]
2021-06-28T10:28:09.707+0800: 266462.277: [GC pause (G1 Evacuation Pause) (young) 4891M->1242M(6144M), 0.0611708 secs]
2021-06-28T10:28:39.332+0800: 266491.902: [GC pause (G1 Evacuation Pause) (young) 4885M->1273M(6144M), 0.0762651 secs]
2021-06-28T10:29:19.946+0800: 266532.516: [GC pause (G1 Evacuation Pause) (young) 4867M->1250M(6144M), 0.0609684 secs]
2021-06-28T10:29:52.154+0800: 266564.724: [GC pause (G1 Evacuation Pause) (young) 4885M->1257M(6144M), 0.0659593 secs]
2021-06-28T10:30:24.172+0800: 266596.741: [GC pause (G1 Evacuation Pause) (young) 4875M->1254M(6144M), 0.0707437 secs]
2021-06-28T10:30:53.805+0800: 266626.375: [GC pause (G1 Evacuation Pause) (young) 4879M->1264M(6144M), 0.0752494 secs]
2021-06-28T10:31:30.418+0800: 266662.988: [GC pause (G1 Evacuation Pause) (young) 4886M->1263M(6144M), 0.0748396 secs]
2021-06-28T10:32:00.737+0800: 266693.306: [GC pause (G1 Evacuation Pause) (young) 4899M->1266M(6144M), 0.0756908 secs]
2021-06-28T10:32:36.096+0800: 266728.666: [GC pause (G1 Evacuation Pause) (young) 4916M->1274M(6144M), 0.0801623 secs]
2021-06-28T10:33:32.689+0800: 266785.259: [GC pause (G1 Evacuation Pause) (young) 4894M->1274M(6144M), 0.0716891 secs]
2021-06-28T10:34:01.325+0800: 266813.895: [GC pause (G1 Evacuation Pause) (young) 4925M->1279M(6144M), 0.0677201 secs]
2021-06-28T10:34:34.501+0800: 266847.071: [GC pause (G1 Evacuation Pause) (young) 4910M->1287M(6144M), 0.0709941 secs]
2021-06-28T10:35:13.008+0800: 266885.578: [GC pause (G1 Evacuation Pause) (young) 4916M->1288M(6144M), 0.0615667 secs]
2021-06-28T10:35:48.838+0800: 266921.408: [GC pause (G1 Evacuation Pause) (young) 4922M->1316M(6144M), 0.0744502 secs]
2021-06-28T10:36:21.124+0800: 266953.694: [GC pause (G1 Evacuation Pause) (young) 4929M->1292M(6144M), 0.0597077 secs]
2021-06-28T10:36:39.619+0800: 266972.189: [GC pause (G1 Evacuation Pause) (young) 4941M->1656M(6144M), 0.2393859 secs]
2021-06-28T10:36:51.299+0800: 266983.869: [GC pause (G1 Evacuation Pause) (young) 4193M->1301M(6144M), 0.0522910 secs]
2021-06-28T10:37:20.342+0800: 267012.911: [GC pause (G1 Evacuation Pause) (young) 4984M->1309M(6144M), 0.0490980 secs]
2021-06-28T10:37:55.602+0800: 267048.172: [GC pause (G1 Evacuation Pause) (young) 4995M->1312M(6144M), 0.0305130 secs]
2021-06-28T10:38:03.996+0800: 267056.566: [GC pause (G1 Evacuation Pause) (young) 1968M->1321M(6144M), 0.0271868 secs]
2021-06-28T10:38:15.993+0800: 267068.563: [GC pause (G1 Evacuation Pause) (young) 4318M->1326M(6144M), 0.0343846 secs]
2021-06-28T10:38:39.666+0800: 267092.236: [GC pause (G1 Evacuation Pause) (young) 4981M->1322M(6144M), 0.0343232 secs]
2021-06-28T10:39:08.034+0800: 267120.604: [GC pause (G1 Evacuation Pause) (young) 5010M->1330M(6144M), 0.0444124 secs]
2021-06-28T10:39:35.838+0800: 267148.407: [GC pause (G1 Evacuation Pause) (young) 4806M->1328M(6144M), 0.0389234 secs]
2021-06-28T10:40:01.738+0800: 267174.308: [GC pause (G1 Evacuation Pause) (young) 4987M->1331M(6144M), 0.0410880 secs]
2021-06-28T10:40:34.113+0800: 267206.683: [GC pause (G1 Evacuation Pause) (young) 4983M->1412M(6144M), 0.0899594 secs]
2021-06-28T10:41:07.520+0800: 267240.090: [GC pause (G1 Evacuation Pause) (young) 5002M->1415M(6144M), 0.0889273 secs]
2021-06-28T10:41:40.435+0800: 267273.004: [GC pause (G1 Evacuation Pause) (young) 4981M->1411M(6144M), 0.0853370 secs]
2021-06-28T10:42:12.308+0800: 267304.878: [GC pause (G1 Evacuation Pause) (young) 4996M->1430M(6144M), 0.0967836 secs]
2021-06-28T10:42:40.434+0800: 267333.004: [GC pause (G1 Evacuation Pause) (young) 4996M->1415M(6144M), 0.1045978 secs]
2021-06-28T10:43:18.019+0800: 267370.589: [GC pause (G1 Evacuation Pause) (young) 4994M->1419M(6144M), 0.1020318 secs]
2021-06-28T10:43:49.700+0800: 267402.270: [GC pause (G1 Evacuation Pause) (young) 4992M->1418M(6144M), 0.0910986 secs]
2021-06-28T10:44:17.500+0800: 267430.070: [GC pause (G1 Evacuation Pause) (young) 4982M->1427M(6144M), 0.0953916 secs]
2021-06-28T10:44:37.942+0800: 267450.512: [GC pause (G1 Evacuation Pause) (young) 5009M->1428M(6144M), 0.0938971 secs]
2021-06-28T10:45:21.779+0800: 267494.349: [GC pause (G1 Evacuation Pause) (young) 4992M->1431M(6144M), 0.0917569 secs]
2021-06-28T10:45:59.511+0800: 267532.081: [GC pause (G1 Evacuation Pause) (young) 5000M->1436M(6144M), 0.0953939 secs]
2021-06-28T10:46:39.681+0800: 267572.251: [GC pause (G1 Evacuation Pause) (young) 5012M->1443M(6144M), 0.1003686 secs]
2021-06-28T10:47:19.205+0800: 267611.775: [GC pause (G1 Evacuation Pause) (young) 5002M->1444M(6144M), 0.0950199 secs]
2021-06-28T10:47:51.762+0800: 267644.332: [GC pause (G1 Evacuation Pause) (young) 5005M->1445M(6144M), 0.0944103 secs]
2021-06-28T10:48:33.249+0800: 267685.819: [GC pause (G1 Evacuation Pause) (young) 5007M->1478M(6144M), 0.1252017 secs]
2021-06-28T10:49:08.734+0800: 267721.304: [GC pause (G1 Evacuation Pause) (young) 5011M->1482M(6144M), 0.1131415 secs]
2021-06-28T10:49:39.633+0800: 267752.203: [GC pause (G1 Evacuation Pause) (young) 5101M->1456M(6144M), 0.0714162 secs]
2021-06-28T10:50:20.235+0800: 267792.805: [GC pause (G1 Evacuation Pause) (young) 5096M->1475M(6144M), 0.0701317 secs]
2021-06-28T10:51:04.461+0800: 267837.031: [GC pause (G1 Evacuation Pause) (young) 5109M->1486M(6144M), 0.0750980 secs]
2021-06-28T10:51:40.364+0800: 267872.934: [GC pause (G1 Evacuation Pause) (young) 5104M->1490M(6144M), 0.0740927 secs]
2021-06-28T10:52:18.634+0800: 267911.203: [GC pause (G1 Evacuation Pause) (young) 5128M->1493M(6144M), 0.0783294 secs]
2021-06-28T10:52:56.750+0800: 267949.320: [GC pause (G1 Evacuation Pause) (young) 5111M->1498M(6144M), 0.0750627 secs]
2021-06-28T10:53:29.772+0800: 267982.342: [GC pause (G1 Evacuation Pause) (young) 5124M->1504M(6144M), 0.0766970 secs]
2021-06-28T10:53:46.419+0800: 267998.989: [GC pause (G1 Evacuation Pause) (young) 5125M->2057M(6144M), 0.3772646 secs]
2021-06-28T10:53:47.403+0800: 267999.972: [GC pause (G1 Evacuation Pause) (young) 2553M->2220M(6144M), 0.4166424 secs]
2021-06-28T10:53:48.609+0800: 268001.179: [GC pause (G1 Evacuation Pause) (young) 2759M->2393M(6144M), 0.1555430 secs]
2021-06-28T10:53:49.483+0800: 268002.053: [GC pause (G1 Evacuation Pause) (young) 2871M->2560M(6144M), 0.1634827 secs]
2021-06-28T10:53:53.725+0800: 268006.295: [GC pause (G1 Evacuation Pause) (young) 3084M->2587M(6144M), 0.0835711 secs]
2021-06-28T10:54:03.925+0800: 268016.495: [GC pause (G1 Evacuation Pause) (young) 3400M->2589M(6144M), 0.0556005 secs]
2021-06-28T10:54:14.820+0800: 268027.390: [GC pause (G1 Evacuation Pause) (young) 3480M->2597M(6144M), 0.0341471 secs]
2021-06-28T10:54:21.808+0800: 268034.377: [GC pause (G1 Evacuation Pause) (young) 3790M->2599M(6144M), 0.0380496 secs]
2021-06-28T10:54:32.023+0800: 268044.592: [GC pause (G1 Evacuation Pause) (young) 3924M->2599M(6144M), 0.0394457 secs]
2021-06-28T10:54:44.717+0800: 268057.287: [GC pause (G1 Evacuation Pause) (young) 4176M->2599M(6144M), 0.0399275 secs]
2021-06-28T10:55:05.695+0800: 268078.265: [GC pause (G1 Evacuation Pause) (young) 4689M->2732M(6144M), 0.1210529 secs]
2021-06-28T10:55:15.605+0800: 268088.175: [GC pause (G1 Evacuation Pause) (young) 4008M->2605M(6144M), 0.0401203 secs]
2021-06-28T10:55:38.148+0800: 268110.717: [GC pause (G1 Evacuation Pause) (young) 5362M->2651M(6144M), 0.0865633 secs]
2021-06-28T10:56:07.934+0800: 268140.504: [GC pause (G1 Evacuation Pause) (young) 5390M->2615M(6144M), 0.0264238 secs]
2021-06-28T10:56:29.120+0800: 268161.690: [GC pause (G1 Evacuation Pause) (young) 5438M->2619M(6144M), 0.0336178 secs]
2021-06-28T10:56:55.113+0800: 268187.683: [GC pause (G1 Evacuation Pause) (young) 5429M->2627M(6144M), 0.0339439 secs]
2021-06-28T10:57:25.175+0800: 268217.745: [GC pause (G1 Evacuation Pause) (young) 5472M->2631M(6144M), 0.0402104 secs]
2021-06-28T10:57:30.687+0800: 268223.257: [GC pause (G1 Evacuation Pause) (young) 3167M->2631M(6144M), 0.0338461 secs]
2021-06-28T10:57:41.334+0800: 268233.904: [GC pause (G1 Evacuation Pause) (young) 3939M->2628M(6144M), 0.0327283 secs]
2021-06-28T10:58:09.802+0800: 268262.371: [GC pause (G1 Evacuation Pause) (young) 5498M->2630M(6144M), 0.0404986 secs]
2021-06-28T10:58:34.610+0800: 268287.180: [GC pause (G1 Evacuation Pause) (young) 5490M->2640M(6144M), 0.0431623 secs]
2021-06-28T10:58:59.729+0800: 268312.299: [GC pause (G1 Evacuation Pause) (young) 5480M->2639M(6144M), 0.0404860 secs]
2021-06-28T10:59:30.445+0800: 268343.015: [GC pause (G1 Evacuation Pause) (young) 5490M->2640M(6144M), 0.0429844 secs]
2021-06-28T10:59:54.541+0800: 268367.110: [GC pause (G1 Evacuation Pause) (young) 5504M->2638M(6144M), 0.0468045 secs]
2021-06-28T11:00:18.098+0800: 268390.667: [GC pause (G1 Evacuation Pause) (young) 5515M->2639M(6144M), 0.0506119 secs]
2021-06-28T11:00:22.316+0800: 268394.886: [GC pause (G1 Evacuation Pause) (young) 3161M->2644M(6144M), 0.0408985 secs]
2021-06-28T11:00:32.465+0800: 268405.035: [GC pause (G1 Evacuation Pause) (young) 4023M->2653M(6144M), 0.0488863 secs]
2021-06-28T11:01:05.127+0800: 268437.696: [GC pause (G1 Evacuation Pause) (young) 5485M->2664M(6144M), 0.0601139 secs]
2021-06-28T11:01:26.860+0800: 268459.430: [GC pause (G1 Evacuation Pause) (young) 5473M->2663M(6144M), 0.0581995 secs]
2021-06-28T11:01:52.580+0800: 268485.150: [GC pause (G1 Evacuation Pause) (young) 5469M->2668M(6144M), 0.0588787 secs]
2021-06-28T11:02:21.350+0800: 268513.920: [GC pause (G1 Evacuation Pause) (young) 5459M->2692M(6144M), 0.0768672 secs]
2021-06-28T11:02:46.618+0800: 268539.188: [GC pause (G1 Evacuation Pause) (young) 5450M->2682M(6144M), 0.0644470 secs]
2021-06-28T11:03:18.026+0800: 268570.596: [GC pause (G1 Evacuation Pause) (young) 5478M->2682M(6144M), 0.0659609 secs]
2021-06-28T11:03:44.105+0800: 268596.674: [GC pause (G1 Evacuation Pause) (young) 5479M->2685M(6144M), 0.0642107 secs]
2021-06-28T11:04:16.469+0800: 268629.039: [GC pause (G1 Evacuation Pause) (young) 5457M->2686M(6144M), 0.0608699 secs]
2021-06-28T11:04:45.294+0800: 268657.864: [GC pause (G1 Evacuation Pause) (young) 5478M->2688M(6144M), 0.0643443 secs]
2021-06-28T11:05:19.258+0800: 268691.828: [GC pause (G1 Evacuation Pause) (young) 5460M->2692M(6144M), 0.0636583 secs]
2021-06-28T11:05:45.351+0800: 268717.921: [GC pause (G1 Evacuation Pause) (young) 5454M->2699M(6144M), 0.0678805 secs]
2021-06-28T11:06:06.260+0800: 268738.829: [GC pause (G1 Evacuation Pause) (young) 5466M->2703M(6144M), 0.0693452 secs]
2021-06-28T11:06:33.656+0800: 268766.226: [GC pause (G1 Evacuation Pause) (young) 5455M->2702M(6144M), 0.0656156 secs]
2021-06-28T11:06:56.315+0800: 268788.884: [GC pause (G1 Evacuation Pause) (young) 5452M->2703M(6144M), 0.0637753 secs]
2021-06-28T11:07:21.804+0800: 268814.373: [GC pause (G1 Evacuation Pause) (young) 5459M->2713M(6144M), 0.0742054 secs]
2021-06-28T11:07:38.075+0800: 268830.645: [GC pause (G1 Evacuation Pause) (young) 5470M->2722M(6144M), 0.0783072 secs]
2021-06-28T11:08:00.731+0800: 268853.301: [GC pause (G1 Evacuation Pause) (young) 5483M->2718M(6144M), 0.0707544 secs]
2021-06-28T11:08:32.246+0800: 268884.816: [GC pause (G1 Evacuation Pause) (young) 5462M->2718M(6144M), 0.0559488 secs]
2021-06-28T11:09:04.381+0800: 268916.951: [GC pause (G1 Evacuation Pause) (young) 5468M->2730M(6144M), 0.0613055 secs]
2021-06-28T11:09:37.413+0800: 268949.983: [GC pause (G1 Evacuation Pause) (young) 5459M->2728M(6144M), 0.0592809 secs]
2021-06-28T11:10:07.905+0800: 268980.475: [GC pause (G1 Evacuation Pause) (young) 5469M->2734M(6144M), 0.0677760 secs]
2021-06-28T11:10:26.691+0800: 268999.261: [GC pause (G1 Evacuation Pause) (young) 5471M->2746M(6144M), 0.0666215 secs]
2021-06-28T11:10:46.175+0800: 269018.745: [GC pause (G1 Evacuation Pause) (young) 5478M->2736M(6144M), 0.0595307 secs]
2021-06-28T11:11:12.502+0800: 269045.071: [GC pause (G1 Evacuation Pause) (young) 5475M->2735M(6144M), 0.0574111 secs]
2021-06-28T11:11:45.377+0800: 269077.947: [GC pause (G1 Evacuation Pause) (young) 5479M->2742M(6144M), 0.0572109 secs]
2021-06-28T11:12:04.089+0800: 269096.659: [GC pause (G1 Evacuation Pause) (young) 5473M->2742M(6144M), 0.0547720 secs]
2021-06-28T11:12:41.882+0800: 269134.451: [GC pause (G1 Evacuation Pause) (young) 5469M->2753M(6144M), 0.0586662 secs]
2021-06-28T11:13:09.339+0800: 269161.909: [GC pause (G1 Evacuation Pause) (young) 5469M->2748M(6144M), 0.0522860 secs]
2021-06-28T11:13:35.701+0800: 269188.271: [GC pause (G1 Evacuation Pause) (young) 5482M->2757M(6144M), 0.0605920 secs]
2021-06-28T11:14:08.415+0800: 269220.985: [GC pause (G1 Evacuation Pause) (young) 5476M->2758M(6144M), 0.0560949 secs]
2021-06-28T11:14:35.937+0800: 269248.507: [GC pause (G1 Evacuation Pause) (young) 5489M->2768M(6144M), 0.0581791 secs]
2021-06-28T11:14:59.407+0800: 269271.977: [GC pause (G1 Evacuation Pause) (young) 5475M->2767M(6144M), 0.0553859 secs]
2021-06-28T11:15:19.164+0800: 269291.734: [GC pause (G1 Humongous Allocation) (young) (initial-mark) 5216M->2779M(6144M), 0.0636485 secs]
2021-06-28T11:15:19.228+0800: 269291.798: [GC concurrent-root-region-scan-start]
2021-06-28T11:15:19.293+0800: 269291.863: [GC concurrent-root-region-scan-end, 0.0647837 secs]
2021-06-28T11:15:19.293+0800: 269291.863: [GC concurrent-mark-start]
2021-06-28T11:15:20.609+0800: 269293.179: [GC concurrent-mark-end, 1.3164228 secs]
2021-06-28T11:15:20.611+0800: 269293.181: [GC remark, 0.0907659 secs]
2021-06-28T11:15:20.704+0800: 269293.274: [GC cleanup 3084M->1933M(6144M), 0.0172107 secs]
2021-06-28T11:15:20.722+0800: 269293.292: [GC concurrent-cleanup-start]
2021-06-28T11:15:20.724+0800: 269293.294: [GC concurrent-cleanup-end, 0.0018971 secs]
2021-06-28T11:15:38.928+0800: 269311.498: [GC pause (G1 Evacuation Pause) (young) 4332M->1622M(6144M), 0.0538369 secs]
2021-06-28T11:15:43.863+0800: 269316.433: [GC pause (G1 Evacuation Pause) (mixed) 1884M->1077M(6144M), 0.1127068 secs]
2021-06-28T11:15:45.612+0800: 269318.182: [GC pause (G1 Evacuation Pause) (mixed) 1368M->987M(6144M), 0.1209071 secs]
2021-06-28T11:15:48.643+0800: 269321.213: [GC pause (G1 Evacuation Pause) (young) 1271M->987M(6144M), 0.0590496 secs]
2021-06-28T11:16:11.244+0800: 269343.814: [GC pause (G1 Evacuation Pause) (young) 3238M->987M(6144M), 0.0285491 secs]
2021-06-28T11:16:45.618+0800: 269378.188: [GC pause (G1 Evacuation Pause) (young) 4658M->997M(6144M), 0.0330309 secs]
2021-06-28T11:17:20.180+0800: 269412.750: [GC pause (G1 Evacuation Pause) (young) 4656M->1000M(6144M), 0.0366502 secs]
2021-06-28T11:17:57.991+0800: 269450.561: [GC pause (G1 Evacuation Pause) (young) 4669M->1002M(6144M), 0.0390722 secs]
2021-06-28T11:18:33.228+0800: 269485.798: [GC pause (G1 Evacuation Pause) (young) 4660M->1001M(6144M), 0.0386235 secs]
2021-06-28T11:19:06.628+0800: 269519.198: [GC pause (G1 Evacuation Pause) (young) 4690M->1005M(6144M), 0.0459158 secs]
2021-06-28T11:19:07.929+0800: 269520.499: [GC pause (G1 Evacuation Pause) (young) 1274M->1004M(6144M), 0.0380356 secs]
2021-06-28T11:19:10.635+0800: 269523.205: [GC pause (G1 Evacuation Pause) (young) 1290M->1007M(6144M), 0.0370935 secs]
2021-06-28T11:19:13.848+0800: 269526.418: [GC pause (G1 Evacuation Pause) (young) 1291M->1011M(6144M), 0.0242695 secs]
2021-06-28T11:19:16.361+0800: 269528.931: [GC pause (G1 Evacuation Pause) (young) 1291M->1011M(6144M), 0.0265575 secs]
2021-06-28T11:19:19.119+0800: 269531.689: [GC pause (G1 Evacuation Pause) (young) 1299M->1007M(6144M), 0.0232737 secs]
2021-06-28T11:19:22.481+0800: 269535.051: [GC pause (G1 Evacuation Pause) (young) 1297M->1008M(6144M), 0.0188917 secs]
2021-06-28T11:19:23.252+0800: 269535.822: [GC pause (G1 Evacuation Pause) (young) 1296M->1012M(6144M), 0.0203948 secs]
2021-06-28T11:19:25.574+0800: 269538.144: [GC pause (G1 Evacuation Pause) (young) 1311M->1048M(6144M), 0.0474770 secs]
2021-06-28T11:19:27.182+0800: 269539.752: [GC pause (G1 Evacuation Pause) (young) 1314M->1084M(6144M), 0.0814755 secs]
2021-06-28T11:19:28.630+0800: 269541.200: [GC pause (G1 Evacuation Pause) (young) 1350M->1058M(6144M), 0.0383304 secs]
2021-06-28T11:19:29.734+0800: 269542.304: [GC pause (G1 Evacuation Pause) (young) 1367M->1056M(6144M), 0.0210920 secs]
2021-06-28T11:19:32.912+0800: 269545.482: [GC pause (G1 Evacuation Pause) (young) 1448M->1060M(6144M), 0.0188790 secs]
2021-06-28T11:19:39.980+0800: 269552.550: [GC pause (G1 Evacuation Pause) (young) 1670M->1061M(6144M), 0.0208496 secs]
2021-06-28T11:19:47.380+0800: 269559.950: [GC pause (G1 Evacuation Pause) (young) 2037M->1064M(6144M), 0.0254522 secs]
2021-06-28T11:19:51.283+0800: 269563.853: [GC pause (G1 Evacuation Pause) (young) 1812M->1073M(6144M), 0.0285680 secs]
2021-06-28T11:19:59.428+0800: 269571.998: [GC pause (G1 Evacuation Pause) (young) 2113M->1070M(6144M), 0.0277193 secs]
2021-06-28T11:20:13.008+0800: 269585.577: [GC pause (G1 Evacuation Pause) (young) 2812M->1115M(6144M), 0.0548233 secs]
2021-06-28T11:20:25.476+0800: 269598.046: [GC pause (G1 Evacuation Pause) (young) 2646M->1115M(6144M), 0.0559691 secs]
2021-06-28T11:20:42.170+0800: 269614.739: [GC pause (G1 Evacuation Pause) (young) 2630M->1112M(6144M), 0.0514862 secs]
2021-06-28T11:21:08.416+0800: 269640.986: [GC pause (G1 Evacuation Pause) (young) 3547M->1124M(6144M), 0.0594230 secs]
2021-06-28T11:21:46.057+0800: 269678.627: [GC pause (G1 Evacuation Pause) (young) 4716M->1116M(6144M), 0.0644492 secs]
2021-06-28T11:22:21.465+0800: 269714.035: [GC pause (G1 Evacuation Pause) (young) 4747M->1119M(6144M), 0.0620089 secs]
2021-06-28T11:23:04.847+0800: 269757.417: [GC pause (G1 Evacuation Pause) (young) 4750M->1143M(6144M), 0.0768728 secs]
2021-06-28T11:23:40.030+0800: 269792.600: [GC pause (G1 Evacuation Pause) (young) 4758M->1132M(6144M), 0.0719902 secs]
2021-06-28T11:24:18.429+0800: 269830.999: [GC pause (G1 Evacuation Pause) (young) 4754M->1129M(6144M), 0.0705975 secs]
2021-06-28T11:24:57.947+0800: 269870.517: [GC pause (G1 Evacuation Pause) (young) 4756M->1130M(6144M), 0.0712616 secs]
2021-06-28T11:25:33.182+0800: 269905.752: [GC pause (G1 Evacuation Pause) (young) 4766M->1131M(6144M), 0.0655925 secs]
2021-06-28T11:26:15.465+0800: 269948.035: [GC pause (G1 Evacuation Pause) (young) 4752M->1137M(6144M), 0.0673323 secs]
2021-06-28T11:26:42.209+0800: 269974.779: [GC pause (G1 Evacuation Pause) (young) 4770M->1139M(6144M), 0.0692914 secs]
2021-06-28T11:27:23.970+0800: 270016.540: [GC pause (G1 Evacuation Pause) (young) 4777M->1143M(6144M), 0.0750822 secs]
2021-06-28T11:28:05.710+0800: 270058.280: [GC pause (G1 Evacuation Pause) (young) 4765M->1150M(6144M), 0.0760598 secs]
2021-06-28T11:28:40.746+0800: 270093.316: [GC pause (G1 Evacuation Pause) (young) 4755M->1151M(6144M), 0.0730253 secs]
2021-06-28T11:29:13.595+0800: 270126.165: [GC pause (G1 Evacuation Pause) (young) 4798M->1158M(6144M), 0.0684429 secs]
2021-06-28T11:29:44.521+0800: 270157.091: [GC pause (G1 Evacuation Pause) (young) 4801M->1238M(6144M), 0.0953559 secs]
2021-06-28T11:30:17.960+0800: 270190.530: [GC pause (G1 Evacuation Pause) (young) 4818M->1165M(6144M), 0.0575368 secs]
2021-06-28T11:30:47.936+0800: 270220.506: [GC pause (G1 Evacuation Pause) (young) 4813M->1175M(6144M), 0.0617333 secs]
2021-06-28T11:31:22.694+0800: 270255.264: [GC pause (G1 Evacuation Pause) (young) 4803M->1171M(6144M), 0.0574216 secs]
2021-06-28T11:32:00.336+0800: 270292.906: [GC pause (G1 Evacuation Pause) (young) 4820M->1174M(6144M), 0.0590357 secs]
2021-06-28T11:32:33.265+0800: 270325.835: [GC pause (G1 Evacuation Pause) (young) 4819M->1195M(6144M), 0.0661508 secs]
2021-06-28T11:33:11.975+0800: 270364.544: [GC pause (G1 Evacuation Pause) (young) 4845M->1178M(6144M), 0.0601680 secs]
2021-06-28T11:33:56.128+0800: 270408.698: [GC pause (G1 Evacuation Pause) (young) 4819M->1202M(6144M), 0.0681795 secs]
2021-06-28T11:34:36.445+0800: 270449.015: [GC pause (G1 Evacuation Pause) (young) 4861M->1189M(6144M), 0.0698506 secs]
2021-06-28T11:35:18.651+0800: 270491.221: [GC pause (G1 Evacuation Pause) (young) 4825M->1184M(6144M), 0.0567227 secs]
2021-06-28T11:36:05.479+0800: 270538.049: [GC pause (G1 Evacuation Pause) (young) 4837M->1185M(6144M), 0.0548893 secs]
2021-06-28T11:36:43.235+0800: 270575.805: [GC pause (G1 Evacuation Pause) (young) 4828M->1260M(6144M), 0.1095934 secs]
2021-06-28T11:37:11.224+0800: 270603.794: [GC pause (G1 Evacuation Pause) (young) 4837M->1194M(6144M), 0.0528574 secs]
2021-06-28T11:37:54.134+0800: 270646.704: [GC pause (G1 Evacuation Pause) (young) 4838M->1202M(6144M), 0.0565207 secs]
2021-06-28T11:38:32.462+0800: 270685.032: [GC pause (G1 Evacuation Pause) (young) 4841M->1196M(6144M), 0.0494268 secs]
2021-06-28T11:39:17.695+0800: 270730.265: [GC pause (G1 Evacuation Pause) (young) 4846M->1199M(6144M), 0.0502686 secs]
2021-06-28T11:40:01.308+0800: 270773.878: [GC pause (G1 Evacuation Pause) (young) 4848M->1217M(6144M), 0.0605013 secs]
2021-06-28T11:40:35.642+0800: 270808.212: [GC pause (G1 Evacuation Pause) (young) 4856M->1201M(6144M), 0.0509664 secs]
2021-06-28T11:41:16.072+0800: 270848.642: [GC pause (G1 Evacuation Pause) (young) 4866M->1205M(6144M), 0.0526561 secs]
2021-06-28T11:41:53.491+0800: 270886.061: [GC pause (G1 Evacuation Pause) (young) 4862M->1206M(6144M), 0.0468305 secs]
2021-06-28T11:42:28.249+0800: 270920.819: [GC pause (G1 Evacuation Pause) (young) 4864M->1208M(6144M), 0.0475098 secs]
2021-06-28T11:43:14.208+0800: 270966.778: [GC pause (G1 Evacuation Pause) (young) 4867M->1215M(6144M), 0.0529119 secs]
2021-06-28T11:43:48.506+0800: 271001.075: [GC pause (G1 Evacuation Pause) (young) 4860M->1215M(6144M), 0.0472513 secs]
2021-06-28T11:44:22.641+0800: 271035.210: [GC pause (G1 Evacuation Pause) (young) 4867M->1216M(6144M), 0.0482272 secs]
2021-06-28T11:45:03.033+0800: 271075.602: [GC pause (G1 Evacuation Pause) (young) 4873M->1221M(6144M), 0.0476138 secs]
2021-06-28T11:45:33.521+0800: 271106.090: [GC pause (G1 Evacuation Pause) (young) 4885M->1226M(6144M), 0.0505604 secs]
2021-06-28T11:46:17.802+0800: 271150.372: [GC pause (G1 Evacuation Pause) (young) 4875M->1225M(6144M), 0.0492444 secs]
2021-06-28T11:46:43.612+0800: 271176.181: [GC pause (G1 Evacuation Pause) (young) 4872M->1228M(6144M), 0.0469755 secs]
2021-06-28T11:47:35.348+0800: 271227.917: [GC pause (G1 Evacuation Pause) (young) 4900M->1229M(6144M), 0.0553335 secs]
2021-06-28T11:48:03.863+0800: 271256.433: [GC pause (G1 Evacuation Pause) (young) 4908M->1232M(6144M), 0.0591366 secs]
2021-06-28T11:48:36.948+0800: 271289.518: [GC pause (G1 Evacuation Pause) (young) 4874M->1239M(6144M), 0.0575739 secs]
2021-06-28T11:49:34.248+0800: 271346.818: [GC pause (G1 Evacuation Pause) (young) 4876M->1232M(6144M), 0.0536934 secs]
2021-06-28T11:50:08.965+0800: 271381.535: [GC pause (G1 Evacuation Pause) (young) 4877M->1236M(6144M), 0.0537458 secs]
2021-06-28T11:50:48.125+0800: 271420.695: [GC pause (G1 Evacuation Pause) (young) 4895M->1238M(6144M), 0.0569309 secs]
2021-06-28T11:51:19.933+0800: 271452.503: [GC pause (G1 Evacuation Pause) (young) 4887M->1291M(6144M), 0.0891170 secs]
2021-06-28T11:51:51.149+0800: 271483.719: [GC pause (G1 Evacuation Pause) (young) 4888M->1244M(6144M), 0.0525176 secs]
2021-06-28T11:52:41.189+0800: 271533.759: [GC pause (G1 Evacuation Pause) (young) 4890M->1252M(6144M), 0.0573061 secs]
2021-06-28T11:53:22.838+0800: 271575.408: [GC pause (G1 Evacuation Pause) (young) 4892M->1245M(6144M), 0.0534417 secs]
2021-06-28T11:54:01.332+0800: 271613.902: [GC pause (G1 Evacuation Pause) (young) 4892M->1250M(6144M), 0.0549241 secs]
2021-06-28T11:54:37.936+0800: 271650.506: [GC pause (G1 Evacuation Pause) (young) 4910M->1250M(6144M), 0.0508378 secs]
2021-06-28T11:55:18.656+0800: 271691.226: [GC pause (G1 Evacuation Pause) (young) 4896M->1254M(6144M), 0.0515873 secs]
2021-06-28T11:56:03.826+0800: 271736.396: [GC pause (G1 Evacuation Pause) (young) 4899M->1252M(6144M), 0.0498178 secs]
2021-06-28T11:56:24.492+0800: 271757.062: [GC pause (G1 Evacuation Pause) (young) 4899M->2102M(6144M), 0.5265100 secs]
2021-06-28T11:56:25.323+0800: 271757.892: [GC pause (G1 Evacuation Pause) (young) 2308M->2174M(6144M), 0.4313065 secs]
2021-06-28T11:56:26.076+0800: 271758.646: [GC pause (G1 Evacuation Pause) (young) 2422M->2253M(6144M), 0.3468248 secs]
2021-06-28T11:56:26.682+0800: 271759.251: [GC pause (G1 Evacuation Pause) (young) 2520M->2313M(6144M), 0.0897517 secs]
2021-06-28T11:56:27.319+0800: 271759.889: [GC pause (G1 Evacuation Pause) (young) 2596M->2291M(6144M), 0.0330960 secs]
2021-06-28T11:56:30.383+0800: 271762.952: [GC pause (G1 Evacuation Pause) (young) 2587M->2290M(6144M), 0.0161826 secs]
2021-06-28T11:56:32.609+0800: 271765.179: [GC pause (G1 Evacuation Pause) (young) 2588M->2290M(6144M), 0.0133144 secs]
2021-06-28T11:56:34.347+0800: 271766.917: [GC pause (G1 Evacuation Pause) (young) 2588M->2299M(6144M), 0.0175046 secs]
2021-06-28T11:56:44.547+0800: 271777.116: [GC pause (G1 Evacuation Pause) (young) 2977M->2297M(6144M), 0.0194914 secs]
2021-06-28T11:56:58.143+0800: 271790.713: [GC pause (G1 Evacuation Pause) (young) 3652M->2303M(6144M), 0.0249518 secs]
2021-06-28T11:57:19.813+0800: 271812.382: [GC pause (G1 Evacuation Pause) (young) 4651M->2305M(6144M), 0.0277293 secs]
2021-06-28T11:58:00.994+0800: 271853.564: [GC pause (G1 Evacuation Pause) (young) 5425M->2313M(6144M), 0.0323607 secs]
2021-06-28T11:58:34.450+0800: 271887.020: [GC pause (G1 Evacuation Pause) (young) 5448M->2314M(6144M), 0.0352476 secs]
2021-06-28T11:59:24.893+0800: 271937.463: [GC pause (G1 Evacuation Pause) (young) 5455M->2317M(6144M), 0.0367061 secs]
2021-06-28T12:00:03.983+0800: 271976.553: [GC pause (G1 Evacuation Pause) (young) 5466M->2320M(6144M), 0.0376992 secs]
2021-06-28T12:00:22.418+0800: 271994.988: [GC pause (G1 Evacuation Pause) (young) 5485M->2319M(6144M), 0.0396075 secs]
2021-06-28T12:01:23.115+0800: 272055.685: [GC pause (G1 Evacuation Pause) (young) 5485M->2323M(6144M), 0.0415671 secs]
2021-06-28T12:02:16.774+0800: 272109.344: [GC pause (G1 Evacuation Pause) (young) 5490M->2324M(6144M), 0.0418795 secs]
2021-06-28T12:02:58.833+0800: 272151.403: [GC pause (G1 Evacuation Pause) (young) 5499M->2321M(6144M), 0.0431628 secs]
2021-06-28T12:03:36.802+0800: 272189.372: [GC pause (G1 Evacuation Pause) (young) 5484M->2329M(6144M), 0.0441778 secs]
2021-06-28T12:04:21.703+0800: 272234.273: [GC pause (G1 Evacuation Pause) (young) 5495M->2334M(6144M), 0.0491530 secs]
2021-06-28T12:05:16.137+0800: 272288.707: [GC pause (G1 Evacuation Pause) (young) 5475M->2332M(6144M), 0.0443538 secs]
2021-06-28T12:06:05.150+0800: 272337.720: [GC pause (G1 Evacuation Pause) (young) 5478M->2331M(6144M), 0.0477825 secs]
2021-06-28T12:06:36.633+0800: 272369.203: [GC pause (G1 Evacuation Pause) (young) 5479M->2333M(6144M), 0.0459299 secs]
2021-06-28T12:07:25.038+0800: 272417.608: [GC pause (G1 Evacuation Pause) (young) 5491M->2347M(6144M), 0.0543393 secs]
2021-06-28T12:08:05.548+0800: 272458.118: [GC pause (G1 Evacuation Pause) (young) 5479M->2338M(6144M), 0.0480052 secs]
2021-06-28T12:09:05.877+0800: 272518.446: [GC pause (G1 Evacuation Pause) (young) 5488M->2344M(6144M), 0.0550048 secs]
2021-06-28T12:10:12.667+0800: 272585.237: [GC pause (G1 Evacuation Pause) (young) 5486M->2346M(6144M), 0.0495984 secs]
2021-06-28T12:11:28.832+0800: 272661.402: [GC pause (G1 Evacuation Pause) (young) 5477M->2346M(6144M), 0.0481386 secs]
2021-06-28T12:12:16.867+0800: 272709.437: [GC pause (G1 Evacuation Pause) (young) 5479M->2350M(6144M), 0.0501362 secs]
2021-06-28T12:13:24.922+0800: 272777.492: [GC pause (G1 Evacuation Pause) (young) 5479M->2362M(6144M), 0.0540365 secs]
2021-06-28T12:14:21.884+0800: 272834.454: [GC pause (G1 Evacuation Pause) (young) 5483M->2354M(6144M), 0.0513760 secs]
2021-06-28T12:15:28.814+0800: 272901.384: [GC pause (G1 Evacuation Pause) (young) 5490M->2367M(6144M), 0.0552472 secs]
2021-06-28T12:16:43.910+0800: 272976.480: [GC pause (G1 Evacuation Pause) (young) 5470M->2357M(6144M), 0.0481148 secs]
2021-06-28T12:17:50.106+0800: 273042.676: [GC pause (G1 Evacuation Pause) (young) 5495M->2379M(6144M), 0.0583315 secs]
2021-06-28T12:18:50.548+0800: 273103.118: [GC pause (G1 Evacuation Pause) (young) 5463M->2363M(6144M), 0.0477289 secs]
2021-06-28T12:19:54.688+0800: 273167.258: [GC pause (G1 Evacuation Pause) (young) 5482M->2374M(6144M), 0.0504344 secs]
2021-06-28T12:20:54.949+0800: 273227.519: [GC pause (G1 Evacuation Pause) (young) 5484M->2370M(6144M), 0.0514899 secs]
2021-06-28T12:21:57.328+0800: 273289.898: [GC pause (G1 Evacuation Pause) (young) 5479M->2371M(6144M), 0.0483612 secs]
2021-06-28T12:22:41.358+0800: 273333.927: [GC pause (G1 Evacuation Pause) (young) 5481M->2370M(6144M), 0.0468526 secs]
2021-06-28T12:23:50.441+0800: 273403.011: [GC pause (G1 Evacuation Pause) (young) 5489M->2381M(6144M), 0.0491998 secs]
2021-06-28T12:24:49.564+0800: 273462.134: [GC pause (G1 Evacuation Pause) (young) 5475M->2374M(6144M), 0.0453113 secs]
2021-06-28T12:25:52.546+0800: 273525.115: [GC pause (G1 Evacuation Pause) (young) 5488M->2378M(6144M), 0.0473653 secs]
2021-06-28T12:27:13.866+0800: 273606.436: [GC pause (G1 Evacuation Pause) (young) 5490M->2381M(6144M), 0.0481311 secs]
2021-06-28T12:28:05.370+0800: 273657.940: [GC pause (G1 Evacuation Pause) (young) 5484M->2381M(6144M), 0.0465365 secs]
2021-06-28T12:29:07.935+0800: 273720.505: [GC pause (G1 Evacuation Pause) (young) 5484M->2387M(6144M), 0.0462912 secs]
2021-06-28T12:30:05.390+0800: 273777.960: [GC pause (G1 Evacuation Pause) (young) 5482M->2387M(6144M), 0.0484818 secs]
2021-06-28T12:31:11.026+0800: 273843.596: [GC pause (G1 Evacuation Pause) (young) 5484M->2389M(6144M), 0.0501426 secs]
2021-06-28T12:31:57.991+0800: 273890.561: [GC pause (G1 Evacuation Pause) (young) 5481M->2393M(6144M), 0.0476749 secs]
2021-06-28T12:33:14.254+0800: 273966.824: [GC pause (G1 Evacuation Pause) (young) 5500M->2391M(6144M), 0.0500984 secs]
2021-06-28T12:34:09.726+0800: 274022.296: [GC pause (G1 Evacuation Pause) (young) 5488M->2438M(6144M), 0.0707746 secs]
2021-06-28T12:35:06.272+0800: 274078.842: [GC pause (G1 Evacuation Pause) (young) 5452M->2396M(6144M), 0.0496049 secs]
2021-06-28T12:35:57.753+0800: 274130.323: [GC pause (G1 Evacuation Pause) (young) 5481M->2397M(6144M), 0.0532673 secs]
2021-06-28T12:36:52.441+0800: 274185.011: [GC pause (G1 Evacuation Pause) (young) 5484M->2402M(6144M), 0.0480044 secs]
2021-06-28T12:37:59.497+0800: 274252.066: [GC pause (G1 Evacuation Pause) (young) 5477M->2402M(6144M), 0.0473109 secs]
2021-06-28T12:38:59.936+0800: 274312.506: [GC pause (G1 Evacuation Pause) (young) 5502M->2408M(6144M), 0.0544881 secs]
2021-06-28T12:39:49.056+0800: 274361.625: [GC pause (G1 Evacuation Pause) (young) 5490M->2405M(6144M), 0.0505933 secs]
2021-06-28T12:40:37.027+0800: 274409.597: [GC pause (G1 Evacuation Pause) (young) 5488M->2407M(6144M), 0.0492216 secs]
2021-06-28T12:41:51.304+0800: 274483.873: [GC pause (G1 Evacuation Pause) (young) 5487M->2410M(6144M), 0.0471897 secs]
2021-06-28T12:42:43.480+0800: 274536.050: [GC pause (G1 Evacuation Pause) (young) 5494M->2416M(6144M), 0.0504813 secs]
2021-06-28T12:43:41.141+0800: 274593.711: [GC pause (G1 Evacuation Pause) (young) 5520M->2416M(6144M), 0.0525738 secs]
2021-06-28T12:43:44.017+0800: 274596.587: [GC pause (G1 Evacuation Pause) (young) 2684M->2420M(6144M), 0.0415371 secs]
2021-06-28T12:44:59.936+0800: 274672.506: [GC pause (G1 Evacuation Pause) (young) 5509M->2423M(6144M), 0.0463567 secs]
2021-06-28T12:45:43.132+0800: 274715.702: [GC pause (G1 Evacuation Pause) (young) 5506M->2456M(6144M), 0.0534601 secs]
2021-06-28T12:46:28.123+0800: 274760.693: [GC pause (G1 Evacuation Pause) (young) 5499M->2424M(6144M), 0.0360909 secs]
2021-06-28T12:47:28.203+0800: 274820.773: [GC pause (G1 Evacuation Pause) (young) 5506M->2426M(6144M), 0.0332896 secs]
2021-06-28T12:48:23.761+0800: 274876.331: [GC pause (G1 Evacuation Pause) (young) 5512M->2433M(6144M), 0.0383417 secs]
2021-06-28T12:49:42.653+0800: 274955.222: [GC pause (G1 Evacuation Pause) (young) 5489M->2431M(6144M), 0.0352807 secs]
2021-06-28T12:50:41.262+0800: 275013.832: [GC pause (G1 Evacuation Pause) (young) 5490M->2432M(6144M), 0.0353271 secs]
2021-06-28T12:51:38.190+0800: 275070.760: [GC pause (G1 Evacuation Pause) (young) 5499M->2429M(6144M), 0.0375165 secs]
2021-06-28T12:52:35.220+0800: 275127.790: [GC pause (G1 Evacuation Pause) (young) 5491M->2440M(6144M), 0.0427031 secs]
2021-06-28T12:53:30.036+0800: 275182.606: [GC pause (G1 Evacuation Pause) (young) 5494M->2433M(6144M), 0.0414608 secs]
2021-06-28T12:54:46.237+0800: 275258.807: [GC pause (G1 Evacuation Pause) (young) 5497M->2440M(6144M), 0.0435047 secs]
2021-06-28T12:56:02.637+0800: 275335.207: [GC pause (G1 Evacuation Pause) (young) 5493M->2446M(6144M), 0.0458951 secs]
2021-06-28T12:56:30.877+0800: 275363.447: [GC pause (G1 Evacuation Pause) (young) 5490M->2438M(6144M), 0.0404047 secs]
2021-06-28T12:57:32.337+0800: 275424.907: [GC pause (G1 Evacuation Pause) (young) 5496M->2446M(6144M), 0.0458406 secs]
2021-06-28T12:58:20.801+0800: 275473.371: [GC pause (G1 Evacuation Pause) (young) 5504M->2449M(6144M), 0.0481873 secs]
2021-06-28T12:59:28.536+0800: 275541.106: [GC pause (G1 Evacuation Pause) (young) 5477M->2450M(6144M), 0.0464929 secs]
2021-06-28T13:00:09.104+0800: 275581.674: [GC pause (G1 Evacuation Pause) (young) 5500M->2451M(6144M), 0.0481131 secs]
2021-06-28T13:01:08.525+0800: 275641.094: [GC pause (G1 Evacuation Pause) (young) 5477M->2453M(6144M), 0.0450510 secs]
2021-06-28T13:02:05.021+0800: 275697.591: [GC pause (G1 Evacuation Pause) (young) 5486M->2487M(6144M), 0.0611236 secs]
2021-06-28T13:02:52.090+0800: 275744.660: [GC pause (G1 Evacuation Pause) (young) 5477M->2461M(6144M), 0.0515215 secs]
2021-06-28T13:03:48.049+0800: 275800.619: [GC pause (G1 Evacuation Pause) (young) 5478M->2462M(6144M), 0.0473118 secs]
2021-06-28T13:04:57.880+0800: 275870.450: [GC pause (G1 Evacuation Pause) (young) 5476M->2458M(6144M), 0.0453893 secs]
2021-06-28T13:05:56.163+0800: 275928.733: [GC pause (G1 Evacuation Pause) (young) 5483M->2461M(6144M), 0.0464591 secs]
2021-06-28T13:06:47.261+0800: 275979.831: [GC pause (G1 Evacuation Pause) (young) 5482M->2539M(6144M), 0.1040442 secs]
2021-06-28T13:07:36.926+0800: 276029.496: [GC pause (G1 Evacuation Pause) (young) 5406M->2474M(6144M), 0.0500221 secs]
2021-06-28T13:08:30.916+0800: 276083.486: [GC pause (G1 Evacuation Pause) (young) 5469M->2472M(6144M), 0.0475028 secs]
2021-06-28T13:09:21.264+0800: 276133.834: [GC pause (G1 Evacuation Pause) (young) 5476M->2470M(6144M), 0.0464306 secs]
2021-06-28T13:10:07.247+0800: 276179.816: [GC pause (G1 Evacuation Pause) (young) 5491M->2475M(6144M), 0.0489520 secs]
2021-06-28T13:11:01.660+0800: 276234.230: [GC pause (G1 Evacuation Pause) (young) 5487M->2476M(6144M), 0.0484661 secs]
2021-06-28T13:11:49.693+0800: 276282.262: [GC pause (G1 Evacuation Pause) (young) 5491M->2484M(6144M), 0.0529647 secs]
2021-06-28T13:12:29.198+0800: 276321.768: [GC pause (G1 Evacuation Pause) (young) 5476M->2479M(6144M), 0.0517404 secs]
2021-06-28T13:13:16.985+0800: 276369.555: [GC pause (G1 Evacuation Pause) (young) 5483M->2487M(6144M), 0.0531227 secs]
2021-06-28T13:14:12.885+0800: 276425.455: [GC pause (G1 Evacuation Pause) (young) 5490M->2486M(6144M), 0.0534789 secs]
2021-06-28T13:15:00.983+0800: 276473.553: [GC pause (G1 Evacuation Pause) (young) 5480M->2565M(6144M), 0.1288118 secs]
2021-06-28T13:15:04.973+0800: 276477.543: [GC pause (G1 Evacuation Pause) (young) 5416M->2603M(6144M), 0.1315924 secs]
2021-06-28T13:15:06.291+0800: 276478.861: [GC pause (G1 Evacuation Pause) (young) 5365M->2585M(6144M), 0.0991247 secs]
2021-06-28T13:15:07.681+0800: 276480.251: [GC pause (G1 Evacuation Pause) (young) 5385M->2566M(6144M), 0.0856671 secs]
2021-06-28T13:15:09.138+0800: 276481.708: [GC pause (G1 Evacuation Pause) (young) 5404M->2572M(6144M), 0.0932553 secs]
2021-06-28T13:15:10.429+0800: 276482.999: [GC pause (G1 Evacuation Pause) (young) 5404M->2567M(6144M), 0.0835757 secs]
2021-06-28T13:15:11.637+0800: 276484.207: [GC pause (G1 Evacuation Pause) (young) 5411M->2571M(6144M), 0.0892303 secs]
2021-06-28T13:15:12.908+0800: 276485.478: [GC pause (G1 Evacuation Pause) (young) 5411M->2573M(6144M), 0.0811612 secs]
2021-06-28T13:15:14.162+0800: 276486.732: [GC pause (G1 Evacuation Pause) (young) 5413M->2575M(6144M), 0.0805426 secs]
2021-06-28T13:15:15.393+0800: 276487.962: [GC pause (G1 Evacuation Pause) (young) 5413M->2576M(6144M), 0.0773305 secs]
2021-06-28T13:15:16.689+0800: 276489.259: [GC pause (G1 Evacuation Pause) (young) 5414M->2577M(6144M), 0.0768415 secs]
2021-06-28T13:15:18.031+0800: 276490.601: [GC pause (G1 Evacuation Pause) (young) 5417M->2586M(6144M), 0.0849457 secs]
2021-06-28T13:15:19.263+0800: 276491.832: [GC pause (G1 Evacuation Pause) (young) 5410M->2580M(6144M), 0.0740093 secs]
2021-06-28T13:15:20.562+0800: 276493.131: [GC pause (G1 Evacuation Pause) (young) 5420M->2584M(6144M), 0.0749458 secs]
2021-06-28T13:15:21.824+0800: 276494.393: [GC pause (G1 Evacuation Pause) (young) 5428M->2586M(6144M), 0.0699946 secs]
2021-06-28T13:15:23.007+0800: 276495.577: [GC pause (G1 Evacuation Pause) (young) 5432M->2595M(6144M), 0.0722102 secs]
2021-06-28T13:15:24.186+0800: 276496.756: [GC pause (G1 Evacuation Pause) (young) 5451M->2591M(6144M), 0.0656529 secs]
2021-06-28T13:15:25.395+0800: 276497.965: [GC pause (G1 Evacuation Pause) (young) 5513M->2596M(6144M), 0.0488314 secs]
2021-06-28T13:16:15.020+0800: 276547.590: [GC pause (G1 Evacuation Pause) (young) 5518M->2605M(6144M), 0.0259153 secs]
2021-06-28T13:17:14.129+0800: 276606.699: [GC pause (G1 Evacuation Pause) (young) 5517M->2619M(6144M), 0.0316632 secs]
2021-06-28T13:18:07.367+0800: 276659.937: [GC pause (G1 Evacuation Pause) (young) 5500M->2624M(6144M), 0.0336469 secs]
2021-06-28T13:19:07.067+0800: 276719.637: [GC pause (G1 Evacuation Pause) (young) 5497M->2627M(6144M), 0.0362390 secs]
2021-06-28T13:19:47.915+0800: 276760.485: [GC pause (G1 Evacuation Pause) (young) 5492M->2625M(6144M), 0.0337637 secs]
2021-06-28T13:20:40.043+0800: 276812.613: [GC pause (G1 Evacuation Pause) (young) 5501M->2635M(6144M), 0.0393308 secs]
2021-06-28T13:21:37.571+0800: 276870.141: [GC pause (G1 Evacuation Pause) (young) 5486M->2632M(6144M), 0.0376860 secs]
2021-06-28T13:22:09.399+0800: 276901.969: [GC pause (G1 Evacuation Pause) (young) 5498M->2632M(6144M), 0.0388499 secs]
2021-06-28T13:22:55.610+0800: 276948.180: [GC pause (G1 Evacuation Pause) (young) 5491M->2634M(6144M), 0.0395249 secs]
2021-06-28T13:23:48.331+0800: 277000.900: [GC pause (G1 Evacuation Pause) (young) 5497M->2640M(6144M), 0.0456911 secs]
2021-06-28T13:24:41.626+0800: 277054.195: [GC pause (G1 Evacuation Pause) (young) 5483M->2644M(6144M), 0.0442533 secs]
2021-06-28T13:25:44.679+0800: 277117.249: [GC pause (G1 Evacuation Pause) (young) 5475M->2644M(6144M), 0.0476803 secs]
2021-06-28T13:25:45.791+0800: 277118.361: [GC pause (G1 Humongous Allocation) (young) (initial-mark) 2897M->2772M(6144M), 0.0434121 secs]
2021-06-28T13:25:45.835+0800: 277118.405: [GC concurrent-root-region-scan-start]
2021-06-28T13:25:45.885+0800: 277118.455: [GC concurrent-root-region-scan-end, 0.0504916 secs]
2021-06-28T13:25:45.885+0800: 277118.455: [GC concurrent-mark-start]
2021-06-28T13:25:47.297+0800: 277119.867: [GC concurrent-mark-end, 1.4117680 secs]
2021-06-28T13:25:47.299+0800: 277119.869: [GC remark, 0.1167820 secs]
2021-06-28T13:25:47.418+0800: 277119.988: [GC cleanup 2918M->1827M(6144M), 0.0186486 secs]
2021-06-28T13:25:47.437+0800: 277120.007: [GC concurrent-cleanup-start]
2021-06-28T13:25:47.439+0800: 277120.008: [GC concurrent-cleanup-end, 0.0014344 secs]
2021-06-28T13:26:33.735+0800: 277166.305: [GC pause (G1 Evacuation Pause) (young) 4603M->1548M(6144M), 0.0560661 secs]
2021-06-28T13:26:38.181+0800: 277170.751: [GC pause (G1 Evacuation Pause) (mixed) 1814M->1044M(6144M), 0.1343334 secs]
2021-06-28T13:26:43.871+0800: 277176.441: [GC pause (G1 Evacuation Pause) (mixed) 1322M->1011M(6144M), 0.1149508 secs]
2021-06-28T13:27:49.533+0800: 277242.103: [GC pause (G1 Evacuation Pause) (young) 4861M->1014M(6144M), 0.0406641 secs]
2021-06-28T13:28:40.722+0800: 277293.292: [GC pause (G1 Evacuation Pause) (young) 4776M->1107M(6144M), 0.0346685 secs]
2021-06-28T13:29:35.060+0800: 277347.630: [GC pause (G1 Evacuation Pause) (young) 4861M->1093M(6144M), 0.0991884 secs]
2021-06-28T13:30:06.778+0800: 277379.348: [GC pause (G1 Evacuation Pause) (young) 4678M->1025M(6144M), 0.0335016 secs]
2021-06-28T13:30:57.705+0800: 277430.274: [GC pause (G1 Evacuation Pause) (young) 4684M->1045M(6144M), 0.0523986 secs]
2021-06-28T13:32:05.185+0800: 277497.754: [GC pause (G1 Evacuation Pause) (young) 4685M->1048M(6144M), 0.0565515 secs]
2021-06-28T13:32:51.831+0800: 277544.401: [GC pause (G1 Evacuation Pause) (young) 4697M->1047M(6144M), 0.0546535 secs]
2021-06-28T13:33:50.278+0800: 277602.847: [GC pause (G1 Evacuation Pause) (young) 4849M->1054M(6144M), 0.0660108 secs]
2021-06-28T13:34:38.733+0800: 277651.303: [GC pause (G1 Evacuation Pause) (young) 4703M->1056M(6144M), 0.0618636 secs]
2021-06-28T13:35:36.318+0800: 277708.888: [GC pause (G1 Evacuation Pause) (young) 4694M->1057M(6144M), 0.0629613 secs]
2021-06-28T13:36:14.660+0800: 277747.230: [GC pause (G1 Evacuation Pause) (young) 4696M->1060M(6144M), 0.0659481 secs]
2021-06-28T13:36:40.054+0800: 277772.624: [GC pause (G1 Evacuation Pause) (young) 4696M->1071M(6144M), 0.0734655 secs]
2021-06-28T13:37:32.217+0800: 277824.787: [GC pause (G1 Evacuation Pause) (young) 4703M->1064M(6144M), 0.0686784 secs]
2021-06-28T13:38:23.209+0800: 277875.779: [GC pause (G1 Evacuation Pause) (young) 4702M->1068M(6144M), 0.0678087 secs]
2021-06-28T13:39:05.495+0800: 277918.065: [GC pause (G1 Evacuation Pause) (young) 4699M->1071M(6144M), 0.0636516 secs]
2021-06-28T13:39:51.150+0800: 277963.720: [GC pause (G1 Evacuation Pause) (young) 4690M->1079M(6144M), 0.0664261 secs]
2021-06-28T13:40:39.427+0800: 278011.997: [GC pause (G1 Evacuation Pause) (young) 4702M->1083M(6144M), 0.0720374 secs]
2021-06-28T13:41:19.927+0800: 278052.496: [GC pause (G1 Evacuation Pause) (young) 4720M->1076M(6144M), 0.0691952 secs]
2021-06-28T13:42:03.596+0800: 278096.166: [GC pause (G1 Evacuation Pause) (young) 4728M->1091M(6144M), 0.0766703 secs]
2021-06-28T13:42:51.335+0800: 278143.905: [GC pause (G1 Evacuation Pause) (young) 4716M->1083M(6144M), 0.0652183 secs]
2021-06-28T13:43:41.505+0800: 278194.075: [GC pause (G1 Evacuation Pause) (young) 4703M->1103M(6144M), 0.0717582 secs]
2021-06-28T13:44:28.188+0800: 278240.758: [GC pause (G1 Evacuation Pause) (young) 4735M->1114M(6144M), 0.0724640 secs]
2021-06-28T13:45:15.565+0800: 278288.134: [GC pause (G1 Evacuation Pause) (young) 4750M->1132M(6144M), 0.0756552 secs]
2021-06-28T13:46:11.568+0800: 278344.137: [GC pause (G1 Evacuation Pause) (young) 4746M->1122M(6144M), 0.0652881 secs]
2021-06-28T13:46:50.023+0800: 278382.593: [GC pause (G1 Evacuation Pause) (young) 4768M->1126M(6144M), 0.0682472 secs]
2021-06-28T13:47:47.716+0800: 278440.286: [GC pause (G1 Evacuation Pause) (young) 4740M->1130M(6144M), 0.0626911 secs]
2021-06-28T13:48:30.283+0800: 278482.853: [GC pause (G1 Evacuation Pause) (young) 4758M->1131M(6144M), 0.0645698 secs]
2021-06-28T13:49:33.810+0800: 278546.380: [GC pause (G1 Evacuation Pause) (young) 4760M->1134M(6144M), 0.0655570 secs]
2021-06-28T13:50:17.251+0800: 278589.821: [GC pause (G1 Evacuation Pause) (young) 4746M->1140M(6144M), 0.0654096 secs]
2021-06-28T13:51:07.012+0800: 278639.582: [GC pause (G1 Evacuation Pause) (young) 4760M->1141M(6144M), 0.0684892 secs]
2021-06-28T13:51:47.061+0800: 278679.631: [GC pause (G1 Evacuation Pause) (young) 4785M->1148M(6144M), 0.0749500 secs]
2021-06-28T13:52:16.593+0800: 278709.163: [GC pause (G1 Evacuation Pause) (young) 4780M->1154M(6144M), 0.0709791 secs]
2021-06-28T13:52:49.820+0800: 278742.390: [GC pause (G1 Evacuation Pause) (young) 4781M->1158M(6144M), 0.0772727 secs]
2021-06-28T13:53:28.375+0800: 278780.945: [GC pause (G1 Evacuation Pause) (young) 4784M->1157M(6144M), 0.0711275 secs]
2021-06-28T13:54:02.519+0800: 278815.089: [GC pause (G1 Evacuation Pause) (young) 4781M->1168M(6144M), 0.0681389 secs]
2021-06-28T13:54:55.855+0800: 278868.425: [GC pause (G1 Evacuation Pause) (young) 4787M->1167M(6144M), 0.0644583 secs]
2021-06-28T13:55:48.969+0800: 278921.539: [GC pause (G1 Evacuation Pause) (young) 4801M->1169M(6144M), 0.0590996 secs]
2021-06-28T13:56:42.198+0800: 278974.768: [GC pause (G1 Evacuation Pause) (young) 4984M->1176M(6144M), 0.0756586 secs]
2021-06-28T13:57:37.052+0800: 279029.622: [GC pause (G1 Evacuation Pause) (young) 4823M->1184M(6144M), 0.0662391 secs]
2021-06-28T13:58:35.026+0800: 279087.596: [GC pause (G1 Evacuation Pause) (young) 4816M->1188M(6144M), 0.0584290 secs]
2021-06-28T13:59:27.103+0800: 279139.673: [GC pause (G1 Evacuation Pause) (young) 4817M->1184M(6144M), 0.0528508 secs]
2021-06-28T14:00:15.574+0800: 279188.144: [GC pause (G1 Evacuation Pause) (young) 4821M->1185M(6144M), 0.0530793 secs]
2021-06-28T14:01:11.588+0800: 279244.158: [GC pause (G1 Evacuation Pause) (young) 4835M->1189M(6144M), 0.0588043 secs]
2021-06-28T14:01:54.494+0800: 279287.064: [GC pause (G1 Evacuation Pause) (young) 4830M->1196M(6144M), 0.0580780 secs]
2021-06-28T14:02:39.033+0800: 279331.603: [GC pause (G1 Evacuation Pause) (young) 4831M->1196M(6144M), 0.0536970 secs]
2021-06-28T14:03:24.396+0800: 279376.966: [GC pause (G1 Evacuation Pause) (young) 4864M->1193M(6144M), 0.0550170 secs]
2021-06-28T14:04:06.714+0800: 279419.284: [GC pause (G1 Evacuation Pause) (young) 4845M->1202M(6144M), 0.0550557 secs]
2021-06-28T14:04:35.180+0800: 279447.750: [GC pause (G1 Evacuation Pause) (young) 4850M->1210M(6144M), 0.0570048 secs]
2021-06-28T14:05:21.650+0800: 279494.220: [GC pause (G1 Evacuation Pause) (young) 4881M->1206M(6144M), 0.0603553 secs]
2021-06-28T14:05:57.551+0800: 279530.121: [GC pause (G1 Evacuation Pause) (young) 4853M->1212M(6144M), 0.0576564 secs]
2021-06-28T14:06:38.698+0800: 279571.268: [GC pause (G1 Evacuation Pause) (young) 4853M->1224M(6144M), 0.0625356 secs]
2021-06-28T14:07:15.774+0800: 279608.344: [GC pause (G1 Evacuation Pause) (young) 4891M->1220M(6144M), 0.0621720 secs]
2021-06-28T14:07:53.822+0800: 279646.392: [GC pause (G1 Evacuation Pause) (young) 4862M->1222M(6144M), 0.0657823 secs]
2021-06-28T14:08:34.544+0800: 279687.114: [GC pause (G1 Evacuation Pause) (young) 4874M->1226M(6144M), 0.0649968 secs]
2021-06-28T14:09:14.993+0800: 279727.563: [GC pause (G1 Evacuation Pause) (young) 4883M->1226M(6144M), 0.0579866 secs]
2021-06-28T14:09:44.399+0800: 279756.969: [GC pause (G1 Evacuation Pause) (young) 4884M->1226M(6144M), 0.0553317 secs]
2021-06-28T14:10:26.227+0800: 279798.797: [GC pause (G1 Evacuation Pause) (young) 4877M->1238M(6144M), 0.0643756 secs]
2021-06-28T14:11:07.839+0800: 279840.409: [GC pause (G1 Evacuation Pause) (young) 4868M->1252M(6144M), 0.0663725 secs]
2021-06-28T14:11:47.281+0800: 279879.851: [GC pause (G1 Evacuation Pause) (young) 4896M->1256M(6144M), 0.0735860 secs]
2021-06-28T14:12:25.822+0800: 279918.392: [GC pause (G1 Evacuation Pause) (young) 4898M->1262M(6144M), 0.0774623 secs]
2021-06-28T14:12:57.610+0800: 279950.180: [GC pause (G1 Evacuation Pause) (young) 4916M->1340M(6144M), 0.1236528 secs]
2021-06-28T14:13:16.712+0800: 279969.282: [GC pause (G1 Evacuation Pause) (young) 4890M->1299M(6144M), 0.0856178 secs]
2021-06-28T14:13:50.561+0800: 280003.131: [GC pause (G1 Evacuation Pause) (young) 4905M->1270M(6144M), 0.0742198 secs]
2021-06-28T14:14:28.922+0800: 280041.492: [GC pause (G1 Evacuation Pause) (young) 4884M->1310M(6144M), 0.1016022 secs]
2021-06-28T14:14:59.231+0800: 280071.801: [GC pause (G1 Evacuation Pause) (young) 4908M->1270M(6144M), 0.0705521 secs]
2021-06-28T14:15:37.795+0800: 280110.365: [GC pause (G1 Evacuation Pause) (young) 4889M->1271M(6144M), 0.0666938 secs]
2021-06-28T14:16:14.547+0800: 280147.117: [GC pause (G1 Evacuation Pause) (young) 4891M->1282M(6144M), 0.0681046 secs]
2021-06-28T14:16:37.774+0800: 280170.343: [GC pause (G1 Evacuation Pause) (young) 4913M->1287M(6144M), 0.0723501 secs]
2021-06-28T14:17:08.627+0800: 280201.197: [GC pause (G1 Evacuation Pause) (young) 4930M->1290M(6144M), 0.0750147 secs]
2021-06-28T14:17:51.672+0800: 280244.242: [GC pause (G1 Evacuation Pause) (young) 4937M->1297M(6144M), 0.0725081 secs]
2021-06-28T14:18:27.756+0800: 280280.326: [GC pause (G1 Evacuation Pause) (young) 4917M->1314M(6144M), 0.0750735 secs]
2021-06-28T14:18:53.150+0800: 280305.719: [GC pause (G1 Evacuation Pause) (young) 4964M->1301M(6144M), 0.0634183 secs]
2021-06-28T14:19:31.085+0800: 280343.655: [GC pause (G1 Evacuation Pause) (young) 4934M->1305M(6144M), 0.0630734 secs]
2021-06-28T14:19:48.524+0800: 280361.094: [GC pause (G1 Evacuation Pause) (young) 4947M->2066M(6144M), 0.4627504 secs]
2021-06-28T14:19:49.290+0800: 280361.860: [GC pause (G1 Evacuation Pause) (young) 2291M->2100M(6144M), 0.3570319 secs]
2021-06-28T14:19:50.520+0800: 280363.089: [GC pause (G1 Evacuation Pause) (young) 2529M->2088M(6144M), 0.0511120 secs]
2021-06-28T14:19:58.759+0800: 280371.329: [GC pause (G1 Evacuation Pause) (young) 3014M->2102M(6144M), 0.0337922 secs]
2021-06-28T14:20:04.968+0800: 280377.538: [GC pause (G1 Evacuation Pause) (young) 2659M->2101M(6144M), 0.0209339 secs]
2021-06-28T14:20:11.553+0800: 280384.123: [GC pause (G1 Evacuation Pause) (young) 3049M->2100M(6144M), 0.0208039 secs]
2021-06-28T14:20:23.966+0800: 280396.536: [GC pause (G1 Evacuation Pause) (young) 3638M->2102M(6144M), 0.0243306 secs]
2021-06-28T14:20:54.338+0800: 280426.908: [GC pause (G1 Evacuation Pause) (young) 4770M->2109M(6144M), 0.0326132 secs]
2021-06-28T14:21:19.000+0800: 280451.569: [GC pause (G1 Evacuation Pause) (young) 5391M->2120M(6144M), 0.0413580 secs]
2021-06-28T14:21:29.481+0800: 280462.051: [GC pause (G1 Evacuation Pause) (young) 5414M->2128M(6144M), 0.0550567 secs]
2021-06-28T14:22:01.519+0800: 280494.089: [GC pause (G1 Evacuation Pause) (young) 5421M->2137M(6144M), 0.0458618 secs]
2021-06-28T14:22:32.154+0800: 280524.724: [GC pause (G1 Evacuation Pause) (young) 5465M->2142M(6144M), 0.0570641 secs]
2021-06-28T14:22:51.195+0800: 280543.765: [GC pause (G1 Evacuation Pause) (young) 5447M->2723M(6144M), 0.4129393 secs]
2021-06-28T14:22:51.912+0800: 280544.482: [GC pause (G1 Evacuation Pause) (young) 2957M->2804M(6144M), 0.4048680 secs]
2021-06-28T14:22:53.178+0800: 280545.748: [GC pause (G1 Evacuation Pause) (young) 3247M->2958M(6144M), 0.1595949 secs]
2021-06-28T14:22:53.605+0800: 280546.174: [GC pause (G1 Humongous Allocation) (young) (initial-mark) 3156M->2996M(6144M), 0.0878462 secs]
2021-06-28T14:22:53.692+0800: 280546.262: [GC concurrent-root-region-scan-start]
2021-06-28T14:22:53.777+0800: 280546.347: [GC concurrent-root-region-scan-end, 0.0844348 secs]
2021-06-28T14:22:53.777+0800: 280546.347: [GC concurrent-mark-start]
2021-06-28T14:22:57.230+0800: 280549.800: [GC concurrent-mark-end, 3.4531066 secs]
2021-06-28T14:22:57.232+0800: 280549.802: [GC remark, 0.0843299 secs]
2021-06-28T14:22:57.319+0800: 280549.889: [GC cleanup 3357M->2548M(6144M), 0.0167129 secs]
2021-06-28T14:22:57.336+0800: 280549.906: [GC concurrent-cleanup-start]
2021-06-28T14:22:57.337+0800: 280549.906: [GC concurrent-cleanup-end, 0.0009704 secs]
2021-06-28T14:23:01.093+0800: 280553.663: [GC pause (G1 Evacuation Pause) (young) 2802M->2209M(6144M), 0.0575734 secs]
2021-06-28T14:23:02.118+0800: 280554.688: [GC pause (G1 Evacuation Pause) (mixed) 2462M->1854M(6144M), 0.1133061 secs]
2021-06-28T14:23:05.342+0800: 280557.912: [GC pause (G1 Evacuation Pause) (mixed) 2154M->1815M(6144M), 0.0924035 secs]
2021-06-28T14:23:07.205+0800: 280559.775: [GC pause (G1 Evacuation Pause) (young) 2114M->1823M(6144M), 0.0567059 secs]
2021-06-28T14:23:14.392+0800: 280566.962: [GC pause (G1 Evacuation Pause) (young) 2391M->1827M(6144M), 0.0209923 secs]
2021-06-28T14:23:20.656+0800: 280573.226: [GC pause (G1 Evacuation Pause) (young) 2950M->1836M(6144M), 0.0299873 secs]
2021-06-28T14:23:42.853+0800: 280595.423: [GC pause (G1 Evacuation Pause) (young) 3752M->1842M(6144M), 0.0327655 secs]
2021-06-28T14:24:14.377+0800: 280626.946: [GC pause (G1 Evacuation Pause) (young) 4946M->1846M(6144M), 0.0422104 secs]
2021-06-28T14:24:27.196+0800: 280639.766: [GC pause (G1 Evacuation Pause) (young) 3452M->1868M(6144M), 0.0526366 secs]
2021-06-28T14:24:51.510+0800: 280664.080: [GC pause (G1 Evacuation Pause) (young) 4094M->1866M(6144M), 0.0503100 secs]
2021-06-28T14:25:25.859+0800: 280698.429: [GC pause (G1 Evacuation Pause) (young) 5434M->1888M(6144M), 0.0692259 secs]
2021-06-28T14:26:03.238+0800: 280735.808: [GC pause (G1 Evacuation Pause) (young) 5433M->1879M(6144M), 0.0624783 secs]
2021-06-28T14:26:32.914+0800: 280765.484: [GC pause (G1 Evacuation Pause) (young) 5437M->1944M(6144M), 0.0943620 secs]
2021-06-28T14:27:13.213+0800: 280805.782: [GC pause (G1 Evacuation Pause) (young) 5419M->1898M(6144M), 0.0818648 secs]
2021-06-28T14:27:47.637+0800: 280840.207: [GC pause (G1 Evacuation Pause) (young) 5447M->1905M(6144M), 0.0751435 secs]
2021-06-28T14:28:28.540+0800: 280881.110: [GC pause (G1 Evacuation Pause) (young) 5431M->1906M(6144M), 0.0799442 secs]
2021-06-28T14:29:01.793+0800: 280914.363: [GC pause (G1 Evacuation Pause) (young) 5438M->1910M(6144M), 0.0795959 secs]
2021-06-28T14:29:39.480+0800: 280952.050: [GC pause (G1 Evacuation Pause) (young) 5423M->1921M(6144M), 0.0844263 secs]
2021-06-28T14:30:20.133+0800: 280992.703: [GC pause (G1 Evacuation Pause) (young) 5435M->1919M(6144M), 0.0852456 secs]
2021-06-28T14:31:01.593+0800: 281034.163: [GC pause (G1 Evacuation Pause) (young) 5424M->1918M(6144M), 0.0828461 secs]
2021-06-28T14:31:42.792+0800: 281075.362: [GC pause (G1 Evacuation Pause) (young) 5430M->1920M(6144M), 0.0811273 secs]
2021-06-28T14:32:14.554+0800: 281107.124: [GC pause (G1 Evacuation Pause) (young) 5447M->1933M(6144M), 0.0864100 secs]
2021-06-28T14:32:46.190+0800: 281138.760: [GC pause (G1 Evacuation Pause) (young) 5443M->1934M(6144M), 0.0839232 secs]
2021-06-28T14:33:18.291+0800: 281170.861: [GC pause (G1 Evacuation Pause) (young) 5438M->1936M(6144M), 0.0782653 secs]
2021-06-28T14:33:47.302+0800: 281199.872: [GC pause (G1 Evacuation Pause) (young) 5462M->1941M(6144M), 0.0791131 secs]
2021-06-28T14:34:17.986+0800: 281230.556: [GC pause (G1 Evacuation Pause) (young) 5452M->1945M(6144M), 0.0741837 secs]
2021-06-28T14:34:53.499+0800: 281266.069: [GC pause (G1 Evacuation Pause) (young) 5469M->1952M(6144M), 0.0766290 secs]
2021-06-28T14:35:34.213+0800: 281306.783: [GC pause (G1 Evacuation Pause) (young) 5468M->1952M(6144M), 0.0646611 secs]
2021-06-28T14:36:09.276+0800: 281341.846: [GC pause (G1 Evacuation Pause) (young) 5483M->1953M(6144M), 0.0657525 secs]
2021-06-28T14:36:41.597+0800: 281374.167: [GC pause (G1 Evacuation Pause) (young) 5482M->1960M(6144M), 0.0574399 secs]
2021-06-28T14:37:10.471+0800: 281403.041: [GC pause (G1 Evacuation Pause) (young) 5477M->1964M(6144M), 0.0589084 secs]
2021-06-28T14:37:37.453+0800: 281430.023: [GC pause (G1 Evacuation Pause) (young) 5485M->1964M(6144M), 0.0535527 secs]
2021-06-28T14:38:13.334+0800: 281465.904: [GC pause (G1 Evacuation Pause) (young) 5479M->1971M(6144M), 0.0546452 secs]
2021-06-28T14:38:50.487+0800: 281503.057: [GC pause (G1 Evacuation Pause) (young) 5478M->1972M(6144M), 0.0544825 secs]
2021-06-28T14:39:13.113+0800: 281525.683: [GC pause (G1 Evacuation Pause) (young) 5646M->1983M(6144M), 0.0618973 secs]
2021-06-28T14:39:44.341+0800: 281556.910: [GC pause (G1 Evacuation Pause) (young) 5463M->1977M(6144M), 0.0535374 secs]
2021-06-28T14:40:22.612+0800: 281595.181: [GC pause (G1 Evacuation Pause) (young) 5489M->1984M(6144M), 0.0528901 secs]
2021-06-28T14:41:02.556+0800: 281635.126: [GC pause (G1 Evacuation Pause) (young) 5490M->1986M(6144M), 0.0527562 secs]
2021-06-28T14:41:32.080+0800: 281664.650: [GC pause (G1 Evacuation Pause) (young) 5506M->1989M(6144M), 0.0567600 secs]
2021-06-28T14:42:12.763+0800: 281705.333: [GC pause (G1 Evacuation Pause) (young) 5488M->1990M(6144M), 0.0526117 secs]
2021-06-28T14:42:43.203+0800: 281735.773: [GC pause (G1 Evacuation Pause) (young) 5509M->2010M(6144M), 0.0617470 secs]
2021-06-28T14:43:04.385+0800: 281756.955: [GC pause (G1 Evacuation Pause) (young) 5466M->1996M(6144M), 0.0500322 secs]
2021-06-28T14:43:31.285+0800: 281783.855: [GC pause (G1 Evacuation Pause) (young) 5489M->2000M(6144M), 0.0538203 secs]
2021-06-28T14:44:09.458+0800: 281822.028: [GC pause (G1 Evacuation Pause) (young) 5482M->2008M(6144M), 0.0569751 secs]
2021-06-28T14:44:39.779+0800: 281852.349: [GC pause (G1 Evacuation Pause) (young) 5476M->2010M(6144M), 0.0576426 secs]
2021-06-28T14:45:11.431+0800: 281884.001: [GC pause (G1 Evacuation Pause) (young) 5476M->2015M(6144M), 0.0571733 secs]
2021-06-28T14:45:44.781+0800: 281917.351: [GC pause (G1 Evacuation Pause) (young) 5468M->2015M(6144M), 0.0553571 secs]
2021-06-28T14:46:25.161+0800: 281957.731: [GC pause (G1 Evacuation Pause) (young) 5485M->2031M(6144M), 0.0635085 secs]
2021-06-28T14:47:04.318+0800: 281996.888: [GC pause (G1 Evacuation Pause) (young) 5478M->2021M(6144M), 0.0591610 secs]
2021-06-28T14:47:25.391+0800: 282017.960: [GC pause (G1 Evacuation Pause) (young) 5480M->2021M(6144M), 0.0561326 secs]
2021-06-28T14:48:00.476+0800: 282053.046: [GC pause (G1 Evacuation Pause) (young) 5478M->2023M(6144M), 0.0561233 secs]
2021-06-28T14:48:38.516+0800: 282091.085: [GC pause (G1 Evacuation Pause) (young) 5482M->2027M(6144M), 0.0644855 secs]
2021-06-28T14:49:16.866+0800: 282129.435: [GC pause (G1 Evacuation Pause) (young) 5506M->2034M(6144M), 0.0677529 secs]
2021-06-28T14:49:56.763+0800: 282169.333: [GC pause (G1 Evacuation Pause) (young) 5476M->2040M(6144M), 0.0578861 secs]
2021-06-28T14:50:21.020+0800: 282193.590: [GC pause (G1 Evacuation Pause) (young) 5465M->2039M(6144M), 0.0538309 secs]
2021-06-28T14:50:58.060+0800: 282230.630: [GC pause (G1 Evacuation Pause) (young) 5466M->2041M(6144M), 0.0531533 secs]
2021-06-28T14:51:35.291+0800: 282267.861: [GC pause (G1 Evacuation Pause) (young) 5482M->2042M(6144M), 0.0584103 secs]
2021-06-28T14:52:15.822+0800: 282308.392: [GC pause (G1 Evacuation Pause) (young) 5482M->2047M(6144M), 0.0544281 secs]
2021-06-28T14:52:43.214+0800: 282335.784: [GC pause (G1 Evacuation Pause) (young) 5485M->2054M(6144M), 0.0579155 secs]
2021-06-28T14:53:12.849+0800: 282365.418: [GC pause (G1 Evacuation Pause) (young) 5474M->2058M(6144M), 0.0525537 secs]
2021-06-28T14:53:49.771+0800: 282402.341: [GC pause (G1 Evacuation Pause) (young) 5508M->2065M(6144M), 0.0646334 secs]
2021-06-28T14:54:21.433+0800: 282434.003: [GC pause (G1 Evacuation Pause) (young) 5475M->2059M(6144M), 0.0528628 secs]
2021-06-28T14:55:03.521+0800: 282476.091: [GC pause (G1 Evacuation Pause) (young) 5483M->2062M(6144M), 0.0495751 secs]
2021-06-28T14:55:32.528+0800: 282505.098: [GC pause (G1 Evacuation Pause) (young) 5850M->2068M(6144M), 0.0614339 secs]
2021-06-28T14:55:58.056+0800: 282530.626: [GC pause (G1 Evacuation Pause) (young) 5485M->2494M(6144M), 0.2798928 secs]
2021-06-28T14:56:02.427+0800: 282534.997: [GC pause (G1 Evacuation Pause) (young) 3300M->2115M(6144M), 0.0745304 secs]
2021-06-28T14:56:33.499+0800: 282566.069: [GC pause (G1 Evacuation Pause) (young) 5351M->2120M(6144M), 0.0678249 secs]
2021-06-28T14:56:46.542+0800: 282579.112: [GC pause (G1 Evacuation Pause) (young) 3883M->2122M(6144M), 0.0251640 secs]
2021-06-28T14:57:19.996+0800: 282612.565: [GC pause (G1 Evacuation Pause) (young) 5445M->2125M(6144M), 0.0354588 secs]
2021-06-28T14:57:47.196+0800: 282639.766: [GC pause (G1 Evacuation Pause) (young) 5431M->2199M(6144M), 0.0749428 secs]
2021-06-28T14:58:11.293+0800: 282663.863: [GC pause (G1 Evacuation Pause) (young) 5448M->2132M(6144M), 0.0383508 secs]
2021-06-28T14:58:37.424+0800: 282689.994: [GC pause (G1 Evacuation Pause) (young) 5452M->2136M(6144M), 0.0367879 secs]
2021-06-28T14:59:12.114+0800: 282724.684: [GC pause (G1 Evacuation Pause) (young) 5452M->2142M(6144M), 0.0381399 secs]
2021-06-28T14:59:41.871+0800: 282754.440: [GC pause (G1 Evacuation Pause) (young) 5485M->2142M(6144M), 0.0435383 secs]
2021-06-28T15:00:12.822+0800: 282785.392: [GC pause (G1 Evacuation Pause) (young) 5475M->2148M(6144M), 0.0435752 secs]
2021-06-28T15:00:38.359+0800: 282810.929: [GC pause (G1 Evacuation Pause) (young) 5493M->2148M(6144M), 0.0461470 secs]
2021-06-28T15:01:14.362+0800: 282846.932: [GC pause (G1 Evacuation Pause) (young) 5482M->2146M(6144M), 0.0438976 secs]
2021-06-28T15:01:43.456+0800: 282876.026: [GC pause (G1 Evacuation Pause) (young) 5488M->2149M(6144M), 0.0467655 secs]
2021-06-28T15:02:15.890+0800: 282908.460: [GC pause (G1 Evacuation Pause) (young) 5488M->2147M(6144M), 0.0465568 secs]
2021-06-28T15:02:45.665+0800: 282938.235: [GC pause (G1 Evacuation Pause) (young) 5496M->2151M(6144M), 0.0477202 secs]
2021-06-28T15:03:23.284+0800: 282975.854: [GC pause (G1 Evacuation Pause) (young) 5480M->2166M(6144M), 0.0556171 secs]
2021-06-28T15:03:51.591+0800: 283004.161: [GC pause (G1 Evacuation Pause) (young) 5466M->2154M(6144M), 0.0484999 secs]
2021-06-28T15:04:17.142+0800: 283029.712: [GC pause (G1 Evacuation Pause) (young) 5505M->2155M(6144M), 0.0543596 secs]
2021-06-28T15:04:43.863+0800: 283056.433: [GC pause (G1 Evacuation Pause) (young) 5489M->2225M(6144M), 0.1025518 secs]
2021-06-28T15:05:11.100+0800: 283083.670: [GC pause (G1 Evacuation Pause) (young) 5432M->2166M(6144M), 0.0575125 secs]
2021-06-28T15:05:41.833+0800: 283114.403: [GC pause (G1 Evacuation Pause) (young) 5485M->2173M(6144M), 0.0578725 secs]
2021-06-28T15:06:10.614+0800: 283143.184: [GC pause (G1 Evacuation Pause) (young) 5483M->2167M(6144M), 0.0506061 secs]
2021-06-28T15:06:37.013+0800: 283169.583: [GC pause (G1 Evacuation Pause) (young) 5493M->2168M(6144M), 0.0504858 secs]
2021-06-28T15:07:07.416+0800: 283199.985: [GC pause (G1 Evacuation Pause) (young) 5505M->2170M(6144M), 0.0519781 secs]
2021-06-28T15:07:41.405+0800: 283233.975: [GC pause (G1 Evacuation Pause) (young) 5501M->2175M(6144M), 0.0513114 secs]
2021-06-28T15:08:08.902+0800: 283261.472: [GC pause (G1 Evacuation Pause) (young) 5482M->2181M(6144M), 0.0506840 secs]
2021-06-28T15:08:40.331+0800: 283292.901: [GC pause (G1 Evacuation Pause) (young) 5497M->2177M(6144M), 0.0504337 secs]
2021-06-28T15:09:11.878+0800: 283324.448: [GC pause (G1 Evacuation Pause) (young) 5481M->2182M(6144M), 0.0510753 secs]
2021-06-28T15:09:41.473+0800: 283354.042: [GC pause (G1 Evacuation Pause) (young) 5487M->2186M(6144M), 0.0505975 secs]
2021-06-28T15:10:15.177+0800: 283387.747: [GC pause (G1 Evacuation Pause) (young) 5475M->2189M(6144M), 0.0506396 secs]
2021-06-28T15:10:54.365+0800: 283426.935: [GC pause (G1 Evacuation Pause) (young) 5477M->2194M(6144M), 0.0536545 secs]
2021-06-28T15:11:27.879+0800: 283460.449: [GC pause (G1 Evacuation Pause) (young) 5488M->2191M(6144M), 0.0541338 secs]
2021-06-28T15:12:01.614+0800: 283494.184: [GC pause (G1 Evacuation Pause) (young) 5473M->2202M(6144M), 0.0568663 secs]
2021-06-28T15:12:30.647+0800: 283523.217: [GC pause (G1 Evacuation Pause) (young) 5493M->2202M(6144M), 0.0619612 secs]
2021-06-28T15:13:08.748+0800: 283561.318: [GC pause (G1 Evacuation Pause) (young) 5483M->2196M(6144M), 0.0593143 secs]
2021-06-28T15:13:37.769+0800: 283590.339: [GC pause (G1 Evacuation Pause) (young) 5479M->2362M(6144M), 0.1424447 secs]
2021-06-28T15:13:55.664+0800: 283608.233: [GC pause (G1 Evacuation Pause) (young) 5313M->2205M(6144M), 0.0544105 secs]
2021-06-28T15:14:23.909+0800: 283636.479: [GC pause (G1 Evacuation Pause) (young) 5462M->2211M(6144M), 0.0595331 secs]
2021-06-28T15:14:54.180+0800: 283666.750: [GC pause (G1 Evacuation Pause) (young) 5460M->2207M(6144M), 0.0441944 secs]
2021-06-28T15:15:21.015+0800: 283693.585: [GC pause (G1 Evacuation Pause) (young) 5498M->2221M(6144M), 0.0566347 secs]
2021-06-28T15:15:51.014+0800: 283723.584: [GC pause (G1 Evacuation Pause) (young) 5491M->2211M(6144M), 0.0488446 secs]
2021-06-28T15:16:19.763+0800: 283752.332: [GC pause (G1 Evacuation Pause) (young) 5501M->2213M(6144M), 0.0520977 secs]
2021-06-28T15:16:55.082+0800: 283787.652: [GC pause (G1 Evacuation Pause) (young) 5487M->2217M(6144M), 0.0511866 secs]
2021-06-28T15:17:23.241+0800: 283815.811: [GC pause (G1 Evacuation Pause) (young) 5472M->2443M(6144M), 0.1721779 secs]
2021-06-28T15:17:27.411+0800: 283819.981: [GC pause (G1 Evacuation Pause) (young)-- 5251M->3876M(6144M), 3.5691333 secs]
2021-06-28T15:17:31.068+0800: 283823.638: [GC pause (G1 Evacuation Pause) (young) (initial-mark) 3966M->3906M(6144M), 0.5849389 secs]
2021-06-28T15:17:31.653+0800: 283824.223: [GC concurrent-root-region-scan-start]
2021-06-28T15:17:31.757+0800: 283824.327: [GC concurrent-root-region-scan-end, 0.1037839 secs]
2021-06-28T15:17:31.757+0800: 283824.327: [GC concurrent-mark-start]
2021-06-28T15:17:32.295+0800: 283824.864: [GC pause (G1 Evacuation Pause) (young) 4195M->3946M(6144M), 0.1074749 secs]
2021-06-28T15:17:33.249+0800: 283825.819: [GC pause (G1 Evacuation Pause) (young) 4212M->3938M(6144M), 0.0458788 secs]
2021-06-28T15:17:36.634+0800: 283829.203: [GC concurrent-mark-end, 4.8762669 secs]
2021-06-28T15:17:36.636+0800: 283829.206: [GC remark, 0.0914133 secs]
2021-06-28T15:17:36.730+0800: 283829.299: [GC cleanup 4204M->3299M(6144M), 0.0179761 secs]
2021-06-28T15:17:36.748+0800: 283829.318: [GC concurrent-cleanup-start]
2021-06-28T15:17:36.749+0800: 283829.319: [GC concurrent-cleanup-end, 0.0013983 secs]
2021-06-28T15:17:36.869+0800: 283829.439: [GC pause (G1 Evacuation Pause) (young) 3331M->3034M(6144M), 0.0272358 secs]
2021-06-28T15:17:38.807+0800: 283831.377: [GC pause (G1 Evacuation Pause) (mixed) 3330M->2566M(6144M), 0.1183540 secs]
2021-06-28T15:17:42.499+0800: 283835.069: [GC pause (G1 Evacuation Pause) (mixed) 2861M->2385M(6144M), 0.1451539 secs]
2021-06-28T15:17:48.964+0800: 283841.534: [GC pause (G1 Evacuation Pause) (mixed) 2683M->2229M(6144M), 0.1616000 secs]
2021-06-28T15:17:52.953+0800: 283845.523: [GC pause (G1 Evacuation Pause) (mixed) 2521M->2229M(6144M), 0.0406148 secs]
2021-06-28T15:18:02.903+0800: 283855.473: [GC pause (G1 Evacuation Pause) (young) 3343M->2231M(6144M), 0.0210637 secs]
2021-06-28T15:18:18.427+0800: 283870.997: [GC pause (G1 Evacuation Pause) (young) 3911M->2234M(6144M), 0.0257576 secs]
2021-06-28T15:18:48.868+0800: 283901.438: [GC pause (G1 Evacuation Pause) (young) 5305M->2247M(6144M), 0.0309504 secs]
2021-06-28T15:19:23.795+0800: 283936.365: [GC pause (G1 Evacuation Pause) (young) 5349M->2244M(6144M), 0.0316275 secs]
2021-06-28T15:19:53.271+0800: 283965.841: [GC pause (G1 Evacuation Pause) (young) 5383M->2248M(6144M), 0.0328562 secs]
2021-06-28T15:20:30.784+0800: 284003.354: [GC pause (G1 Evacuation Pause) (young) 5406M->2264M(6144M), 0.0418145 secs]
2021-06-28T15:21:03.890+0800: 284036.460: [GC pause (G1 Evacuation Pause) (young) 5438M->2258M(6144M), 0.0418680 secs]
2021-06-28T15:21:38.447+0800: 284071.017: [GC pause (G1 Evacuation Pause) (young) 5441M->2260M(6144M), 0.0401949 secs]
2021-06-28T15:22:09.483+0800: 284102.053: [GC pause (G1 Evacuation Pause) (young) 5455M->2265M(6144M), 0.0447610 secs]
2021-06-28T15:22:50.559+0800: 284143.129: [GC pause (G1 Evacuation Pause) (young) 5516M->2265M(6144M), 0.0492360 secs]
2021-06-28T15:23:27.014+0800: 284179.584: [GC pause (G1 Evacuation Pause) (young) 5483M->2304M(6144M), 0.0693269 secs]
2021-06-28T15:23:54.985+0800: 284207.555: [GC pause (G1 Evacuation Pause) (young) 5474M->2275M(6144M), 0.0578393 secs]
2021-06-28T15:24:17.560+0800: 284230.130: [GC pause (G1 Evacuation Pause) (young) 5483M->2274M(6144M), 0.0589845 secs]
2021-06-28T15:24:51.593+0800: 284264.163: [GC pause (G1 Evacuation Pause) (young) 5475M->2274M(6144M), 0.0582569 secs]
2021-06-28T15:25:35.917+0800: 284308.487: [GC pause (G1 Evacuation Pause) (young) 5490M->2279M(6144M), 0.0566560 secs]
2021-06-28T15:26:02.926+0800: 284335.496: [GC pause (G1 Evacuation Pause) (young) 5464M->2279M(6144M), 0.0525359 secs]
2021-06-28T15:26:42.097+0800: 284374.667: [GC pause (G1 Evacuation Pause) (young) 5465M->2288M(6144M), 0.0568323 secs]
2021-06-28T15:27:22.235+0800: 284414.805: [GC pause (G1 Evacuation Pause) (young) 5462M->2353M(6144M), 0.1057172 secs]
2021-06-28T15:27:49.656+0800: 284442.225: [GC pause (G1 Evacuation Pause) (young) 5406M->2294M(6144M), 0.0597490 secs]
2021-06-28T15:28:16.147+0800: 284468.716: [GC pause (G1 Evacuation Pause) (young) 5506M->2299M(6144M), 0.0656868 secs]
2021-06-28T15:28:46.464+0800: 284499.034: [GC pause (G1 Evacuation Pause) (young) 5472M->2318M(6144M), 0.0714499 secs]
2021-06-28T15:29:15.748+0800: 284528.318: [GC pause (G1 Evacuation Pause) (young) 5475M->2303M(6144M), 0.0672486 secs]
2021-06-28T15:29:45.018+0800: 284557.587: [GC pause (G1 Evacuation Pause) (young) 5481M->2304M(6144M), 0.0595454 secs]
2021-06-28T15:30:17.277+0800: 284589.847: [GC pause (G1 Evacuation Pause) (young) 5480M->2308M(6144M), 0.0578450 secs]
2021-06-28T15:30:42.008+0800: 284614.578: [GC pause (G1 Evacuation Pause) (young) 5485M->2339M(6144M), 0.0774519 secs]
2021-06-28T15:31:08.577+0800: 284641.147: [GC pause (G1 Evacuation Pause) (young) 5465M->2315M(6144M), 0.0633422 secs]
2021-06-28T15:31:27.094+0800: 284659.664: [GC pause (G1 Evacuation Pause) (young) 5502M->2317M(6144M), 0.0574220 secs]
2021-06-28T15:31:58.720+0800: 284691.290: [GC pause (G1 Evacuation Pause) (young) 5477M->2318M(6144M), 0.0534244 secs]
2021-06-28T15:32:36.713+0800: 284729.283: [GC pause (G1 Evacuation Pause) (young) 5480M->2322M(6144M), 0.0532990 secs]
2021-06-28T15:33:14.771+0800: 284767.341: [GC pause (G1 Evacuation Pause) (young) 5478M->2321M(6144M), 0.0553075 secs]
2021-06-28T15:33:51.127+0800: 284803.697: [GC pause (G1 Evacuation Pause) (young) 5476M->2323M(6144M), 0.0526611 secs]
2021-06-28T15:34:31.899+0800: 284844.469: [GC pause (G1 Evacuation Pause) (young) 5475M->2325M(6144M), 0.0529741 secs]
2021-06-28T15:35:12.948+0800: 284885.518: [GC pause (G1 Evacuation Pause) (young) 5479M->2334M(6144M), 0.0560085 secs]
2021-06-28T15:35:40.796+0800: 284913.366: [GC pause (G1 Evacuation Pause) (young) 5481M->2335M(6144M), 0.0582768 secs]
2021-06-28T15:36:07.460+0800: 284940.030: [GC pause (G1 Evacuation Pause) (young) 5470M->2339M(6144M), 0.0556714 secs]
2021-06-28T15:36:40.170+0800: 284972.740: [GC pause (G1 Evacuation Pause) (young) 5469M->2341M(6144M), 0.0537842 secs]
2021-06-28T15:37:17.013+0800: 285009.583: [GC pause (G1 Evacuation Pause) (young) 5473M->2340M(6144M), 0.0521607 secs]
2021-06-28T15:37:41.611+0800: 285034.180: [GC pause (G1 Evacuation Pause) (young) 5485M->2342M(6144M), 0.0531734 secs]
2021-06-28T15:38:08.210+0800: 285060.779: [GC pause (G1 Evacuation Pause) (young) 5492M->2347M(6144M), 0.0590852 secs]
2021-06-28T15:38:36.638+0800: 285089.207: [GC pause (G1 Evacuation Pause) (young) 5476M->2355M(6144M), 0.0544284 secs]
2021-06-28T15:39:17.718+0800: 285130.288: [GC pause (G1 Evacuation Pause) (young) 5473M->2359M(6144M), 0.0536255 secs]
2021-06-28T15:39:40.473+0800: 285153.043: [GC pause (G1 Evacuation Pause) (young) 5492M->2358M(6144M), 0.0548934 secs]
2021-06-28T15:40:05.099+0800: 285177.669: [GC pause (G1 Evacuation Pause) (young) 5497M->2361M(6144M), 0.0587092 secs]
2021-06-28T15:40:37.904+0800: 285210.474: [GC pause (G1 Evacuation Pause) (young) 5483M->2361M(6144M), 0.0506944 secs]
2021-06-28T15:41:15.736+0800: 285248.306: [GC pause (G1 Evacuation Pause) (young) 5481M->2359M(6144M), 0.0483092 secs]
2021-06-28T15:41:44.384+0800: 285276.954: [GC pause (G1 Evacuation Pause) (young) 5503M->2369M(6144M), 0.0557894 secs]
2021-06-28T15:42:09.843+0800: 285302.413: [GC pause (G1 Evacuation Pause) (young) 5475M->2375M(6144M), 0.0532261 secs]
2021-06-28T15:42:41.126+0800: 285333.696: [GC pause (G1 Evacuation Pause) (young) 5497M->2371M(6144M), 0.0611231 secs]
2021-06-28T15:43:03.855+0800: 285356.425: [GC pause (G1 Evacuation Pause) (young) 5492M->2635M(6144M), 0.1978551 secs]
2021-06-28T15:43:07.476+0800: 285360.046: [GC pause (G1 Evacuation Pause) (young) 3249M->2381M(6144M), 0.0465709 secs]
2021-06-28T15:43:37.800+0800: 285390.370: [GC pause (G1 Evacuation Pause) (young) 5414M->2392M(6144M), 0.0576433 secs]
2021-06-28T15:44:10.156+0800: 285422.726: [GC pause (G1 Evacuation Pause) (young) 5430M->2392M(6144M), 0.0283347 secs]
2021-06-28T15:44:51.504+0800: 285464.074: [GC pause (G1 Evacuation Pause) (young) 5450M->2394M(6144M), 0.0307460 secs]
2021-06-28T15:45:22.028+0800: 285494.598: [GC pause (G1 Evacuation Pause) (young) 5489M->2398M(6144M), 0.0363123 secs]
2021-06-28T15:45:55.278+0800: 285527.847: [GC pause (G1 Evacuation Pause) (young) 5483M->2398M(6144M), 0.0354186 secs]
2021-06-28T15:46:18.998+0800: 285551.568: [GC pause (G1 Evacuation Pause) (young) 5504M->2402M(6144M), 0.0377883 secs]
2021-06-28T15:46:49.359+0800: 285581.929: [GC pause (G1 Evacuation Pause) (young) 5486M->2404M(6144M), 0.0374331 secs]
2021-06-28T15:47:25.259+0800: 285617.829: [GC pause (G1 Evacuation Pause) (young) 5527M->2407M(6144M), 0.0443489 secs]
2021-06-28T15:47:55.927+0800: 285648.497: [GC pause (G1 Evacuation Pause) (young) 5493M->2416M(6144M), 0.0439837 secs]
2021-06-28T15:48:34.694+0800: 285687.264: [GC pause (G1 Evacuation Pause) (young) 5483M->2417M(6144M), 0.0445364 secs]
2021-06-28T15:49:05.055+0800: 285717.625: [GC pause (G1 Evacuation Pause) (young) 5534M->2410M(6144M), 0.0418923 secs]
2021-06-28T15:49:36.570+0800: 285749.140: [GC pause (G1 Evacuation Pause) (young) 5490M->2418M(6144M), 0.0452111 secs]
2021-06-28T15:50:07.336+0800: 285779.906: [GC pause (G1 Evacuation Pause) (young) 5492M->2457M(6144M), 0.0702747 secs]
2021-06-28T15:50:36.620+0800: 285809.190: [GC pause (G1 Evacuation Pause) (young) 5450M->2417M(6144M), 0.0479466 secs]
2021-06-28T15:51:06.905+0800: 285839.474: [GC pause (G1 Evacuation Pause) (young) 5502M->2425M(6144M), 0.0531695 secs]
2021-06-28T15:51:32.207+0800: 285864.777: [GC pause (G1 Evacuation Pause) (young) 5506M->2471M(6144M), 0.0806912 secs]
2021-06-28T15:52:00.597+0800: 285893.167: [GC pause (G1 Evacuation Pause) (young) 5439M->2478M(6144M), 0.0796018 secs]
2021-06-28T15:52:34.664+0800: 285927.234: [GC pause (G1 Evacuation Pause) (young) 5442M->2483M(6144M), 0.0802870 secs]
2021-06-28T15:53:10.680+0800: 285963.250: [GC pause (G1 Evacuation Pause) (young) 5427M->2486M(6144M), 0.0865677 secs]
2021-06-28T15:53:42.945+0800: 285995.515: [GC pause (G1 Evacuation Pause) (young) 5419M->2490M(6144M), 0.0789069 secs]
2021-06-28T15:54:06.160+0800: 286018.730: [GC pause (G1 Evacuation Pause) (young) 5441M->2495M(6144M), 0.0837314 secs]
2021-06-28T15:54:43.158+0800: 286055.728: [GC pause (G1 Evacuation Pause) (young) 5413M->2495M(6144M), 0.0797243 secs]
2021-06-28T15:55:22.624+0800: 286095.194: [GC pause (G1 Evacuation Pause) (young) 5413M->2491M(6144M), 0.0787122 secs]
2021-06-28T15:55:50.430+0800: 286123.000: [GC pause (G1 Evacuation Pause) (young) 5434M->2491M(6144M), 0.0802898 secs]
2021-06-28T15:56:22.440+0800: 286155.010: [GC pause (G1 Evacuation Pause) (young) 5436M->2495M(6144M), 0.0793868 secs]
2021-06-28T15:56:57.230+0800: 286189.799: [GC pause (G1 Evacuation Pause) (young) 5427M->2496M(6144M), 0.0779722 secs]
2021-06-28T15:57:24.861+0800: 286217.431: [GC pause (G1 Evacuation Pause) (young) 5466M->2505M(6144M), 0.0877537 secs]
2021-06-28T15:57:49.954+0800: 286242.524: [GC pause (G1 Evacuation Pause) (young) 5420M->2507M(6144M), 0.0853753 secs]
2021-06-28T15:58:10.655+0800: 286263.224: [GC pause (G1 Evacuation Pause) (young) 5423M->2511M(6144M), 0.0796536 secs]
2021-06-28T15:58:38.575+0800: 286291.145: [GC pause (G1 Evacuation Pause) (young) 5427M->2513M(6144M), 0.0851621 secs]
2021-06-28T15:59:07.530+0800: 286320.100: [GC pause (G1 Evacuation Pause) (young) 5422M->2537M(6144M), 0.0881023 secs]
2021-06-28T15:59:30.631+0800: 286343.201: [GC pause (G1 Evacuation Pause) (young) 5446M->2527M(6144M), 0.0731599 secs]
2021-06-28T16:00:07.718+0800: 286380.287: [GC pause (G1 Evacuation Pause) (young) 5477M->2527M(6144M), 0.0559541 secs]
2021-06-28T16:00:32.761+0800: 286405.331: [GC pause (G1 Evacuation Pause) (young) 5479M->2531M(6144M), 0.0511114 secs]
2021-06-28T16:01:07.100+0800: 286439.670: [GC pause (G1 Evacuation Pause) (young) 5478M->2537M(6144M), 0.0531218 secs]
2021-06-28T16:01:29.908+0800: 286462.478: [GC pause (G1 Evacuation Pause) (young) 5486M->2543M(6144M), 0.0561441 secs]
2021-06-28T16:01:56.452+0800: 286489.022: [GC pause (G1 Evacuation Pause) (young) 5477M->2542M(6144M), 0.0524273 secs]
2021-06-28T16:02:29.368+0800: 286521.938: [GC pause (G1 Evacuation Pause) (young) 5490M->2598M(6144M), 0.0813332 secs]
2021-06-28T16:02:57.484+0800: 286550.054: [GC pause (G1 Evacuation Pause) (young) 5425M->2543M(6144M), 0.0481808 secs]
2021-06-28T16:03:22.563+0800: 286575.133: [GC pause (G1 Evacuation Pause) (young) 5486M->2549M(6144M), 0.0533756 secs]
2021-06-28T16:03:45.615+0800: 286598.185: [GC pause (G1 Evacuation Pause) (young) 5480M->2550M(6144M), 0.0501558 secs]
2021-06-28T16:04:12.474+0800: 286625.043: [GC pause (G1 Evacuation Pause) (young) 5484M->2547M(6144M), 0.0489966 secs]
2021-06-28T16:04:36.540+0800: 286649.110: [GC pause (G1 Evacuation Pause) (young) 5495M->2546M(6144M), 0.0496771 secs]
2021-06-28T16:05:04.349+0800: 286676.919: [GC pause (G1 Evacuation Pause) (young) 5490M->2565M(6144M), 0.0563853 secs]
2021-06-28T16:05:37.037+0800: 286709.607: [GC pause (G1 Evacuation Pause) (young) 5469M->2552M(6144M), 0.0565955 secs]
2021-06-28T16:06:00.573+0800: 286733.143: [GC pause (G1 Evacuation Pause) (young) 5511M->2554M(6144M), 0.0616283 secs]
2021-06-28T16:06:28.549+0800: 286761.119: [GC pause (G1 Evacuation Pause) (young) 5480M->2557M(6144M), 0.0541293 secs]
2021-06-28T16:06:52.010+0800: 286784.579: [GC pause (G1 Evacuation Pause) (young) 5490M->2573M(6144M), 0.0638615 secs]
2021-06-28T16:07:02.585+0800: 286795.155: [GC pause (G1 Evacuation Pause) (young) 5463M->2572M(6144M), 0.0527847 secs]
2021-06-28T16:07:22.854+0800: 286815.424: [GC pause (G1 Evacuation Pause) (young) 5506M->2567M(6144M), 0.0548363 secs]
2021-06-28T16:07:53.249+0800: 286845.819: [GC pause (G1 Evacuation Pause) (young) 5481M->2568M(6144M), 0.0494719 secs]
2021-06-28T16:08:21.504+0800: 286874.074: [GC pause (G1 Evacuation Pause) (young) 5508M->2572M(6144M), 0.0571864 secs]
2021-06-28T16:08:59.261+0800: 286911.831: [GC pause (G1 Evacuation Pause) (young) 5481M->2571M(6144M), 0.0476028 secs]
2021-06-28T16:09:26.274+0800: 286938.844: [GC pause (G1 Evacuation Pause) (young) 5496M->2577M(6144M), 0.0510657 secs]
2021-06-28T16:09:50.335+0800: 286962.905: [GC pause (G1 Evacuation Pause) (young) 5492M->2584M(6144M), 0.0541132 secs]
2021-06-28T16:10:23.880+0800: 286996.450: [GC pause (G1 Evacuation Pause) (young) 5528M->2583M(6144M), 0.0528926 secs]
2021-06-28T16:10:49.145+0800: 287021.714: [GC pause (G1 Evacuation Pause) (young) 5488M->2590M(6144M), 0.0555755 secs]
2021-06-28T16:11:23.544+0800: 287056.114: [GC pause (G1 Evacuation Pause) (young) 5502M->2589M(6144M), 0.0549760 secs]
2021-06-28T16:11:44.288+0800: 287076.857: [GC pause (G1 Evacuation Pause) (young) 5508M->2619M(6144M), 0.0663814 secs]
2021-06-28T16:12:11.809+0800: 287104.379: [GC pause (G1 Evacuation Pause) (young) 5457M->2605M(6144M), 0.0551411 secs]
2021-06-28T16:12:33.632+0800: 287126.202: [GC pause (G1 Evacuation Pause) (young) 5488M->2598M(6144M), 0.0522416 secs]
2021-06-28T16:12:59.380+0800: 287151.950: [GC pause (G1 Evacuation Pause) (young) 5492M->2602M(6144M), 0.0526505 secs]
2021-06-28T16:13:39.570+0800: 287192.140: [GC pause (G1 Evacuation Pause) (young) 5515M->2600M(6144M), 0.0594197 secs]
2021-06-28T16:14:13.622+0800: 287226.191: [GC pause (G1 Evacuation Pause) (young) 5496M->2603M(6144M), 0.0522785 secs]
2021-06-28T16:14:57.788+0800: 287270.358: [GC pause (G1 Evacuation Pause) (young) 5496M->2598M(6144M), 0.0510462 secs]
2021-06-28T16:15:26.535+0800: 287299.105: [GC pause (G1 Evacuation Pause) (young) 5508M->2609M(6144M), 0.0545835 secs]
2021-06-28T16:16:03.213+0800: 287335.783: [GC pause (G1 Evacuation Pause) (young) 5496M->2607M(6144M), 0.0516294 secs]
2021-06-28T16:16:33.302+0800: 287365.872: [GC pause (G1 Evacuation Pause) (young) 5482M->2607M(6144M), 0.0495746 secs]
2021-06-28T16:16:59.829+0800: 287392.399: [GC pause (G1 Evacuation Pause) (young) 5479M->2626M(6144M), 0.0602220 secs]
2021-06-28T16:17:27.994+0800: 287420.564: [GC pause (G1 Evacuation Pause) (young) 5492M->2616M(6144M), 0.0561514 secs]
2021-06-28T16:17:58.417+0800: 287450.986: [GC pause (G1 Evacuation Pause) (young) 5474M->2625M(6144M), 0.0552010 secs]
2021-06-28T16:18:30.466+0800: 287483.036: [GC pause (G1 Evacuation Pause) (young) 5476M->2635M(6144M), 0.0598724 secs]
2021-06-28T16:19:08.114+0800: 287520.684: [GC pause (G1 Evacuation Pause) (young) 5465M->2627M(6144M), 0.0520155 secs]
2021-06-28T16:19:41.839+0800: 287554.409: [GC pause (G1 Evacuation Pause) (young) 5484M->2629M(6144M), 0.0559604 secs]
2021-06-28T16:20:10.824+0800: 287583.394: [GC pause (G1 Evacuation Pause) (young) 5477M->2627M(6144M), 0.0528034 secs]
2021-06-28T16:20:42.045+0800: 287614.615: [GC pause (G1 Evacuation Pause) (young) 5482M->2633M(6144M), 0.0513767 secs]
2021-06-28T16:21:12.762+0800: 287645.331: [GC pause (G1 Evacuation Pause) (young) 5495M->2637M(6144M), 0.0571116 secs]
2021-06-28T16:21:36.660+0800: 287669.230: [GC pause (G1 Evacuation Pause) (young) 5483M->2633M(6144M), 0.0510664 secs]
2021-06-28T16:21:55.847+0800: 287688.417: [GC pause (G1 Evacuation Pause) (young) 5490M->2646M(6144M), 0.0590777 secs]
2021-06-28T16:22:33.625+0800: 287726.195: [GC pause (G1 Evacuation Pause) (young) 5473M->2717M(6144M), 0.0935286 secs]
2021-06-28T16:23:00.257+0800: 287752.827: [GC pause (G1 Evacuation Pause) (young) 5408M->2637M(6144M), 0.0492485 secs]
2021-06-28T16:23:23.832+0800: 287776.401: [GC pause (G1 Evacuation Pause) (young) 5494M->2641M(6144M), 0.0531438 secs]
2021-06-28T16:23:44.063+0800: 287796.633: [GC pause (G1 Evacuation Pause) (young) 5496M->2639M(6144M), 0.0504453 secs]
2021-06-28T16:24:11.836+0800: 287824.406: [GC pause (G1 Evacuation Pause) (young) 5493M->2644M(6144M), 0.0554864 secs]
2021-06-28T16:24:38.767+0800: 287851.336: [GC pause (G1 Evacuation Pause) (young) 5497M->2648M(6144M), 0.0496525 secs]
2021-06-28T16:25:08.731+0800: 287881.301: [GC pause (G1 Evacuation Pause) (young) 5497M->2658M(6144M), 0.0505269 secs]
2021-06-28T16:25:09.821+0800: 287882.391: [GC pause (G1 Humongous Allocation) (young) (initial-mark) 3074M->2783M(6144M), 0.0468131 secs]
2021-06-28T16:25:09.868+0800: 287882.438: [GC concurrent-root-region-scan-start]
2021-06-28T16:25:09.915+0800: 287882.485: [GC concurrent-root-region-scan-end, 0.0469246 secs]
2021-06-28T16:25:09.915+0800: 287882.485: [GC concurrent-mark-start]
2021-06-28T16:25:11.393+0800: 287883.963: [GC concurrent-mark-end, 1.4784220 secs]
2021-06-28T16:25:11.395+0800: 287883.965: [GC remark, 0.0932876 secs]
2021-06-28T16:25:11.491+0800: 287884.061: [GC cleanup 3167M->2036M(6144M), 0.0174820 secs]
2021-06-28T16:25:11.509+0800: 287884.079: [GC concurrent-cleanup-start]
2021-06-28T16:25:11.510+0800: 287884.080: [GC concurrent-cleanup-end, 0.0016507 secs]
2021-06-28T16:25:37.661+0800: 287910.231: [GC pause (G1 Evacuation Pause) (young) 4394M->1523M(6144M), 0.0518147 secs]
2021-06-28T16:25:39.566+0800: 287912.136: [GC pause (G1 Evacuation Pause) (mixed) 1793M->1088M(6144M), 0.1254346 secs]
2021-06-28T16:25:40.721+0800: 287913.290: [GC pause (G1 Evacuation Pause) (mixed) 1354M->1085M(6144M), 0.1444295 secs]
2021-06-28T16:26:13.129+0800: 287945.699: [GC pause (G1 Evacuation Pause) (young) 4932M->1072M(6144M), 0.0461758 secs]
2021-06-28T16:26:37.082+0800: 287969.652: [GC pause (G1 Evacuation Pause) (young) 4930M->1146M(6144M), 0.0866362 secs]
2021-06-28T16:27:09.208+0800: 288001.777: [GC pause (G1 Evacuation Pause) (young) 4779M->1150M(6144M), 0.0851271 secs]
2021-06-28T16:27:42.192+0800: 288034.761: [GC pause (G1 Evacuation Pause) (young) 4737M->1157M(6144M), 0.0814850 secs]
2021-06-28T16:28:15.026+0800: 288067.596: [GC pause (G1 Evacuation Pause) (young) 4746M->1151M(6144M), 0.0808287 secs]
2021-06-28T16:28:49.969+0800: 288102.539: [GC pause (G1 Evacuation Pause) (young) 4748M->1153M(6144M), 0.0834055 secs]
2021-06-28T16:29:22.480+0800: 288135.049: [GC pause (G1 Evacuation Pause) (young) 4786M->1156M(6144M), 0.0925905 secs]
2021-06-28T16:29:57.590+0800: 288170.159: [GC pause (G1 Evacuation Pause) (young) 4769M->1171M(6144M), 0.0988421 secs]
2021-06-28T16:30:32.303+0800: 288204.873: [GC pause (G1 Evacuation Pause) (young) 4760M->1164M(6144M), 0.0953237 secs]
2021-06-28T16:31:10.821+0800: 288243.391: [GC pause (G1 Evacuation Pause) (young) 4777M->1210M(6144M), 0.1213062 secs]
2021-06-28T16:31:50.105+0800: 288282.675: [GC pause (G1 Evacuation Pause) (young) 4779M->1167M(6144M), 0.0907136 secs]
2021-06-28T16:32:25.203+0800: 288317.773: [GC pause (G1 Evacuation Pause) (young) 4751M->1166M(6144M), 0.0927400 secs]
2021-06-28T16:32:49.949+0800: 288342.518: [GC pause (G1 Evacuation Pause) (young) 4739M->1167M(6144M), 0.0936591 secs]
2021-06-28T16:33:30.252+0800: 288382.822: [GC pause (G1 Evacuation Pause) (young) 4754M->1171M(6144M), 0.0956135 secs]
2021-06-28T16:34:01.767+0800: 288414.337: [GC pause (G1 Evacuation Pause) (young) 4760M->1176M(6144M), 0.1034024 secs]
2021-06-28T16:34:34.692+0800: 288447.262: [GC pause (G1 Evacuation Pause) (young) 4763M->1173M(6144M), 0.0997155 secs]
2021-06-28T16:35:17.232+0800: 288489.802: [GC pause (G1 Evacuation Pause) (young) 4771M->1184M(6144M), 0.0981121 secs]
2021-06-28T16:35:45.916+0800: 288518.486: [GC pause (G1 Evacuation Pause) (young) 4840M->1176M(6144M), 0.0528227 secs]
2021-06-28T16:36:22.361+0800: 288554.931: [GC pause (G1 Evacuation Pause) (young) 4826M->1182M(6144M), 0.0478116 secs]
2021-06-28T16:37:04.703+0800: 288597.272: [GC pause (G1 Evacuation Pause) (young) 4834M->1187M(6144M), 0.0482506 secs]
2021-06-28T16:37:39.857+0800: 288632.427: [GC pause (G1 Evacuation Pause) (young) 4836M->1194M(6144M), 0.0505559 secs]
2021-06-28T16:38:16.298+0800: 288668.868: [GC pause (G1 Evacuation Pause) (young) 4860M->1191M(6144M), 0.0509285 secs]
2021-06-28T16:39:01.861+0800: 288714.430: [GC pause (G1 Evacuation Pause) (young) 4839M->1194M(6144M), 0.0479556 secs]
2021-06-28T16:39:40.400+0800: 288752.970: [GC pause (G1 Evacuation Pause) (young) 4845M->1202M(6144M), 0.0512134 secs]
2021-06-28T16:40:13.394+0800: 288785.963: [GC pause (G1 Evacuation Pause) (young) 4847M->1199M(6144M), 0.0478548 secs]
2021-06-28T16:40:43.782+0800: 288816.352: [GC pause (G1 Evacuation Pause) (young) 4871M->1207M(6144M), 0.0549791 secs]
2021-06-28T16:41:14.113+0800: 288846.683: [GC pause (G1 Evacuation Pause) (young) 4868M->1204M(6144M), 0.0487057 secs]
2021-06-28T16:41:44.651+0800: 288877.221: [GC pause (G1 Evacuation Pause) (young) 4890M->1214M(6144M), 0.0559578 secs]
2021-06-28T16:42:16.741+0800: 288909.311: [GC pause (G1 Evacuation Pause) (young) 4902M->1209M(6144M), 0.0546727 secs]
2021-06-28T16:42:50.178+0800: 288942.748: [GC pause (G1 Evacuation Pause) (young) 4858M->1208M(6144M), 0.0453352 secs]
2021-06-28T16:43:24.621+0800: 288977.191: [GC pause (G1 Evacuation Pause) (young) 4857M->1210M(6144M), 0.0460348 secs]
2021-06-28T16:43:59.251+0800: 289011.820: [GC pause (G1 Evacuation Pause) (young) 4875M->1217M(6144M), 0.0511132 secs]
2021-06-28T16:44:38.267+0800: 289050.837: [GC pause (G1 Evacuation Pause) (young) 4861M->1213M(6144M), 0.0483302 secs]
2021-06-28T16:45:20.482+0800: 289093.052: [GC pause (G1 Evacuation Pause) (young) 4875M->1217M(6144M), 0.0514171 secs]
2021-06-28T16:45:52.607+0800: 289125.177: [GC pause (G1 Evacuation Pause) (young) 4873M->1287M(6144M), 0.1049215 secs]
2021-06-28T16:46:23.111+0800: 289155.681: [GC pause (G1 Evacuation Pause) (young) 4876M->1224M(6144M), 0.0544924 secs]
2021-06-28T16:46:54.503+0800: 289187.073: [GC pause (G1 Evacuation Pause) (young) 4884M->1225M(6144M), 0.0501746 secs]
2021-06-28T16:47:22.737+0800: 289215.307: [GC pause (G1 Evacuation Pause) (young) 4871M->1227M(6144M), 0.0467691 secs]
2021-06-28T16:47:52.914+0800: 289245.484: [GC pause (G1 Evacuation Pause) (young) 4902M->1229M(6144M), 0.0575714 secs]
2021-06-28T16:48:17.599+0800: 289270.168: [GC pause (G1 Evacuation Pause) (young) 4886M->1227M(6144M), 0.0495778 secs]
2021-06-28T16:48:59.056+0800: 289311.626: [GC pause (G1 Evacuation Pause) (young) 4879M->1231M(6144M), 0.0479788 secs]
2021-06-28T16:49:36.298+0800: 289348.868: [GC pause (G1 Evacuation Pause) (young) 4899M->1233M(6144M), 0.0532538 secs]
2021-06-28T16:50:07.982+0800: 289380.552: [GC pause (G1 Evacuation Pause) (young) 4904M->1235M(6144M), 0.0499150 secs]
2021-06-28T16:50:35.846+0800: 289408.416: [GC pause (G1 Evacuation Pause) (young) 4904M->1243M(6144M), 0.0570643 secs]
2021-06-28T16:51:16.502+0800: 289449.072: [GC pause (G1 Evacuation Pause) (young) 4902M->1238M(6144M), 0.0509142 secs]
2021-06-28T16:51:50.747+0800: 289483.317: [GC pause (G1 Evacuation Pause) (young) 4886M->1246M(6144M), 0.0492899 secs]
2021-06-28T16:52:19.744+0800: 289512.314: [GC pause (G1 Evacuation Pause) (young) 4950M->1249M(6144M), 0.0561312 secs]
2021-06-28T16:52:56.082+0800: 289548.652: [GC pause (G1 Evacuation Pause) (young) 4908M->1250M(6144M), 0.0518364 secs]
2021-06-28T16:53:29.291+0800: 289581.861: [GC pause (G1 Evacuation Pause) (young) 4894M->1250M(6144M), 0.0498754 secs]
2021-06-28T16:54:02.530+0800: 289615.100: [GC pause (G1 Evacuation Pause) (young) 4907M->1254M(6144M), 0.0538691 secs]
2021-06-28T16:54:36.403+0800: 289648.973: [GC pause (G1 Evacuation Pause) (young) 4912M->1254M(6144M), 0.0529417 secs]
2021-06-28T16:55:11.891+0800: 289684.461: [GC pause (G1 Evacuation Pause) (young) 4916M->1256M(6144M), 0.0540107 secs]
2021-06-28T16:55:52.012+0800: 289724.582: [GC pause (G1 Evacuation Pause) (young) 4904M->1264M(6144M), 0.0544811 secs]
2021-06-28T16:56:28.354+0800: 289760.924: [GC pause (G1 Evacuation Pause) (young) 4903M->1272M(6144M), 0.0570227 secs]
2021-06-28T16:57:07.697+0800: 289800.266: [GC pause (G1 Evacuation Pause) (young) 4903M->1366M(6144M), 0.1228764 secs]
2021-06-28T16:57:26.122+0800: 289818.692: [GC pause (G1 Evacuation Pause) (young) 4924M->1268M(6144M), 0.0622206 secs]
2021-06-28T16:57:58.119+0800: 289850.689: [GC pause (G1 Evacuation Pause) (young) 4912M->1278M(6144M), 0.0547249 secs]
2021-06-28T16:58:29.692+0800: 289882.261: [GC pause (G1 Evacuation Pause) (young) 4923M->1296M(6144M), 0.0645973 secs]
2021-06-28T16:59:12.235+0800: 289924.805: [GC pause (G1 Evacuation Pause) (young) 4931M->1277M(6144M), 0.0621683 secs]
2021-06-28T16:59:50.946+0800: 289963.516: [GC pause (G1 Evacuation Pause) (young) 4944M->1278M(6144M), 0.0600817 secs]
2021-06-28T17:00:31.008+0800: 290003.578: [GC pause (G1 Evacuation Pause) (young) 4935M->1281M(6144M), 0.0559689 secs]
2021-06-28T17:01:15.433+0800: 290048.003: [GC pause (G1 Evacuation Pause) (young) 4982M->1285M(6144M), 0.0617109 secs]
2021-06-28T17:01:51.081+0800: 290083.651: [GC pause (G1 Evacuation Pause) (young) 4920M->1293M(6144M), 0.0589548 secs]
2021-06-28T17:02:31.014+0800: 290123.584: [GC pause (G1 Evacuation Pause) (young) 4924M->1285M(6144M), 0.0558072 secs]
2021-06-28T17:03:16.599+0800: 290169.169: [GC pause (G1 Evacuation Pause) (young) 4946M->1288M(6144M), 0.0578363 secs]
2021-06-28T17:03:58.910+0800: 290211.480: [GC pause (G1 Evacuation Pause) (young) 4946M->1292M(6144M), 0.0581060 secs]
2021-06-28T17:04:39.480+0800: 290252.050: [GC pause (G1 Evacuation Pause) (young) 4930M->1297M(6144M), 0.0586840 secs]
2021-06-28T17:05:26.825+0800: 290299.394: [GC pause (G1 Evacuation Pause) (young) 4954M->1363M(6144M), 0.0942519 secs]
2021-06-28T17:06:06.364+0800: 290338.934: [GC pause (G1 Evacuation Pause) (young) 4965M->1301M(6144M), 0.0575095 secs]
2021-06-28T17:06:46.065+0800: 290378.635: [GC pause (G1 Evacuation Pause) (young) 4950M->1309M(6144M), 0.0552687 secs]
2021-06-28T17:07:29.249+0800: 290421.819: [GC pause (G1 Evacuation Pause) (young) 4947M->1318M(6144M), 0.0562014 secs]
2021-06-28T17:08:14.123+0800: 290466.693: [GC pause (G1 Evacuation Pause) (young) 4986M->1319M(6144M), 0.0667004 secs]
2021-06-28T17:09:06.250+0800: 290518.820: [GC pause (G1 Evacuation Pause) (young) 4969M->1321M(6144M), 0.0704215 secs]
2021-06-28T17:09:44.552+0800: 290557.122: [GC pause (G1 Evacuation Pause) (young) 5136M->1322M(6144M), 0.0588192 secs]
2021-06-28T17:10:23.815+0800: 290596.385: [GC pause (G1 Evacuation Pause) (young) 4982M->1325M(6144M), 0.0641618 secs]
2021-06-28T17:10:54.353+0800: 290626.923: [GC pause (G1 Evacuation Pause) (young) 4989M->1326M(6144M), 0.0628171 secs]
2021-06-28T17:11:29.984+0800: 290662.554: [GC pause (G1 Evacuation Pause) (young) 4975M->1328M(6144M), 0.0572120 secs]
2021-06-28T17:12:05.288+0800: 290697.858: [GC pause (G1 Evacuation Pause) (young) 5021M->1334M(6144M), 0.0600628 secs]
2021-06-28T17:12:49.927+0800: 290742.497: [GC pause (G1 Evacuation Pause) (young) 5087M->1386M(6144M), 0.0923331 secs]
2021-06-28T17:13:31.729+0800: 290784.299: [GC pause (G1 Evacuation Pause) (young) 4985M->1341M(6144M), 0.0600385 secs]
2021-06-28T17:14:18.292+0800: 290830.862: [GC pause (G1 Evacuation Pause) (young) 4991M->1341M(6144M), 0.0607318 secs]
2021-06-28T17:14:55.304+0800: 290867.874: [GC pause (G1 Evacuation Pause) (young) 5032M->1338M(6144M), 0.0586740 secs]
2021-06-28T17:15:37.148+0800: 290909.718: [GC pause (G1 Evacuation Pause) (young) 5013M->1351M(6144M), 0.0654029 secs]
2021-06-28T17:16:16.478+0800: 290949.048: [GC pause (G1 Evacuation Pause) (young) 4986M->1346M(6144M), 0.0588830 secs]
2021-06-28T17:16:53.879+0800: 290986.449: [GC pause (G1 Evacuation Pause) (young) 4988M->1346M(6144M), 0.0566344 secs]
2021-06-28T17:17:30.355+0800: 291022.924: [GC pause (G1 Evacuation Pause) (young) 4999M->1350M(6144M), 0.0580959 secs]
2021-06-28T17:18:10.768+0800: 291063.338: [GC pause (G1 Evacuation Pause) (young) 5014M->1367M(6144M), 0.0677474 secs]
2021-06-28T17:18:46.243+0800: 291098.813: [GC pause (G1 Evacuation Pause) (young) 5036M->1361M(6144M), 0.0566193 secs]
2021-06-28T17:19:15.483+0800: 291128.053: [GC pause (G1 Evacuation Pause) (young) 5019M->1360M(6144M), 0.0546676 secs]
2021-06-28T17:19:46.433+0800: 291159.003: [GC pause (G1 Evacuation Pause) (young) 5021M->1374M(6144M), 0.0683119 secs]
2021-06-28T17:20:36.347+0800: 291208.917: [GC pause (G1 Evacuation Pause) (young) 5018M->1371M(6144M), 0.0601035 secs]
2021-06-28T17:21:32.741+0800: 291265.311: [GC pause (G1 Evacuation Pause) (young) 5026M->1372M(6144M), 0.0592688 secs]
2021-06-28T17:22:13.346+0800: 291305.915: [GC pause (G1 Evacuation Pause) (young) 5015M->1372M(6144M), 0.0554193 secs]
2021-06-28T17:22:58.313+0800: 291350.883: [GC pause (G1 Evacuation Pause) (young) 5017M->1449M(6144M), 0.0936472 secs]
2021-06-28T17:23:26.732+0800: 291379.302: [GC pause (G1 Evacuation Pause) (young) 5031M->1387M(6144M), 0.0629635 secs]
2021-06-28T17:23:51.969+0800: 291404.539: [GC pause (G1 Evacuation Pause) (young) 5027M->1390M(6144M), 0.0642678 secs]
2021-06-28T17:24:27.328+0800: 291439.898: [GC pause (G1 Evacuation Pause) (young) 5019M->1389M(6144M), 0.0623996 secs]
2021-06-28T17:25:08.226+0800: 291480.796: [GC pause (G1 Evacuation Pause) (young) 5031M->1385M(6144M), 0.0582365 secs]
2021-06-28T17:25:34.493+0800: 291507.063: [GC pause (G1 Evacuation Pause) (young) 5033M->1387M(6144M), 0.0595125 secs]
2021-06-28T17:26:03.372+0800: 291535.941: [GC pause (G1 Evacuation Pause) (young) 5032M->1451M(6144M), 0.0890678 secs]
2021-06-28T17:26:30.838+0800: 291563.408: [GC pause (G1 Evacuation Pause) (young) 5207M->1409M(6144M), 0.0750792 secs]
2021-06-28T17:27:28.566+0800: 291621.136: [GC pause (G1 Evacuation Pause) (young) 5035M->1394M(6144M), 0.0655603 secs]
2021-06-28T17:28:04.755+0800: 291657.324: [GC pause (G1 Evacuation Pause) (young) 5050M->1401M(6144M), 0.0695595 secs]
2021-06-28T17:28:44.502+0800: 291697.072: [GC pause (G1 Evacuation Pause) (young) 5047M->1404M(6144M), 0.0676000 secs]
2021-06-28T17:29:29.542+0800: 291742.112: [GC pause (G1 Evacuation Pause) (young) 5040M->1409M(6144M), 0.0606765 secs]
2021-06-28T17:30:07.362+0800: 291779.932: [GC pause (G1 Evacuation Pause) (young) 5058M->1408M(6144M), 0.0612338 secs]
2021-06-28T17:30:41.951+0800: 291814.521: [GC pause (G1 Evacuation Pause) (young) 5061M->1416M(6144M), 0.0648951 secs]
2021-06-28T17:31:25.936+0800: 291858.506: [GC pause (G1 Evacuation Pause) (young) 5059M->1418M(6144M), 0.0637176 secs]
2021-06-28T17:32:02.181+0800: 291894.750: [GC pause (G1 Evacuation Pause) (young) 5088M->1418M(6144M), 0.0554801 secs]
2021-06-28T17:33:10.369+0800: 291962.939: [GC pause (G1 Evacuation Pause) (young) 5073M->1419M(6144M), 0.0582295 secs]
2021-06-28T17:33:53.119+0800: 292005.688: [GC pause (G1 Evacuation Pause) (young) 5133M->1419M(6144M), 0.0539247 secs]
2021-06-28T17:34:49.575+0800: 292062.145: [GC pause (G1 Evacuation Pause) (young) 5059M->1420M(6144M), 0.0530817 secs]
2021-06-28T17:35:52.795+0800: 292125.365: [GC pause (G1 Evacuation Pause) (young) 5062M->1425M(6144M), 0.0543673 secs]
2021-06-28T17:36:30.752+0800: 292163.322: [GC pause (G1 Evacuation Pause) (young) 5094M->1422M(6144M), 0.0594199 secs]
2021-06-28T17:37:01.187+0800: 292193.757: [GC pause (G1 Evacuation Pause) (young) 5073M->1429M(6144M), 0.0537227 secs]
2021-06-28T17:37:55.152+0800: 292247.722: [GC pause (G1 Evacuation Pause) (young) 5073M->1433M(6144M), 0.0547517 secs]
2021-06-28T17:38:36.617+0800: 292289.187: [GC pause (G1 Evacuation Pause) (young) 5072M->1440M(6144M), 0.0589812 secs]
2021-06-28T17:39:35.342+0800: 292347.912: [GC pause (G1 Evacuation Pause) (young) 5096M->1434M(6144M), 0.0583778 secs]
2021-06-28T17:40:17.830+0800: 292390.400: [GC pause (G1 Evacuation Pause) (young) 5115M->1436M(6144M), 0.0516547 secs]
2021-06-28T17:41:24.160+0800: 292456.730: [GC pause (G1 Evacuation Pause) (young) 5090M->1444M(6144M), 0.0568266 secs]
2021-06-28T17:42:08.406+0800: 292500.976: [GC pause (G1 Evacuation Pause) (young) 5118M->1443M(6144M), 0.0622943 secs]
2021-06-28T17:43:10.762+0800: 292563.332: [GC pause (G1 Evacuation Pause) (young) 5086M->1444M(6144M), 0.0514847 secs]
2021-06-28T17:44:11.373+0800: 292623.942: [GC pause (G1 Evacuation Pause) (young) 5098M->1461M(6144M), 0.0607338 secs]
2021-06-28T17:45:06.913+0800: 292679.483: [GC pause (G1 Evacuation Pause) (young) 5108M->1449M(6144M), 0.0533003 secs]
2021-06-28T17:45:47.580+0800: 292720.150: [GC pause (G1 Evacuation Pause) (young) 5092M->1457M(6144M), 0.0535092 secs]
2021-06-28T17:46:43.398+0800: 292775.968: [GC pause (G1 Evacuation Pause) (young) 5119M->1454M(6144M), 0.0545284 secs]
2021-06-28T17:47:33.411+0800: 292825.981: [GC pause (G1 Evacuation Pause) (young) 5101M->1459M(6144M), 0.0698759 secs]
2021-06-28T17:48:21.594+0800: 292874.164: [GC pause (G1 Evacuation Pause) (young) 5106M->1462M(6144M), 0.0513914 secs]
2021-06-28T17:48:54.880+0800: 292907.450: [GC pause (G1 Evacuation Pause) (young) 5134M->1468M(6144M), 0.0600932 secs]
2021-06-28T17:49:44.685+0800: 292957.255: [GC pause (G1 Evacuation Pause) (young) 5124M->1464M(6144M), 0.0647746 secs]
2021-06-28T17:50:29.440+0800: 293002.010: [GC pause (G1 Evacuation Pause) (young) 5121M->1466M(6144M), 0.0507950 secs]
2021-06-28T17:51:23.717+0800: 293056.287: [GC pause (G1 Evacuation Pause) (young) 5120M->1470M(6144M), 0.0510534 secs]
2021-06-28T17:52:12.230+0800: 293104.800: [GC pause (G1 Evacuation Pause) (young) 5173M->1477M(6144M), 0.0604075 secs]
2021-06-28T17:52:57.613+0800: 293150.183: [GC pause (G1 Evacuation Pause) (young) 5114M->1475M(6144M), 0.0529131 secs]
2021-06-28T17:53:34.788+0800: 293187.358: [GC pause (G1 Evacuation Pause) (young) 5118M->1475M(6144M), 0.0535082 secs]
2021-06-28T17:54:17.554+0800: 293230.124: [GC pause (G1 Evacuation Pause) (young) 5124M->1485M(6144M), 0.0543340 secs]
2021-06-28T17:55:01.084+0800: 293273.654: [GC pause (G1 Evacuation Pause) (young) 5144M->1483M(6144M), 0.0582566 secs]
2021-06-28T17:55:42.106+0800: 293314.676: [GC pause (G1 Evacuation Pause) (young) 5140M->1487M(6144M), 0.0577614 secs]
2021-06-28T17:56:26.236+0800: 293358.806: [GC pause (G1 Evacuation Pause) (young) 5150M->1486M(6144M), 0.0576384 secs]
2021-06-28T17:57:29.996+0800: 293422.566: [GC pause (G1 Evacuation Pause) (young) 5132M->1492M(6144M), 0.0623899 secs]
2021-06-28T17:58:21.110+0800: 293473.680: [GC pause (G1 Evacuation Pause) (young) 5128M->1497M(6144M), 0.0612850 secs]
2021-06-28T17:59:04.554+0800: 293517.124: [GC pause (G1 Evacuation Pause) (young) 5146M->1494M(6144M), 0.0602544 secs]
2021-06-28T17:59:41.746+0800: 293554.316: [GC pause (G1 Evacuation Pause) (young) 5158M->1495M(6144M), 0.0620998 secs]
2021-06-28T18:00:31.380+0800: 293603.950: [GC pause (G1 Evacuation Pause) (young) 5162M->1494M(6144M), 0.0635439 secs]
2021-06-28T18:01:29.164+0800: 293661.734: [GC pause (G1 Evacuation Pause) (young) 5137M->1494M(6144M), 0.0531997 secs]
2021-06-28T18:02:20.626+0800: 293713.196: [GC pause (G1 Evacuation Pause) (young) 5158M->1501M(6144M), 0.0556839 secs]
2021-06-28T18:03:06.614+0800: 293759.184: [GC pause (G1 Evacuation Pause) (young) 5176M->1499M(6144M), 0.0569781 secs]
2021-06-28T18:03:58.831+0800: 293811.401: [GC pause (G1 Evacuation Pause) (young) 5143M->1509M(6144M), 0.0540300 secs]
2021-06-28T18:04:53.166+0800: 293865.736: [GC pause (G1 Evacuation Pause) (young) 5154M->1507M(6144M), 0.0499996 secs]
2021-06-28T18:05:55.619+0800: 293928.189: [GC pause (G1 Evacuation Pause) (young) 5183M->1516M(6144M), 0.0541339 secs]
2021-06-28T18:06:44.207+0800: 293976.777: [GC pause (G1 Evacuation Pause) (young) 5186M->1513M(6144M), 0.0510023 secs]
2021-06-28T18:07:23.861+0800: 294016.431: [GC pause (G1 Evacuation Pause) (young) 5177M->1514M(6144M), 0.0498273 secs]
2021-06-28T18:08:33.576+0800: 294086.146: [GC pause (G1 Evacuation Pause) (young) 5169M->1519M(6144M), 0.0487491 secs]
2021-06-28T18:09:57.814+0800: 294170.384: [GC pause (G1 Evacuation Pause) (young) 5168M->1520M(6144M), 0.0468464 secs]
2021-06-28T18:10:56.008+0800: 294228.578: [GC pause (G1 Evacuation Pause) (young) 5192M->1519M(6144M), 0.0476650 secs]
2021-06-28T18:11:53.988+0800: 294286.558: [GC pause (G1 Evacuation Pause) (young) 5178M->1521M(6144M), 0.0522050 secs]
2021-06-28T18:13:13.278+0800: 294365.848: [GC pause (G1 Evacuation Pause) (young) 5184M->1521M(6144M), 0.0512721 secs]
2021-06-28T18:14:26.198+0800: 294438.768: [GC pause (G1 Evacuation Pause) (young) 5176M->1525M(6144M), 0.0504424 secs]
2021-06-28T18:15:40.402+0800: 294512.972: [GC pause (G1 Evacuation Pause) (young) 5180M->1524M(6144M), 0.0482288 secs]
2021-06-28T18:16:58.013+0800: 294590.583: [GC pause (G1 Evacuation Pause) (young) 5178M->1527M(6144M), 0.0515590 secs]
2021-06-28T18:18:08.017+0800: 294660.587: [GC pause (G1 Evacuation Pause) (young) 5201M->1530M(6144M), 0.0512523 secs]
2021-06-28T18:19:12.378+0800: 294724.948: [GC pause (G1 Evacuation Pause) (young) 5196M->1531M(6144M), 0.0522473 secs]
2021-06-28T18:20:18.249+0800: 294790.819: [GC pause (G1 Evacuation Pause) (young) 5187M->1537M(6144M), 0.0540364 secs]
2021-06-28T18:21:24.513+0800: 294857.083: [GC pause (G1 Evacuation Pause) (young) 5187M->1548M(6144M), 0.0596207 secs]
2021-06-28T18:22:48.324+0800: 294940.894: [GC pause (G1 Evacuation Pause) (young) 5187M->1558M(6144M), 0.0648281 secs]
2021-06-28T18:24:01.852+0800: 295014.422: [GC pause (G1 Evacuation Pause) (young) 5189M->1536M(6144M), 0.0505986 secs]
2021-06-28T18:25:34.617+0800: 295107.187: [GC pause (G1 Evacuation Pause) (young) 5188M->1540M(6144M), 0.0531015 secs]
2021-06-28T18:27:03.496+0800: 295196.066: [GC pause (G1 Evacuation Pause) (young) 5192M->1540M(6144M), 0.0477365 secs]
2021-06-28T18:28:07.767+0800: 295260.337: [GC pause (G1 Evacuation Pause) (young) 5193M->1540M(6144M), 0.0468139 secs]
2021-06-28T18:29:21.785+0800: 295334.355: [GC pause (G1 Evacuation Pause) (young) 5195M->1544M(6144M), 0.0471200 secs]
2021-06-28T18:30:33.516+0800: 295406.086: [GC pause (G1 Evacuation Pause) (young) 5196M->1550M(6144M), 0.0489402 secs]
2021-06-28T18:31:45.854+0800: 295478.424: [GC pause (G1 Evacuation Pause) (young) 5197M->1551M(6144M), 0.0498566 secs]
2021-06-28T18:33:10.240+0800: 295562.810: [GC pause (G1 Evacuation Pause) (young) 5202M->1548M(6144M), 0.0490440 secs]
2021-06-28T18:34:23.871+0800: 295636.440: [GC pause (G1 Evacuation Pause) (young) 5198M->1553M(6144M), 0.0534648 secs]
2021-06-28T18:35:58.881+0800: 295731.451: [GC pause (G1 Evacuation Pause) (young) 5203M->1581M(6144M), 0.0663729 secs]
2021-06-28T18:37:04.034+0800: 295796.604: [GC pause (G1 Evacuation Pause) (young) 5205M->1562M(6144M), 0.0516785 secs]
2021-06-28T18:38:22.995+0800: 295875.565: [GC pause (G1 Evacuation Pause) (young) 5206M->1556M(6144M), 0.0477312 secs]
2021-06-28T18:39:56.634+0800: 295969.204: [GC pause (G1 Evacuation Pause) (young) 5211M->1568M(6144M), 0.0535200 secs]
2021-06-28T18:41:20.112+0800: 296052.682: [GC pause (G1 Evacuation Pause) (young) 5384M->1696M(6144M), 0.1345885 secs]
2021-06-28T18:42:22.032+0800: 296114.602: [GC pause (G1 Evacuation Pause) (young) 5214M->1563M(6144M), 0.0496679 secs]
2021-06-28T18:44:07.726+0800: 296220.296: [GC pause (G1 Evacuation Pause) (young) 5214M->1564M(6144M), 0.0483432 secs]
2021-06-28T18:45:20.629+0800: 296293.199: [GC pause (G1 Evacuation Pause) (young) 5213M->1570M(6144M), 0.0491038 secs]
2021-06-28T18:47:18.375+0800: 296410.945: [GC pause (G1 Evacuation Pause) (young) 5219M->1566M(6144M), 0.0482624 secs]
2021-06-28T18:48:52.154+0800: 296504.724: [GC pause (G1 Evacuation Pause) (young) 5220M->1570M(6144M), 0.0478222 secs]
2021-06-28T18:50:07.655+0800: 296580.225: [GC pause (G1 Evacuation Pause) (young) 5229M->1570M(6144M), 0.0458319 secs]
2021-06-28T18:51:48.215+0800: 296680.785: [GC pause (G1 Evacuation Pause) (young) 5222M->1573M(6144M), 0.0461234 secs]
2021-06-28T18:53:16.294+0800: 296768.864: [GC pause (G1 Evacuation Pause) (young) 5244M->1574M(6144M), 0.0488828 secs]
2021-06-28T18:54:38.678+0800: 296851.248: [GC pause (G1 Evacuation Pause) (young) 5227M->1576M(6144M), 0.0457852 secs]
2021-06-28T18:56:05.621+0800: 296938.191: [GC pause (G1 Evacuation Pause) (young) 5227M->1582M(6144M), 0.0492177 secs]
2021-06-28T18:57:43.749+0800: 297036.319: [GC pause (G1 Evacuation Pause) (young) 5243M->1578M(6144M), 0.0426731 secs]
2021-06-28T18:59:16.567+0800: 297129.137: [GC pause (G1 Evacuation Pause) (young) 5233M->1582M(6144M), 0.0436039 secs]
2021-06-28T19:01:04.270+0800: 297236.839: [GC pause (G1 Evacuation Pause) (young) 5245M->1582M(6144M), 0.0421691 secs]
2021-06-28T19:02:29.550+0800: 297322.120: [GC pause (G1 Evacuation Pause) (young) 5249M->1583M(6144M), 0.0468438 secs]
2021-06-28T19:03:58.125+0800: 297410.695: [GC pause (G1 Evacuation Pause) (young) 5237M->1584M(6144M), 0.0423786 secs]
2021-06-28T19:05:17.487+0800: 297490.057: [GC pause (G1 Evacuation Pause) (young) 5250M->1587M(6144M), 0.0490837 secs]
2021-06-28T19:06:33.656+0800: 297566.225: [GC pause (G1 Evacuation Pause) (young) 5241M->1591M(6144M), 0.0459984 secs]
2021-06-28T19:08:04.572+0800: 297657.142: [GC pause (G1 Evacuation Pause) (young) 5239M->1592M(6144M), 0.0405617 secs]
2021-06-28T19:09:24.852+0800: 297737.422: [GC pause (G1 Evacuation Pause) (young) 5256M->1591M(6144M), 0.0433696 secs]
2021-06-28T19:10:50.025+0800: 297822.595: [GC pause (G1 Evacuation Pause) (young) 5243M->1593M(6144M), 0.0403297 secs]
2021-06-28T19:12:05.758+0800: 297898.328: [GC pause (G1 Evacuation Pause) (young) 5252M->1599M(6144M), 0.0420389 secs]
2021-06-28T19:13:55.443+0800: 298008.012: [GC pause (G1 Evacuation Pause) (young) 5427M->1593M(6144M), 0.0501681 secs]
2021-06-28T19:15:27.430+0800: 298100.000: [GC pause (G1 Evacuation Pause) (young) 5257M->2169M(6144M), 0.3621803 secs]
2021-06-28T19:15:28.835+0800: 298101.405: [GC pause (G1 Evacuation Pause) (young) 2973M->2452M(6144M), 0.4986419 secs]
2021-06-28T19:15:30.252+0800: 298102.822: [GC pause (G1 Evacuation Pause) (young) 2973M->2693M(6144M), 0.2385119 secs]
2021-06-28T19:15:35.692+0800: 298108.261: [GC pause (G1 Evacuation Pause) (young) 3201M->2778M(6144M), 0.1113139 secs]
2021-06-28T19:15:48.708+0800: 298121.278: [GC pause (G1 Evacuation Pause) (young) 3393M->2786M(6144M), 0.0687303 secs]
2021-06-28T19:16:03.485+0800: 298136.055: [GC pause (G1 Evacuation Pause) (young) (initial-mark) 3992M->2790M(6144M), 0.0478637 secs]
2021-06-28T19:16:03.533+0800: 298136.103: [GC concurrent-root-region-scan-start]
2021-06-28T19:16:03.546+0800: 298136.116: [GC concurrent-root-region-scan-end, 0.0133682 secs]
2021-06-28T19:16:03.546+0800: 298136.116: [GC concurrent-mark-start]
2021-06-28T19:16:05.003+0800: 298137.573: [GC concurrent-mark-end, 1.4565527 secs]
2021-06-28T19:16:05.005+0800: 298137.575: [GC remark, 0.1303328 secs]
2021-06-28T19:16:05.138+0800: 298137.708: [GC cleanup 2866M->1639M(6144M), 0.0192498 secs]
2021-06-28T19:16:05.157+0800: 298137.727: [GC concurrent-cleanup-start]
2021-06-28T19:16:05.159+0800: 298137.729: [GC concurrent-cleanup-end, 0.0016961 secs]
2021-06-28T19:16:32.839+0800: 298165.409: [GC pause (G1 Evacuation Pause) (young) 3354M->1590M(6144M), 0.0376006 secs]
2021-06-28T19:16:35.335+0800: 298167.905: [GC pause (G1 Evacuation Pause) (mixed) 1871M->1170M(6144M), 0.0799325 secs]
2021-06-28T19:16:41.826+0800: 298174.395: [GC pause (G1 Evacuation Pause) (mixed) 1468M->1046M(6144M), 0.1305762 secs]
2021-06-28T19:17:17.286+0800: 298209.856: [GC pause (G1 Evacuation Pause) (young) 2194M->1050M(6144M), 0.0471568 secs]
2021-06-28T19:17:49.810+0800: 298242.379: [GC pause (G1 Evacuation Pause) (young) 2406M->1053M(6144M), 0.0195035 secs]
2021-06-28T19:18:52.289+0800: 298304.859: [GC pause (G1 Evacuation Pause) (young) 3698M->1049M(6144M), 0.0227899 secs]
2021-06-28T19:19:10.267+0800: 298322.837: [GC pause (G1 Evacuation Pause) (young) 1649M->1051M(6144M), 0.0183465 secs]
2021-06-28T19:19:36.559+0800: 298349.129: [GC pause (G1 Evacuation Pause) (young) 2183M->1051M(6144M), 0.0216262 secs]
2021-06-28T19:20:06.851+0800: 298379.421: [GC pause (G1 Evacuation Pause) (young) 2317M->1055M(6144M), 0.0214970 secs]
2021-06-28T19:21:20.450+0800: 298453.019: [GC pause (G1 Evacuation Pause) (young) 3414M->1061M(6144M), 0.0257085 secs]
2021-06-28T19:22:47.361+0800: 298539.931: [GC pause (G1 Evacuation Pause) (young) 4734M->1056M(6144M), 0.0283825 secs]
2021-06-28T19:24:26.505+0800: 298639.075: [GC pause (G1 Evacuation Pause) (young) 4731M->1063M(6144M), 0.0331217 secs]
2021-06-28T19:26:19.325+0800: 298751.895: [GC pause (G1 Evacuation Pause) (young) 4726M->1063M(6144M), 0.0310485 secs]
2021-06-28T19:28:12.103+0800: 298864.673: [GC pause (G1 Evacuation Pause) (young) 4727M->1066M(6144M), 0.0334287 secs]
2021-06-28T19:29:48.734+0800: 298961.304: [GC pause (G1 Evacuation Pause) (young) 4725M->1066M(6144M), 0.0337642 secs]
2021-06-28T19:31:09.611+0800: 299042.181: [GC pause (G1 Evacuation Pause) (young) 4739M->1071M(6144M), 0.0388312 secs]
2021-06-28T19:33:07.738+0800: 299160.308: [GC pause (G1 Evacuation Pause) (young) 4735M->1073M(6144M), 0.0406141 secs]
2021-06-28T19:34:29.030+0800: 299241.600: [GC pause (G1 Evacuation Pause) (young) 4742M->1152M(6144M), 0.0868336 secs]
2021-06-28T19:36:17.844+0800: 299350.414: [GC pause (G1 Evacuation Pause) (young) 4736M->1158M(6144M), 0.0854961 secs]
2021-06-28T19:38:18.458+0800: 299471.028: [GC pause (G1 Evacuation Pause) (young) 4726M->1160M(6144M), 0.0846778 secs]
2021-06-28T19:40:25.254+0800: 299597.824: [GC pause (G1 Evacuation Pause) (young) 4727M->1165M(6144M), 0.0879153 secs]
2021-06-28T19:42:39.570+0800: 299732.140: [GC pause (G1 Evacuation Pause) (young) 4729M->1164M(6144M), 0.0856148 secs]
2021-06-28T19:44:07.227+0800: 299819.797: [GC pause (G1 Evacuation Pause) (young) 4751M->1171M(6144M), 0.0915625 secs]
2021-06-28T19:45:40.680+0800: 299913.250: [GC pause (G1 Evacuation Pause) (young) 4739M->1170M(6144M), 0.0874253 secs]
2021-06-28T19:46:13.453+0800: 299946.023: [GC pause (G1 Evacuation Pause) (young) 4755M->1173M(6144M), 0.0897549 secs]
2021-06-28T19:47:48.674+0800: 300041.244: [GC pause (G1 Evacuation Pause) (young) 4735M->1170M(6144M), 0.0868461 secs]
2021-06-28T19:49:42.930+0800: 300155.500: [GC pause (G1 Evacuation Pause) (young) 4750M->1172M(6144M), 0.0909702 secs]
2021-06-28T19:51:36.020+0800: 300268.590: [GC pause (G1 Evacuation Pause) (young) 4744M->1175M(6144M), 0.0830437 secs]
2021-06-28T19:53:21.014+0800: 300373.584: [GC pause (G1 Evacuation Pause) (young) 4745M->1178M(6144M), 0.0891496 secs]
2021-06-28T19:55:06.228+0800: 300478.798: [GC pause (G1 Evacuation Pause) (young) 4748M->1180M(6144M), 0.0825419 secs]
2021-06-28T19:56:11.615+0800: 300544.185: [GC pause (G1 Evacuation Pause) (young) 4757M->1187M(6144M), 0.0895030 secs]
2021-06-28T19:58:05.529+0800: 300658.098: [GC pause (G1 Evacuation Pause) (young) 4753M->1190M(6144M), 0.0886172 secs]
2021-06-28T19:59:50.796+0800: 300763.366: [GC pause (G1 Evacuation Pause) (young) 4768M->1196M(6144M), 0.0881583 secs]
2021-06-28T20:01:21.857+0800: 300854.427: [GC pause (G1 Evacuation Pause) (young) 4857M->1199M(6144M), 0.0721325 secs]
2021-06-28T20:03:05.478+0800: 300958.048: [GC pause (G1 Evacuation Pause) (young) 4855M->1207M(6144M), 0.0450284 secs]
2021-06-28T20:05:22.656+0800: 301095.226: [GC pause (G1 Evacuation Pause) (young) 4853M->1229M(6144M), 0.0542803 secs]
2021-06-28T20:07:30.484+0800: 301223.054: [GC pause (G1 Evacuation Pause) (young) 4880M->1215M(6144M), 0.0462075 secs]
2021-06-28T20:08:38.190+0800: 301290.760: [GC pause (G1 Evacuation Pause) (young) 4859M->1429M(6144M), 0.1611000 secs]
2021-06-28T20:10:14.376+0800: 301386.946: [GC pause (G1 Evacuation Pause) (young) 4883M->1220M(6144M), 0.0471457 secs]
2021-06-28T20:12:11.115+0800: 301503.685: [GC pause (G1 Evacuation Pause) (young) 4885M->1214M(6144M), 0.0417816 secs]
2021-06-28T20:13:34.158+0800: 301586.728: [GC pause (G1 Evacuation Pause) (young) 4898M->1222M(6144M), 0.0308065 secs]
2021-06-28T20:15:08.622+0800: 301681.192: [GC pause (G1 Evacuation Pause) (young) 4917M->1229M(6144M), 0.0381521 secs]
2021-06-28T20:17:07.235+0800: 301799.805: [GC pause (G1 Evacuation Pause) (young) 4898M->1243M(6144M), 0.0413653 secs]
2021-06-28T20:18:03.416+0800: 301855.986: [GC pause (G1 Evacuation Pause) (young) 4921M->1232M(6144M), 0.0380179 secs]
2021-06-28T20:20:21.476+0800: 301994.046: [GC pause (G1 Evacuation Pause) (young) 4887M->1232M(6144M), 0.0355333 secs]
2021-06-28T20:22:04.357+0800: 302096.927: [GC pause (G1 Evacuation Pause) (young) 4884M->1231M(6144M), 0.0348969 secs]
2021-06-28T20:24:22.449+0800: 302235.019: [GC pause (G1 Evacuation Pause) (young) 4897M->1243M(6144M), 0.0420663 secs]
2021-06-28T20:25:57.655+0800: 302330.225: [GC pause (G1 Evacuation Pause) (young) 4890M->1237M(6144M), 0.0391546 secs]
2021-06-28T20:27:53.813+0800: 302446.382: [GC pause (G1 Evacuation Pause) (young) 4904M->1236M(6144M), 0.0400873 secs]
2021-06-28T20:29:30.354+0800: 302542.923: [GC pause (G1 Evacuation Pause) (young) 4893M->1238M(6144M), 0.0417533 secs]
2021-06-28T20:31:08.727+0800: 302641.297: [GC pause (G1 Evacuation Pause) (young) 4887M->1241M(6144M), 0.0416706 secs]
2021-06-28T20:32:23.662+0800: 302716.232: [GC pause (G1 Evacuation Pause) (young) 4894M->1241M(6144M), 0.0443097 secs]
2021-06-28T20:34:32.586+0800: 302845.156: [GC pause (G1 Evacuation Pause) (young) 4898M->1247M(6144M), 0.0483568 secs]
2021-06-28T20:36:18.712+0800: 302951.282: [GC pause (G1 Evacuation Pause) (young) 4890M->1242M(6144M), 0.0418473 secs]
2021-06-28T20:38:25.540+0800: 303078.109: [GC pause (G1 Evacuation Pause) (young) 4900M->1245M(6144M), 0.0441442 secs]
2021-06-28T20:40:11.494+0800: 303184.064: [GC pause (G1 Evacuation Pause) (young) 4931M->1304M(6144M), 0.0981960 secs]
2021-06-28T20:42:36.814+0800: 303329.384: [GC pause (G1 Evacuation Pause) (young) 4894M->1252M(6144M), 0.0431073 secs]
2021-06-28T20:45:25.687+0800: 303498.256: [GC pause (G1 Evacuation Pause) (young) 4900M->1257M(6144M), 0.0463629 secs]
2021-06-28T20:47:49.135+0800: 303641.705: [GC pause (G1 Evacuation Pause) (young) 4900M->1252M(6144M), 0.0408245 secs]
2021-06-28T20:49:49.145+0800: 303761.715: [GC pause (G1 Evacuation Pause) (young) 4906M->1259M(6144M), 0.0444384 secs]
2021-06-28T20:51:55.397+0800: 303887.967: [GC pause (G1 Evacuation Pause) (young) 4918M->1260M(6144M), 0.0454108 secs]
2021-06-28T20:53:49.373+0800: 304001.943: [GC pause (G1 Evacuation Pause) (young) 4907M->1258M(6144M), 0.0407846 secs]
2021-06-28T20:55:42.376+0800: 304114.946: [GC pause (G1 Evacuation Pause) (young) 4908M->1258M(6144M), 0.0420367 secs]
2021-06-28T20:57:04.777+0800: 304197.347: [GC pause (G1 Evacuation Pause) (young) 4921M->1262M(6144M), 0.0426451 secs]
2021-06-28T20:59:04.719+0800: 304317.288: [GC pause (G1 Evacuation Pause) (young) 4937M->1267M(6144M), 0.0462219 secs]
2021-06-28T21:00:55.284+0800: 304427.853: [GC pause (G1 Evacuation Pause) (young) 4917M->1291M(6144M), 0.0515485 secs]
2021-06-28T21:02:13.993+0800: 304506.563: [GC pause (G1 Evacuation Pause) (young) 4924M->1269M(6144M), 0.0402973 secs]
2021-06-28T21:04:07.960+0800: 304620.530: [GC pause (G1 Evacuation Pause) (young) 4931M->1269M(6144M), 0.0387952 secs]
2021-06-28T21:06:03.277+0800: 304735.847: [GC pause (G1 Evacuation Pause) (young) 4946M->1272M(6144M), 0.0435828 secs]
2021-06-28T21:08:13.556+0800: 304866.126: [GC pause (G1 Evacuation Pause) (young) 4926M->1275M(6144M), 0.0390984 secs]
2021-06-28T21:10:41.473+0800: 305014.043: [GC pause (G1 Evacuation Pause) (young) 4928M->1279M(6144M), 0.0399189 secs]
2021-06-28T21:13:10.898+0800: 305163.468: [GC pause (G1 Evacuation Pause) (young) 4929M->1278M(6144M), 0.0394781 secs]
2021-06-28T21:15:27.710+0800: 305300.280: [GC pause (G1 Evacuation Pause) (young) 4928M->1291M(6144M), 0.0434861 secs]
2021-06-28T21:17:29.312+0800: 305421.882: [GC pause (G1 Evacuation Pause) (young) 4931M->1284M(6144M), 0.0388826 secs]
2021-06-28T21:20:27.935+0800: 305600.505: [GC pause (G1 Evacuation Pause) (young) 4932M->1282M(6144M), 0.0381257 secs]
2021-06-28T21:23:26.494+0800: 305779.064: [GC pause (G1 Evacuation Pause) (young) 4934M->1285M(6144M), 0.0379529 secs]
2021-06-28T21:26:07.735+0800: 305940.305: [GC pause (G1 Evacuation Pause) (young) 4938M->1285M(6144M), 0.0420342 secs]
2021-06-28T21:28:39.602+0800: 306092.172: [GC pause (G1 Evacuation Pause) (young) 4938M->1292M(6144M), 0.0422460 secs]
2021-06-28T21:31:39.296+0800: 306271.866: [GC pause (G1 Evacuation Pause) (young) 4945M->1292M(6144M), 0.0406924 secs]
2021-06-28T21:33:55.704+0800: 306408.274: [GC pause (G1 Evacuation Pause) (young) 4942M->1292M(6144M), 0.0405942 secs]
2021-06-28T21:36:57.109+0800: 306589.679: [GC pause (G1 Evacuation Pause) (young) 4941M->1295M(6144M), 0.0403869 secs]
2021-06-28T21:39:23.933+0800: 306736.503: [GC pause (G1 Evacuation Pause) (young) 4943M->1291M(6144M), 0.0397193 secs]
2021-06-28T21:42:10.297+0800: 306902.867: [GC pause (G1 Evacuation Pause) (young) 4944M->1294M(6144M), 0.0393629 secs]
2021-06-28T21:45:07.943+0800: 307080.512: [GC pause (G1 Evacuation Pause) (young) 4947M->1302M(6144M), 0.0420621 secs]
2021-06-28T21:48:01.294+0800: 307253.864: [GC pause (G1 Evacuation Pause) (young) 4963M->1302M(6144M), 0.0422888 secs]
2021-06-28T21:50:14.982+0800: 307387.552: [GC pause (G1 Evacuation Pause) (young) 4963M->1303M(6144M), 0.0386176 secs]
2021-06-28T21:52:36.266+0800: 307528.835: [GC pause (G1 Evacuation Pause) (young) 4959M->1305M(6144M), 0.0375086 secs]
2021-06-28T21:55:05.820+0800: 307678.389: [GC pause (G1 Evacuation Pause) (young) 4963M->1308M(6144M), 0.0359465 secs]
2021-06-28T21:57:34.262+0800: 307826.832: [GC pause (G1 Evacuation Pause) (young) 4964M->1312M(6144M), 0.0379731 secs]
2021-06-28T21:59:54.483+0800: 307967.053: [GC pause (G1 Evacuation Pause) (young) 4964M->1311M(6144M), 0.0374601 secs]
2021-06-28T22:02:44.443+0800: 308137.013: [GC pause (G1 Evacuation Pause) (young) 4965M->1315M(6144M), 0.0432568 secs]
2021-06-28T22:05:07.843+0800: 308280.413: [GC pause (G1 Evacuation Pause) (young) 4968M->1317M(6144M), 0.0444674 secs]
2021-06-28T22:06:40.655+0800: 308373.225: [GC pause (G1 Evacuation Pause) (young) 4968M->1319M(6144M), 0.0450572 secs]
2021-06-28T22:09:28.199+0800: 308540.769: [GC pause (G1 Evacuation Pause) (young) 4976M->1323M(6144M), 0.0478779 secs]
2021-06-28T22:11:05.747+0800: 308638.317: [GC pause (G1 Evacuation Pause) (young) 4990M->1413M(6144M), 0.1094395 secs]
2021-06-28T22:13:07.280+0800: 308759.849: [GC pause (G1 Evacuation Pause) (young) 4980M->1421M(6144M), 0.0935807 secs]
2021-06-28T22:15:12.218+0800: 308884.788: [GC pause (G1 Evacuation Pause) (young) 4984M->1417M(6144M), 0.0964599 secs]
2021-06-28T22:17:47.501+0800: 309040.071: [GC pause (G1 Evacuation Pause) (young) 4976M->1425M(6144M), 0.0899467 secs]
2021-06-28T22:20:16.745+0800: 309189.314: [GC pause (G1 Evacuation Pause) (young) 4978M->1421M(6144M), 0.0895389 secs]
2021-06-28T22:23:13.526+0800: 309366.096: [GC pause (G1 Evacuation Pause) (young) 4980M->1428M(6144M), 0.0906539 secs]
2021-06-28T22:25:46.680+0800: 309519.250: [GC pause (G1 Evacuation Pause) (young) 4983M->1427M(6144M), 0.0892682 secs]
2021-06-28T22:27:56.586+0800: 309649.155: [GC pause (G1 Evacuation Pause) (young) 4997M->1426M(6144M), 0.0906914 secs]
2021-06-28T22:31:07.420+0800: 309839.990: [GC pause (G1 Evacuation Pause) (young) 4985M->1428M(6144M), 0.0873258 secs]
2021-06-28T22:33:24.950+0800: 309977.520: [GC pause (G1 Evacuation Pause) (young) 4986M->1440M(6144M), 0.0916478 secs]
2021-06-28T22:35:40.652+0800: 310113.221: [GC pause (G1 Evacuation Pause) (young) 4988M->1429M(6144M), 0.0889629 secs]
2021-06-28T22:38:01.139+0800: 310253.708: [GC pause (G1 Evacuation Pause) (young) 5003M->1432M(6144M), 0.0923871 secs]
2021-06-28T22:40:25.074+0800: 310397.644: [GC pause (G1 Evacuation Pause) (young) 4994M->1442M(6144M), 0.0911380 secs]
2021-06-28T22:42:33.325+0800: 310525.895: [GC pause (G1 Evacuation Pause) (young) 4999M->1449M(6144M), 0.0918672 secs]
2021-06-28T22:45:06.187+0800: 310678.757: [GC pause (G1 Evacuation Pause) (young) 5009M->1442M(6144M), 0.0874586 secs]
2021-06-28T22:47:30.591+0800: 310823.161: [GC pause (G1 Evacuation Pause) (young) 5004M->1448M(6144M), 0.0866521 secs]
2021-06-28T22:50:32.071+0800: 311004.641: [GC pause (G1 Evacuation Pause) (young) 5104M->1452M(6144M), 0.0719757 secs]
2021-06-28T22:53:26.870+0800: 311179.440: [GC pause (G1 Evacuation Pause) (young) 5109M->1452M(6144M), 0.0382569 secs]
2021-06-28T22:57:05.527+0800: 311398.096: [GC pause (G1 Evacuation Pause) (young) 5112M->1462M(6144M), 0.0376343 secs]
2021-06-28T22:59:30.505+0800: 311543.075: [GC pause (G1 Evacuation Pause) (young) 5116M->1461M(6144M), 0.0361892 secs]
2021-06-28T23:02:17.980+0800: 311710.549: [GC pause (G1 Evacuation Pause) (young) 5120M->1465M(6144M), 0.0365755 secs]
2021-06-28T23:05:11.356+0800: 311883.926: [GC pause (G1 Evacuation Pause) (young) 5125M->1467M(6144M), 0.0366906 secs]
2021-06-28T23:08:37.159+0800: 312089.729: [GC pause (G1 Evacuation Pause) (young) 5123M->1467M(6144M), 0.0349470 secs]
2021-06-28T23:11:27.926+0800: 312260.496: [GC pause (G1 Evacuation Pause) (young) 5125M->1471M(6144M), 0.0415505 secs]
2021-06-28T23:14:13.892+0800: 312426.462: [GC pause (G1 Evacuation Pause) (young) 5131M->1472M(6144M), 0.0446796 secs]
2021-06-28T23:16:39.409+0800: 312571.979: [GC pause (G1 Evacuation Pause) (young) 5131M->1476M(6144M), 0.0383549 secs]
2021-06-28T23:19:11.950+0800: 312724.520: [GC pause (G1 Evacuation Pause) (young) 5128M->1473M(6144M), 0.0333325 secs]
2021-06-28T23:21:39.812+0800: 312872.381: [GC pause (G1 Evacuation Pause) (young) 5142M->1470M(6144M), 0.0334781 secs]
2021-06-28T23:24:16.512+0800: 313029.082: [GC pause (G1 Evacuation Pause) (young) 5132M->1475M(6144M), 0.0337281 secs]
2021-06-28T23:27:19.355+0800: 313211.925: [GC pause (G1 Evacuation Pause) (young) 5135M->1483M(6144M), 0.0362933 secs]
2021-06-28T23:29:56.404+0800: 313368.974: [GC pause (G1 Evacuation Pause) (young) 5135M->1476M(6144M), 0.0312812 secs]
2021-06-28T23:32:10.497+0800: 313503.067: [GC pause (G1 Evacuation Pause) (young) 5147M->1479M(6144M), 0.0354968 secs]
2021-06-28T23:34:59.133+0800: 313671.703: [GC pause (G1 Evacuation Pause) (young) 5148M->1480M(6144M), 0.0367286 secs]
2021-06-28T23:37:31.290+0800: 313823.860: [GC pause (G1 Evacuation Pause) (young) 5475M->1489M(6144M), 0.0480945 secs]
2021-06-28T23:40:02.460+0800: 313975.029: [GC pause (G1 Evacuation Pause) (young) 5141M->1493M(6144M), 0.0376919 secs]
2021-06-28T23:43:15.148+0800: 314167.718: [GC pause (G1 Evacuation Pause) (young) 5141M->1489M(6144M), 0.0368304 secs]
2021-06-28T23:45:31.459+0800: 314304.028: [GC pause (G1 Evacuation Pause) (young) 5143M->1484M(6144M), 0.0348653 secs]
2021-06-28T23:47:41.551+0800: 314434.121: [GC pause (G1 Evacuation Pause) (young) 5144M->1487M(6144M), 0.0327199 secs]
2021-06-28T23:51:00.035+0800: 314632.605: [GC pause (G1 Evacuation Pause) (young) 5146M->1486M(6144M), 0.0332968 secs]
